Archive member included because of file (symbol)

c:/altera/13.1/nios2eds/bin/gnu/h-i686-mingw32/bin/../lib/gcc/nios2-elf/4.7.3/../../../../../H-i686-mingw32/nios2-elf/lib\libsmallc.a(lib_a-impure.o)
                              obj/default/memtest_small.o (_impure_ptr)
c:/altera/13.1/nios2eds/bin/gnu/h-i686-mingw32/bin/../lib/gcc/nios2-elf/4.7.3/../../../../../H-i686-mingw32/nios2-elf/lib\libsmallc.a(lib_a-printf.o)
                              obj/default/memtest_small.o (printf)
c:/altera/13.1/nios2eds/bin/gnu/h-i686-mingw32/bin/../lib/gcc/nios2-elf/4.7.3/../../../../../H-i686-mingw32/nios2-elf/lib\libsmallc.a(lib_a-putc.o)
                              obj/default/memtest_small.o (putc)
c:/altera/13.1/nios2eds/bin/gnu/h-i686-mingw32/bin/../lib/gcc/nios2-elf/4.7.3/../../../../../H-i686-mingw32/nios2-elf/lib\libsmallc.a(lib_a-putchar.o)
                              obj/default/memtest_small.o (putchar)
c:/altera/13.1/nios2eds/bin/gnu/h-i686-mingw32/bin/../lib/gcc/nios2-elf/4.7.3/../../../../../H-i686-mingw32/nios2-elf/lib\libsmallc.a(lib_a-puts.o)
                              obj/default/memtest_small.o (puts)
c:/altera/13.1/nios2eds/bin/gnu/h-i686-mingw32/bin/../lib/gcc/nios2-elf/4.7.3/../../../../../H-i686-mingw32/nios2-elf/lib\libsmallc.a(lib_a-strlen.o)
                              c:/altera/13.1/nios2eds/bin/gnu/h-i686-mingw32/bin/../lib/gcc/nios2-elf/4.7.3/../../../../../H-i686-mingw32/nios2-elf/lib\libsmallc.a(lib_a-puts.o) (strlen)
c:/altera/13.1/nios2eds/bin/gnu/h-i686-mingw32/bin/../lib/gcc/nios2-elf/4.7.3/../../../../../H-i686-mingw32/nios2-elf/lib\libsmallc.a(lib_a-strtol.o)
                              obj/default/memtest_small.o (strtol)
c:/altera/13.1/nios2eds/bin/gnu/h-i686-mingw32/bin/../lib/gcc/nios2-elf/4.7.3/../../../../../H-i686-mingw32/nios2-elf/lib\libsmallc.a(lib_a-vfprintf.o)
                              c:/altera/13.1/nios2eds/bin/gnu/h-i686-mingw32/bin/../lib/gcc/nios2-elf/4.7.3/../../../../../H-i686-mingw32/nios2-elf/lib\libsmallc.a(lib_a-printf.o) (___vfprintf_internal_r)
c:/altera/13.1/nios2eds/bin/gnu/h-i686-mingw32/bin/../lib/gcc/nios2-elf/4.7.3/../../../../../H-i686-mingw32/nios2-elf/lib\libsmallc.a(lib_a-ctype_.o)
                              c:/altera/13.1/nios2eds/bin/gnu/h-i686-mingw32/bin/../lib/gcc/nios2-elf/4.7.3/../../../../../H-i686-mingw32/nios2-elf/lib\libsmallc.a(lib_a-strtol.o) (__ctype_ptr)
c:/altera/13.1/nios2eds/bin/gnu/h-i686-mingw32/bin/../lib/gcc/nios2-elf/4.7.3/../../../../../H-i686-mingw32/nios2-elf/lib\libsmallc.a(lib_a-fvwrite_small_dev.o)
                              c:/altera/13.1/nios2eds/bin/gnu/h-i686-mingw32/bin/../lib/gcc/nios2-elf/4.7.3/../../../../../H-i686-mingw32/nios2-elf/lib\libsmallc.a(lib_a-printf.o) (__sfvwrite_small_dev)
c:/altera/13.1/nios2eds/bin/gnu/h-i686-mingw32/bin/../lib/gcc/nios2-elf/4.7.3/../../../../../H-i686-mingw32/nios2-elf/lib\libsmallc.a(lib_a-writer.o)
                              c:/altera/13.1/nios2eds/bin/gnu/h-i686-mingw32/bin/../lib/gcc/nios2-elf/4.7.3/../../../../../H-i686-mingw32/nios2-elf/lib\libsmallc.a(lib_a-fvwrite_small_dev.o) (_write_r)
c:/altera/13.1/nios2eds/bin/gnu/h-i686-mingw32/bin/../lib/gcc/nios2-elf/4.7.3/../../../../../H-i686-mingw32/nios2-elf/lib\libsmallc.a(lib_a-int_errno.o)
                              c:/altera/13.1/nios2eds/bin/gnu/h-i686-mingw32/bin/../lib/gcc/nios2-elf/4.7.3/../../../../../H-i686-mingw32/nios2-elf/lib\libsmallc.a(lib_a-writer.o) (errno)
c:/altera/13.1/nios2eds/bin/gnu/h-i686-mingw32/bin/../lib/gcc/nios2-elf/4.7.3\libgcc.a(lib2-divmod.o)
                              c:/altera/13.1/nios2eds/bin/gnu/h-i686-mingw32/bin/../lib/gcc/nios2-elf/4.7.3/../../../../../H-i686-mingw32/nios2-elf/lib\libsmallc.a(lib_a-strtol.o) (__udivsi3)
../memtest_bsp/\libhal_bsp.a(alt_getchar.o)
                              obj/default/memtest_small.o (alt_getchar)
../memtest_bsp/\libhal_bsp.a(alt_load.o)
                              ../memtest_bsp//obj/HAL/src/crt0.o (alt_load)
../memtest_bsp/\libhal_bsp.a(alt_main.o)
                              ../memtest_bsp//obj/HAL/src/crt0.o (alt_main)
../memtest_bsp/\libhal_bsp.a(alt_write.o)
                              c:/altera/13.1/nios2eds/bin/gnu/h-i686-mingw32/bin/../lib/gcc/nios2-elf/4.7.3/../../../../../H-i686-mingw32/nios2-elf/lib\libsmallc.a(lib_a-writer.o) (write)
../memtest_bsp/\libhal_bsp.a(alt_sys_init.o)
                              ../memtest_bsp/\libhal_bsp.a(alt_main.o) (alt_irq_init)
../memtest_bsp/\libhal_bsp.a(altera_avalon_jtag_uart_read.o)
                              ../memtest_bsp/\libhal_bsp.a(alt_getchar.o) (altera_avalon_jtag_uart_read)
../memtest_bsp/\libhal_bsp.a(altera_avalon_jtag_uart_write.o)
                              ../memtest_bsp/\libhal_bsp.a(alt_write.o) (altera_avalon_jtag_uart_write)
../memtest_bsp/\libhal_bsp.a(alt_dcache_flush_all.o)
                              ../memtest_bsp/\libhal_bsp.a(alt_load.o) (alt_dcache_flush_all)
../memtest_bsp/\libhal_bsp.a(alt_dev.o)
                              ../memtest_bsp/\libhal_bsp.a(alt_getchar.o) (alt_fd_list)
../memtest_bsp/\libhal_bsp.a(alt_errno.o)
                              ../memtest_bsp/\libhal_bsp.a(alt_write.o) (alt_errno)
../memtest_bsp/\libhal_bsp.a(alt_icache_flush_all.o)
                              ../memtest_bsp/\libhal_bsp.a(alt_load.o) (alt_icache_flush_all)
../memtest_bsp/\libhal_bsp.a(altera_nios2_qsys_irq.o)
                              ../memtest_bsp/\libhal_bsp.a(alt_sys_init.o) (altera_nios2_qsys_irq_init)
../memtest_bsp/\libhal_bsp.a(alt_icache_flush.o)
                              ../memtest_bsp/\libhal_bsp.a(alt_icache_flush_all.o) (alt_icache_flush)

Allocating common symbols
Common symbol       size              file

errno               0x4               c:/altera/13.1/nios2eds/bin/gnu/h-i686-mingw32/bin/../lib/gcc/nios2-elf/4.7.3/../../../../../H-i686-mingw32/nios2-elf/lib\libsmallc.a(lib_a-int_errno.o)

Memory Configuration

Name             Origin             Length             Attributes
rom              0x00080000         0x00080000
ram              0x00120000         0x00020000
reset            0x00150000         0x00000020
temp_ram         0x00150020         0x00009c80
*default*        0x00000000         0xffffffff

Linker script and memory map

LOAD ../memtest_bsp//obj/HAL/src/crt0.o
LOAD obj/default/memtest_small.o
LOAD c:/altera/13.1/nios2eds/bin/gnu/h-i686-mingw32/bin/../lib/gcc/nios2-elf/4.7.3/../../../../../H-i686-mingw32/nios2-elf/lib\libstdc++.a
LOAD c:/altera/13.1/nios2eds/bin/gnu/h-i686-mingw32/bin/../lib/gcc/nios2-elf/4.7.3/../../../../../H-i686-mingw32/nios2-elf/lib\libm.a
LOAD c:/altera/13.1/nios2eds/bin/gnu/h-i686-mingw32/bin/../lib/gcc/nios2-elf/4.7.3\libgcc.a
START GROUP
LOAD c:/altera/13.1/nios2eds/bin/gnu/h-i686-mingw32/bin/../lib/gcc/nios2-elf/4.7.3/../../../../../H-i686-mingw32/nios2-elf/lib\libsmallc.a
LOAD c:/altera/13.1/nios2eds/bin/gnu/h-i686-mingw32/bin/../lib/gcc/nios2-elf/4.7.3\libgcc.a
LOAD ../memtest_bsp/\libhal_bsp.a
END GROUP
LOAD c:/altera/13.1/nios2eds/bin/gnu/h-i686-mingw32/bin/../lib/gcc/nios2-elf/4.7.3\libgcc.a
                0x00080000                __alt_mem_rom = 0x80000
                0x00120000                __alt_mem_ram = 0x120000
                0x00150000                __alt_mem_temp_ram = 0x150000

.entry          0x00150000       0x20
 *(.entry)
 .entry         0x00150000       0x20 ../memtest_bsp//obj/HAL/src/crt0.o
                0x00150000                __reset
                0x0015001c                _exit

.exceptions     0x00150020        0x0 load address 0x00080000
                0x00150020                PROVIDE (__ram_exceptions_start, ABSOLUTE (.))
                0x00150020                . = ALIGN (0x20)
 *(.irq)
 *(.exceptions.entry.label)
 *(.exceptions.entry.user)
 *(.exceptions.entry.ecc_fatal)
 *(.exceptions.entry)
 *(.exceptions.irqtest.user)
 *(.exceptions.irqtest)
 *(.exceptions.irqhandler.user)
 *(.exceptions.irqhandler)
 *(.exceptions.irqreturn.user)
 *(.exceptions.irqreturn)
 *(.exceptions.notirq.label)
 *(.exceptions.notirq.user)
 *(.exceptions.notirq)
 *(.exceptions.soft.user)
 *(.exceptions.soft)
 *(.exceptions.unknown.user)
 *(.exceptions.unknown)
 *(.exceptions.exit.label)
 *(.exceptions.exit.user)
 *(.exceptions.exit)
 *(.exceptions)
                0x00150020                PROVIDE (__ram_exceptions_end, ABSOLUTE (.))
                0x00080000                PROVIDE (__flash_exceptions_start, LOADADDR (.exceptions))

.text           0x00080000     0x1708
                0x00080000                PROVIDE (stext, ABSOLUTE (.))
 *(.interp)
 *(.hash)
 *(.dynsym)
 *(.dynstr)
 *(.gnu.version)
 *(.gnu.version_d)
 *(.gnu.version_r)
 *(.rel.init)
 *(.rela.init)
 *(.rel.text .rel.text.* .rel.gnu.linkonce.t.*)
 *(.rela.text .rela.text.* .rela.gnu.linkonce.t.*)
 *(.rel.fini)
 *(.rela.fini)
 *(.rel.rodata .rel.rodata.* .rel.gnu.linkonce.r.*)
 *(.rela.rodata .rela.rodata.* .rela.gnu.linkonce.r.*)
 *(.rel.data .rel.data.* .rel.gnu.linkonce.d.*)
 *(.rela.data .rela.data.* .rela.gnu.linkonce.d.*)
 *(.rel.tdata .rel.tdata.* .rel.gnu.linkonce.td.*)
 *(.rela.tdata .rela.tdata.* .rela.gnu.linkonce.td.*)
 *(.rel.tbss .rel.tbss.* .rel.gnu.linkonce.tb.*)
 *(.rela.tbss .rela.tbss.* .rela.gnu.linkonce.tb.*)
 *(.rel.ctors)
 *(.rela.ctors)
 *(.rel.dtors)
 *(.rela.dtors)
 *(.rel.got)
 *(.rela.got)
 *(.rel.sdata .rel.sdata.* .rel.gnu.linkonce.s.*)
 *(.rela.sdata .rela.sdata.* .rela.gnu.linkonce.s.*)
 *(.rel.sbss .rel.sbss.* .rel.gnu.linkonce.sb.*)
 *(.rela.sbss .rela.sbss.* .rela.gnu.linkonce.sb.*)
 *(.rel.sdata2 .rel.sdata2.* .rel.gnu.linkonce.s2.*)
 *(.rela.sdata2 .rela.sdata2.* .rela.gnu.linkonce.s2.*)
 *(.rel.sbss2 .rel.sbss2.* .rel.gnu.linkonce.sb2.*)
 *(.rela.sbss2 .rela.sbss2.* .rela.gnu.linkonce.sb2.*)
 *(.rel.bss .rel.bss.* .rel.gnu.linkonce.b.*)
 *(.rela.bss .rela.bss.* .rela.gnu.linkonce.b.*)
 *(.rel.plt)
 *(.rela.plt)
 *(.rel.dyn)
 *(.init)
 *(.plt)
 *(.text .stub .text.* .gnu.linkonce.t.*)
 .text          0x00080000       0x4c ../memtest_bsp//obj/HAL/src/crt0.o
                0x00080000                _start
 .text          0x0008004c       0x9c obj/default/memtest_small.o
                0x0008004c                GetInputString
 .text.startup  0x000800e8      0x514 obj/default/memtest_small.o
                0x000800e8                main
 .text          0x000805fc        0x0 c:/altera/13.1/nios2eds/bin/gnu/h-i686-mingw32/bin/../lib/gcc/nios2-elf/4.7.3/../../../../../H-i686-mingw32/nios2-elf/lib\libsmallc.a(lib_a-impure.o)
 .text          0x000805fc       0x88 c:/altera/13.1/nios2eds/bin/gnu/h-i686-mingw32/bin/../lib/gcc/nios2-elf/4.7.3/../../../../../H-i686-mingw32/nios2-elf/lib\libsmallc.a(lib_a-printf.o)
                0x000805fc                _printf_r
                0x00080638                printf
 .text          0x00080684       0xbc c:/altera/13.1/nios2eds/bin/gnu/h-i686-mingw32/bin/../lib/gcc/nios2-elf/4.7.3/../../../../../H-i686-mingw32/nios2-elf/lib\libsmallc.a(lib_a-putc.o)
                0x00080684                putc
                0x000806e0                _putc_r
 .text          0x00080740       0x24 c:/altera/13.1/nios2eds/bin/gnu/h-i686-mingw32/bin/../lib/gcc/nios2-elf/4.7.3/../../../../../H-i686-mingw32/nios2-elf/lib\libsmallc.a(lib_a-putchar.o)
                0x00080740                _putchar_r
                0x00080748                putchar
 .text          0x00080764       0x94 c:/altera/13.1/nios2eds/bin/gnu/h-i686-mingw32/bin/../lib/gcc/nios2-elf/4.7.3/../../../../../H-i686-mingw32/nios2-elf/lib\libsmallc.a(lib_a-puts.o)
                0x00080764                _puts_r
                0x000807e4                puts
 .text          0x000807f8       0x28 c:/altera/13.1/nios2eds/bin/gnu/h-i686-mingw32/bin/../lib/gcc/nios2-elf/4.7.3/../../../../../H-i686-mingw32/nios2-elf/lib\libsmallc.a(lib_a-strlen.o)
                0x000807f8                strlen
 .text          0x00080820      0x288 c:/altera/13.1/nios2eds/bin/gnu/h-i686-mingw32/bin/../lib/gcc/nios2-elf/4.7.3/../../../../../H-i686-mingw32/nios2-elf/lib\libsmallc.a(lib_a-strtol.o)
                0x00080820                _strtol_r
                0x00080a84                strtol
 .text          0x00080aa8      0x6e8 c:/altera/13.1/nios2eds/bin/gnu/h-i686-mingw32/bin/../lib/gcc/nios2-elf/4.7.3/../../../../../H-i686-mingw32/nios2-elf/lib\libsmallc.a(lib_a-vfprintf.o)
                0x00080aa8                ___vfprintf_internal_r
                0x0008116c                __vfprintf_internal
 .text          0x00081190        0x0 c:/altera/13.1/nios2eds/bin/gnu/h-i686-mingw32/bin/../lib/gcc/nios2-elf/4.7.3/../../../../../H-i686-mingw32/nios2-elf/lib\libsmallc.a(lib_a-ctype_.o)
 .text          0x00081190       0xe0 c:/altera/13.1/nios2eds/bin/gnu/h-i686-mingw32/bin/../lib/gcc/nios2-elf/4.7.3/../../../../../H-i686-mingw32/nios2-elf/lib\libsmallc.a(lib_a-fvwrite_small_dev.o)
                0x00081190                __sfvwrite_small_dev
 .text          0x00081270       0x6c c:/altera/13.1/nios2eds/bin/gnu/h-i686-mingw32/bin/../lib/gcc/nios2-elf/4.7.3/../../../../../H-i686-mingw32/nios2-elf/lib\libsmallc.a(lib_a-writer.o)
                0x00081270                _write_r
 .text          0x000812dc        0x0 c:/altera/13.1/nios2eds/bin/gnu/h-i686-mingw32/bin/../lib/gcc/nios2-elf/4.7.3/../../../../../H-i686-mingw32/nios2-elf/lib\libsmallc.a(lib_a-int_errno.o)
 .text          0x000812dc      0x130 c:/altera/13.1/nios2eds/bin/gnu/h-i686-mingw32/bin/../lib/gcc/nios2-elf/4.7.3\libgcc.a(lib2-divmod.o)
                0x00081350                __divsi3
                0x000813a0                __modsi3
                0x000813fc                __udivsi3
                0x00081404                __umodsi3
 .text          0x0008140c       0x44 ../memtest_bsp/\libhal_bsp.a(alt_getchar.o)
                0x0008140c                alt_getchar
 .text          0x00081450      0x104 ../memtest_bsp/\libhal_bsp.a(alt_load.o)
                0x00081450                alt_load
 .text          0x00081554       0x2c ../memtest_bsp/\libhal_bsp.a(alt_main.o)
                0x00081554                alt_main
 .text          0x00081580       0x68 ../memtest_bsp/\libhal_bsp.a(alt_write.o)
                0x00081580                write
 .text          0x000815e8       0x24 ../memtest_bsp/\libhal_bsp.a(alt_sys_init.o)
                0x000815e8                alt_irq_init
                0x00081608                alt_sys_init
 .text          0x0008160c       0x5c ../memtest_bsp/\libhal_bsp.a(altera_avalon_jtag_uart_read.o)
                0x0008160c                altera_avalon_jtag_uart_read
 .text          0x00081668       0x34 ../memtest_bsp/\libhal_bsp.a(altera_avalon_jtag_uart_write.o)
                0x00081668                altera_avalon_jtag_uart_write
 .text          0x0008169c       0x18 ../memtest_bsp/\libhal_bsp.a(alt_dcache_flush_all.o)
                0x0008169c                alt_dcache_flush_all
 .text          0x000816b4        0x8 ../memtest_bsp/\libhal_bsp.a(alt_dev.o)
 .text          0x000816bc        0x0 ../memtest_bsp/\libhal_bsp.a(alt_errno.o)
 .text          0x000816bc        0xc ../memtest_bsp/\libhal_bsp.a(alt_icache_flush_all.o)
                0x000816bc                alt_icache_flush_all
 .text          0x000816c8        0x8 ../memtest_bsp/\libhal_bsp.a(altera_nios2_qsys_irq.o)
                0x000816c8                altera_nios2_qsys_irq_init
 .text          0x000816d0       0x38 ../memtest_bsp/\libhal_bsp.a(alt_icache_flush.o)
                0x000816d0                alt_icache_flush
 *(.gnu.warning.*)
 *(.fini)
                0x00081708                PROVIDE (__etext, ABSOLUTE (.))
                0x00081708                PROVIDE (_etext, ABSOLUTE (.))
                0x00081708                PROVIDE (etext, ABSOLUTE (.))
 *(.eh_frame_hdr)
                0x00081708                . = ALIGN (0x4)
                0x00081708                PROVIDE (__preinit_array_start, ABSOLUTE (.))
 *(.preinit_array)
                0x00081708                PROVIDE (__preinit_array_end, ABSOLUTE (.))
                0x00081708                PROVIDE (__init_array_start, ABSOLUTE (.))
 *(.init_array)
                0x00081708                PROVIDE (__init_array_end, ABSOLUTE (.))
                0x00081708                PROVIDE (__fini_array_start, ABSOLUTE (.))
 *(.fini_array)
                0x00081708                PROVIDE (__fini_array_end, ABSOLUTE (.))
 *(.eh_frame)
 *(.gcc_except_table .gcc_except_table.*)
 *(.dynamic)
                0x00081708                PROVIDE (__CTOR_LIST__, ABSOLUTE (.))
 *(.ctors)
 *(SORT(.ctors.*))
                0x00081708                PROVIDE (__CTOR_END__, ABSOLUTE (.))
                0x00081708                PROVIDE (__DTOR_LIST__, ABSOLUTE (.))
 *(.dtors)
 *(SORT(.dtors.*))
                0x00081708                PROVIDE (__DTOR_END__, ABSOLUTE (.))
 *(.jcr)
                0x00081708                . = ALIGN (0x4)

.rodata         0x00081708      0x6c8
                0x00081708                PROVIDE (__ram_rodata_start, ABSOLUTE (.))
                0x00081708                . = ALIGN (0x4)
 *(.rodata .rodata.* .gnu.linkonce.r.*)
 .rodata.str1.4
                0x00081708      0x439 obj/default/memtest_small.o
                                0x43c (size before relaxing)
 .rodata.str1.4
                0x00000000        0x4 c:/altera/13.1/nios2eds/bin/gnu/h-i686-mingw32/bin/../lib/gcc/nios2-elf/4.7.3/../../../../../H-i686-mingw32/nios2-elf/lib\libsmallc.a(lib_a-puts.o)
 .rodata        0x00081b41      0x281 c:/altera/13.1/nios2eds/bin/gnu/h-i686-mingw32/bin/../lib/gcc/nios2-elf/4.7.3/../../../../../H-i686-mingw32/nios2-elf/lib\libsmallc.a(lib_a-ctype_.o)
                0x00081b41                _ctype_
 *fill*         0x00081dc2        0x2 
 .rodata.str1.4
                0x00081dc4        0xc ../memtest_bsp/\libhal_bsp.a(alt_dev.o)
 *(.rodata1)
                0x00081dd0                . = ALIGN (0x4)
                0x00081dd0                PROVIDE (__ram_rodata_end, ABSOLUTE (.))
                0x00081708                PROVIDE (__flash_rodata_start, LOADADDR (.rodata))

.rwdata         0x00081dd0      0x160 load address 0x00081f30
                0x00081dd0                PROVIDE (__ram_rwdata_start, ABSOLUTE (.))
                0x00081dd0                . = ALIGN (0x4)
 *(.got.plt)
 *(.got)
 *(.data1)
 *(.data .data.* .gnu.linkonce.d.*)
 .data          0x00081dd0        0x0 ../memtest_bsp//obj/HAL/src/crt0.o
 .data          0x00081dd0        0x0 obj/default/memtest_small.o
 .data          0x00081dd0       0xe0 c:/altera/13.1/nios2eds/bin/gnu/h-i686-mingw32/bin/../lib/gcc/nios2-elf/4.7.3/../../../../../H-i686-mingw32/nios2-elf/lib\libsmallc.a(lib_a-impure.o)
 .data          0x00081eb0        0x0 c:/altera/13.1/nios2eds/bin/gnu/h-i686-mingw32/bin/../lib/gcc/nios2-elf/4.7.3/../../../../../H-i686-mingw32/nios2-elf/lib\libsmallc.a(lib_a-printf.o)
 .data          0x00081eb0        0x0 c:/altera/13.1/nios2eds/bin/gnu/h-i686-mingw32/bin/../lib/gcc/nios2-elf/4.7.3/../../../../../H-i686-mingw32/nios2-elf/lib\libsmallc.a(lib_a-putc.o)
 .data          0x00081eb0        0x0 c:/altera/13.1/nios2eds/bin/gnu/h-i686-mingw32/bin/../lib/gcc/nios2-elf/4.7.3/../../../../../H-i686-mingw32/nios2-elf/lib\libsmallc.a(lib_a-putchar.o)
 .data          0x00081eb0        0x0 c:/altera/13.1/nios2eds/bin/gnu/h-i686-mingw32/bin/../lib/gcc/nios2-elf/4.7.3/../../../../../H-i686-mingw32/nios2-elf/lib\libsmallc.a(lib_a-puts.o)
 .data          0x00081eb0        0x0 c:/altera/13.1/nios2eds/bin/gnu/h-i686-mingw32/bin/../lib/gcc/nios2-elf/4.7.3/../../../../../H-i686-mingw32/nios2-elf/lib\libsmallc.a(lib_a-strlen.o)
 .data          0x00081eb0        0x0 c:/altera/13.1/nios2eds/bin/gnu/h-i686-mingw32/bin/../lib/gcc/nios2-elf/4.7.3/../../../../../H-i686-mingw32/nios2-elf/lib\libsmallc.a(lib_a-strtol.o)
 .data          0x00081eb0        0x0 c:/altera/13.1/nios2eds/bin/gnu/h-i686-mingw32/bin/../lib/gcc/nios2-elf/4.7.3/../../../../../H-i686-mingw32/nios2-elf/lib\libsmallc.a(lib_a-vfprintf.o)
 .data          0x00081eb0        0x0 c:/altera/13.1/nios2eds/bin/gnu/h-i686-mingw32/bin/../lib/gcc/nios2-elf/4.7.3/../../../../../H-i686-mingw32/nios2-elf/lib\libsmallc.a(lib_a-ctype_.o)
 .data          0x00081eb0        0x0 c:/altera/13.1/nios2eds/bin/gnu/h-i686-mingw32/bin/../lib/gcc/nios2-elf/4.7.3/../../../../../H-i686-mingw32/nios2-elf/lib\libsmallc.a(lib_a-fvwrite_small_dev.o)
 .data          0x00081eb0        0x0 c:/altera/13.1/nios2eds/bin/gnu/h-i686-mingw32/bin/../lib/gcc/nios2-elf/4.7.3/../../../../../H-i686-mingw32/nios2-elf/lib\libsmallc.a(lib_a-writer.o)
 .data          0x00081eb0        0x0 c:/altera/13.1/nios2eds/bin/gnu/h-i686-mingw32/bin/../lib/gcc/nios2-elf/4.7.3/../../../../../H-i686-mingw32/nios2-elf/lib\libsmallc.a(lib_a-int_errno.o)
 .data          0x00081eb0        0x0 c:/altera/13.1/nios2eds/bin/gnu/h-i686-mingw32/bin/../lib/gcc/nios2-elf/4.7.3\libgcc.a(lib2-divmod.o)
 .data          0x00081eb0        0x0 ../memtest_bsp/\libhal_bsp.a(alt_getchar.o)
 .data          0x00081eb0        0x0 ../memtest_bsp/\libhal_bsp.a(alt_load.o)
 .data          0x00081eb0        0x0 ../memtest_bsp/\libhal_bsp.a(alt_main.o)
 .data          0x00081eb0        0x0 ../memtest_bsp/\libhal_bsp.a(alt_write.o)
 .data          0x00081eb0        0x0 ../memtest_bsp/\libhal_bsp.a(alt_sys_init.o)
 .data          0x00081eb0        0x0 ../memtest_bsp/\libhal_bsp.a(altera_avalon_jtag_uart_read.o)
 .data          0x00081eb0        0x0 ../memtest_bsp/\libhal_bsp.a(altera_avalon_jtag_uart_write.o)
 .data          0x00081eb0        0x0 ../memtest_bsp/\libhal_bsp.a(alt_dcache_flush_all.o)
 .data          0x00081eb0       0x58 ../memtest_bsp/\libhal_bsp.a(alt_dev.o)
                0x00081eb0                alt_fd_list
                0x00081ee0                alt_dev_null
 .data          0x00081f08        0x0 ../memtest_bsp/\libhal_bsp.a(alt_errno.o)
 .data          0x00081f08        0x0 ../memtest_bsp/\libhal_bsp.a(alt_icache_flush_all.o)
 .data          0x00081f08        0x0 ../memtest_bsp/\libhal_bsp.a(altera_nios2_qsys_irq.o)
 .data          0x00081f08        0x0 ../memtest_bsp/\libhal_bsp.a(alt_icache_flush.o)
                0x00089f08                _gp = ABSOLUTE ((. + 0x8000))
                0x00089f08                PROVIDE (gp, _gp)
 *(.rwdata .rwdata.*)
 *(.sdata .sdata.* .gnu.linkonce.s.*)
 .sdata         0x00081f08        0x8 c:/altera/13.1/nios2eds/bin/gnu/h-i686-mingw32/bin/../lib/gcc/nios2-elf/4.7.3/../../../../../H-i686-mingw32/nios2-elf/lib\libsmallc.a(lib_a-impure.o)
                0x00081f08                _global_impure_ptr
                0x00081f0c                _impure_ptr
 .sdata         0x00081f10        0x4 c:/altera/13.1/nios2eds/bin/gnu/h-i686-mingw32/bin/../lib/gcc/nios2-elf/4.7.3/../../../../../H-i686-mingw32/nios2-elf/lib\libsmallc.a(lib_a-ctype_.o)
                0x00081f10                __ctype_ptr
 .sdata         0x00081f14        0x4 ../memtest_bsp/\libhal_bsp.a(alt_sys_init.o)
                0x00081f14                jtag
 .sdata         0x00081f18       0x14 ../memtest_bsp/\libhal_bsp.a(alt_dev.o)
                0x00081f18                alt_max_fd
                0x00081f1c                alt_dev_list
                0x00081f24                alt_fs_list
 .sdata         0x00081f2c        0x4 ../memtest_bsp/\libhal_bsp.a(alt_errno.o)
                0x00081f2c                alt_errno
 *(.sdata2 .sdata2.* .gnu.linkonce.s2.*)
                0x00081f30                . = ALIGN (0x4)
                0x00081f30                _edata = ABSOLUTE (.)
                0x00081f30                PROVIDE (edata, ABSOLUTE (.))
                0x00081f30                PROVIDE (__ram_rwdata_end, ABSOLUTE (.))
                0x00081f30                PROVIDE (__flash_rwdata_start, LOADADDR (.rwdata))

.bss            0x00082090       0x10
                0x00082090                __bss_start = ABSOLUTE (.)
                0x00082090                PROVIDE (__sbss_start, ABSOLUTE (.))
                0x00082090                PROVIDE (___sbss_start, ABSOLUTE (.))
 *(.dynsbss)
 *(.sbss .sbss.* .gnu.linkonce.sb.*)
 .sbss          0x00082090        0x4 c:/altera/13.1/nios2eds/bin/gnu/h-i686-mingw32/bin/../lib/gcc/nios2-elf/4.7.3/../../../../../H-i686-mingw32/nios2-elf/lib\libsmallc.a(lib_a-int_errno.o)
                0x00082090                errno
 .sbss          0x00082094        0xc ../memtest_bsp/\libhal_bsp.a(alt_main.o)
                0x00082094                alt_envp
                0x00082098                alt_argv
                0x0008209c                alt_argc
 *(.sbss2 .sbss2.* .gnu.linkonce.sb2.*)
 *(.scommon)
                0x000820a0                PROVIDE (__sbss_end, ABSOLUTE (.))
                0x000820a0                PROVIDE (___sbss_end, ABSOLUTE (.))
 *(.dynbss)
 *(.bss .bss.* .gnu.linkonce.b.*)
 .bss           0x000820a0        0x0 ../memtest_bsp//obj/HAL/src/crt0.o
 .bss           0x000820a0        0x0 obj/default/memtest_small.o
 .bss           0x000820a0        0x0 c:/altera/13.1/nios2eds/bin/gnu/h-i686-mingw32/bin/../lib/gcc/nios2-elf/4.7.3/../../../../../H-i686-mingw32/nios2-elf/lib\libsmallc.a(lib_a-impure.o)
 .bss           0x000820a0        0x0 c:/altera/13.1/nios2eds/bin/gnu/h-i686-mingw32/bin/../lib/gcc/nios2-elf/4.7.3/../../../../../H-i686-mingw32/nios2-elf/lib\libsmallc.a(lib_a-printf.o)
 .bss           0x000820a0        0x0 c:/altera/13.1/nios2eds/bin/gnu/h-i686-mingw32/bin/../lib/gcc/nios2-elf/4.7.3/../../../../../H-i686-mingw32/nios2-elf/lib\libsmallc.a(lib_a-putc.o)
 .bss           0x000820a0        0x0 c:/altera/13.1/nios2eds/bin/gnu/h-i686-mingw32/bin/../lib/gcc/nios2-elf/4.7.3/../../../../../H-i686-mingw32/nios2-elf/lib\libsmallc.a(lib_a-putchar.o)
 .bss           0x000820a0        0x0 c:/altera/13.1/nios2eds/bin/gnu/h-i686-mingw32/bin/../lib/gcc/nios2-elf/4.7.3/../../../../../H-i686-mingw32/nios2-elf/lib\libsmallc.a(lib_a-puts.o)
 .bss           0x000820a0        0x0 c:/altera/13.1/nios2eds/bin/gnu/h-i686-mingw32/bin/../lib/gcc/nios2-elf/4.7.3/../../../../../H-i686-mingw32/nios2-elf/lib\libsmallc.a(lib_a-strlen.o)
 .bss           0x000820a0        0x0 c:/altera/13.1/nios2eds/bin/gnu/h-i686-mingw32/bin/../lib/gcc/nios2-elf/4.7.3/../../../../../H-i686-mingw32/nios2-elf/lib\libsmallc.a(lib_a-strtol.o)
 .bss           0x000820a0        0x0 c:/altera/13.1/nios2eds/bin/gnu/h-i686-mingw32/bin/../lib/gcc/nios2-elf/4.7.3/../../../../../H-i686-mingw32/nios2-elf/lib\libsmallc.a(lib_a-vfprintf.o)
 .bss           0x000820a0        0x0 c:/altera/13.1/nios2eds/bin/gnu/h-i686-mingw32/bin/../lib/gcc/nios2-elf/4.7.3/../../../../../H-i686-mingw32/nios2-elf/lib\libsmallc.a(lib_a-ctype_.o)
 .bss           0x000820a0        0x0 c:/altera/13.1/nios2eds/bin/gnu/h-i686-mingw32/bin/../lib/gcc/nios2-elf/4.7.3/../../../../../H-i686-mingw32/nios2-elf/lib\libsmallc.a(lib_a-fvwrite_small_dev.o)
 .bss           0x000820a0        0x0 c:/altera/13.1/nios2eds/bin/gnu/h-i686-mingw32/bin/../lib/gcc/nios2-elf/4.7.3/../../../../../H-i686-mingw32/nios2-elf/lib\libsmallc.a(lib_a-writer.o)
 .bss           0x000820a0        0x0 c:/altera/13.1/nios2eds/bin/gnu/h-i686-mingw32/bin/../lib/gcc/nios2-elf/4.7.3/../../../../../H-i686-mingw32/nios2-elf/lib\libsmallc.a(lib_a-int_errno.o)
 .bss           0x000820a0        0x0 c:/altera/13.1/nios2eds/bin/gnu/h-i686-mingw32/bin/../lib/gcc/nios2-elf/4.7.3\libgcc.a(lib2-divmod.o)
 .bss           0x000820a0        0x0 ../memtest_bsp/\libhal_bsp.a(alt_getchar.o)
 .bss           0x000820a0        0x0 ../memtest_bsp/\libhal_bsp.a(alt_load.o)
 .bss           0x000820a0        0x0 ../memtest_bsp/\libhal_bsp.a(alt_main.o)
 .bss           0x000820a0        0x0 ../memtest_bsp/\libhal_bsp.a(alt_write.o)
 .bss           0x000820a0        0x0 ../memtest_bsp/\libhal_bsp.a(alt_sys_init.o)
 .bss           0x000820a0        0x0 ../memtest_bsp/\libhal_bsp.a(altera_avalon_jtag_uart_read.o)
 .bss           0x000820a0        0x0 ../memtest_bsp/\libhal_bsp.a(altera_avalon_jtag_uart_write.o)
 .bss           0x000820a0        0x0 ../memtest_bsp/\libhal_bsp.a(alt_dcache_flush_all.o)
 .bss           0x000820a0        0x0 ../memtest_bsp/\libhal_bsp.a(alt_dev.o)
 .bss           0x000820a0        0x0 ../memtest_bsp/\libhal_bsp.a(alt_errno.o)
 .bss           0x000820a0        0x0 ../memtest_bsp/\libhal_bsp.a(alt_icache_flush_all.o)
 .bss           0x000820a0        0x0 ../memtest_bsp/\libhal_bsp.a(altera_nios2_qsys_irq.o)
 .bss           0x000820a0        0x0 ../memtest_bsp/\libhal_bsp.a(alt_icache_flush.o)
 *(COMMON)
                0x000820a0                . = ALIGN (0x4)
                0x000820a0                __bss_end = ABSOLUTE (.)

.rom            0x000820a0        0x0
                0x000820a0                PROVIDE (_alt_partition_rom_start, ABSOLUTE (.))
 *(.rom .rom. rom.*)
                0x000820a0                . = ALIGN (0x4)
                0x000820a0                PROVIDE (_alt_partition_rom_end, ABSOLUTE (.))
                0x000820a0                _end = ABSOLUTE (.)
                0x000820a0                end = ABSOLUTE (.)
                0x000820a0                __alt_stack_base = ABSOLUTE (.)
                0x000820a0                PROVIDE (_alt_partition_rom_load_addr, LOADADDR (.rom))

.ram            0x00120000        0x0 load address 0x000820a0
                0x00120000                PROVIDE (_alt_partition_ram_start, ABSOLUTE (.))
 *(.ram .ram. ram.*)
                0x00120000                . = ALIGN (0x4)
                0x00120000                PROVIDE (_alt_partition_ram_end, ABSOLUTE (.))
                0x000820a0                PROVIDE (_alt_partition_ram_load_addr, LOADADDR (.ram))

.temp_ram       0x00150020        0x0 load address 0x000820a0
                0x00150020                PROVIDE (_alt_partition_temp_ram_start, ABSOLUTE (.))
 *(.temp_ram .temp_ram. temp_ram.*)
                0x00150020                . = ALIGN (0x4)
                0x00150020                PROVIDE (_alt_partition_temp_ram_end, ABSOLUTE (.))
                0x000820a0                PROVIDE (_alt_partition_temp_ram_load_addr, LOADADDR (.temp_ram))

.stab
 *(.stab)

.stabstr
 *(.stabstr)

.stab.excl
 *(.stab.excl)

.stab.exclstr
 *(.stab.exclstr)

.stab.index
 *(.stab.index)

.stab.indexstr
 *(.stab.indexstr)

.comment        0x00000000       0x23
 *(.comment)
 .comment       0x00000000       0x23 obj/default/memtest_small.o
                                 0x24 (size before relaxing)
 .comment       0x00000000       0x24 c:/altera/13.1/nios2eds/bin/gnu/h-i686-mingw32/bin/../lib/gcc/nios2-elf/4.7.3/../../../../../H-i686-mingw32/nios2-elf/lib\libsmallc.a(lib_a-impure.o)
 .comment       0x00000000       0x24 c:/altera/13.1/nios2eds/bin/gnu/h-i686-mingw32/bin/../lib/gcc/nios2-elf/4.7.3/../../../../../H-i686-mingw32/nios2-elf/lib\libsmallc.a(lib_a-printf.o)
 .comment       0x00000000       0x24 c:/altera/13.1/nios2eds/bin/gnu/h-i686-mingw32/bin/../lib/gcc/nios2-elf/4.7.3/../../../../../H-i686-mingw32/nios2-elf/lib\libsmallc.a(lib_a-putc.o)
 .comment       0x00000000       0x24 c:/altera/13.1/nios2eds/bin/gnu/h-i686-mingw32/bin/../lib/gcc/nios2-elf/4.7.3/../../../../../H-i686-mingw32/nios2-elf/lib\libsmallc.a(lib_a-putchar.o)
 .comment       0x00000000       0x24 c:/altera/13.1/nios2eds/bin/gnu/h-i686-mingw32/bin/../lib/gcc/nios2-elf/4.7.3/../../../../../H-i686-mingw32/nios2-elf/lib\libsmallc.a(lib_a-puts.o)
 .comment       0x00000000       0x24 c:/altera/13.1/nios2eds/bin/gnu/h-i686-mingw32/bin/../lib/gcc/nios2-elf/4.7.3/../../../../../H-i686-mingw32/nios2-elf/lib\libsmallc.a(lib_a-strlen.o)
 .comment       0x00000000       0x24 c:/altera/13.1/nios2eds/bin/gnu/h-i686-mingw32/bin/../lib/gcc/nios2-elf/4.7.3/../../../../../H-i686-mingw32/nios2-elf/lib\libsmallc.a(lib_a-strtol.o)
 .comment       0x00000000       0x24 c:/altera/13.1/nios2eds/bin/gnu/h-i686-mingw32/bin/../lib/gcc/nios2-elf/4.7.3/../../../../../H-i686-mingw32/nios2-elf/lib\libsmallc.a(lib_a-vfprintf.o)
 .comment       0x00000000       0x24 c:/altera/13.1/nios2eds/bin/gnu/h-i686-mingw32/bin/../lib/gcc/nios2-elf/4.7.3/../../../../../H-i686-mingw32/nios2-elf/lib\libsmallc.a(lib_a-ctype_.o)
 .comment       0x00000000       0x24 c:/altera/13.1/nios2eds/bin/gnu/h-i686-mingw32/bin/../lib/gcc/nios2-elf/4.7.3/../../../../../H-i686-mingw32/nios2-elf/lib\libsmallc.a(lib_a-fvwrite_small_dev.o)
 .comment       0x00000000       0x24 c:/altera/13.1/nios2eds/bin/gnu/h-i686-mingw32/bin/../lib/gcc/nios2-elf/4.7.3/../../../../../H-i686-mingw32/nios2-elf/lib\libsmallc.a(lib_a-writer.o)
 .comment       0x00000000       0x24 c:/altera/13.1/nios2eds/bin/gnu/h-i686-mingw32/bin/../lib/gcc/nios2-elf/4.7.3/../../../../../H-i686-mingw32/nios2-elf/lib\libsmallc.a(lib_a-int_errno.o)
 .comment       0x00000000       0x24 c:/altera/13.1/nios2eds/bin/gnu/h-i686-mingw32/bin/../lib/gcc/nios2-elf/4.7.3\libgcc.a(lib2-divmod.o)
 .comment       0x00000000       0x24 ../memtest_bsp/\libhal_bsp.a(alt_getchar.o)
 .comment       0x00000000       0x24 ../memtest_bsp/\libhal_bsp.a(alt_load.o)
 .comment       0x00000000       0x24 ../memtest_bsp/\libhal_bsp.a(alt_main.o)
 .comment       0x00000000       0x24 ../memtest_bsp/\libhal_bsp.a(alt_write.o)
 .comment       0x00000000       0x24 ../memtest_bsp/\libhal_bsp.a(alt_sys_init.o)
 .comment       0x00000000       0x24 ../memtest_bsp/\libhal_bsp.a(altera_avalon_jtag_uart_read.o)
 .comment       0x00000000       0x24 ../memtest_bsp/\libhal_bsp.a(altera_avalon_jtag_uart_write.o)
 .comment       0x00000000       0x24 ../memtest_bsp/\libhal_bsp.a(alt_dcache_flush_all.o)
 .comment       0x00000000       0x24 ../memtest_bsp/\libhal_bsp.a(alt_dev.o)
 .comment       0x00000000       0x24 ../memtest_bsp/\libhal_bsp.a(alt_errno.o)
 .comment       0x00000000       0x24 ../memtest_bsp/\libhal_bsp.a(alt_icache_flush_all.o)
 .comment       0x00000000       0x24 ../memtest_bsp/\libhal_bsp.a(altera_nios2_qsys_irq.o)
 .comment       0x00000000       0x24 ../memtest_bsp/\libhal_bsp.a(alt_icache_flush.o)

.debug
 *(.debug)

.line
 *(.line)

.debug_srcinfo
 *(.debug_srcinfo)

.debug_sfnames
 *(.debug_sfnames)

.debug_aranges  0x00000000      0x370
 *(.debug_aranges)
 .debug_aranges
                0x00000000       0x28 ../memtest_bsp//obj/HAL/src/crt0.o
 .debug_aranges
                0x00000028       0x28 obj/default/memtest_small.o
 .debug_aranges
                0x00000050       0x18 c:/altera/13.1/nios2eds/bin/gnu/h-i686-mingw32/bin/../lib/gcc/nios2-elf/4.7.3/../../../../../H-i686-mingw32/nios2-elf/lib\libsmallc.a(lib_a-impure.o)
 .debug_aranges
                0x00000068       0x20 c:/altera/13.1/nios2eds/bin/gnu/h-i686-mingw32/bin/../lib/gcc/nios2-elf/4.7.3/../../../../../H-i686-mingw32/nios2-elf/lib\libsmallc.a(lib_a-printf.o)
 .debug_aranges
                0x00000088       0x20 c:/altera/13.1/nios2eds/bin/gnu/h-i686-mingw32/bin/../lib/gcc/nios2-elf/4.7.3/../../../../../H-i686-mingw32/nios2-elf/lib\libsmallc.a(lib_a-putc.o)
 .debug_aranges
                0x000000a8       0x20 c:/altera/13.1/nios2eds/bin/gnu/h-i686-mingw32/bin/../lib/gcc/nios2-elf/4.7.3/../../../../../H-i686-mingw32/nios2-elf/lib\libsmallc.a(lib_a-putchar.o)
 .debug_aranges
                0x000000c8       0x20 c:/altera/13.1/nios2eds/bin/gnu/h-i686-mingw32/bin/../lib/gcc/nios2-elf/4.7.3/../../../../../H-i686-mingw32/nios2-elf/lib\libsmallc.a(lib_a-puts.o)
 .debug_aranges
                0x000000e8       0x20 c:/altera/13.1/nios2eds/bin/gnu/h-i686-mingw32/bin/../lib/gcc/nios2-elf/4.7.3/../../../../../H-i686-mingw32/nios2-elf/lib\libsmallc.a(lib_a-strlen.o)
 .debug_aranges
                0x00000108       0x20 c:/altera/13.1/nios2eds/bin/gnu/h-i686-mingw32/bin/../lib/gcc/nios2-elf/4.7.3/../../../../../H-i686-mingw32/nios2-elf/lib\libsmallc.a(lib_a-strtol.o)
 .debug_aranges
                0x00000128       0x20 c:/altera/13.1/nios2eds/bin/gnu/h-i686-mingw32/bin/../lib/gcc/nios2-elf/4.7.3/../../../../../H-i686-mingw32/nios2-elf/lib\libsmallc.a(lib_a-vfprintf.o)
 .debug_aranges
                0x00000148       0x18 c:/altera/13.1/nios2eds/bin/gnu/h-i686-mingw32/bin/../lib/gcc/nios2-elf/4.7.3/../../../../../H-i686-mingw32/nios2-elf/lib\libsmallc.a(lib_a-ctype_.o)
 .debug_aranges
                0x00000160       0x20 c:/altera/13.1/nios2eds/bin/gnu/h-i686-mingw32/bin/../lib/gcc/nios2-elf/4.7.3/../../../../../H-i686-mingw32/nios2-elf/lib\libsmallc.a(lib_a-fvwrite_small_dev.o)
 .debug_aranges
                0x00000180       0x20 c:/altera/13.1/nios2eds/bin/gnu/h-i686-mingw32/bin/../lib/gcc/nios2-elf/4.7.3/../../../../../H-i686-mingw32/nios2-elf/lib\libsmallc.a(lib_a-writer.o)
 .debug_aranges
                0x000001a0       0x18 c:/altera/13.1/nios2eds/bin/gnu/h-i686-mingw32/bin/../lib/gcc/nios2-elf/4.7.3/../../../../../H-i686-mingw32/nios2-elf/lib\libsmallc.a(lib_a-int_errno.o)
 .debug_aranges
                0x000001b8       0x20 c:/altera/13.1/nios2eds/bin/gnu/h-i686-mingw32/bin/../lib/gcc/nios2-elf/4.7.3\libgcc.a(lib2-divmod.o)
 .debug_aranges
                0x000001d8       0x20 ../memtest_bsp/\libhal_bsp.a(alt_getchar.o)
 .debug_aranges
                0x000001f8       0x20 ../memtest_bsp/\libhal_bsp.a(alt_load.o)
 .debug_aranges
                0x00000218       0x20 ../memtest_bsp/\libhal_bsp.a(alt_main.o)
 .debug_aranges
                0x00000238       0x20 ../memtest_bsp/\libhal_bsp.a(alt_write.o)
 .debug_aranges
                0x00000258       0x20 ../memtest_bsp/\libhal_bsp.a(alt_sys_init.o)
 .debug_aranges
                0x00000278       0x20 ../memtest_bsp/\libhal_bsp.a(altera_avalon_jtag_uart_read.o)
 .debug_aranges
                0x00000298       0x20 ../memtest_bsp/\libhal_bsp.a(altera_avalon_jtag_uart_write.o)
 .debug_aranges
                0x000002b8       0x20 ../memtest_bsp/\libhal_bsp.a(alt_dcache_flush_all.o)
 .debug_aranges
                0x000002d8       0x20 ../memtest_bsp/\libhal_bsp.a(alt_dev.o)
 .debug_aranges
                0x000002f8       0x18 ../memtest_bsp/\libhal_bsp.a(alt_errno.o)
 .debug_aranges
                0x00000310       0x20 ../memtest_bsp/\libhal_bsp.a(alt_icache_flush_all.o)
 .debug_aranges
                0x00000330       0x20 ../memtest_bsp/\libhal_bsp.a(altera_nios2_qsys_irq.o)
 .debug_aranges
                0x00000350       0x20 ../memtest_bsp/\libhal_bsp.a(alt_icache_flush.o)

.debug_pubnames
 *(.debug_pubnames)

.debug_info     0x00000000     0x6ef8
 *(.debug_info .gnu.linkonce.wi.*)
 .debug_info    0x00000000       0x70 ../memtest_bsp//obj/HAL/src/crt0.o
 .debug_info    0x00000070     0x1094 obj/default/memtest_small.o
 .debug_info    0x00001104      0x631 c:/altera/13.1/nios2eds/bin/gnu/h-i686-mingw32/bin/../lib/gcc/nios2-elf/4.7.3/../../../../../H-i686-mingw32/nios2-elf/lib\libsmallc.a(lib_a-impure.o)
 .debug_info    0x00001735      0x765 c:/altera/13.1/nios2eds/bin/gnu/h-i686-mingw32/bin/../lib/gcc/nios2-elf/4.7.3/../../../../../H-i686-mingw32/nios2-elf/lib\libsmallc.a(lib_a-printf.o)
 .debug_info    0x00001e9a      0x6ec c:/altera/13.1/nios2eds/bin/gnu/h-i686-mingw32/bin/../lib/gcc/nios2-elf/4.7.3/../../../../../H-i686-mingw32/nios2-elf/lib\libsmallc.a(lib_a-putc.o)
 .debug_info    0x00002586      0x6d0 c:/altera/13.1/nios2eds/bin/gnu/h-i686-mingw32/bin/../lib/gcc/nios2-elf/4.7.3/../../../../../H-i686-mingw32/nios2-elf/lib\libsmallc.a(lib_a-putchar.o)
 .debug_info    0x00002c56      0x6f4 c:/altera/13.1/nios2eds/bin/gnu/h-i686-mingw32/bin/../lib/gcc/nios2-elf/4.7.3/../../../../../H-i686-mingw32/nios2-elf/lib\libsmallc.a(lib_a-puts.o)
 .debug_info    0x0000334a       0xc6 c:/altera/13.1/nios2eds/bin/gnu/h-i686-mingw32/bin/../lib/gcc/nios2-elf/4.7.3/../../../../../H-i686-mingw32/nios2-elf/lib\libsmallc.a(lib_a-strlen.o)
 .debug_info    0x00003410      0x747 c:/altera/13.1/nios2eds/bin/gnu/h-i686-mingw32/bin/../lib/gcc/nios2-elf/4.7.3/../../../../../H-i686-mingw32/nios2-elf/lib\libsmallc.a(lib_a-strtol.o)
 .debug_info    0x00003b57      0xc5d c:/altera/13.1/nios2eds/bin/gnu/h-i686-mingw32/bin/../lib/gcc/nios2-elf/4.7.3/../../../../../H-i686-mingw32/nios2-elf/lib\libsmallc.a(lib_a-vfprintf.o)
 .debug_info    0x000047b4       0x98 c:/altera/13.1/nios2eds/bin/gnu/h-i686-mingw32/bin/../lib/gcc/nios2-elf/4.7.3/../../../../../H-i686-mingw32/nios2-elf/lib\libsmallc.a(lib_a-ctype_.o)
 .debug_info    0x0000484c      0x6d9 c:/altera/13.1/nios2eds/bin/gnu/h-i686-mingw32/bin/../lib/gcc/nios2-elf/4.7.3/../../../../../H-i686-mingw32/nios2-elf/lib\libsmallc.a(lib_a-fvwrite_small_dev.o)
 .debug_info    0x00004f25      0x6cb c:/altera/13.1/nios2eds/bin/gnu/h-i686-mingw32/bin/../lib/gcc/nios2-elf/4.7.3/../../../../../H-i686-mingw32/nios2-elf/lib\libsmallc.a(lib_a-writer.o)
 .debug_info    0x000055f0       0x84 c:/altera/13.1/nios2eds/bin/gnu/h-i686-mingw32/bin/../lib/gcc/nios2-elf/4.7.3/../../../../../H-i686-mingw32/nios2-elf/lib\libsmallc.a(lib_a-int_errno.o)
 .debug_info    0x00005674      0x289 c:/altera/13.1/nios2eds/bin/gnu/h-i686-mingw32/bin/../lib/gcc/nios2-elf/4.7.3\libgcc.a(lib2-divmod.o)
 .debug_info    0x000058fd      0x374 ../memtest_bsp/\libhal_bsp.a(alt_getchar.o)
 .debug_info    0x00005c71      0x1b5 ../memtest_bsp/\libhal_bsp.a(alt_load.o)
 .debug_info    0x00005e26      0x194 ../memtest_bsp/\libhal_bsp.a(alt_main.o)
 .debug_info    0x00005fba      0x1f2 ../memtest_bsp/\libhal_bsp.a(alt_write.o)
 .debug_info    0x000061ac      0x193 ../memtest_bsp/\libhal_bsp.a(alt_sys_init.o)
 .debug_info    0x0000633f      0x1bd ../memtest_bsp/\libhal_bsp.a(altera_avalon_jtag_uart_read.o)
 .debug_info    0x000064fc      0x1a0 ../memtest_bsp/\libhal_bsp.a(altera_avalon_jtag_uart_write.o)
 .debug_info    0x0000669c       0xa3 ../memtest_bsp/\libhal_bsp.a(alt_dcache_flush_all.o)
 .debug_info    0x0000673f      0x4df ../memtest_bsp/\libhal_bsp.a(alt_dev.o)
 .debug_info    0x00006c1e       0xa3 ../memtest_bsp/\libhal_bsp.a(alt_errno.o)
 .debug_info    0x00006cc1       0xcd ../memtest_bsp/\libhal_bsp.a(alt_icache_flush_all.o)
 .debug_info    0x00006d8e       0x8f ../memtest_bsp/\libhal_bsp.a(altera_nios2_qsys_irq.o)
 .debug_info    0x00006e1d       0xdb ../memtest_bsp/\libhal_bsp.a(alt_icache_flush.o)

.debug_abbrev   0x00000000     0x1f7a
 *(.debug_abbrev)
 .debug_abbrev  0x00000000       0x12 ../memtest_bsp//obj/HAL/src/crt0.o
 .debug_abbrev  0x00000012      0x311 obj/default/memtest_small.o
 .debug_abbrev  0x00000323      0x13b c:/altera/13.1/nios2eds/bin/gnu/h-i686-mingw32/bin/../lib/gcc/nios2-elf/4.7.3/../../../../../H-i686-mingw32/nios2-elf/lib\libsmallc.a(lib_a-impure.o)
 .debug_abbrev  0x0000045e      0x1e2 c:/altera/13.1/nios2eds/bin/gnu/h-i686-mingw32/bin/../lib/gcc/nios2-elf/4.7.3/../../../../../H-i686-mingw32/nios2-elf/lib\libsmallc.a(lib_a-printf.o)
 .debug_abbrev  0x00000640      0x19b c:/altera/13.1/nios2eds/bin/gnu/h-i686-mingw32/bin/../lib/gcc/nios2-elf/4.7.3/../../../../../H-i686-mingw32/nios2-elf/lib\libsmallc.a(lib_a-putc.o)
 .debug_abbrev  0x000007db      0x1a6 c:/altera/13.1/nios2eds/bin/gnu/h-i686-mingw32/bin/../lib/gcc/nios2-elf/4.7.3/../../../../../H-i686-mingw32/nios2-elf/lib\libsmallc.a(lib_a-putchar.o)
 .debug_abbrev  0x00000981      0x1d4 c:/altera/13.1/nios2eds/bin/gnu/h-i686-mingw32/bin/../lib/gcc/nios2-elf/4.7.3/../../../../../H-i686-mingw32/nios2-elf/lib\libsmallc.a(lib_a-puts.o)
 .debug_abbrev  0x00000b55       0x7f c:/altera/13.1/nios2eds/bin/gnu/h-i686-mingw32/bin/../lib/gcc/nios2-elf/4.7.3/../../../../../H-i686-mingw32/nios2-elf/lib\libsmallc.a(lib_a-strlen.o)
 .debug_abbrev  0x00000bd4      0x1cf c:/altera/13.1/nios2eds/bin/gnu/h-i686-mingw32/bin/../lib/gcc/nios2-elf/4.7.3/../../../../../H-i686-mingw32/nios2-elf/lib\libsmallc.a(lib_a-strtol.o)
 .debug_abbrev  0x00000da3      0x2db c:/altera/13.1/nios2eds/bin/gnu/h-i686-mingw32/bin/../lib/gcc/nios2-elf/4.7.3/../../../../../H-i686-mingw32/nios2-elf/lib\libsmallc.a(lib_a-vfprintf.o)
 .debug_abbrev  0x0000107e       0x5d c:/altera/13.1/nios2eds/bin/gnu/h-i686-mingw32/bin/../lib/gcc/nios2-elf/4.7.3/../../../../../H-i686-mingw32/nios2-elf/lib\libsmallc.a(lib_a-ctype_.o)
 .debug_abbrev  0x000010db      0x1a8 c:/altera/13.1/nios2eds/bin/gnu/h-i686-mingw32/bin/../lib/gcc/nios2-elf/4.7.3/../../../../../H-i686-mingw32/nios2-elf/lib\libsmallc.a(lib_a-fvwrite_small_dev.o)
 .debug_abbrev  0x00001283      0x199 c:/altera/13.1/nios2eds/bin/gnu/h-i686-mingw32/bin/../lib/gcc/nios2-elf/4.7.3/../../../../../H-i686-mingw32/nios2-elf/lib\libsmallc.a(lib_a-writer.o)
 .debug_abbrev  0x0000141c       0x37 c:/altera/13.1/nios2eds/bin/gnu/h-i686-mingw32/bin/../lib/gcc/nios2-elf/4.7.3/../../../../../H-i686-mingw32/nios2-elf/lib\libsmallc.a(lib_a-int_errno.o)
 .debug_abbrev  0x00001453      0x112 c:/altera/13.1/nios2eds/bin/gnu/h-i686-mingw32/bin/../lib/gcc/nios2-elf/4.7.3\libgcc.a(lib2-divmod.o)
 .debug_abbrev  0x00001565      0x11f ../memtest_bsp/\libhal_bsp.a(alt_getchar.o)
 .debug_abbrev  0x00001684       0xd6 ../memtest_bsp/\libhal_bsp.a(alt_load.o)
 .debug_abbrev  0x0000175a      0x120 ../memtest_bsp/\libhal_bsp.a(alt_main.o)
 .debug_abbrev  0x0000187a      0x130 ../memtest_bsp/\libhal_bsp.a(alt_write.o)
 .debug_abbrev  0x000019aa      0x105 ../memtest_bsp/\libhal_bsp.a(alt_sys_init.o)
 .debug_abbrev  0x00001aaf      0x102 ../memtest_bsp/\libhal_bsp.a(altera_avalon_jtag_uart_read.o)
 .debug_abbrev  0x00001bb1       0xd5 ../memtest_bsp/\libhal_bsp.a(altera_avalon_jtag_uart_write.o)
 .debug_abbrev  0x00001c86       0x5a ../memtest_bsp/\libhal_bsp.a(alt_dcache_flush_all.o)
 .debug_abbrev  0x00001ce0       0xd9 ../memtest_bsp/\libhal_bsp.a(alt_dev.o)
 .debug_abbrev  0x00001db9       0x5a ../memtest_bsp/\libhal_bsp.a(alt_errno.o)
 .debug_abbrev  0x00001e13       0x8a ../memtest_bsp/\libhal_bsp.a(alt_icache_flush_all.o)
 .debug_abbrev  0x00001e9d       0x42 ../memtest_bsp/\libhal_bsp.a(altera_nios2_qsys_irq.o)
 .debug_abbrev  0x00001edf       0x9b ../memtest_bsp/\libhal_bsp.a(alt_icache_flush.o)

.debug_line     0x00000000     0x255a
 *(.debug_line)
 .debug_line    0x00000000       0x72 ../memtest_bsp//obj/HAL/src/crt0.o
 .debug_line    0x00000072      0x32c obj/default/memtest_small.o
 .debug_line    0x0000039e      0x169 c:/altera/13.1/nios2eds/bin/gnu/h-i686-mingw32/bin/../lib/gcc/nios2-elf/4.7.3/../../../../../H-i686-mingw32/nios2-elf/lib\libsmallc.a(lib_a-impure.o)
 .debug_line    0x00000507      0x216 c:/altera/13.1/nios2eds/bin/gnu/h-i686-mingw32/bin/../lib/gcc/nios2-elf/4.7.3/../../../../../H-i686-mingw32/nios2-elf/lib\libsmallc.a(lib_a-printf.o)
 .debug_line    0x0000071d      0x209 c:/altera/13.1/nios2eds/bin/gnu/h-i686-mingw32/bin/../lib/gcc/nios2-elf/4.7.3/../../../../../H-i686-mingw32/nios2-elf/lib\libsmallc.a(lib_a-putc.o)
 .debug_line    0x00000926      0x1f9 c:/altera/13.1/nios2eds/bin/gnu/h-i686-mingw32/bin/../lib/gcc/nios2-elf/4.7.3/../../../../../H-i686-mingw32/nios2-elf/lib\libsmallc.a(lib_a-putchar.o)
 .debug_line    0x00000b1f      0x20f c:/altera/13.1/nios2eds/bin/gnu/h-i686-mingw32/bin/../lib/gcc/nios2-elf/4.7.3/../../../../../H-i686-mingw32/nios2-elf/lib\libsmallc.a(lib_a-puts.o)
 .debug_line    0x00000d2e      0x171 c:/altera/13.1/nios2eds/bin/gnu/h-i686-mingw32/bin/../lib/gcc/nios2-elf/4.7.3/../../../../../H-i686-mingw32/nios2-elf/lib\libsmallc.a(lib_a-strlen.o)
 .debug_line    0x00000e9f      0x2c4 c:/altera/13.1/nios2eds/bin/gnu/h-i686-mingw32/bin/../lib/gcc/nios2-elf/4.7.3/../../../../../H-i686-mingw32/nios2-elf/lib\libsmallc.a(lib_a-strtol.o)
 .debug_line    0x00001163      0x401 c:/altera/13.1/nios2eds/bin/gnu/h-i686-mingw32/bin/../lib/gcc/nios2-elf/4.7.3/../../../../../H-i686-mingw32/nios2-elf/lib\libsmallc.a(lib_a-vfprintf.o)
 .debug_line    0x00001564       0xd1 c:/altera/13.1/nios2eds/bin/gnu/h-i686-mingw32/bin/../lib/gcc/nios2-elf/4.7.3/../../../../../H-i686-mingw32/nios2-elf/lib\libsmallc.a(lib_a-ctype_.o)
 .debug_line    0x00001635      0x222 c:/altera/13.1/nios2eds/bin/gnu/h-i686-mingw32/bin/../lib/gcc/nios2-elf/4.7.3/../../../../../H-i686-mingw32/nios2-elf/lib\libsmallc.a(lib_a-fvwrite_small_dev.o)
 .debug_line    0x00001857      0x209 c:/altera/13.1/nios2eds/bin/gnu/h-i686-mingw32/bin/../lib/gcc/nios2-elf/4.7.3/../../../../../H-i686-mingw32/nios2-elf/lib\libsmallc.a(lib_a-writer.o)
 .debug_line    0x00001a60       0x5d c:/altera/13.1/nios2eds/bin/gnu/h-i686-mingw32/bin/../lib/gcc/nios2-elf/4.7.3/../../../../../H-i686-mingw32/nios2-elf/lib\libsmallc.a(lib_a-int_errno.o)
 .debug_line    0x00001abd       0xd3 c:/altera/13.1/nios2eds/bin/gnu/h-i686-mingw32/bin/../lib/gcc/nios2-elf/4.7.3\libgcc.a(lib2-divmod.o)
 .debug_line    0x00001b90       0xad ../memtest_bsp/\libhal_bsp.a(alt_getchar.o)
 .debug_line    0x00001c3d       0xd6 ../memtest_bsp/\libhal_bsp.a(alt_load.o)
 .debug_line    0x00001d13       0xbd ../memtest_bsp/\libhal_bsp.a(alt_main.o)
 .debug_line    0x00001dd0      0x17a ../memtest_bsp/\libhal_bsp.a(alt_write.o)
 .debug_line    0x00001f4a      0x101 ../memtest_bsp/\libhal_bsp.a(alt_sys_init.o)
 .debug_line    0x0000204b      0x104 ../memtest_bsp/\libhal_bsp.a(altera_avalon_jtag_uart_read.o)
 .debug_line    0x0000214f       0xf5 ../memtest_bsp/\libhal_bsp.a(altera_avalon_jtag_uart_write.o)
 .debug_line    0x00002244       0x5a ../memtest_bsp/\libhal_bsp.a(alt_dcache_flush_all.o)
 .debug_line    0x0000229e      0x117 ../memtest_bsp/\libhal_bsp.a(alt_dev.o)
 .debug_line    0x000023b5       0x51 ../memtest_bsp/\libhal_bsp.a(alt_errno.o)
 .debug_line    0x00002406       0x87 ../memtest_bsp/\libhal_bsp.a(alt_icache_flush_all.o)
 .debug_line    0x0000248d       0x50 ../memtest_bsp/\libhal_bsp.a(altera_nios2_qsys_irq.o)
 .debug_line    0x000024dd       0x7d ../memtest_bsp/\libhal_bsp.a(alt_icache_flush.o)

.debug_frame    0x00000000      0x484
 *(.debug_frame)
 .debug_frame   0x00000000       0x5c obj/default/memtest_small.o
 .debug_frame   0x0000005c       0x40 c:/altera/13.1/nios2eds/bin/gnu/h-i686-mingw32/bin/../lib/gcc/nios2-elf/4.7.3/../../../../../H-i686-mingw32/nios2-elf/lib\libsmallc.a(lib_a-printf.o)
 .debug_frame   0x0000009c       0x44 c:/altera/13.1/nios2eds/bin/gnu/h-i686-mingw32/bin/../lib/gcc/nios2-elf/4.7.3/../../../../../H-i686-mingw32/nios2-elf/lib\libsmallc.a(lib_a-putc.o)
 .debug_frame   0x000000e0       0x30 c:/altera/13.1/nios2eds/bin/gnu/h-i686-mingw32/bin/../lib/gcc/nios2-elf/4.7.3/../../../../../H-i686-mingw32/nios2-elf/lib\libsmallc.a(lib_a-putchar.o)
 .debug_frame   0x00000110       0x3c c:/altera/13.1/nios2eds/bin/gnu/h-i686-mingw32/bin/../lib/gcc/nios2-elf/4.7.3/../../../../../H-i686-mingw32/nios2-elf/lib\libsmallc.a(lib_a-puts.o)
 .debug_frame   0x0000014c       0x20 c:/altera/13.1/nios2eds/bin/gnu/h-i686-mingw32/bin/../lib/gcc/nios2-elf/4.7.3/../../../../../H-i686-mingw32/nios2-elf/lib\libsmallc.a(lib_a-strlen.o)
 .debug_frame   0x0000016c       0x4c c:/altera/13.1/nios2eds/bin/gnu/h-i686-mingw32/bin/../lib/gcc/nios2-elf/4.7.3/../../../../../H-i686-mingw32/nios2-elf/lib\libsmallc.a(lib_a-strtol.o)
 .debug_frame   0x000001b8       0x48 c:/altera/13.1/nios2eds/bin/gnu/h-i686-mingw32/bin/../lib/gcc/nios2-elf/4.7.3/../../../../../H-i686-mingw32/nios2-elf/lib\libsmallc.a(lib_a-vfprintf.o)
 .debug_frame   0x00000200       0x30 c:/altera/13.1/nios2eds/bin/gnu/h-i686-mingw32/bin/../lib/gcc/nios2-elf/4.7.3/../../../../../H-i686-mingw32/nios2-elf/lib\libsmallc.a(lib_a-fvwrite_small_dev.o)
 .debug_frame   0x00000230       0x2c c:/altera/13.1/nios2eds/bin/gnu/h-i686-mingw32/bin/../lib/gcc/nios2-elf/4.7.3/../../../../../H-i686-mingw32/nios2-elf/lib\libsmallc.a(lib_a-writer.o)
 .debug_frame   0x0000025c       0x70 c:/altera/13.1/nios2eds/bin/gnu/h-i686-mingw32/bin/../lib/gcc/nios2-elf/4.7.3\libgcc.a(lib2-divmod.o)
 .debug_frame   0x000002cc       0x28 ../memtest_bsp/\libhal_bsp.a(alt_getchar.o)
 .debug_frame   0x000002f4       0x28 ../memtest_bsp/\libhal_bsp.a(alt_load.o)
 .debug_frame   0x0000031c       0x28 ../memtest_bsp/\libhal_bsp.a(alt_main.o)
 .debug_frame   0x00000344       0x28 ../memtest_bsp/\libhal_bsp.a(alt_write.o)
 .debug_frame   0x0000036c       0x38 ../memtest_bsp/\libhal_bsp.a(alt_sys_init.o)
 .debug_frame   0x000003a4       0x20 ../memtest_bsp/\libhal_bsp.a(altera_avalon_jtag_uart_read.o)
 .debug_frame   0x000003c4       0x20 ../memtest_bsp/\libhal_bsp.a(altera_avalon_jtag_uart_write.o)
 .debug_frame   0x000003e4       0x20 ../memtest_bsp/\libhal_bsp.a(alt_dcache_flush_all.o)
 .debug_frame   0x00000404       0x20 ../memtest_bsp/\libhal_bsp.a(alt_dev.o)
 .debug_frame   0x00000424       0x20 ../memtest_bsp/\libhal_bsp.a(alt_icache_flush_all.o)
 .debug_frame   0x00000444       0x20 ../memtest_bsp/\libhal_bsp.a(altera_nios2_qsys_irq.o)
 .debug_frame   0x00000464       0x20 ../memtest_bsp/\libhal_bsp.a(alt_icache_flush.o)

.debug_str      0x00000000     0x142f
 *(.debug_str)
 .debug_str     0x00000000      0x539 obj/default/memtest_small.o
                                0x602 (size before relaxing)
 .debug_str     0x00000539      0x13f c:/altera/13.1/nios2eds/bin/gnu/h-i686-mingw32/bin/../lib/gcc/nios2-elf/4.7.3/../../../../../H-i686-mingw32/nios2-elf/lib\libsmallc.a(lib_a-impure.o)
                                0x45b (size before relaxing)
 .debug_str     0x00000678      0x124 c:/altera/13.1/nios2eds/bin/gnu/h-i686-mingw32/bin/../lib/gcc/nios2-elf/4.7.3/../../../../../H-i686-mingw32/nios2-elf/lib\libsmallc.a(lib_a-printf.o)
                                0x4a6 (size before relaxing)
 .debug_str     0x0000079c       0x47 c:/altera/13.1/nios2eds/bin/gnu/h-i686-mingw32/bin/../lib/gcc/nios2-elf/4.7.3/../../../../../H-i686-mingw32/nios2-elf/lib\libsmallc.a(lib_a-putc.o)
                                0x453 (size before relaxing)
 .debug_str     0x000007e3       0x46 c:/altera/13.1/nios2eds/bin/gnu/h-i686-mingw32/bin/../lib/gcc/nios2-elf/4.7.3/../../../../../H-i686-mingw32/nios2-elf/lib\libsmallc.a(lib_a-putchar.o)
                                0x45d (size before relaxing)
 .debug_str     0x00000829       0x47 c:/altera/13.1/nios2eds/bin/gnu/h-i686-mingw32/bin/../lib/gcc/nios2-elf/4.7.3/../../../../../H-i686-mingw32/nios2-elf/lib\libsmallc.a(lib_a-puts.o)
                                0x455 (size before relaxing)
 .debug_str     0x00000870       0xd0 c:/altera/13.1/nios2eds/bin/gnu/h-i686-mingw32/bin/../lib/gcc/nios2-elf/4.7.3/../../../../../H-i686-mingw32/nios2-elf/lib\libsmallc.a(lib_a-strlen.o)
                                0x182 (size before relaxing)
 .debug_str     0x00000940      0x105 c:/altera/13.1/nios2eds/bin/gnu/h-i686-mingw32/bin/../lib/gcc/nios2-elf/4.7.3/../../../../../H-i686-mingw32/nios2-elf/lib\libsmallc.a(lib_a-strtol.o)
                                0x47f (size before relaxing)
 .debug_str     0x00000a45      0x193 c:/altera/13.1/nios2eds/bin/gnu/h-i686-mingw32/bin/../lib/gcc/nios2-elf/4.7.3/../../../../../H-i686-mingw32/nios2-elf/lib\libsmallc.a(lib_a-vfprintf.o)
                                0x626 (size before relaxing)
 .debug_str     0x00000bd8       0xdf c:/altera/13.1/nios2eds/bin/gnu/h-i686-mingw32/bin/../lib/gcc/nios2-elf/4.7.3/../../../../../H-i686-mingw32/nios2-elf/lib\libsmallc.a(lib_a-ctype_.o)
                                0x105 (size before relaxing)
 .debug_str     0x00000cb7       0x7f c:/altera/13.1/nios2eds/bin/gnu/h-i686-mingw32/bin/../lib/gcc/nios2-elf/4.7.3/../../../../../H-i686-mingw32/nios2-elf/lib\libsmallc.a(lib_a-fvwrite_small_dev.o)
                                0x481 (size before relaxing)
 .debug_str     0x00000d36       0x3a c:/altera/13.1/nios2eds/bin/gnu/h-i686-mingw32/bin/../lib/gcc/nios2-elf/4.7.3/../../../../../H-i686-mingw32/nios2-elf/lib\libsmallc.a(lib_a-writer.o)
                                0x455 (size before relaxing)
 .debug_str     0x00000d70       0x3d c:/altera/13.1/nios2eds/bin/gnu/h-i686-mingw32/bin/../lib/gcc/nios2-elf/4.7.3/../../../../../H-i686-mingw32/nios2-elf/lib\libsmallc.a(lib_a-int_errno.o)
                                0x175 (size before relaxing)
 .debug_str     0x00000dad      0x104 c:/altera/13.1/nios2eds/bin/gnu/h-i686-mingw32/bin/../lib/gcc/nios2-elf/4.7.3\libgcc.a(lib2-divmod.o)
                                0x15b (size before relaxing)
 .debug_str     0x00000eb1      0x118 ../memtest_bsp/\libhal_bsp.a(alt_getchar.o)
                                0x1ea (size before relaxing)
 .debug_str     0x00000fc9      0x11b ../memtest_bsp/\libhal_bsp.a(alt_load.o)
                                0x1f5 (size before relaxing)
 .debug_str     0x000010e4       0x5e ../memtest_bsp/\libhal_bsp.a(alt_main.o)
                                0x16e (size before relaxing)
 .debug_str     0x00001142       0x4a ../memtest_bsp/\libhal_bsp.a(alt_write.o)
                                0x192 (size before relaxing)
 .debug_str     0x0000118c       0x81 ../memtest_bsp/\libhal_bsp.a(alt_sys_init.o)
                                0x1d8 (size before relaxing)
 .debug_str     0x0000120d       0x38 ../memtest_bsp/\libhal_bsp.a(altera_avalon_jtag_uart_read.o)
                                0x1d8 (size before relaxing)
 .debug_str     0x00001245       0x2c ../memtest_bsp/\libhal_bsp.a(altera_avalon_jtag_uart_write.o)
                                0x1ce (size before relaxing)
 .debug_str     0x00001271       0x1f ../memtest_bsp/\libhal_bsp.a(alt_dcache_flush_all.o)
                                0x10e (size before relaxing)
 .debug_str     0x00001290      0x120 ../memtest_bsp/\libhal_bsp.a(alt_dev.o)
                                0x2be (size before relaxing)
 .debug_str     0x000013b0       0x14 ../memtest_bsp/\libhal_bsp.a(alt_errno.o)
                                 0xfe (size before relaxing)
 .debug_str     0x000013c4       0x30 ../memtest_bsp/\libhal_bsp.a(alt_icache_flush_all.o)
                                0x127 (size before relaxing)
 .debug_str     0x000013f4       0x20 ../memtest_bsp/\libhal_bsp.a(altera_nios2_qsys_irq.o)
                                0x115 (size before relaxing)
 .debug_str     0x00001414       0x1b ../memtest_bsp/\libhal_bsp.a(alt_icache_flush.o)
                                0x114 (size before relaxing)

.debug_loc      0x00000000     0x20fb
 *(.debug_loc)
 .debug_loc     0x00000000      0x4b2 obj/default/memtest_small.o
 .debug_loc     0x000004b2      0x125 c:/altera/13.1/nios2eds/bin/gnu/h-i686-mingw32/bin/../lib/gcc/nios2-elf/4.7.3/../../../../../H-i686-mingw32/nios2-elf/lib\libsmallc.a(lib_a-printf.o)
 .debug_loc     0x000005d7      0x138 c:/altera/13.1/nios2eds/bin/gnu/h-i686-mingw32/bin/../lib/gcc/nios2-elf/4.7.3/../../../../../H-i686-mingw32/nios2-elf/lib\libsmallc.a(lib_a-putc.o)
 .debug_loc     0x0000070f       0x6e c:/altera/13.1/nios2eds/bin/gnu/h-i686-mingw32/bin/../lib/gcc/nios2-elf/4.7.3/../../../../../H-i686-mingw32/nios2-elf/lib\libsmallc.a(lib_a-putchar.o)
 .debug_loc     0x0000077d       0xb7 c:/altera/13.1/nios2eds/bin/gnu/h-i686-mingw32/bin/../lib/gcc/nios2-elf/4.7.3/../../../../../H-i686-mingw32/nios2-elf/lib\libsmallc.a(lib_a-puts.o)
 .debug_loc     0x00000834       0x29 c:/altera/13.1/nios2eds/bin/gnu/h-i686-mingw32/bin/../lib/gcc/nios2-elf/4.7.3/../../../../../H-i686-mingw32/nios2-elf/lib\libsmallc.a(lib_a-strlen.o)
 .debug_loc     0x0000085d      0x46a c:/altera/13.1/nios2eds/bin/gnu/h-i686-mingw32/bin/../lib/gcc/nios2-elf/4.7.3/../../../../../H-i686-mingw32/nios2-elf/lib\libsmallc.a(lib_a-strtol.o)
 .debug_loc     0x00000cc7      0xb02 c:/altera/13.1/nios2eds/bin/gnu/h-i686-mingw32/bin/../lib/gcc/nios2-elf/4.7.3/../../../../../H-i686-mingw32/nios2-elf/lib\libsmallc.a(lib_a-vfprintf.o)
 .debug_loc     0x000017c9      0x19e c:/altera/13.1/nios2eds/bin/gnu/h-i686-mingw32/bin/../lib/gcc/nios2-elf/4.7.3/../../../../../H-i686-mingw32/nios2-elf/lib\libsmallc.a(lib_a-fvwrite_small_dev.o)
 .debug_loc     0x00001967       0xde c:/altera/13.1/nios2eds/bin/gnu/h-i686-mingw32/bin/../lib/gcc/nios2-elf/4.7.3/../../../../../H-i686-mingw32/nios2-elf/lib\libsmallc.a(lib_a-writer.o)
 .debug_loc     0x00001a45      0x338 c:/altera/13.1/nios2eds/bin/gnu/h-i686-mingw32/bin/../lib/gcc/nios2-elf/4.7.3\libgcc.a(lib2-divmod.o)
 .debug_loc     0x00001d7d       0x40 ../memtest_bsp/\libhal_bsp.a(alt_getchar.o)
 .debug_loc     0x00001dbd       0x20 ../memtest_bsp/\libhal_bsp.a(alt_load.o)
 .debug_loc     0x00001ddd       0x20 ../memtest_bsp/\libhal_bsp.a(alt_main.o)
 .debug_loc     0x00001dfd      0x119 ../memtest_bsp/\libhal_bsp.a(alt_write.o)
 .debug_loc     0x00001f16       0x41 ../memtest_bsp/\libhal_bsp.a(alt_sys_init.o)
 .debug_loc     0x00001f57       0xb5 ../memtest_bsp/\libhal_bsp.a(altera_avalon_jtag_uart_read.o)
 .debug_loc     0x0000200c       0x7e ../memtest_bsp/\libhal_bsp.a(altera_avalon_jtag_uart_write.o)
 .debug_loc     0x0000208a       0x1f ../memtest_bsp/\libhal_bsp.a(alt_dcache_flush_all.o)
 .debug_loc     0x000020a9       0x52 ../memtest_bsp/\libhal_bsp.a(alt_icache_flush.o)

.debug_macinfo
 *(.debug_macinfo)

.debug_weaknames
 *(.debug_weaknames)

.debug_funcnames
 *(.debug_funcnames)

.debug_typenames
 *(.debug_typenames)

.debug_varnames
 *(.debug_varnames)

.debug_alt_sim_info
                0x00000000       0x30
 *(.debug_alt_sim_info)
 .debug_alt_sim_info
                0x00000000       0x30 ../memtest_bsp//obj/HAL/src/crt0.o
                0x00100000                __alt_data_end = 0x100000
                0x00100000                PROVIDE (__alt_stack_pointer, __alt_data_end)
                0x000820a0                PROVIDE (__alt_stack_limit, __alt_stack_base)
                0x000820a0                PROVIDE (__alt_heap_start, end)
                0x00100000                PROVIDE (__alt_heap_limit, 0x100000)
OUTPUT(memtest.elf elf32-littlenios2)

.debug_ranges   0x00000000      0x2c0
 .debug_ranges  0x00000000       0x20 ../memtest_bsp//obj/HAL/src/crt0.o
 .debug_ranges  0x00000020       0x98 obj/default/memtest_small.o
 .debug_ranges  0x000000b8      0x188 c:/altera/13.1/nios2eds/bin/gnu/h-i686-mingw32/bin/../lib/gcc/nios2-elf/4.7.3/../../../../../H-i686-mingw32/nios2-elf/lib\libsmallc.a(lib_a-vfprintf.o)
 .debug_ranges  0x00000240       0x18 c:/altera/13.1/nios2eds/bin/gnu/h-i686-mingw32/bin/../lib/gcc/nios2-elf/4.7.3/../../../../../H-i686-mingw32/nios2-elf/lib\libsmallc.a(lib_a-fvwrite_small_dev.o)
 .debug_ranges  0x00000258       0x48 ../memtest_bsp/\libhal_bsp.a(alt_load.o)
 .debug_ranges  0x000002a0       0x20 ../memtest_bsp/\libhal_bsp.a(altera_avalon_jtag_uart_read.o)
