Archive member included because of file (symbol)

c:/altera/13.1/nios2eds/bin/gnu/h-i686-mingw32/bin/../lib/gcc/nios2-elf/4.7.3/../../../../../H-i686-mingw32/nios2-elf/lib\libsmallc.a(lib_a-rand.o)
                              obj/default/vram_test.o (srand)
c:/altera/13.1/nios2eds/bin/gnu/h-i686-mingw32/bin/../lib/gcc/nios2-elf/4.7.3/../../../../../H-i686-mingw32/nios2-elf/lib\libsmallc.a(lib_a-impure.o)
                              c:/altera/13.1/nios2eds/bin/gnu/h-i686-mingw32/bin/../lib/gcc/nios2-elf/4.7.3/../../../../../H-i686-mingw32/nios2-elf/lib\libsmallc.a(lib_a-rand.o) (_impure_ptr)
c:/altera/13.1/nios2eds/bin/gnu/h-i686-mingw32/bin/../lib/gcc/nios2-elf/4.7.3/../../../../../H-i686-mingw32/nios2-elf/lib\libsmallc.a(lib_a-malloc.o)
                              c:/altera/13.1/nios2eds/bin/gnu/h-i686-mingw32/bin/../lib/gcc/nios2-elf/4.7.3/../../../../../H-i686-mingw32/nios2-elf/lib\libsmallc.a(lib_a-rand.o) (malloc)
c:/altera/13.1/nios2eds/bin/gnu/h-i686-mingw32/bin/../lib/gcc/nios2-elf/4.7.3/../../../../../H-i686-mingw32/nios2-elf/lib\libsmallc.a(lib_a-mallocr.o)
                              c:/altera/13.1/nios2eds/bin/gnu/h-i686-mingw32/bin/../lib/gcc/nios2-elf/4.7.3/../../../../../H-i686-mingw32/nios2-elf/lib\libsmallc.a(lib_a-malloc.o) (_malloc_r)
c:/altera/13.1/nios2eds/bin/gnu/h-i686-mingw32/bin/../lib/gcc/nios2-elf/4.7.3/../../../../../H-i686-mingw32/nios2-elf/lib\libsmallc.a(lib_a-sbrkr.o)
                              c:/altera/13.1/nios2eds/bin/gnu/h-i686-mingw32/bin/../lib/gcc/nios2-elf/4.7.3/../../../../../H-i686-mingw32/nios2-elf/lib\libsmallc.a(lib_a-mallocr.o) (_sbrk_r)
c:/altera/13.1/nios2eds/bin/gnu/h-i686-mingw32/bin/../lib/gcc/nios2-elf/4.7.3/../../../../../H-i686-mingw32/nios2-elf/lib\libsmallc.a(lib_a-freer.o)
                              c:/altera/13.1/nios2eds/bin/gnu/h-i686-mingw32/bin/../lib/gcc/nios2-elf/4.7.3/../../../../../H-i686-mingw32/nios2-elf/lib\libsmallc.a(lib_a-malloc.o) (_free_r)
c:/altera/13.1/nios2eds/bin/gnu/h-i686-mingw32/bin/../lib/gcc/nios2-elf/4.7.3/../../../../../H-i686-mingw32/nios2-elf/lib\libsmallc.a(lib_a-int_errno.o)
                              c:/altera/13.1/nios2eds/bin/gnu/h-i686-mingw32/bin/../lib/gcc/nios2-elf/4.7.3/../../../../../H-i686-mingw32/nios2-elf/lib\libsmallc.a(lib_a-sbrkr.o) (errno)
c:/altera/13.1/nios2eds/bin/gnu/h-i686-mingw32/bin/../lib/gcc/nios2-elf/4.7.3\libgcc.a(_muldi3.o)
                              c:/altera/13.1/nios2eds/bin/gnu/h-i686-mingw32/bin/../lib/gcc/nios2-elf/4.7.3/../../../../../H-i686-mingw32/nios2-elf/lib\libsmallc.a(lib_a-rand.o) (__muldi3)
../vram_test_bsp/\libhal_bsp.a(alt_load.o)
                              ../vram_test_bsp//obj/HAL/src/crt0.o (alt_load)
../vram_test_bsp/\libhal_bsp.a(alt_main.o)
                              ../vram_test_bsp//obj/HAL/src/crt0.o (alt_main)
../vram_test_bsp/\libhal_bsp.a(alt_malloc_lock.o)
                              c:/altera/13.1/nios2eds/bin/gnu/h-i686-mingw32/bin/../lib/gcc/nios2-elf/4.7.3/../../../../../H-i686-mingw32/nios2-elf/lib\libsmallc.a(lib_a-mallocr.o) (__malloc_lock)
../vram_test_bsp/\libhal_bsp.a(alt_sbrk.o)
                              c:/altera/13.1/nios2eds/bin/gnu/h-i686-mingw32/bin/../lib/gcc/nios2-elf/4.7.3/../../../../../H-i686-mingw32/nios2-elf/lib\libsmallc.a(lib_a-sbrkr.o) (sbrk)
../vram_test_bsp/\libhal_bsp.a(alt_usleep.o)
                              obj/default/vram_test.o (usleep)
../vram_test_bsp/\libhal_bsp.a(alt_sys_init.o)
                              ../vram_test_bsp/\libhal_bsp.a(alt_main.o) (alt_irq_init)
../vram_test_bsp/\libhal_bsp.a(altera_avalon_jtag_uart_fd.o)
                              ../vram_test_bsp/\libhal_bsp.a(alt_sys_init.o) (altera_avalon_jtag_uart_read_fd)
../vram_test_bsp/\libhal_bsp.a(altera_avalon_jtag_uart_read.o)
                              ../vram_test_bsp/\libhal_bsp.a(altera_avalon_jtag_uart_fd.o) (altera_avalon_jtag_uart_read)
../vram_test_bsp/\libhal_bsp.a(altera_avalon_jtag_uart_write.o)
                              ../vram_test_bsp/\libhal_bsp.a(altera_avalon_jtag_uart_fd.o) (altera_avalon_jtag_uart_write)
../vram_test_bsp/\libhal_bsp.a(alt_busy_sleep.o)
                              ../vram_test_bsp/\libhal_bsp.a(alt_usleep.o) (alt_busy_sleep)
../vram_test_bsp/\libhal_bsp.a(alt_close.o)
                              ../vram_test_bsp/\libhal_bsp.a(alt_main.o) (close)
../vram_test_bsp/\libhal_bsp.a(alt_dcache_flush_all.o)
                              ../vram_test_bsp/\libhal_bsp.a(alt_load.o) (alt_dcache_flush_all)
../vram_test_bsp/\libhal_bsp.a(alt_dev.o)
                              ../vram_test_bsp/\libhal_bsp.a(alt_sys_init.o) (alt_dev_list)
../vram_test_bsp/\libhal_bsp.a(alt_dev_llist_insert.o)
                              ../vram_test_bsp/\libhal_bsp.a(alt_sys_init.o) (alt_dev_llist_insert)
../vram_test_bsp/\libhal_bsp.a(alt_do_ctors.o)
                              ../vram_test_bsp/\libhal_bsp.a(alt_main.o) (_do_ctors)
../vram_test_bsp/\libhal_bsp.a(alt_do_dtors.o)
                              ../vram_test_bsp/\libhal_bsp.a(alt_main.o) (_do_dtors)
../vram_test_bsp/\libhal_bsp.a(alt_errno.o)
                              ../vram_test_bsp/\libhal_bsp.a(alt_close.o) (alt_errno)
../vram_test_bsp/\libhal_bsp.a(alt_icache_flush_all.o)
                              ../vram_test_bsp/\libhal_bsp.a(alt_load.o) (alt_icache_flush_all)
../vram_test_bsp/\libhal_bsp.a(alt_io_redirect.o)
                              ../vram_test_bsp/\libhal_bsp.a(alt_main.o) (alt_io_redirect)
../vram_test_bsp/\libhal_bsp.a(alt_open.o)
                              ../vram_test_bsp/\libhal_bsp.a(alt_io_redirect.o) (open)
../vram_test_bsp/\libhal_bsp.a(alt_release_fd.o)
                              ../vram_test_bsp/\libhal_bsp.a(alt_close.o) (alt_release_fd)
../vram_test_bsp/\libhal_bsp.a(altera_nios2_qsys_irq.o)
                              ../vram_test_bsp/\libhal_bsp.a(alt_sys_init.o) (altera_nios2_qsys_irq_init)
../vram_test_bsp/\libhal_bsp.a(alt_find_dev.o)
                              ../vram_test_bsp/\libhal_bsp.a(alt_open.o) (alt_find_dev)
../vram_test_bsp/\libhal_bsp.a(alt_find_file.o)
                              ../vram_test_bsp/\libhal_bsp.a(alt_open.o) (alt_find_file)
../vram_test_bsp/\libhal_bsp.a(alt_get_fd.o)
                              ../vram_test_bsp/\libhal_bsp.a(alt_open.o) (alt_get_fd)
../vram_test_bsp/\libhal_bsp.a(alt_icache_flush.o)
                              ../vram_test_bsp/\libhal_bsp.a(alt_icache_flush_all.o) (alt_icache_flush)
c:/altera/13.1/nios2eds/bin/gnu/h-i686-mingw32/bin/../lib/gcc/nios2-elf/4.7.3/../../../../../H-i686-mingw32/nios2-elf/lib\libsmallc.a(lib_a-atexit.o)
                              ../vram_test_bsp/\libhal_bsp.a(alt_main.o) (atexit)
c:/altera/13.1/nios2eds/bin/gnu/h-i686-mingw32/bin/../lib/gcc/nios2-elf/4.7.3/../../../../../H-i686-mingw32/nios2-elf/lib\libsmallc.a(lib_a-exit.o)
                              ../vram_test_bsp/\libhal_bsp.a(alt_main.o) (exit)
c:/altera/13.1/nios2eds/bin/gnu/h-i686-mingw32/bin/../lib/gcc/nios2-elf/4.7.3/../../../../../H-i686-mingw32/nios2-elf/lib\libsmallc.a(lib_a-memcmp.o)
                              ../vram_test_bsp/\libhal_bsp.a(alt_find_dev.o) (memcmp)
c:/altera/13.1/nios2eds/bin/gnu/h-i686-mingw32/bin/../lib/gcc/nios2-elf/4.7.3/../../../../../H-i686-mingw32/nios2-elf/lib\libsmallc.a(lib_a-strlen.o)
                              ../vram_test_bsp/\libhal_bsp.a(alt_find_dev.o) (strlen)
c:/altera/13.1/nios2eds/bin/gnu/h-i686-mingw32/bin/../lib/gcc/nios2-elf/4.7.3/../../../../../H-i686-mingw32/nios2-elf/lib\libsmallc.a(lib_a-__atexit.o)
                              c:/altera/13.1/nios2eds/bin/gnu/h-i686-mingw32/bin/../lib/gcc/nios2-elf/4.7.3/../../../../../H-i686-mingw32/nios2-elf/lib\libsmallc.a(lib_a-atexit.o) (__register_exitproc)
c:/altera/13.1/nios2eds/bin/gnu/h-i686-mingw32/bin/../lib/gcc/nios2-elf/4.7.3/../../../../../H-i686-mingw32/nios2-elf/lib\libsmallc.a(lib_a-__call_atexit.o)
                              c:/altera/13.1/nios2eds/bin/gnu/h-i686-mingw32/bin/../lib/gcc/nios2-elf/4.7.3/../../../../../H-i686-mingw32/nios2-elf/lib\libsmallc.a(lib_a-exit.o) (__call_exitprocs)
c:/altera/13.1/nios2eds/bin/gnu/h-i686-mingw32/bin/../lib/gcc/nios2-elf/4.7.3\libgcc.a(lib2-divmod.o)
                              ../vram_test_bsp/\libhal_bsp.a(alt_busy_sleep.o) (__udivsi3)
../vram_test_bsp/\libhal_bsp.a(alt_exit.o)
                              c:/altera/13.1/nios2eds/bin/gnu/h-i686-mingw32/bin/../lib/gcc/nios2-elf/4.7.3/../../../../../H-i686-mingw32/nios2-elf/lib\libsmallc.a(lib_a-exit.o) (_exit)

Allocating common symbols
Common symbol       size              file

errno               0x4               c:/altera/13.1/nios2eds/bin/gnu/h-i686-mingw32/bin/../lib/gcc/nios2-elf/4.7.3/../../../../../H-i686-mingw32/nios2-elf/lib\libsmallc.a(lib_a-int_errno.o)
_atexit0            0x8c              c:/altera/13.1/nios2eds/bin/gnu/h-i686-mingw32/bin/../lib/gcc/nios2-elf/4.7.3/../../../../../H-i686-mingw32/nios2-elf/lib\libsmallc.a(lib_a-atexit.o)

Memory Configuration

Name             Origin             Length             Attributes
vram             0x00100000         0x00100000
rom              0x00280000         0x00080000
reset            0x00320000         0x00000020
ram              0x00320020         0x0001ffe0
*default*        0x00000000         0xffffffff

Linker script and memory map

LOAD ../vram_test_bsp//obj/HAL/src/crt0.o
LOAD obj/default/vram_test.o
LOAD c:/altera/13.1/nios2eds/bin/gnu/h-i686-mingw32/bin/../lib/gcc/nios2-elf/4.7.3/../../../../../H-i686-mingw32/nios2-elf/lib\libstdc++.a
LOAD c:/altera/13.1/nios2eds/bin/gnu/h-i686-mingw32/bin/../lib/gcc/nios2-elf/4.7.3/../../../../../H-i686-mingw32/nios2-elf/lib\libm.a
LOAD c:/altera/13.1/nios2eds/bin/gnu/h-i686-mingw32/bin/../lib/gcc/nios2-elf/4.7.3\libgcc.a
START GROUP
LOAD c:/altera/13.1/nios2eds/bin/gnu/h-i686-mingw32/bin/../lib/gcc/nios2-elf/4.7.3/../../../../../H-i686-mingw32/nios2-elf/lib\libsmallc.a
LOAD c:/altera/13.1/nios2eds/bin/gnu/h-i686-mingw32/bin/../lib/gcc/nios2-elf/4.7.3\libgcc.a
LOAD ../vram_test_bsp/\libhal_bsp.a
END GROUP
LOAD c:/altera/13.1/nios2eds/bin/gnu/h-i686-mingw32/bin/../lib/gcc/nios2-elf/4.7.3\libgcc.a
                0x00100000                __alt_mem_vram = 0x100000
                0x00280000                __alt_mem_rom = 0x280000
                0x00320000                __alt_mem_ram = 0x320000

.entry          0x00320000       0x20
 *(.entry)
 .entry         0x00320000       0x20 ../vram_test_bsp//obj/HAL/src/crt0.o
                0x00320000                __reset

.exceptions     0x00320020        0x0
                0x00320020                PROVIDE (__ram_exceptions_start, ABSOLUTE (.))
                0x00320020                . = ALIGN (0x20)
 *(.irq)
 *(.exceptions.entry.label)
 *(.exceptions.entry.user)
 *(.exceptions.entry.ecc_fatal)
 *(.exceptions.entry)
 *(.exceptions.irqtest.user)
 *(.exceptions.irqtest)
 *(.exceptions.irqhandler.user)
 *(.exceptions.irqhandler)
 *(.exceptions.irqreturn.user)
 *(.exceptions.irqreturn)
 *(.exceptions.notirq.label)
 *(.exceptions.notirq.user)
 *(.exceptions.notirq)
 *(.exceptions.soft.user)
 *(.exceptions.soft)
 *(.exceptions.unknown.user)
 *(.exceptions.unknown)
 *(.exceptions.exit.label)
 *(.exceptions.exit.user)
 *(.exceptions.exit)
 *(.exceptions)
                0x00320020                PROVIDE (__ram_exceptions_end, ABSOLUTE (.))
                0x00320020                PROVIDE (__flash_exceptions_start, LOADADDR (.exceptions))

.text           0x00320020     0x26ec
                0x00320020                PROVIDE (stext, ABSOLUTE (.))
 *(.interp)
 *(.hash)
 *(.dynsym)
 *(.dynstr)
 *(.gnu.version)
 *(.gnu.version_d)
 *(.gnu.version_r)
 *(.rel.init)
 *(.rela.init)
 *(.rel.text .rel.text.* .rel.gnu.linkonce.t.*)
 *(.rela.text .rela.text.* .rela.gnu.linkonce.t.*)
 *(.rel.fini)
 *(.rela.fini)
 *(.rel.rodata .rel.rodata.* .rel.gnu.linkonce.r.*)
 *(.rela.rodata .rela.rodata.* .rela.gnu.linkonce.r.*)
 *(.rel.data .rel.data.* .rel.gnu.linkonce.d.*)
 *(.rela.data .rela.data.* .rela.gnu.linkonce.d.*)
 *(.rel.tdata .rel.tdata.* .rel.gnu.linkonce.td.*)
 *(.rela.tdata .rela.tdata.* .rela.gnu.linkonce.td.*)
 *(.rel.tbss .rel.tbss.* .rel.gnu.linkonce.tb.*)
 *(.rela.tbss .rela.tbss.* .rela.gnu.linkonce.tb.*)
 *(.rel.ctors)
 *(.rela.ctors)
 *(.rel.dtors)
 *(.rela.dtors)
 *(.rel.got)
 *(.rela.got)
 *(.rel.sdata .rel.sdata.* .rel.gnu.linkonce.s.*)
 *(.rela.sdata .rela.sdata.* .rela.gnu.linkonce.s.*)
 *(.rel.sbss .rel.sbss.* .rel.gnu.linkonce.sb.*)
 *(.rela.sbss .rela.sbss.* .rela.gnu.linkonce.sb.*)
 *(.rel.sdata2 .rel.sdata2.* .rel.gnu.linkonce.s2.*)
 *(.rela.sdata2 .rela.sdata2.* .rela.gnu.linkonce.s2.*)
 *(.rel.sbss2 .rel.sbss2.* .rel.gnu.linkonce.sb2.*)
 *(.rela.sbss2 .rela.sbss2.* .rela.gnu.linkonce.sb2.*)
 *(.rel.bss .rel.bss.* .rel.gnu.linkonce.b.*)
 *(.rela.bss .rela.bss.* .rela.gnu.linkonce.b.*)
 *(.rel.plt)
 *(.rela.plt)
 *(.rel.dyn)
 *(.init)
 *(.plt)
 *(.text .stub .text.* .gnu.linkonce.t.*)
 .text          0x00320020       0x4c ../vram_test_bsp//obj/HAL/src/crt0.o
                0x00320020                _start
 .text          0x0032006c      0x204 obj/default/vram_test.o
                0x0032006c                main
 .text          0x00320270      0x184 c:/altera/13.1/nios2eds/bin/gnu/h-i686-mingw32/bin/../lib/gcc/nios2-elf/4.7.3/../../../../../H-i686-mingw32/nios2-elf/lib\libsmallc.a(lib_a-rand.o)
                0x00320270                srand
                0x00320328                rand
 .text          0x003203f4        0x0 c:/altera/13.1/nios2eds/bin/gnu/h-i686-mingw32/bin/../lib/gcc/nios2-elf/4.7.3/../../../../../H-i686-mingw32/nios2-elf/lib\libsmallc.a(lib_a-impure.o)
 .text          0x003203f4       0x28 c:/altera/13.1/nios2eds/bin/gnu/h-i686-mingw32/bin/../lib/gcc/nios2-elf/4.7.3/../../../../../H-i686-mingw32/nios2-elf/lib\libsmallc.a(lib_a-malloc.o)
                0x003203f4                malloc
                0x00320408                free
 .text          0x0032041c      0x784 c:/altera/13.1/nios2eds/bin/gnu/h-i686-mingw32/bin/../lib/gcc/nios2-elf/4.7.3/../../../../../H-i686-mingw32/nios2-elf/lib\libsmallc.a(lib_a-mallocr.o)
                0x0032041c                _malloc_r
 .text          0x00320ba0       0x64 c:/altera/13.1/nios2eds/bin/gnu/h-i686-mingw32/bin/../lib/gcc/nios2-elf/4.7.3/../../../../../H-i686-mingw32/nios2-elf/lib\libsmallc.a(lib_a-sbrkr.o)
                0x00320ba0                _sbrk_r
 .text          0x00320c04      0x40c c:/altera/13.1/nios2eds/bin/gnu/h-i686-mingw32/bin/../lib/gcc/nios2-elf/4.7.3/../../../../../H-i686-mingw32/nios2-elf/lib\libsmallc.a(lib_a-freer.o)
                0x00320c04                _malloc_trim_r
                0x00320d40                _free_r
 .text          0x00321010        0x0 c:/altera/13.1/nios2eds/bin/gnu/h-i686-mingw32/bin/../lib/gcc/nios2-elf/4.7.3/../../../../../H-i686-mingw32/nios2-elf/lib\libsmallc.a(lib_a-int_errno.o)
 .text          0x00321010       0x60 c:/altera/13.1/nios2eds/bin/gnu/h-i686-mingw32/bin/../lib/gcc/nios2-elf/4.7.3\libgcc.a(_muldi3.o)
                0x00321010                __muldi3
 .text          0x00321070       0xec ../vram_test_bsp/\libhal_bsp.a(alt_load.o)
                0x003210dc                alt_load
 .text          0x0032115c       0x78 ../vram_test_bsp/\libhal_bsp.a(alt_main.o)
                0x0032115c                alt_main
 .text          0x003211d4       0x40 ../vram_test_bsp/\libhal_bsp.a(alt_malloc_lock.o)
                0x003211d4                __malloc_lock
                0x003211f4                __malloc_unlock
 .text          0x00321214       0xb0 ../vram_test_bsp/\libhal_bsp.a(alt_sbrk.o)
                0x00321214                sbrk
 .text          0x003212c4       0x30 ../vram_test_bsp/\libhal_bsp.a(alt_usleep.o)
                0x003212c4                usleep
 .text          0x003212f4       0x9c ../vram_test_bsp/\libhal_bsp.a(alt_sys_init.o)
                0x0032132c                alt_irq_init
                0x00321360                alt_sys_init
 .text          0x00321390       0xc0 ../vram_test_bsp/\libhal_bsp.a(altera_avalon_jtag_uart_fd.o)
                0x00321390                altera_avalon_jtag_uart_read_fd
                0x003213f0                altera_avalon_jtag_uart_write_fd
 .text          0x00321450       0xf4 ../vram_test_bsp/\libhal_bsp.a(altera_avalon_jtag_uart_read.o)
                0x00321450                altera_avalon_jtag_uart_read
 .text          0x00321544       0x98 ../vram_test_bsp/\libhal_bsp.a(altera_avalon_jtag_uart_write.o)
                0x00321544                altera_avalon_jtag_uart_write
 .text          0x003215dc      0x154 ../vram_test_bsp/\libhal_bsp.a(alt_busy_sleep.o)
                0x003215dc                alt_busy_sleep
 .text          0x00321730      0x118 ../vram_test_bsp/\libhal_bsp.a(alt_close.o)
                0x00321780                close
 .text          0x00321848       0x44 ../vram_test_bsp/\libhal_bsp.a(alt_dcache_flush_all.o)
                0x00321848                alt_dcache_flush_all
 .text          0x0032188c       0x2c ../vram_test_bsp/\libhal_bsp.a(alt_dev.o)
 .text          0x003218b8       0xf0 ../vram_test_bsp/\libhal_bsp.a(alt_dev_llist_insert.o)
                0x00321908                alt_dev_llist_insert
 .text          0x003219a8       0x5c ../vram_test_bsp/\libhal_bsp.a(alt_do_ctors.o)
                0x003219a8                _do_ctors
 .text          0x00321a04       0x5c ../vram_test_bsp/\libhal_bsp.a(alt_do_dtors.o)
                0x00321a04                _do_dtors
 .text          0x00321a60        0x0 ../vram_test_bsp/\libhal_bsp.a(alt_errno.o)
 .text          0x00321a60       0x30 ../vram_test_bsp/\libhal_bsp.a(alt_icache_flush_all.o)
                0x00321a60                alt_icache_flush_all
 .text          0x00321a90      0x138 ../vram_test_bsp/\libhal_bsp.a(alt_io_redirect.o)
                0x00321b50                alt_io_redirect
 .text          0x00321bc8      0x270 ../vram_test_bsp/\libhal_bsp.a(alt_open.o)
                0x00321ce4                open
 .text          0x00321e38       0x60 ../vram_test_bsp/\libhal_bsp.a(alt_release_fd.o)
                0x00321e38                alt_release_fd
 .text          0x00321e98       0x20 ../vram_test_bsp/\libhal_bsp.a(altera_nios2_qsys_irq.o)
                0x00321e98                altera_nios2_qsys_irq_init
 .text          0x00321eb8       0x90 ../vram_test_bsp/\libhal_bsp.a(alt_find_dev.o)
                0x00321eb8                alt_find_dev
 .text          0x00321f48      0x114 ../vram_test_bsp/\libhal_bsp.a(alt_find_file.o)
                0x00321f48                alt_find_file
 .text          0x0032205c       0xb4 ../vram_test_bsp/\libhal_bsp.a(alt_get_fd.o)
                0x0032205c                alt_get_fd
 .text          0x00322110       0x8c ../vram_test_bsp/\libhal_bsp.a(alt_icache_flush.o)
                0x00322110                alt_icache_flush
 .text          0x0032219c       0x14 c:/altera/13.1/nios2eds/bin/gnu/h-i686-mingw32/bin/../lib/gcc/nios2-elf/4.7.3/../../../../../H-i686-mingw32/nios2-elf/lib\libsmallc.a(lib_a-atexit.o)
                0x0032219c                atexit
 .text          0x003221b0       0x20 c:/altera/13.1/nios2eds/bin/gnu/h-i686-mingw32/bin/../lib/gcc/nios2-elf/4.7.3/../../../../../H-i686-mingw32/nios2-elf/lib\libsmallc.a(lib_a-exit.o)
                0x003221b0                exit
 .text          0x003221d0       0x48 c:/altera/13.1/nios2eds/bin/gnu/h-i686-mingw32/bin/../lib/gcc/nios2-elf/4.7.3/../../../../../H-i686-mingw32/nios2-elf/lib\libsmallc.a(lib_a-memcmp.o)
                0x003221d0                memcmp
 .text          0x00322218       0x28 c:/altera/13.1/nios2eds/bin/gnu/h-i686-mingw32/bin/../lib/gcc/nios2-elf/4.7.3/../../../../../H-i686-mingw32/nios2-elf/lib\libsmallc.a(lib_a-strlen.o)
                0x00322218                strlen
 .text          0x00322240      0x188 c:/altera/13.1/nios2eds/bin/gnu/h-i686-mingw32/bin/../lib/gcc/nios2-elf/4.7.3/../../../../../H-i686-mingw32/nios2-elf/lib\libsmallc.a(lib_a-__atexit.o)
                0x00322240                __register_exitproc
 .text          0x003223c8      0x1d8 c:/altera/13.1/nios2eds/bin/gnu/h-i686-mingw32/bin/../lib/gcc/nios2-elf/4.7.3/../../../../../H-i686-mingw32/nios2-elf/lib\libsmallc.a(lib_a-__call_atexit.o)
                0x003223c8                __call_exitprocs
 .text          0x003225a0      0x130 c:/altera/13.1/nios2eds/bin/gnu/h-i686-mingw32/bin/../lib/gcc/nios2-elf/4.7.3\libgcc.a(lib2-divmod.o)
                0x00322614                __divsi3
                0x00322664                __modsi3
                0x003226c0                __udivsi3
                0x003226c8                __umodsi3
 .text          0x003226d0       0x3c ../vram_test_bsp/\libhal_bsp.a(alt_exit.o)
                0x003226d0                _exit
 *(.gnu.warning.*)
 *(.fini)
                0x0032270c                PROVIDE (__etext, ABSOLUTE (.))
                0x0032270c                PROVIDE (_etext, ABSOLUTE (.))
                0x0032270c                PROVIDE (etext, ABSOLUTE (.))
 *(.eh_frame_hdr)
                0x0032270c                . = ALIGN (0x4)
                0x0032270c                PROVIDE (__preinit_array_start, ABSOLUTE (.))
 *(.preinit_array)
                0x0032270c                PROVIDE (__preinit_array_end, ABSOLUTE (.))
                0x0032270c                PROVIDE (__init_array_start, ABSOLUTE (.))
 *(.init_array)
                0x0032270c                PROVIDE (__init_array_end, ABSOLUTE (.))
                0x0032270c                PROVIDE (__fini_array_start, ABSOLUTE (.))
 *(.fini_array)
                0x0032270c                PROVIDE (__fini_array_end, ABSOLUTE (.))
 *(.eh_frame)
 *(.gcc_except_table .gcc_except_table.*)
 *(.dynamic)
                0x0032270c                PROVIDE (__CTOR_LIST__, ABSOLUTE (.))
 *(.ctors)
 *(SORT(.ctors.*))
                0x0032270c                PROVIDE (__CTOR_END__, ABSOLUTE (.))
                0x0032270c                PROVIDE (__DTOR_LIST__, ABSOLUTE (.))
 *(.dtors)
 *(SORT(.dtors.*))
                0x0032270c                PROVIDE (__DTOR_END__, ABSOLUTE (.))
 *(.jcr)
                0x0032270c                . = ALIGN (0x4)

.rodata         0x0032270c       0x24
                0x0032270c                PROVIDE (__ram_rodata_start, ABSOLUTE (.))
                0x0032270c                . = ALIGN (0x4)
 *(.rodata .rodata.* .gnu.linkonce.r.*)
 .rodata        0x0032270c        0xc ../vram_test_bsp/\libhal_bsp.a(alt_main.o)
 .rodata        0x00322718        0xc ../vram_test_bsp/\libhal_bsp.a(alt_sys_init.o)
 .rodata        0x00322724        0xc ../vram_test_bsp/\libhal_bsp.a(alt_dev.o)
 *(.rodata1)
                0x00322730                . = ALIGN (0x4)
                0x00322730                PROVIDE (__ram_rodata_end, ABSOLUTE (.))
                0x0032270c                PROVIDE (__flash_rodata_start, LOADADDR (.rodata))

.rwdata         0x00322730      0xee8 load address 0x00323618
                0x00322730                PROVIDE (__ram_rwdata_start, ABSOLUTE (.))
                0x00322730                . = ALIGN (0x4)
 *(.got.plt)
 *(.got)
 *(.data1)
 *(.data .data.* .gnu.linkonce.d.*)
 .data          0x00322730        0x0 ../vram_test_bsp//obj/HAL/src/crt0.o
 .data          0x00322730      0x800 obj/default/vram_test.o
 .data          0x00322f30        0x0 c:/altera/13.1/nios2eds/bin/gnu/h-i686-mingw32/bin/../lib/gcc/nios2-elf/4.7.3/../../../../../H-i686-mingw32/nios2-elf/lib\libsmallc.a(lib_a-rand.o)
 .data          0x00322f30       0xe0 c:/altera/13.1/nios2eds/bin/gnu/h-i686-mingw32/bin/../lib/gcc/nios2-elf/4.7.3/../../../../../H-i686-mingw32/nios2-elf/lib\libsmallc.a(lib_a-impure.o)
 .data          0x00323010        0x0 c:/altera/13.1/nios2eds/bin/gnu/h-i686-mingw32/bin/../lib/gcc/nios2-elf/4.7.3/../../../../../H-i686-mingw32/nios2-elf/lib\libsmallc.a(lib_a-malloc.o)
 .data          0x00323010      0x408 c:/altera/13.1/nios2eds/bin/gnu/h-i686-mingw32/bin/../lib/gcc/nios2-elf/4.7.3/../../../../../H-i686-mingw32/nios2-elf/lib\libsmallc.a(lib_a-mallocr.o)
                0x00323010                __malloc_av_
 .data          0x00323418        0x0 c:/altera/13.1/nios2eds/bin/gnu/h-i686-mingw32/bin/../lib/gcc/nios2-elf/4.7.3/../../../../../H-i686-mingw32/nios2-elf/lib\libsmallc.a(lib_a-sbrkr.o)
 .data          0x00323418        0x0 c:/altera/13.1/nios2eds/bin/gnu/h-i686-mingw32/bin/../lib/gcc/nios2-elf/4.7.3/../../../../../H-i686-mingw32/nios2-elf/lib\libsmallc.a(lib_a-freer.o)
 .data          0x00323418        0x0 c:/altera/13.1/nios2eds/bin/gnu/h-i686-mingw32/bin/../lib/gcc/nios2-elf/4.7.3/../../../../../H-i686-mingw32/nios2-elf/lib\libsmallc.a(lib_a-int_errno.o)
 .data          0x00323418        0x0 c:/altera/13.1/nios2eds/bin/gnu/h-i686-mingw32/bin/../lib/gcc/nios2-elf/4.7.3\libgcc.a(_muldi3.o)
 .data          0x00323418        0x0 ../vram_test_bsp/\libhal_bsp.a(alt_load.o)
 .data          0x00323418        0x0 ../vram_test_bsp/\libhal_bsp.a(alt_main.o)
 .data          0x00323418        0x0 ../vram_test_bsp/\libhal_bsp.a(alt_malloc_lock.o)
 .data          0x00323418        0x0 ../vram_test_bsp/\libhal_bsp.a(alt_sbrk.o)
 .data          0x00323418        0x0 ../vram_test_bsp/\libhal_bsp.a(alt_usleep.o)
 .data          0x00323418       0x2c ../vram_test_bsp/\libhal_bsp.a(alt_sys_init.o)
 .data          0x00323444        0x0 ../vram_test_bsp/\libhal_bsp.a(altera_avalon_jtag_uart_fd.o)
 .data          0x00323444        0x0 ../vram_test_bsp/\libhal_bsp.a(altera_avalon_jtag_uart_read.o)
 .data          0x00323444        0x0 ../vram_test_bsp/\libhal_bsp.a(altera_avalon_jtag_uart_write.o)
 .data          0x00323444        0x0 ../vram_test_bsp/\libhal_bsp.a(alt_busy_sleep.o)
 .data          0x00323444        0x0 ../vram_test_bsp/\libhal_bsp.a(alt_close.o)
 .data          0x00323444        0x0 ../vram_test_bsp/\libhal_bsp.a(alt_dcache_flush_all.o)
 .data          0x00323444      0x1a8 ../vram_test_bsp/\libhal_bsp.a(alt_dev.o)
                0x00323444                alt_dev_null
                0x0032346c                alt_fd_list
 .data          0x003235ec        0x0 ../vram_test_bsp/\libhal_bsp.a(alt_dev_llist_insert.o)
 .data          0x003235ec        0x0 ../vram_test_bsp/\libhal_bsp.a(alt_do_ctors.o)
 .data          0x003235ec        0x0 ../vram_test_bsp/\libhal_bsp.a(alt_do_dtors.o)
 .data          0x003235ec        0x0 ../vram_test_bsp/\libhal_bsp.a(alt_errno.o)
 .data          0x003235ec        0x0 ../vram_test_bsp/\libhal_bsp.a(alt_icache_flush_all.o)
 .data          0x003235ec        0x0 ../vram_test_bsp/\libhal_bsp.a(alt_io_redirect.o)
 .data          0x003235ec        0x0 ../vram_test_bsp/\libhal_bsp.a(alt_open.o)
 .data          0x003235ec        0x0 ../vram_test_bsp/\libhal_bsp.a(alt_release_fd.o)
 .data          0x003235ec        0x0 ../vram_test_bsp/\libhal_bsp.a(altera_nios2_qsys_irq.o)
 .data          0x003235ec        0x0 ../vram_test_bsp/\libhal_bsp.a(alt_find_dev.o)
 .data          0x003235ec        0x0 ../vram_test_bsp/\libhal_bsp.a(alt_find_file.o)
 .data          0x003235ec        0x0 ../vram_test_bsp/\libhal_bsp.a(alt_get_fd.o)
 .data          0x003235ec        0x0 ../vram_test_bsp/\libhal_bsp.a(alt_icache_flush.o)
 .data          0x003235ec        0x0 c:/altera/13.1/nios2eds/bin/gnu/h-i686-mingw32/bin/../lib/gcc/nios2-elf/4.7.3/../../../../../H-i686-mingw32/nios2-elf/lib\libsmallc.a(lib_a-atexit.o)
 .data          0x003235ec        0x0 c:/altera/13.1/nios2eds/bin/gnu/h-i686-mingw32/bin/../lib/gcc/nios2-elf/4.7.3/../../../../../H-i686-mingw32/nios2-elf/lib\libsmallc.a(lib_a-exit.o)
 .data          0x003235ec        0x0 c:/altera/13.1/nios2eds/bin/gnu/h-i686-mingw32/bin/../lib/gcc/nios2-elf/4.7.3/../../../../../H-i686-mingw32/nios2-elf/lib\libsmallc.a(lib_a-memcmp.o)
 .data          0x003235ec        0x0 c:/altera/13.1/nios2eds/bin/gnu/h-i686-mingw32/bin/../lib/gcc/nios2-elf/4.7.3/../../../../../H-i686-mingw32/nios2-elf/lib\libsmallc.a(lib_a-strlen.o)
 .data          0x003235ec        0x0 c:/altera/13.1/nios2eds/bin/gnu/h-i686-mingw32/bin/../lib/gcc/nios2-elf/4.7.3/../../../../../H-i686-mingw32/nios2-elf/lib\libsmallc.a(lib_a-__atexit.o)
 .data          0x003235ec        0x0 c:/altera/13.1/nios2eds/bin/gnu/h-i686-mingw32/bin/../lib/gcc/nios2-elf/4.7.3/../../../../../H-i686-mingw32/nios2-elf/lib\libsmallc.a(lib_a-__call_atexit.o)
 .data          0x003235ec        0x0 c:/altera/13.1/nios2eds/bin/gnu/h-i686-mingw32/bin/../lib/gcc/nios2-elf/4.7.3\libgcc.a(lib2-divmod.o)
 .data          0x003235ec        0x0 ../vram_test_bsp/\libhal_bsp.a(alt_exit.o)
                0x0032b5ec                _gp = ABSOLUTE ((. + 0x8000))
                0x0032b5ec                PROVIDE (gp, _gp)
 *(.rwdata .rwdata.*)
 *(.sdata .sdata.* .gnu.linkonce.s.*)
 .sdata         0x003235ec        0x8 c:/altera/13.1/nios2eds/bin/gnu/h-i686-mingw32/bin/../lib/gcc/nios2-elf/4.7.3/../../../../../H-i686-mingw32/nios2-elf/lib\libsmallc.a(lib_a-impure.o)
                0x003235ec                _global_impure_ptr
                0x003235f0                _impure_ptr
 .sdata         0x003235f4        0x8 c:/altera/13.1/nios2eds/bin/gnu/h-i686-mingw32/bin/../lib/gcc/nios2-elf/4.7.3/../../../../../H-i686-mingw32/nios2-elf/lib\libsmallc.a(lib_a-mallocr.o)
                0x003235f4                __malloc_sbrk_base
                0x003235f8                __malloc_trim_threshold
 .sdata         0x003235fc        0x4 ../vram_test_bsp/\libhal_bsp.a(alt_sbrk.o)
 .sdata         0x00323600       0x14 ../vram_test_bsp/\libhal_bsp.a(alt_dev.o)
                0x00323600                alt_fs_list
                0x00323608                alt_dev_list
                0x00323610                alt_max_fd
 .sdata         0x00323614        0x4 ../vram_test_bsp/\libhal_bsp.a(alt_errno.o)
                0x00323614                alt_errno
 *(.sdata2 .sdata2.* .gnu.linkonce.s2.*)
                0x00323618                . = ALIGN (0x4)
                0x00323618                _edata = ABSOLUTE (.)
                0x00323618                PROVIDE (edata, ABSOLUTE (.))
                0x00323618                PROVIDE (__ram_rwdata_end, ABSOLUTE (.))
                0x00323618                PROVIDE (__flash_rwdata_start, LOADADDR (.rwdata))

.bss            0x00324500       0xd0
                0x00324500                __bss_start = ABSOLUTE (.)
                0x00324500                PROVIDE (__sbss_start, ABSOLUTE (.))
                0x00324500                PROVIDE (___sbss_start, ABSOLUTE (.))
 *(.dynsbss)
 *(.sbss .sbss.* .gnu.linkonce.sb.*)
 .sbss          0x00324500        0xc c:/altera/13.1/nios2eds/bin/gnu/h-i686-mingw32/bin/../lib/gcc/nios2-elf/4.7.3/../../../../../H-i686-mingw32/nios2-elf/lib\libsmallc.a(lib_a-mallocr.o)
                0x00324500                __malloc_max_total_mem
                0x00324504                __malloc_max_sbrked_mem
                0x00324508                __malloc_top_pad
 .sbss          0x0032450c        0x4 c:/altera/13.1/nios2eds/bin/gnu/h-i686-mingw32/bin/../lib/gcc/nios2-elf/4.7.3/../../../../../H-i686-mingw32/nios2-elf/lib\libsmallc.a(lib_a-int_errno.o)
                0x0032450c                errno
 .sbss          0x00324510        0xc ../vram_test_bsp/\libhal_bsp.a(alt_main.o)
                0x00324510                alt_argc
                0x00324514                alt_argv
                0x00324518                alt_envp
 *(.sbss2 .sbss2.* .gnu.linkonce.sb2.*)
 *(.scommon)
                0x0032451c                PROVIDE (__sbss_end, ABSOLUTE (.))
                0x0032451c                PROVIDE (___sbss_end, ABSOLUTE (.))
 *(.dynbss)
 *(.bss .bss.* .gnu.linkonce.b.*)
 .bss           0x0032451c        0x0 ../vram_test_bsp//obj/HAL/src/crt0.o
 .bss           0x0032451c        0x0 obj/default/vram_test.o
 .bss           0x0032451c        0x0 c:/altera/13.1/nios2eds/bin/gnu/h-i686-mingw32/bin/../lib/gcc/nios2-elf/4.7.3/../../../../../H-i686-mingw32/nios2-elf/lib\libsmallc.a(lib_a-rand.o)
 .bss           0x0032451c        0x0 c:/altera/13.1/nios2eds/bin/gnu/h-i686-mingw32/bin/../lib/gcc/nios2-elf/4.7.3/../../../../../H-i686-mingw32/nios2-elf/lib\libsmallc.a(lib_a-impure.o)
 .bss           0x0032451c        0x0 c:/altera/13.1/nios2eds/bin/gnu/h-i686-mingw32/bin/../lib/gcc/nios2-elf/4.7.3/../../../../../H-i686-mingw32/nios2-elf/lib\libsmallc.a(lib_a-malloc.o)
 .bss           0x0032451c       0x28 c:/altera/13.1/nios2eds/bin/gnu/h-i686-mingw32/bin/../lib/gcc/nios2-elf/4.7.3/../../../../../H-i686-mingw32/nios2-elf/lib\libsmallc.a(lib_a-mallocr.o)
                0x0032451c                __malloc_current_mallinfo
 .bss           0x00324544        0x0 c:/altera/13.1/nios2eds/bin/gnu/h-i686-mingw32/bin/../lib/gcc/nios2-elf/4.7.3/../../../../../H-i686-mingw32/nios2-elf/lib\libsmallc.a(lib_a-sbrkr.o)
 .bss           0x00324544        0x0 c:/altera/13.1/nios2eds/bin/gnu/h-i686-mingw32/bin/../lib/gcc/nios2-elf/4.7.3/../../../../../H-i686-mingw32/nios2-elf/lib\libsmallc.a(lib_a-freer.o)
 .bss           0x00324544        0x0 c:/altera/13.1/nios2eds/bin/gnu/h-i686-mingw32/bin/../lib/gcc/nios2-elf/4.7.3/../../../../../H-i686-mingw32/nios2-elf/lib\libsmallc.a(lib_a-int_errno.o)
 .bss           0x00324544        0x0 c:/altera/13.1/nios2eds/bin/gnu/h-i686-mingw32/bin/../lib/gcc/nios2-elf/4.7.3\libgcc.a(_muldi3.o)
 .bss           0x00324544        0x0 ../vram_test_bsp/\libhal_bsp.a(alt_load.o)
 .bss           0x00324544        0x0 ../vram_test_bsp/\libhal_bsp.a(alt_main.o)
 .bss           0x00324544        0x0 ../vram_test_bsp/\libhal_bsp.a(alt_malloc_lock.o)
 .bss           0x00324544        0x0 ../vram_test_bsp/\libhal_bsp.a(alt_sbrk.o)
 .bss           0x00324544        0x0 ../vram_test_bsp/\libhal_bsp.a(alt_usleep.o)
 .bss           0x00324544        0x0 ../vram_test_bsp/\libhal_bsp.a(alt_sys_init.o)
 .bss           0x00324544        0x0 ../vram_test_bsp/\libhal_bsp.a(altera_avalon_jtag_uart_fd.o)
 .bss           0x00324544        0x0 ../vram_test_bsp/\libhal_bsp.a(altera_avalon_jtag_uart_read.o)
 .bss           0x00324544        0x0 ../vram_test_bsp/\libhal_bsp.a(altera_avalon_jtag_uart_write.o)
 .bss           0x00324544        0x0 ../vram_test_bsp/\libhal_bsp.a(alt_busy_sleep.o)
 .bss           0x00324544        0x0 ../vram_test_bsp/\libhal_bsp.a(alt_close.o)
 .bss           0x00324544        0x0 ../vram_test_bsp/\libhal_bsp.a(alt_dcache_flush_all.o)
 .bss           0x00324544        0x0 ../vram_test_bsp/\libhal_bsp.a(alt_dev.o)
 .bss           0x00324544        0x0 ../vram_test_bsp/\libhal_bsp.a(alt_dev_llist_insert.o)
 .bss           0x00324544        0x0 ../vram_test_bsp/\libhal_bsp.a(alt_do_ctors.o)
 .bss           0x00324544        0x0 ../vram_test_bsp/\libhal_bsp.a(alt_do_dtors.o)
 .bss           0x00324544        0x0 ../vram_test_bsp/\libhal_bsp.a(alt_errno.o)
 .bss           0x00324544        0x0 ../vram_test_bsp/\libhal_bsp.a(alt_icache_flush_all.o)
 .bss           0x00324544        0x0 ../vram_test_bsp/\libhal_bsp.a(alt_io_redirect.o)
 .bss           0x00324544        0x0 ../vram_test_bsp/\libhal_bsp.a(alt_open.o)
 .bss           0x00324544        0x0 ../vram_test_bsp/\libhal_bsp.a(alt_release_fd.o)
 .bss           0x00324544        0x0 ../vram_test_bsp/\libhal_bsp.a(altera_nios2_qsys_irq.o)
 .bss           0x00324544        0x0 ../vram_test_bsp/\libhal_bsp.a(alt_find_dev.o)
 .bss           0x00324544        0x0 ../vram_test_bsp/\libhal_bsp.a(alt_find_file.o)
 .bss           0x00324544        0x0 ../vram_test_bsp/\libhal_bsp.a(alt_get_fd.o)
 .bss           0x00324544        0x0 ../vram_test_bsp/\libhal_bsp.a(alt_icache_flush.o)
 .bss           0x00324544        0x0 c:/altera/13.1/nios2eds/bin/gnu/h-i686-mingw32/bin/../lib/gcc/nios2-elf/4.7.3/../../../../../H-i686-mingw32/nios2-elf/lib\libsmallc.a(lib_a-atexit.o)
 .bss           0x00324544        0x0 c:/altera/13.1/nios2eds/bin/gnu/h-i686-mingw32/bin/../lib/gcc/nios2-elf/4.7.3/../../../../../H-i686-mingw32/nios2-elf/lib\libsmallc.a(lib_a-exit.o)
 .bss           0x00324544        0x0 c:/altera/13.1/nios2eds/bin/gnu/h-i686-mingw32/bin/../lib/gcc/nios2-elf/4.7.3/../../../../../H-i686-mingw32/nios2-elf/lib\libsmallc.a(lib_a-memcmp.o)
 .bss           0x00324544        0x0 c:/altera/13.1/nios2eds/bin/gnu/h-i686-mingw32/bin/../lib/gcc/nios2-elf/4.7.3/../../../../../H-i686-mingw32/nios2-elf/lib\libsmallc.a(lib_a-strlen.o)
 .bss           0x00324544        0x0 c:/altera/13.1/nios2eds/bin/gnu/h-i686-mingw32/bin/../lib/gcc/nios2-elf/4.7.3/../../../../../H-i686-mingw32/nios2-elf/lib\libsmallc.a(lib_a-__atexit.o)
 .bss           0x00324544        0x0 c:/altera/13.1/nios2eds/bin/gnu/h-i686-mingw32/bin/../lib/gcc/nios2-elf/4.7.3/../../../../../H-i686-mingw32/nios2-elf/lib\libsmallc.a(lib_a-__call_atexit.o)
 .bss           0x00324544        0x0 c:/altera/13.1/nios2eds/bin/gnu/h-i686-mingw32/bin/../lib/gcc/nios2-elf/4.7.3\libgcc.a(lib2-divmod.o)
 .bss           0x00324544        0x0 ../vram_test_bsp/\libhal_bsp.a(alt_exit.o)
 *(COMMON)
 COMMON         0x00324544       0x8c c:/altera/13.1/nios2eds/bin/gnu/h-i686-mingw32/bin/../lib/gcc/nios2-elf/4.7.3/../../../../../H-i686-mingw32/nios2-elf/lib\libsmallc.a(lib_a-atexit.o)
                0x00324544                _atexit0
                0x003245d0                . = ALIGN (0x4)
                0x003245d0                __bss_end = ABSOLUTE (.)

.vram           0x00100000        0x0 load address 0x003245d0
                0x00100000                PROVIDE (_alt_partition_vram_start, ABSOLUTE (.))
 *(.vram .vram. vram.*)
                0x00100000                . = ALIGN (0x4)
                0x00100000                PROVIDE (_alt_partition_vram_end, ABSOLUTE (.))
                0x003245d0                PROVIDE (_alt_partition_vram_load_addr, LOADADDR (.vram))

.rom            0x00280000        0x0 load address 0x003245d0
                0x00280000                PROVIDE (_alt_partition_rom_start, ABSOLUTE (.))
 *(.rom .rom. rom.*)
                0x00280000                . = ALIGN (0x4)
                0x00280000                PROVIDE (_alt_partition_rom_end, ABSOLUTE (.))
                0x003245d0                PROVIDE (_alt_partition_rom_load_addr, LOADADDR (.rom))

.ram            0x003245d0        0x0
                0x003245d0                PROVIDE (_alt_partition_ram_start, ABSOLUTE (.))
 *(.ram .ram. ram.*)
                0x003245d0                . = ALIGN (0x4)
                0x003245d0                PROVIDE (_alt_partition_ram_end, ABSOLUTE (.))
                0x003245d0                _end = ABSOLUTE (.)
                0x003245d0                end = ABSOLUTE (.)
                0x003245d0                __alt_stack_base = ABSOLUTE (.)
                0x003245d0                PROVIDE (_alt_partition_ram_load_addr, LOADADDR (.ram))

.stab
 *(.stab)

.stabstr
 *(.stabstr)

.stab.excl
 *(.stab.excl)

.stab.exclstr
 *(.stab.exclstr)

.stab.index
 *(.stab.index)

.stab.indexstr
 *(.stab.indexstr)

.comment        0x00000000       0x23
 *(.comment)
 .comment       0x00000000       0x23 c:/altera/13.1/nios2eds/bin/gnu/h-i686-mingw32/bin/../lib/gcc/nios2-elf/4.7.3/../../../../../H-i686-mingw32/nios2-elf/lib\libsmallc.a(lib_a-rand.o)
                                 0x24 (size before relaxing)
 .comment       0x00000000       0x24 c:/altera/13.1/nios2eds/bin/gnu/h-i686-mingw32/bin/../lib/gcc/nios2-elf/4.7.3/../../../../../H-i686-mingw32/nios2-elf/lib\libsmallc.a(lib_a-impure.o)
 .comment       0x00000000       0x24 c:/altera/13.1/nios2eds/bin/gnu/h-i686-mingw32/bin/../lib/gcc/nios2-elf/4.7.3/../../../../../H-i686-mingw32/nios2-elf/lib\libsmallc.a(lib_a-malloc.o)
 .comment       0x00000000       0x24 c:/altera/13.1/nios2eds/bin/gnu/h-i686-mingw32/bin/../lib/gcc/nios2-elf/4.7.3/../../../../../H-i686-mingw32/nios2-elf/lib\libsmallc.a(lib_a-mallocr.o)
 .comment       0x00000000       0x24 c:/altera/13.1/nios2eds/bin/gnu/h-i686-mingw32/bin/../lib/gcc/nios2-elf/4.7.3/../../../../../H-i686-mingw32/nios2-elf/lib\libsmallc.a(lib_a-sbrkr.o)
 .comment       0x00000000       0x24 c:/altera/13.1/nios2eds/bin/gnu/h-i686-mingw32/bin/../lib/gcc/nios2-elf/4.7.3/../../../../../H-i686-mingw32/nios2-elf/lib\libsmallc.a(lib_a-freer.o)
 .comment       0x00000000       0x24 c:/altera/13.1/nios2eds/bin/gnu/h-i686-mingw32/bin/../lib/gcc/nios2-elf/4.7.3/../../../../../H-i686-mingw32/nios2-elf/lib\libsmallc.a(lib_a-int_errno.o)
 .comment       0x00000000       0x24 c:/altera/13.1/nios2eds/bin/gnu/h-i686-mingw32/bin/../lib/gcc/nios2-elf/4.7.3\libgcc.a(_muldi3.o)
 .comment       0x00000000       0x24 ../vram_test_bsp/\libhal_bsp.a(alt_load.o)
 .comment       0x00000000       0x24 ../vram_test_bsp/\libhal_bsp.a(alt_main.o)
 .comment       0x00000000       0x24 ../vram_test_bsp/\libhal_bsp.a(alt_malloc_lock.o)
 .comment       0x00000000       0x24 ../vram_test_bsp/\libhal_bsp.a(alt_sbrk.o)
 .comment       0x00000000       0x24 ../vram_test_bsp/\libhal_bsp.a(alt_usleep.o)
 .comment       0x00000000       0x24 ../vram_test_bsp/\libhal_bsp.a(alt_sys_init.o)
 .comment       0x00000000       0x24 ../vram_test_bsp/\libhal_bsp.a(altera_avalon_jtag_uart_fd.o)
 .comment       0x00000000       0x24 ../vram_test_bsp/\libhal_bsp.a(altera_avalon_jtag_uart_read.o)
 .comment       0x00000000       0x24 ../vram_test_bsp/\libhal_bsp.a(altera_avalon_jtag_uart_write.o)
 .comment       0x00000000       0x24 ../vram_test_bsp/\libhal_bsp.a(alt_busy_sleep.o)
 .comment       0x00000000       0x24 ../vram_test_bsp/\libhal_bsp.a(alt_close.o)
 .comment       0x00000000       0x24 ../vram_test_bsp/\libhal_bsp.a(alt_dcache_flush_all.o)
 .comment       0x00000000       0x24 ../vram_test_bsp/\libhal_bsp.a(alt_dev.o)
 .comment       0x00000000       0x24 ../vram_test_bsp/\libhal_bsp.a(alt_dev_llist_insert.o)
 .comment       0x00000000       0x24 ../vram_test_bsp/\libhal_bsp.a(alt_do_ctors.o)
 .comment       0x00000000       0x24 ../vram_test_bsp/\libhal_bsp.a(alt_do_dtors.o)
 .comment       0x00000000       0x24 ../vram_test_bsp/\libhal_bsp.a(alt_errno.o)
 .comment       0x00000000       0x24 ../vram_test_bsp/\libhal_bsp.a(alt_icache_flush_all.o)
 .comment       0x00000000       0x24 ../vram_test_bsp/\libhal_bsp.a(alt_io_redirect.o)
 .comment       0x00000000       0x24 ../vram_test_bsp/\libhal_bsp.a(alt_open.o)
 .comment       0x00000000       0x24 ../vram_test_bsp/\libhal_bsp.a(alt_release_fd.o)
 .comment       0x00000000       0x24 ../vram_test_bsp/\libhal_bsp.a(altera_nios2_qsys_irq.o)
 .comment       0x00000000       0x24 ../vram_test_bsp/\libhal_bsp.a(alt_find_dev.o)
 .comment       0x00000000       0x24 ../vram_test_bsp/\libhal_bsp.a(alt_find_file.o)
 .comment       0x00000000       0x24 ../vram_test_bsp/\libhal_bsp.a(alt_get_fd.o)
 .comment       0x00000000       0x24 ../vram_test_bsp/\libhal_bsp.a(alt_icache_flush.o)
 .comment       0x00000000       0x24 c:/altera/13.1/nios2eds/bin/gnu/h-i686-mingw32/bin/../lib/gcc/nios2-elf/4.7.3/../../../../../H-i686-mingw32/nios2-elf/lib\libsmallc.a(lib_a-atexit.o)
 .comment       0x00000000       0x24 c:/altera/13.1/nios2eds/bin/gnu/h-i686-mingw32/bin/../lib/gcc/nios2-elf/4.7.3/../../../../../H-i686-mingw32/nios2-elf/lib\libsmallc.a(lib_a-exit.o)
 .comment       0x00000000       0x24 c:/altera/13.1/nios2eds/bin/gnu/h-i686-mingw32/bin/../lib/gcc/nios2-elf/4.7.3/../../../../../H-i686-mingw32/nios2-elf/lib\libsmallc.a(lib_a-memcmp.o)
 .comment       0x00000000       0x24 c:/altera/13.1/nios2eds/bin/gnu/h-i686-mingw32/bin/../lib/gcc/nios2-elf/4.7.3/../../../../../H-i686-mingw32/nios2-elf/lib\libsmallc.a(lib_a-strlen.o)
 .comment       0x00000000       0x24 c:/altera/13.1/nios2eds/bin/gnu/h-i686-mingw32/bin/../lib/gcc/nios2-elf/4.7.3/../../../../../H-i686-mingw32/nios2-elf/lib\libsmallc.a(lib_a-__atexit.o)
 .comment       0x00000000       0x24 c:/altera/13.1/nios2eds/bin/gnu/h-i686-mingw32/bin/../lib/gcc/nios2-elf/4.7.3/../../../../../H-i686-mingw32/nios2-elf/lib\libsmallc.a(lib_a-__call_atexit.o)
 .comment       0x00000000       0x24 c:/altera/13.1/nios2eds/bin/gnu/h-i686-mingw32/bin/../lib/gcc/nios2-elf/4.7.3\libgcc.a(lib2-divmod.o)
 .comment       0x00000000       0x24 ../vram_test_bsp/\libhal_bsp.a(alt_exit.o)

.debug
 *(.debug)

.line
 *(.line)

.debug_srcinfo
 *(.debug_srcinfo)

.debug_sfnames
 *(.debug_sfnames)

.debug_aranges  0x00000000      0x570
 *(.debug_aranges)
 .debug_aranges
                0x00000000       0x28 ../vram_test_bsp//obj/HAL/src/crt0.o
 .debug_aranges
                0x00000028       0x20 obj/default/vram_test.o
 .debug_aranges
                0x00000048       0x20 c:/altera/13.1/nios2eds/bin/gnu/h-i686-mingw32/bin/../lib/gcc/nios2-elf/4.7.3/../../../../../H-i686-mingw32/nios2-elf/lib\libsmallc.a(lib_a-rand.o)
 .debug_aranges
                0x00000068       0x18 c:/altera/13.1/nios2eds/bin/gnu/h-i686-mingw32/bin/../lib/gcc/nios2-elf/4.7.3/../../../../../H-i686-mingw32/nios2-elf/lib\libsmallc.a(lib_a-impure.o)
 .debug_aranges
                0x00000080       0x20 c:/altera/13.1/nios2eds/bin/gnu/h-i686-mingw32/bin/../lib/gcc/nios2-elf/4.7.3/../../../../../H-i686-mingw32/nios2-elf/lib\libsmallc.a(lib_a-malloc.o)
 .debug_aranges
                0x000000a0       0x20 c:/altera/13.1/nios2eds/bin/gnu/h-i686-mingw32/bin/../lib/gcc/nios2-elf/4.7.3/../../../../../H-i686-mingw32/nios2-elf/lib\libsmallc.a(lib_a-mallocr.o)
 .debug_aranges
                0x000000c0       0x20 c:/altera/13.1/nios2eds/bin/gnu/h-i686-mingw32/bin/../lib/gcc/nios2-elf/4.7.3/../../../../../H-i686-mingw32/nios2-elf/lib\libsmallc.a(lib_a-sbrkr.o)
 .debug_aranges
                0x000000e0       0x20 c:/altera/13.1/nios2eds/bin/gnu/h-i686-mingw32/bin/../lib/gcc/nios2-elf/4.7.3/../../../../../H-i686-mingw32/nios2-elf/lib\libsmallc.a(lib_a-freer.o)
 .debug_aranges
                0x00000100       0x18 c:/altera/13.1/nios2eds/bin/gnu/h-i686-mingw32/bin/../lib/gcc/nios2-elf/4.7.3/../../../../../H-i686-mingw32/nios2-elf/lib\libsmallc.a(lib_a-int_errno.o)
 .debug_aranges
                0x00000118       0x20 c:/altera/13.1/nios2eds/bin/gnu/h-i686-mingw32/bin/../lib/gcc/nios2-elf/4.7.3\libgcc.a(_muldi3.o)
 .debug_aranges
                0x00000138       0x20 ../vram_test_bsp/\libhal_bsp.a(alt_load.o)
 .debug_aranges
                0x00000158       0x20 ../vram_test_bsp/\libhal_bsp.a(alt_main.o)
 .debug_aranges
                0x00000178       0x20 ../vram_test_bsp/\libhal_bsp.a(alt_malloc_lock.o)
 .debug_aranges
                0x00000198       0x20 ../vram_test_bsp/\libhal_bsp.a(alt_sbrk.o)
 .debug_aranges
                0x000001b8       0x20 ../vram_test_bsp/\libhal_bsp.a(alt_usleep.o)
 .debug_aranges
                0x000001d8       0x20 ../vram_test_bsp/\libhal_bsp.a(alt_sys_init.o)
 .debug_aranges
                0x000001f8       0x20 ../vram_test_bsp/\libhal_bsp.a(altera_avalon_jtag_uart_fd.o)
 .debug_aranges
                0x00000218       0x20 ../vram_test_bsp/\libhal_bsp.a(altera_avalon_jtag_uart_read.o)
 .debug_aranges
                0x00000238       0x20 ../vram_test_bsp/\libhal_bsp.a(altera_avalon_jtag_uart_write.o)
 .debug_aranges
                0x00000258       0x20 ../vram_test_bsp/\libhal_bsp.a(alt_busy_sleep.o)
 .debug_aranges
                0x00000278       0x20 ../vram_test_bsp/\libhal_bsp.a(alt_close.o)
 .debug_aranges
                0x00000298       0x20 ../vram_test_bsp/\libhal_bsp.a(alt_dcache_flush_all.o)
 .debug_aranges
                0x000002b8       0x20 ../vram_test_bsp/\libhal_bsp.a(alt_dev.o)
 .debug_aranges
                0x000002d8       0x20 ../vram_test_bsp/\libhal_bsp.a(alt_dev_llist_insert.o)
 .debug_aranges
                0x000002f8       0x20 ../vram_test_bsp/\libhal_bsp.a(alt_do_ctors.o)
 .debug_aranges
                0x00000318       0x20 ../vram_test_bsp/\libhal_bsp.a(alt_do_dtors.o)
 .debug_aranges
                0x00000338       0x18 ../vram_test_bsp/\libhal_bsp.a(alt_errno.o)
 .debug_aranges
                0x00000350       0x20 ../vram_test_bsp/\libhal_bsp.a(alt_icache_flush_all.o)
 .debug_aranges
                0x00000370       0x20 ../vram_test_bsp/\libhal_bsp.a(alt_io_redirect.o)
 .debug_aranges
                0x00000390       0x20 ../vram_test_bsp/\libhal_bsp.a(alt_open.o)
 .debug_aranges
                0x000003b0       0x20 ../vram_test_bsp/\libhal_bsp.a(alt_release_fd.o)
 .debug_aranges
                0x000003d0       0x20 ../vram_test_bsp/\libhal_bsp.a(altera_nios2_qsys_irq.o)
 .debug_aranges
                0x000003f0       0x20 ../vram_test_bsp/\libhal_bsp.a(alt_find_dev.o)
 .debug_aranges
                0x00000410       0x20 ../vram_test_bsp/\libhal_bsp.a(alt_find_file.o)
 .debug_aranges
                0x00000430       0x20 ../vram_test_bsp/\libhal_bsp.a(alt_get_fd.o)
 .debug_aranges
                0x00000450       0x20 ../vram_test_bsp/\libhal_bsp.a(alt_icache_flush.o)
 .debug_aranges
                0x00000470       0x20 c:/altera/13.1/nios2eds/bin/gnu/h-i686-mingw32/bin/../lib/gcc/nios2-elf/4.7.3/../../../../../H-i686-mingw32/nios2-elf/lib\libsmallc.a(lib_a-atexit.o)
 .debug_aranges
                0x00000490       0x20 c:/altera/13.1/nios2eds/bin/gnu/h-i686-mingw32/bin/../lib/gcc/nios2-elf/4.7.3/../../../../../H-i686-mingw32/nios2-elf/lib\libsmallc.a(lib_a-exit.o)
 .debug_aranges
                0x000004b0       0x20 c:/altera/13.1/nios2eds/bin/gnu/h-i686-mingw32/bin/../lib/gcc/nios2-elf/4.7.3/../../../../../H-i686-mingw32/nios2-elf/lib\libsmallc.a(lib_a-memcmp.o)
 .debug_aranges
                0x000004d0       0x20 c:/altera/13.1/nios2eds/bin/gnu/h-i686-mingw32/bin/../lib/gcc/nios2-elf/4.7.3/../../../../../H-i686-mingw32/nios2-elf/lib\libsmallc.a(lib_a-strlen.o)
 .debug_aranges
                0x000004f0       0x20 c:/altera/13.1/nios2eds/bin/gnu/h-i686-mingw32/bin/../lib/gcc/nios2-elf/4.7.3/../../../../../H-i686-mingw32/nios2-elf/lib\libsmallc.a(lib_a-__atexit.o)
 .debug_aranges
                0x00000510       0x20 c:/altera/13.1/nios2eds/bin/gnu/h-i686-mingw32/bin/../lib/gcc/nios2-elf/4.7.3/../../../../../H-i686-mingw32/nios2-elf/lib\libsmallc.a(lib_a-__call_atexit.o)
 .debug_aranges
                0x00000530       0x20 c:/altera/13.1/nios2eds/bin/gnu/h-i686-mingw32/bin/../lib/gcc/nios2-elf/4.7.3\libgcc.a(lib2-divmod.o)
 .debug_aranges
                0x00000550       0x20 ../vram_test_bsp/\libhal_bsp.a(alt_exit.o)

.debug_pubnames
 *(.debug_pubnames)

.debug_info     0x00000000     0x868f
 *(.debug_info .gnu.linkonce.wi.*)
 .debug_info    0x00000000       0x72 ../vram_test_bsp//obj/HAL/src/crt0.o
 .debug_info    0x00000072       0x6f obj/default/vram_test.o
 .debug_info    0x000000e1      0x6e8 c:/altera/13.1/nios2eds/bin/gnu/h-i686-mingw32/bin/../lib/gcc/nios2-elf/4.7.3/../../../../../H-i686-mingw32/nios2-elf/lib\libsmallc.a(lib_a-rand.o)
 .debug_info    0x000007c9      0x631 c:/altera/13.1/nios2eds/bin/gnu/h-i686-mingw32/bin/../lib/gcc/nios2-elf/4.7.3/../../../../../H-i686-mingw32/nios2-elf/lib\libsmallc.a(lib_a-impure.o)
 .debug_info    0x00000dfa      0x6c2 c:/altera/13.1/nios2eds/bin/gnu/h-i686-mingw32/bin/../lib/gcc/nios2-elf/4.7.3/../../../../../H-i686-mingw32/nios2-elf/lib\libsmallc.a(lib_a-malloc.o)
 .debug_info    0x000014bc      0xb3d c:/altera/13.1/nios2eds/bin/gnu/h-i686-mingw32/bin/../lib/gcc/nios2-elf/4.7.3/../../../../../H-i686-mingw32/nios2-elf/lib\libsmallc.a(lib_a-mallocr.o)
 .debug_info    0x00001ff9      0x69c c:/altera/13.1/nios2eds/bin/gnu/h-i686-mingw32/bin/../lib/gcc/nios2-elf/4.7.3/../../../../../H-i686-mingw32/nios2-elf/lib\libsmallc.a(lib_a-sbrkr.o)
 .debug_info    0x00002695      0x9f1 c:/altera/13.1/nios2eds/bin/gnu/h-i686-mingw32/bin/../lib/gcc/nios2-elf/4.7.3/../../../../../H-i686-mingw32/nios2-elf/lib\libsmallc.a(lib_a-freer.o)
 .debug_info    0x00003086       0x84 c:/altera/13.1/nios2eds/bin/gnu/h-i686-mingw32/bin/../lib/gcc/nios2-elf/4.7.3/../../../../../H-i686-mingw32/nios2-elf/lib\libsmallc.a(lib_a-int_errno.o)
 .debug_info    0x0000310a      0x1ea c:/altera/13.1/nios2eds/bin/gnu/h-i686-mingw32/bin/../lib/gcc/nios2-elf/4.7.3\libgcc.a(_muldi3.o)
 .debug_info    0x000032f4      0x135 ../vram_test_bsp/\libhal_bsp.a(alt_load.o)
 .debug_info    0x00003429      0x139 ../vram_test_bsp/\libhal_bsp.a(alt_main.o)
 .debug_info    0x00003562      0x950 ../vram_test_bsp/\libhal_bsp.a(alt_malloc_lock.o)
 .debug_info    0x00003eb2      0x1b2 ../vram_test_bsp/\libhal_bsp.a(alt_sbrk.o)
 .debug_info    0x00004064       0xad ../vram_test_bsp/\libhal_bsp.a(alt_usleep.o)
 .debug_info    0x00004111      0x406 ../vram_test_bsp/\libhal_bsp.a(alt_sys_init.o)
 .debug_info    0x00004517      0x3da ../vram_test_bsp/\libhal_bsp.a(altera_avalon_jtag_uart_fd.o)
 .debug_info    0x000048f1      0x1bc ../vram_test_bsp/\libhal_bsp.a(altera_avalon_jtag_uart_read.o)
 .debug_info    0x00004aad      0x19f ../vram_test_bsp/\libhal_bsp.a(altera_avalon_jtag_uart_write.o)
 .debug_info    0x00004c4c       0xd5 ../vram_test_bsp/\libhal_bsp.a(alt_busy_sleep.o)
 .debug_info    0x00004d21      0x350 ../vram_test_bsp/\libhal_bsp.a(alt_close.o)
 .debug_info    0x00005071       0xa3 ../vram_test_bsp/\libhal_bsp.a(alt_dcache_flush_all.o)
 .debug_info    0x00005114      0x4e3 ../vram_test_bsp/\libhal_bsp.a(alt_dev.o)
 .debug_info    0x000055f7      0x1b9 ../vram_test_bsp/\libhal_bsp.a(alt_dev_llist_insert.o)
 .debug_info    0x000057b0       0x8d ../vram_test_bsp/\libhal_bsp.a(alt_do_ctors.o)
 .debug_info    0x0000583d       0x8d ../vram_test_bsp/\libhal_bsp.a(alt_do_dtors.o)
 .debug_info    0x000058ca       0xa3 ../vram_test_bsp/\libhal_bsp.a(alt_errno.o)
 .debug_info    0x0000596d       0x90 ../vram_test_bsp/\libhal_bsp.a(alt_icache_flush_all.o)
 .debug_info    0x000059fd      0x4f0 ../vram_test_bsp/\libhal_bsp.a(alt_io_redirect.o)
 .debug_info    0x00005eed      0x3f0 ../vram_test_bsp/\libhal_bsp.a(alt_open.o)
 .debug_info    0x000062dd      0x2dd ../vram_test_bsp/\libhal_bsp.a(alt_release_fd.o)
 .debug_info    0x000065ba       0x90 ../vram_test_bsp/\libhal_bsp.a(altera_nios2_qsys_irq.o)
 .debug_info    0x0000664a      0x30d ../vram_test_bsp/\libhal_bsp.a(alt_find_dev.o)
 .debug_info    0x00006957      0x30c ../vram_test_bsp/\libhal_bsp.a(alt_find_file.o)
 .debug_info    0x00006c63      0x339 ../vram_test_bsp/\libhal_bsp.a(alt_get_fd.o)
 .debug_info    0x00006f9c       0xda ../vram_test_bsp/\libhal_bsp.a(alt_icache_flush.o)
 .debug_info    0x00007076      0x1eb c:/altera/13.1/nios2eds/bin/gnu/h-i686-mingw32/bin/../lib/gcc/nios2-elf/4.7.3/../../../../../H-i686-mingw32/nios2-elf/lib\libsmallc.a(lib_a-atexit.o)
 .debug_info    0x00007261       0xf8 c:/altera/13.1/nios2eds/bin/gnu/h-i686-mingw32/bin/../lib/gcc/nios2-elf/4.7.3/../../../../../H-i686-mingw32/nios2-elf/lib\libsmallc.a(lib_a-exit.o)
 .debug_info    0x00007359       0xf1 c:/altera/13.1/nios2eds/bin/gnu/h-i686-mingw32/bin/../lib/gcc/nios2-elf/4.7.3/../../../../../H-i686-mingw32/nios2-elf/lib\libsmallc.a(lib_a-memcmp.o)
 .debug_info    0x0000744a       0xc6 c:/altera/13.1/nios2eds/bin/gnu/h-i686-mingw32/bin/../lib/gcc/nios2-elf/4.7.3/../../../../../H-i686-mingw32/nios2-elf/lib\libsmallc.a(lib_a-strlen.o)
 .debug_info    0x00007510      0x6fc c:/altera/13.1/nios2eds/bin/gnu/h-i686-mingw32/bin/../lib/gcc/nios2-elf/4.7.3/../../../../../H-i686-mingw32/nios2-elf/lib\libsmallc.a(lib_a-__atexit.o)
 .debug_info    0x00007c0c      0x70e c:/altera/13.1/nios2eds/bin/gnu/h-i686-mingw32/bin/../lib/gcc/nios2-elf/4.7.3/../../../../../H-i686-mingw32/nios2-elf/lib\libsmallc.a(lib_a-__call_atexit.o)
 .debug_info    0x0000831a      0x289 c:/altera/13.1/nios2eds/bin/gnu/h-i686-mingw32/bin/../lib/gcc/nios2-elf/4.7.3\libgcc.a(lib2-divmod.o)
 .debug_info    0x000085a3       0xec ../vram_test_bsp/\libhal_bsp.a(alt_exit.o)

.debug_abbrev   0x00000000     0x2926
 *(.debug_abbrev)
 .debug_abbrev  0x00000000       0x12 ../vram_test_bsp//obj/HAL/src/crt0.o
 .debug_abbrev  0x00000012       0x14 obj/default/vram_test.o
 .debug_abbrev  0x00000026      0x1cd c:/altera/13.1/nios2eds/bin/gnu/h-i686-mingw32/bin/../lib/gcc/nios2-elf/4.7.3/../../../../../H-i686-mingw32/nios2-elf/lib\libsmallc.a(lib_a-rand.o)
 .debug_abbrev  0x000001f3      0x13b c:/altera/13.1/nios2eds/bin/gnu/h-i686-mingw32/bin/../lib/gcc/nios2-elf/4.7.3/../../../../../H-i686-mingw32/nios2-elf/lib\libsmallc.a(lib_a-impure.o)
 .debug_abbrev  0x0000032e      0x1b5 c:/altera/13.1/nios2eds/bin/gnu/h-i686-mingw32/bin/../lib/gcc/nios2-elf/4.7.3/../../../../../H-i686-mingw32/nios2-elf/lib\libsmallc.a(lib_a-malloc.o)
 .debug_abbrev  0x000004e3      0x24e c:/altera/13.1/nios2eds/bin/gnu/h-i686-mingw32/bin/../lib/gcc/nios2-elf/4.7.3/../../../../../H-i686-mingw32/nios2-elf/lib\libsmallc.a(lib_a-mallocr.o)
 .debug_abbrev  0x00000731      0x1b8 c:/altera/13.1/nios2eds/bin/gnu/h-i686-mingw32/bin/../lib/gcc/nios2-elf/4.7.3/../../../../../H-i686-mingw32/nios2-elf/lib\libsmallc.a(lib_a-sbrkr.o)
 .debug_abbrev  0x000008e9      0x227 c:/altera/13.1/nios2eds/bin/gnu/h-i686-mingw32/bin/../lib/gcc/nios2-elf/4.7.3/../../../../../H-i686-mingw32/nios2-elf/lib\libsmallc.a(lib_a-freer.o)
 .debug_abbrev  0x00000b10       0x37 c:/altera/13.1/nios2eds/bin/gnu/h-i686-mingw32/bin/../lib/gcc/nios2-elf/4.7.3/../../../../../H-i686-mingw32/nios2-elf/lib\libsmallc.a(lib_a-int_errno.o)
 .debug_abbrev  0x00000b47       0xe0 c:/altera/13.1/nios2eds/bin/gnu/h-i686-mingw32/bin/../lib/gcc/nios2-elf/4.7.3\libgcc.a(_muldi3.o)
 .debug_abbrev  0x00000c27       0x9d ../vram_test_bsp/\libhal_bsp.a(alt_load.o)
 .debug_abbrev  0x00000cc4       0xba ../vram_test_bsp/\libhal_bsp.a(alt_main.o)
 .debug_abbrev  0x00000d7e      0x187 ../vram_test_bsp/\libhal_bsp.a(alt_malloc_lock.o)
 .debug_abbrev  0x00000f05      0x112 ../vram_test_bsp/\libhal_bsp.a(alt_sbrk.o)
 .debug_abbrev  0x00001017       0x60 ../vram_test_bsp/\libhal_bsp.a(alt_usleep.o)
 .debug_abbrev  0x00001077      0x155 ../vram_test_bsp/\libhal_bsp.a(alt_sys_init.o)
 .debug_abbrev  0x000011cc       0xf7 ../vram_test_bsp/\libhal_bsp.a(altera_avalon_jtag_uart_fd.o)
 .debug_abbrev  0x000012c3       0xd5 ../vram_test_bsp/\libhal_bsp.a(altera_avalon_jtag_uart_read.o)
 .debug_abbrev  0x00001398       0xd5 ../vram_test_bsp/\libhal_bsp.a(altera_avalon_jtag_uart_write.o)
 .debug_abbrev  0x0000146d       0x7e ../vram_test_bsp/\libhal_bsp.a(alt_busy_sleep.o)
 .debug_abbrev  0x000014eb      0x11f ../vram_test_bsp/\libhal_bsp.a(alt_close.o)
 .debug_abbrev  0x0000160a       0x5a ../vram_test_bsp/\libhal_bsp.a(alt_dcache_flush_all.o)
 .debug_abbrev  0x00001664       0xd9 ../vram_test_bsp/\libhal_bsp.a(alt_dev.o)
 .debug_abbrev  0x0000173d      0x114 ../vram_test_bsp/\libhal_bsp.a(alt_dev_llist_insert.o)
 .debug_abbrev  0x00001851       0x79 ../vram_test_bsp/\libhal_bsp.a(alt_do_ctors.o)
 .debug_abbrev  0x000018ca       0x79 ../vram_test_bsp/\libhal_bsp.a(alt_do_dtors.o)
 .debug_abbrev  0x00001943       0x5a ../vram_test_bsp/\libhal_bsp.a(alt_errno.o)
 .debug_abbrev  0x0000199d       0x42 ../vram_test_bsp/\libhal_bsp.a(alt_icache_flush_all.o)
 .debug_abbrev  0x000019df      0x114 ../vram_test_bsp/\libhal_bsp.a(alt_io_redirect.o)
 .debug_abbrev  0x00001af3      0x148 ../vram_test_bsp/\libhal_bsp.a(alt_open.o)
 .debug_abbrev  0x00001c3b       0xde ../vram_test_bsp/\libhal_bsp.a(alt_release_fd.o)
 .debug_abbrev  0x00001d19       0x42 ../vram_test_bsp/\libhal_bsp.a(altera_nios2_qsys_irq.o)
 .debug_abbrev  0x00001d5b       0xf0 ../vram_test_bsp/\libhal_bsp.a(alt_find_dev.o)
 .debug_abbrev  0x00001e4b       0xf0 ../vram_test_bsp/\libhal_bsp.a(alt_find_file.o)
 .debug_abbrev  0x00001f3b      0x10d ../vram_test_bsp/\libhal_bsp.a(alt_get_fd.o)
 .debug_abbrev  0x00002048       0x8c ../vram_test_bsp/\libhal_bsp.a(alt_icache_flush.o)
 .debug_abbrev  0x000020d4      0x115 c:/altera/13.1/nios2eds/bin/gnu/h-i686-mingw32/bin/../lib/gcc/nios2-elf/4.7.3/../../../../../H-i686-mingw32/nios2-elf/lib\libsmallc.a(lib_a-atexit.o)
 .debug_abbrev  0x000021e9       0xa9 c:/altera/13.1/nios2eds/bin/gnu/h-i686-mingw32/bin/../lib/gcc/nios2-elf/4.7.3/../../../../../H-i686-mingw32/nios2-elf/lib\libsmallc.a(lib_a-exit.o)
 .debug_abbrev  0x00002292       0x7f c:/altera/13.1/nios2eds/bin/gnu/h-i686-mingw32/bin/../lib/gcc/nios2-elf/4.7.3/../../../../../H-i686-mingw32/nios2-elf/lib\libsmallc.a(lib_a-memcmp.o)
 .debug_abbrev  0x00002311       0x7f c:/altera/13.1/nios2eds/bin/gnu/h-i686-mingw32/bin/../lib/gcc/nios2-elf/4.7.3/../../../../../H-i686-mingw32/nios2-elf/lib\libsmallc.a(lib_a-strlen.o)
 .debug_abbrev  0x00002390      0x1f5 c:/altera/13.1/nios2eds/bin/gnu/h-i686-mingw32/bin/../lib/gcc/nios2-elf/4.7.3/../../../../../H-i686-mingw32/nios2-elf/lib\libsmallc.a(lib_a-__atexit.o)
 .debug_abbrev  0x00002585      0x1e9 c:/altera/13.1/nios2eds/bin/gnu/h-i686-mingw32/bin/../lib/gcc/nios2-elf/4.7.3/../../../../../H-i686-mingw32/nios2-elf/lib\libsmallc.a(lib_a-__call_atexit.o)
 .debug_abbrev  0x0000276e      0x112 c:/altera/13.1/nios2eds/bin/gnu/h-i686-mingw32/bin/../lib/gcc/nios2-elf/4.7.3\libgcc.a(lib2-divmod.o)
 .debug_abbrev  0x00002880       0xa6 ../vram_test_bsp/\libhal_bsp.a(alt_exit.o)

.debug_line     0x00000000     0x311d
 *(.debug_line)
 .debug_line    0x00000000       0x72 ../vram_test_bsp//obj/HAL/src/crt0.o
 .debug_line    0x00000072       0xba obj/default/vram_test.o
 .debug_line    0x0000012c      0x21e c:/altera/13.1/nios2eds/bin/gnu/h-i686-mingw32/bin/../lib/gcc/nios2-elf/4.7.3/../../../../../H-i686-mingw32/nios2-elf/lib\libsmallc.a(lib_a-rand.o)
 .debug_line    0x0000034a      0x169 c:/altera/13.1/nios2eds/bin/gnu/h-i686-mingw32/bin/../lib/gcc/nios2-elf/4.7.3/../../../../../H-i686-mingw32/nios2-elf/lib\libsmallc.a(lib_a-impure.o)
 .debug_line    0x000004b3      0x1fd c:/altera/13.1/nios2eds/bin/gnu/h-i686-mingw32/bin/../lib/gcc/nios2-elf/4.7.3/../../../../../H-i686-mingw32/nios2-elf/lib\libsmallc.a(lib_a-malloc.o)
 .debug_line    0x000006b0      0x417 c:/altera/13.1/nios2eds/bin/gnu/h-i686-mingw32/bin/../lib/gcc/nios2-elf/4.7.3/../../../../../H-i686-mingw32/nios2-elf/lib\libsmallc.a(lib_a-mallocr.o)
 .debug_line    0x00000ac7      0x208 c:/altera/13.1/nios2eds/bin/gnu/h-i686-mingw32/bin/../lib/gcc/nios2-elf/4.7.3/../../../../../H-i686-mingw32/nios2-elf/lib\libsmallc.a(lib_a-sbrkr.o)
 .debug_line    0x00000ccf      0x307 c:/altera/13.1/nios2eds/bin/gnu/h-i686-mingw32/bin/../lib/gcc/nios2-elf/4.7.3/../../../../../H-i686-mingw32/nios2-elf/lib\libsmallc.a(lib_a-freer.o)
 .debug_line    0x00000fd6       0x5d c:/altera/13.1/nios2eds/bin/gnu/h-i686-mingw32/bin/../lib/gcc/nios2-elf/4.7.3/../../../../../H-i686-mingw32/nios2-elf/lib\libsmallc.a(lib_a-int_errno.o)
 .debug_line    0x00001033       0x8b c:/altera/13.1/nios2eds/bin/gnu/h-i686-mingw32/bin/../lib/gcc/nios2-elf/4.7.3\libgcc.a(_muldi3.o)
 .debug_line    0x000010be       0x92 ../vram_test_bsp/\libhal_bsp.a(alt_load.o)
 .debug_line    0x00001150       0xa4 ../vram_test_bsp/\libhal_bsp.a(alt_main.o)
 .debug_line    0x000011f4      0x13f ../vram_test_bsp/\libhal_bsp.a(alt_malloc_lock.o)
 .debug_line    0x00001333      0x114 ../vram_test_bsp/\libhal_bsp.a(alt_sbrk.o)
 .debug_line    0x00001447       0xce ../vram_test_bsp/\libhal_bsp.a(alt_usleep.o)
 .debug_line    0x00001515      0x126 ../vram_test_bsp/\libhal_bsp.a(alt_sys_init.o)
 .debug_line    0x0000163b      0x114 ../vram_test_bsp/\libhal_bsp.a(altera_avalon_jtag_uart_fd.o)
 .debug_line    0x0000174f      0x101 ../vram_test_bsp/\libhal_bsp.a(altera_avalon_jtag_uart_read.o)
 .debug_line    0x00001850       0xf8 ../vram_test_bsp/\libhal_bsp.a(altera_avalon_jtag_uart_write.o)
 .debug_line    0x00001948       0xa0 ../vram_test_bsp/\libhal_bsp.a(alt_busy_sleep.o)
 .debug_line    0x000019e8      0x186 ../vram_test_bsp/\libhal_bsp.a(alt_close.o)
 .debug_line    0x00001b6e       0x61 ../vram_test_bsp/\libhal_bsp.a(alt_dcache_flush_all.o)
 .debug_line    0x00001bcf      0x119 ../vram_test_bsp/\libhal_bsp.a(alt_dev.o)
 .debug_line    0x00001ce8       0xd0 ../vram_test_bsp/\libhal_bsp.a(alt_dev_llist_insert.o)
 .debug_line    0x00001db8       0x59 ../vram_test_bsp/\libhal_bsp.a(alt_do_ctors.o)
 .debug_line    0x00001e11       0x59 ../vram_test_bsp/\libhal_bsp.a(alt_do_dtors.o)
 .debug_line    0x00001e6a       0x51 ../vram_test_bsp/\libhal_bsp.a(alt_errno.o)
 .debug_line    0x00001ebb       0x50 ../vram_test_bsp/\libhal_bsp.a(alt_icache_flush_all.o)
 .debug_line    0x00001f0b      0x154 ../vram_test_bsp/\libhal_bsp.a(alt_io_redirect.o)
 .debug_line    0x0000205f      0x125 ../vram_test_bsp/\libhal_bsp.a(alt_open.o)
 .debug_line    0x00002184       0xae ../vram_test_bsp/\libhal_bsp.a(alt_release_fd.o)
 .debug_line    0x00002232       0x51 ../vram_test_bsp/\libhal_bsp.a(altera_nios2_qsys_irq.o)
 .debug_line    0x00002283       0xb9 ../vram_test_bsp/\libhal_bsp.a(alt_find_dev.o)
 .debug_line    0x0000233c       0xd5 ../vram_test_bsp/\libhal_bsp.a(alt_find_file.o)
 .debug_line    0x00002411       0xd1 ../vram_test_bsp/\libhal_bsp.a(alt_get_fd.o)
 .debug_line    0x000024e2       0x81 ../vram_test_bsp/\libhal_bsp.a(alt_icache_flush.o)
 .debug_line    0x00002563      0x16d c:/altera/13.1/nios2eds/bin/gnu/h-i686-mingw32/bin/../lib/gcc/nios2-elf/4.7.3/../../../../../H-i686-mingw32/nios2-elf/lib\libsmallc.a(lib_a-atexit.o)
 .debug_line    0x000026d0      0x16d c:/altera/13.1/nios2eds/bin/gnu/h-i686-mingw32/bin/../lib/gcc/nios2-elf/4.7.3/../../../../../H-i686-mingw32/nios2-elf/lib\libsmallc.a(lib_a-exit.o)
 .debug_line    0x0000283d      0x17c c:/altera/13.1/nios2eds/bin/gnu/h-i686-mingw32/bin/../lib/gcc/nios2-elf/4.7.3/../../../../../H-i686-mingw32/nios2-elf/lib\libsmallc.a(lib_a-memcmp.o)
 .debug_line    0x000029b9      0x171 c:/altera/13.1/nios2eds/bin/gnu/h-i686-mingw32/bin/../lib/gcc/nios2-elf/4.7.3/../../../../../H-i686-mingw32/nios2-elf/lib\libsmallc.a(lib_a-strlen.o)
 .debug_line    0x00002b2a      0x24b c:/altera/13.1/nios2eds/bin/gnu/h-i686-mingw32/bin/../lib/gcc/nios2-elf/4.7.3/../../../../../H-i686-mingw32/nios2-elf/lib\libsmallc.a(lib_a-__atexit.o)
 .debug_line    0x00002d75      0x264 c:/altera/13.1/nios2eds/bin/gnu/h-i686-mingw32/bin/../lib/gcc/nios2-elf/4.7.3/../../../../../H-i686-mingw32/nios2-elf/lib\libsmallc.a(lib_a-__call_atexit.o)
 .debug_line    0x00002fd9       0xd3 c:/altera/13.1/nios2eds/bin/gnu/h-i686-mingw32/bin/../lib/gcc/nios2-elf/4.7.3\libgcc.a(lib2-divmod.o)
 .debug_line    0x000030ac       0x71 ../vram_test_bsp/\libhal_bsp.a(alt_exit.o)

.debug_frame    0x00000000      0x840
 *(.debug_frame)
 .debug_frame   0x00000000       0x50 c:/altera/13.1/nios2eds/bin/gnu/h-i686-mingw32/bin/../lib/gcc/nios2-elf/4.7.3/../../../../../H-i686-mingw32/nios2-elf/lib\libsmallc.a(lib_a-rand.o)
 .debug_frame   0x00000050       0x30 c:/altera/13.1/nios2eds/bin/gnu/h-i686-mingw32/bin/../lib/gcc/nios2-elf/4.7.3/../../../../../H-i686-mingw32/nios2-elf/lib\libsmallc.a(lib_a-malloc.o)
 .debug_frame   0x00000080       0x38 c:/altera/13.1/nios2eds/bin/gnu/h-i686-mingw32/bin/../lib/gcc/nios2-elf/4.7.3/../../../../../H-i686-mingw32/nios2-elf/lib\libsmallc.a(lib_a-mallocr.o)
 .debug_frame   0x000000b8       0x2c c:/altera/13.1/nios2eds/bin/gnu/h-i686-mingw32/bin/../lib/gcc/nios2-elf/4.7.3/../../../../../H-i686-mingw32/nios2-elf/lib\libsmallc.a(lib_a-sbrkr.o)
 .debug_frame   0x000000e4       0x4c c:/altera/13.1/nios2eds/bin/gnu/h-i686-mingw32/bin/../lib/gcc/nios2-elf/4.7.3/../../../../../H-i686-mingw32/nios2-elf/lib\libsmallc.a(lib_a-freer.o)
 .debug_frame   0x00000130       0x20 c:/altera/13.1/nios2eds/bin/gnu/h-i686-mingw32/bin/../lib/gcc/nios2-elf/4.7.3\libgcc.a(_muldi3.o)
 .debug_frame   0x00000150       0x48 ../vram_test_bsp/\libhal_bsp.a(alt_load.o)
 .debug_frame   0x00000198       0x2c ../vram_test_bsp/\libhal_bsp.a(alt_main.o)
 .debug_frame   0x000001c4       0x48 ../vram_test_bsp/\libhal_bsp.a(alt_malloc_lock.o)
 .debug_frame   0x0000020c       0x2c ../vram_test_bsp/\libhal_bsp.a(alt_sbrk.o)
 .debug_frame   0x00000238       0x2c ../vram_test_bsp/\libhal_bsp.a(alt_usleep.o)
 .debug_frame   0x00000264       0x64 ../vram_test_bsp/\libhal_bsp.a(alt_sys_init.o)
 .debug_frame   0x000002c8       0x48 ../vram_test_bsp/\libhal_bsp.a(altera_avalon_jtag_uart_fd.o)
 .debug_frame   0x00000310       0x2c ../vram_test_bsp/\libhal_bsp.a(altera_avalon_jtag_uart_read.o)
 .debug_frame   0x0000033c       0x2c ../vram_test_bsp/\libhal_bsp.a(altera_avalon_jtag_uart_write.o)
 .debug_frame   0x00000368       0x2c ../vram_test_bsp/\libhal_bsp.a(alt_busy_sleep.o)
 .debug_frame   0x00000394       0x48 ../vram_test_bsp/\libhal_bsp.a(alt_close.o)
 .debug_frame   0x000003dc       0x2c ../vram_test_bsp/\libhal_bsp.a(alt_dcache_flush_all.o)
 .debug_frame   0x00000408       0x2c ../vram_test_bsp/\libhal_bsp.a(alt_dev.o)
 .debug_frame   0x00000434       0x48 ../vram_test_bsp/\libhal_bsp.a(alt_dev_llist_insert.o)
 .debug_frame   0x0000047c       0x2c ../vram_test_bsp/\libhal_bsp.a(alt_do_ctors.o)
 .debug_frame   0x000004a8       0x2c ../vram_test_bsp/\libhal_bsp.a(alt_do_dtors.o)
 .debug_frame   0x000004d4       0x2c ../vram_test_bsp/\libhal_bsp.a(alt_icache_flush_all.o)
 .debug_frame   0x00000500       0x48 ../vram_test_bsp/\libhal_bsp.a(alt_io_redirect.o)
 .debug_frame   0x00000548       0x64 ../vram_test_bsp/\libhal_bsp.a(alt_open.o)
 .debug_frame   0x000005ac       0x2c ../vram_test_bsp/\libhal_bsp.a(alt_release_fd.o)
 .debug_frame   0x000005d8       0x2c ../vram_test_bsp/\libhal_bsp.a(altera_nios2_qsys_irq.o)
 .debug_frame   0x00000604       0x2c ../vram_test_bsp/\libhal_bsp.a(alt_find_dev.o)
 .debug_frame   0x00000630       0x2c ../vram_test_bsp/\libhal_bsp.a(alt_find_file.o)
 .debug_frame   0x0000065c       0x2c ../vram_test_bsp/\libhal_bsp.a(alt_get_fd.o)
 .debug_frame   0x00000688       0x2c ../vram_test_bsp/\libhal_bsp.a(alt_icache_flush.o)
 .debug_frame   0x000006b4       0x20 c:/altera/13.1/nios2eds/bin/gnu/h-i686-mingw32/bin/../lib/gcc/nios2-elf/4.7.3/../../../../../H-i686-mingw32/nios2-elf/lib\libsmallc.a(lib_a-atexit.o)
 .debug_frame   0x000006d4       0x28 c:/altera/13.1/nios2eds/bin/gnu/h-i686-mingw32/bin/../lib/gcc/nios2-elf/4.7.3/../../../../../H-i686-mingw32/nios2-elf/lib\libsmallc.a(lib_a-exit.o)
 .debug_frame   0x000006fc       0x20 c:/altera/13.1/nios2eds/bin/gnu/h-i686-mingw32/bin/../lib/gcc/nios2-elf/4.7.3/../../../../../H-i686-mingw32/nios2-elf/lib\libsmallc.a(lib_a-memcmp.o)
 .debug_frame   0x0000071c       0x20 c:/altera/13.1/nios2eds/bin/gnu/h-i686-mingw32/bin/../lib/gcc/nios2-elf/4.7.3/../../../../../H-i686-mingw32/nios2-elf/lib\libsmallc.a(lib_a-strlen.o)
 .debug_frame   0x0000073c       0x30 c:/altera/13.1/nios2eds/bin/gnu/h-i686-mingw32/bin/../lib/gcc/nios2-elf/4.7.3/../../../../../H-i686-mingw32/nios2-elf/lib\libsmallc.a(lib_a-__atexit.o)
 .debug_frame   0x0000076c       0x38 c:/altera/13.1/nios2eds/bin/gnu/h-i686-mingw32/bin/../lib/gcc/nios2-elf/4.7.3/../../../../../H-i686-mingw32/nios2-elf/lib\libsmallc.a(lib_a-__call_atexit.o)
 .debug_frame   0x000007a4       0x70 c:/altera/13.1/nios2eds/bin/gnu/h-i686-mingw32/bin/../lib/gcc/nios2-elf/4.7.3\libgcc.a(lib2-divmod.o)
 .debug_frame   0x00000814       0x2c ../vram_test_bsp/\libhal_bsp.a(alt_exit.o)

.debug_str      0x00000000     0x1694
 *(.debug_str)
 .debug_str     0x00000000      0x3db c:/altera/13.1/nios2eds/bin/gnu/h-i686-mingw32/bin/../lib/gcc/nios2-elf/4.7.3/../../../../../H-i686-mingw32/nios2-elf/lib\libsmallc.a(lib_a-rand.o)
                                0x45a (size before relaxing)
 .debug_str     0x000003db       0xed c:/altera/13.1/nios2eds/bin/gnu/h-i686-mingw32/bin/../lib/gcc/nios2-elf/4.7.3/../../../../../H-i686-mingw32/nios2-elf/lib\libsmallc.a(lib_a-impure.o)
                                0x45b (size before relaxing)
 .debug_str     0x000004c8       0x5e c:/altera/13.1/nios2eds/bin/gnu/h-i686-mingw32/bin/../lib/gcc/nios2-elf/4.7.3/../../../../../H-i686-mingw32/nios2-elf/lib\libsmallc.a(lib_a-malloc.o)
                                0x46f (size before relaxing)
 .debug_str     0x00000526      0x22e c:/altera/13.1/nios2eds/bin/gnu/h-i686-mingw32/bin/../lib/gcc/nios2-elf/4.7.3/../../../../../H-i686-mingw32/nios2-elf/lib\libsmallc.a(lib_a-mallocr.o)
                                0x66a (size before relaxing)
 .debug_str     0x00000754       0x43 c:/altera/13.1/nios2eds/bin/gnu/h-i686-mingw32/bin/../lib/gcc/nios2-elf/4.7.3/../../../../../H-i686-mingw32/nios2-elf/lib\libsmallc.a(lib_a-sbrkr.o)
                                0x451 (size before relaxing)
 .debug_str     0x00000797       0x34 c:/altera/13.1/nios2eds/bin/gnu/h-i686-mingw32/bin/../lib/gcc/nios2-elf/4.7.3/../../../../../H-i686-mingw32/nios2-elf/lib\libsmallc.a(lib_a-freer.o)
                                0x5b4 (size before relaxing)
 .debug_str     0x000007cb       0x3d c:/altera/13.1/nios2eds/bin/gnu/h-i686-mingw32/bin/../lib/gcc/nios2-elf/4.7.3/../../../../../H-i686-mingw32/nios2-elf/lib\libsmallc.a(lib_a-int_errno.o)
                                0x175 (size before relaxing)
 .debug_str     0x00000808      0x119 c:/altera/13.1/nios2eds/bin/gnu/h-i686-mingw32/bin/../lib/gcc/nios2-elf/4.7.3\libgcc.a(_muldi3.o)
                                0x1a2 (size before relaxing)
 .debug_str     0x00000921      0x12f ../vram_test_bsp/\libhal_bsp.a(alt_load.o)
                                0x1cd (size before relaxing)
 .debug_str     0x00000a50       0x70 ../vram_test_bsp/\libhal_bsp.a(alt_main.o)
                                0x158 (size before relaxing)
 .debug_str     0x00000ac0      0x10f ../vram_test_bsp/\libhal_bsp.a(alt_malloc_lock.o)
                                0x4a9 (size before relaxing)
 .debug_str     0x00000bcf       0x98 ../vram_test_bsp/\libhal_bsp.a(alt_sbrk.o)
                                0x18f (size before relaxing)
 .debug_str     0x00000c67       0x27 ../vram_test_bsp/\libhal_bsp.a(alt_usleep.o)
                                0x103 (size before relaxing)
 .debug_str     0x00000c8e      0x14c ../vram_test_bsp/\libhal_bsp.a(alt_sys_init.o)
                                0x288 (size before relaxing)
 .debug_str     0x00000dda       0x77 ../vram_test_bsp/\libhal_bsp.a(altera_avalon_jtag_uart_fd.o)
                                0x290 (size before relaxing)
 .debug_str     0x00000e51       0x48 ../vram_test_bsp/\libhal_bsp.a(altera_avalon_jtag_uart_read.o)
                                0x1da (size before relaxing)
 .debug_str     0x00000e99       0x4a ../vram_test_bsp/\libhal_bsp.a(altera_avalon_jtag_uart_write.o)
                                0x1d0 (size before relaxing)
 .debug_str     0x00000ee3       0x42 ../vram_test_bsp/\libhal_bsp.a(alt_busy_sleep.o)
                                0x126 (size before relaxing)
 .debug_str     0x00000f25       0x44 ../vram_test_bsp/\libhal_bsp.a(alt_close.o)
                                0x1c6 (size before relaxing)
 .debug_str     0x00000f69       0x34 ../vram_test_bsp/\libhal_bsp.a(alt_dcache_flush_all.o)
                                0x110 (size before relaxing)
 .debug_str     0x00000f9d      0x120 ../vram_test_bsp/\libhal_bsp.a(alt_dev.o)
                                0x2c0 (size before relaxing)
 .debug_str     0x000010bd       0x4b ../vram_test_bsp/\libhal_bsp.a(alt_dev_llist_insert.o)
                                0x187 (size before relaxing)
 .debug_str     0x00001108       0x48 ../vram_test_bsp/\libhal_bsp.a(alt_do_ctors.o)
                                 0x97 (size before relaxing)
 .debug_str     0x00001150       0x4c ../vram_test_bsp/\libhal_bsp.a(alt_do_dtors.o)
                                 0x96 (size before relaxing)
 .debug_str     0x0000119c       0x14 ../vram_test_bsp/\libhal_bsp.a(alt_errno.o)
                                0x100 (size before relaxing)
 .debug_str     0x000011b0       0x34 ../vram_test_bsp/\libhal_bsp.a(alt_icache_flush_all.o)
                                0x110 (size before relaxing)
 .debug_str     0x000011e4       0x56 ../vram_test_bsp/\libhal_bsp.a(alt_io_redirect.o)
                                0x2d1 (size before relaxing)
 .debug_str     0x0000123a       0x30 ../vram_test_bsp/\libhal_bsp.a(alt_open.o)
                                0x206 (size before relaxing)
 .debug_str     0x0000126a       0x28 ../vram_test_bsp/\libhal_bsp.a(alt_release_fd.o)
                                0x19a (size before relaxing)
 .debug_str     0x00001292       0x3b ../vram_test_bsp/\libhal_bsp.a(altera_nios2_qsys_irq.o)
                                0x117 (size before relaxing)
 .debug_str     0x000012cd       0x24 ../vram_test_bsp/\libhal_bsp.a(alt_find_dev.o)
                                0x1a7 (size before relaxing)
 .debug_str     0x000012f1       0x26 ../vram_test_bsp/\libhal_bsp.a(alt_find_file.o)
                                0x1b5 (size before relaxing)
 .debug_str     0x00001317       0x30 ../vram_test_bsp/\libhal_bsp.a(alt_get_fd.o)
                                0x1d7 (size before relaxing)
 .debug_str     0x00001347       0x2c ../vram_test_bsp/\libhal_bsp.a(alt_icache_flush.o)
                                0x116 (size before relaxing)
 .debug_str     0x00001373       0x7f c:/altera/13.1/nios2eds/bin/gnu/h-i686-mingw32/bin/../lib/gcc/nios2-elf/4.7.3/../../../../../H-i686-mingw32/nios2-elf/lib\libsmallc.a(lib_a-atexit.o)
                                0x227 (size before relaxing)
 .debug_str     0x000013f2       0x4a c:/altera/13.1/nios2eds/bin/gnu/h-i686-mingw32/bin/../lib/gcc/nios2-elf/4.7.3/../../../../../H-i686-mingw32/nios2-elf/lib\libsmallc.a(lib_a-exit.o)
                                0x18d (size before relaxing)
 .debug_str     0x0000143c       0xd7 c:/altera/13.1/nios2eds/bin/gnu/h-i686-mingw32/bin/../lib/gcc/nios2-elf/4.7.3/../../../../../H-i686-mingw32/nios2-elf/lib\libsmallc.a(lib_a-memcmp.o)
                                0x17c (size before relaxing)
 .debug_str     0x00001513       0x42 c:/altera/13.1/nios2eds/bin/gnu/h-i686-mingw32/bin/../lib/gcc/nios2-elf/4.7.3/../../../../../H-i686-mingw32/nios2-elf/lib\libsmallc.a(lib_a-strlen.o)
                                0x182 (size before relaxing)
 .debug_str     0x00001555       0x3d c:/altera/13.1/nios2eds/bin/gnu/h-i686-mingw32/bin/../lib/gcc/nios2-elf/4.7.3/../../../../../H-i686-mingw32/nios2-elf/lib\libsmallc.a(lib_a-__atexit.o)
                                0x4a8 (size before relaxing)
 .debug_str     0x00001592       0x5c c:/altera/13.1/nios2eds/bin/gnu/h-i686-mingw32/bin/../lib/gcc/nios2-elf/4.7.3/../../../../../H-i686-mingw32/nios2-elf/lib\libsmallc.a(lib_a-__call_atexit.o)
                                0x486 (size before relaxing)
 .debug_str     0x000015ee       0x7c c:/altera/13.1/nios2eds/bin/gnu/h-i686-mingw32/bin/../lib/gcc/nios2-elf/4.7.3\libgcc.a(lib2-divmod.o)
                                0x15b (size before relaxing)
 .debug_str     0x0000166a       0x2a ../vram_test_bsp/\libhal_bsp.a(alt_exit.o)
                                0x10c (size before relaxing)

.debug_loc      0x00000000     0x229c
 *(.debug_loc)
 .debug_loc     0x00000000       0xba c:/altera/13.1/nios2eds/bin/gnu/h-i686-mingw32/bin/../lib/gcc/nios2-elf/4.7.3/../../../../../H-i686-mingw32/nios2-elf/lib\libsmallc.a(lib_a-rand.o)
 .debug_loc     0x000000ba       0x58 c:/altera/13.1/nios2eds/bin/gnu/h-i686-mingw32/bin/../lib/gcc/nios2-elf/4.7.3/../../../../../H-i686-mingw32/nios2-elf/lib\libsmallc.a(lib_a-malloc.o)
 .debug_loc     0x00000112      0xb4a c:/altera/13.1/nios2eds/bin/gnu/h-i686-mingw32/bin/../lib/gcc/nios2-elf/4.7.3/../../../../../H-i686-mingw32/nios2-elf/lib\libsmallc.a(lib_a-mallocr.o)
 .debug_loc     0x00000c5c       0x86 c:/altera/13.1/nios2eds/bin/gnu/h-i686-mingw32/bin/../lib/gcc/nios2-elf/4.7.3/../../../../../H-i686-mingw32/nios2-elf/lib\libsmallc.a(lib_a-sbrkr.o)
 .debug_loc     0x00000ce2      0x667 c:/altera/13.1/nios2eds/bin/gnu/h-i686-mingw32/bin/../lib/gcc/nios2-elf/4.7.3/../../../../../H-i686-mingw32/nios2-elf/lib\libsmallc.a(lib_a-freer.o)
 .debug_loc     0x00001349      0x15d c:/altera/13.1/nios2eds/bin/gnu/h-i686-mingw32/bin/../lib/gcc/nios2-elf/4.7.3\libgcc.a(_muldi3.o)
 .debug_loc     0x000014a6       0x58 ../vram_test_bsp/\libhal_bsp.a(alt_load.o)
 .debug_loc     0x000014fe       0x2c ../vram_test_bsp/\libhal_bsp.a(alt_main.o)
 .debug_loc     0x0000152a       0x58 ../vram_test_bsp/\libhal_bsp.a(alt_malloc_lock.o)
 .debug_loc     0x00001582       0x2c ../vram_test_bsp/\libhal_bsp.a(alt_sbrk.o)
 .debug_loc     0x000015ae       0x2c ../vram_test_bsp/\libhal_bsp.a(alt_usleep.o)
 .debug_loc     0x000015da       0x84 ../vram_test_bsp/\libhal_bsp.a(alt_sys_init.o)
 .debug_loc     0x0000165e       0x58 ../vram_test_bsp/\libhal_bsp.a(altera_avalon_jtag_uart_fd.o)
 .debug_loc     0x000016b6       0x2c ../vram_test_bsp/\libhal_bsp.a(altera_avalon_jtag_uart_read.o)
 .debug_loc     0x000016e2       0x2c ../vram_test_bsp/\libhal_bsp.a(altera_avalon_jtag_uart_write.o)
 .debug_loc     0x0000170e       0x2c ../vram_test_bsp/\libhal_bsp.a(alt_busy_sleep.o)
 .debug_loc     0x0000173a       0x58 ../vram_test_bsp/\libhal_bsp.a(alt_close.o)
 .debug_loc     0x00001792       0x2c ../vram_test_bsp/\libhal_bsp.a(alt_dcache_flush_all.o)
 .debug_loc     0x000017be       0x2c ../vram_test_bsp/\libhal_bsp.a(alt_dev.o)
 .debug_loc     0x000017ea       0x58 ../vram_test_bsp/\libhal_bsp.a(alt_dev_llist_insert.o)
 .debug_loc     0x00001842       0x2c ../vram_test_bsp/\libhal_bsp.a(alt_do_ctors.o)
 .debug_loc     0x0000186e       0x2c ../vram_test_bsp/\libhal_bsp.a(alt_do_dtors.o)
 .debug_loc     0x0000189a       0x2c ../vram_test_bsp/\libhal_bsp.a(alt_icache_flush_all.o)
 .debug_loc     0x000018c6       0x58 ../vram_test_bsp/\libhal_bsp.a(alt_io_redirect.o)
 .debug_loc     0x0000191e       0x84 ../vram_test_bsp/\libhal_bsp.a(alt_open.o)
 .debug_loc     0x000019a2       0x2c ../vram_test_bsp/\libhal_bsp.a(alt_release_fd.o)
 .debug_loc     0x000019ce       0x2c ../vram_test_bsp/\libhal_bsp.a(altera_nios2_qsys_irq.o)
 .debug_loc     0x000019fa       0x2c ../vram_test_bsp/\libhal_bsp.a(alt_find_dev.o)
 .debug_loc     0x00001a26       0x2c ../vram_test_bsp/\libhal_bsp.a(alt_find_file.o)
 .debug_loc     0x00001a52       0x2c ../vram_test_bsp/\libhal_bsp.a(alt_get_fd.o)
 .debug_loc     0x00001a7e       0x2c ../vram_test_bsp/\libhal_bsp.a(alt_icache_flush.o)
 .debug_loc     0x00001aaa       0x2c c:/altera/13.1/nios2eds/bin/gnu/h-i686-mingw32/bin/../lib/gcc/nios2-elf/4.7.3/../../../../../H-i686-mingw32/nios2-elf/lib\libsmallc.a(lib_a-atexit.o)
 .debug_loc     0x00001ad6       0x3e c:/altera/13.1/nios2eds/bin/gnu/h-i686-mingw32/bin/../lib/gcc/nios2-elf/4.7.3/../../../../../H-i686-mingw32/nios2-elf/lib\libsmallc.a(lib_a-exit.o)
 .debug_loc     0x00001b14       0x6f c:/altera/13.1/nios2eds/bin/gnu/h-i686-mingw32/bin/../lib/gcc/nios2-elf/4.7.3/../../../../../H-i686-mingw32/nios2-elf/lib\libsmallc.a(lib_a-memcmp.o)
 .debug_loc     0x00001b83       0x29 c:/altera/13.1/nios2eds/bin/gnu/h-i686-mingw32/bin/../lib/gcc/nios2-elf/4.7.3/../../../../../H-i686-mingw32/nios2-elf/lib\libsmallc.a(lib_a-strlen.o)
 .debug_loc     0x00001bac      0x1f4 c:/altera/13.1/nios2eds/bin/gnu/h-i686-mingw32/bin/../lib/gcc/nios2-elf/4.7.3/../../../../../H-i686-mingw32/nios2-elf/lib\libsmallc.a(lib_a-__atexit.o)
 .debug_loc     0x00001da0      0x198 c:/altera/13.1/nios2eds/bin/gnu/h-i686-mingw32/bin/../lib/gcc/nios2-elf/4.7.3/../../../../../H-i686-mingw32/nios2-elf/lib\libsmallc.a(lib_a-__call_atexit.o)
 .debug_loc     0x00001f38      0x338 c:/altera/13.1/nios2eds/bin/gnu/h-i686-mingw32/bin/../lib/gcc/nios2-elf/4.7.3\libgcc.a(lib2-divmod.o)
 .debug_loc     0x00002270       0x2c ../vram_test_bsp/\libhal_bsp.a(alt_exit.o)

.debug_macinfo
 *(.debug_macinfo)

.debug_weaknames
 *(.debug_weaknames)

.debug_funcnames
 *(.debug_funcnames)

.debug_typenames
 *(.debug_typenames)

.debug_varnames
 *(.debug_varnames)

.debug_alt_sim_info
                0x00000000       0x60
 *(.debug_alt_sim_info)
 .debug_alt_sim_info
                0x00000000       0x30 ../vram_test_bsp//obj/HAL/src/crt0.o
 .debug_alt_sim_info
                0x00000030       0x30 ../vram_test_bsp/\libhal_bsp.a(alt_busy_sleep.o)
                0x00340000                __alt_data_end = 0x340000
                0x00340000                PROVIDE (__alt_stack_pointer, __alt_data_end)
                0x003245d0                PROVIDE (__alt_stack_limit, __alt_stack_base)
                0x003245d0                PROVIDE (__alt_heap_start, end)
                0x00340000                PROVIDE (__alt_heap_limit, 0x340000)
OUTPUT(vram_test.elf elf32-littlenios2)

.debug_ranges   0x00000000      0x178
 .debug_ranges  0x00000000       0x20 ../vram_test_bsp//obj/HAL/src/crt0.o
 .debug_ranges  0x00000020       0x88 c:/altera/13.1/nios2eds/bin/gnu/h-i686-mingw32/bin/../lib/gcc/nios2-elf/4.7.3/../../../../../H-i686-mingw32/nios2-elf/lib\libsmallc.a(lib_a-rand.o)
 .debug_ranges  0x000000a8       0x70 c:/altera/13.1/nios2eds/bin/gnu/h-i686-mingw32/bin/../lib/gcc/nios2-elf/4.7.3/../../../../../H-i686-mingw32/nios2-elf/lib\libsmallc.a(lib_a-mallocr.o)
 .debug_ranges  0x00000118       0x30 c:/altera/13.1/nios2eds/bin/gnu/h-i686-mingw32/bin/../lib/gcc/nios2-elf/4.7.3\libgcc.a(_muldi3.o)
 .debug_ranges  0x00000148       0x18 ../vram_test_bsp/\libhal_bsp.a(altera_avalon_jtag_uart_read.o)
 .debug_ranges  0x00000160       0x18 c:/altera/13.1/nios2eds/bin/gnu/h-i686-mingw32/bin/../lib/gcc/nios2-elf/4.7.3/../../../../../H-i686-mingw32/nios2-elf/lib\libsmallc.a(lib_a-__call_atexit.o)
