Archive member included because of file (symbol)

c:/altera/13.1/nios2eds/bin/gnu/h-i686-mingw32/bin/../lib/gcc/nios2-elf/4.7.3/mno-hw-mul\libgcc.a(_si_to_sf.o)
                              obj/default/menuact.o (__floatsisf)
c:/altera/13.1/nios2eds/bin/gnu/h-i686-mingw32/bin/../lib/gcc/nios2-elf/4.7.3/mno-hw-mul\libgcc.a(_sf_to_si.o)
                              obj/default/menuact.o (__fixsfsi)
c:/altera/13.1/nios2eds/bin/gnu/h-i686-mingw32/bin/../lib/gcc/nios2-elf/4.7.3/mno-hw-mul\libgcc.a(lib2-divmod.o)
                              obj/default/menuact.o (__divsi3)
c:/altera/13.1/nios2eds/bin/gnu/h-i686-mingw32/bin/../lib/gcc/nios2-elf/4.7.3/mno-hw-mul\libgcc.a(lib2-mul.o)
                              obj/default/lcdout.o (__mulsi3)
c:/altera/13.1/nios2eds/bin/gnu/h-i686-mingw32/bin/../lib/gcc/nios2-elf/4.7.3/mno-hw-mul\libgcc.a(_clzsi2.o)
                              c:/altera/13.1/nios2eds/bin/gnu/h-i686-mingw32/bin/../lib/gcc/nios2-elf/4.7.3/mno-hw-mul\libgcc.a(_si_to_sf.o) (__clzsi2)
c:/altera/13.1/nios2eds/bin/gnu/h-i686-mingw32/bin/../lib/gcc/nios2-elf/4.7.3/mno-hw-mul\libgcc.a(_pack_sf.o)
                              c:/altera/13.1/nios2eds/bin/gnu/h-i686-mingw32/bin/../lib/gcc/nios2-elf/4.7.3/mno-hw-mul\libgcc.a(_si_to_sf.o) (__pack_f)
c:/altera/13.1/nios2eds/bin/gnu/h-i686-mingw32/bin/../lib/gcc/nios2-elf/4.7.3/mno-hw-mul\libgcc.a(_unpack_sf.o)
                              c:/altera/13.1/nios2eds/bin/gnu/h-i686-mingw32/bin/../lib/gcc/nios2-elf/4.7.3/mno-hw-mul\libgcc.a(_sf_to_si.o) (__unpack_f)
c:/altera/13.1/nios2eds/bin/gnu/h-i686-mingw32/bin/../lib/gcc/nios2-elf/4.7.3/mno-hw-mul\libgcc.a(_clz.o)
                              c:/altera/13.1/nios2eds/bin/gnu/h-i686-mingw32/bin/../lib/gcc/nios2-elf/4.7.3/mno-hw-mul\libgcc.a(_clzsi2.o) (__clz_tab)
C:/Users/tago/Dropbox/OUT/EE52/software/sopc_scope_1st_bsp/\libhal_bsp.a(alt_iic.o)
                              obj/default/keys.o (alt_ic_isr_register)
C:/Users/tago/Dropbox/OUT/EE52/software/sopc_scope_1st_bsp/\libhal_bsp.a(alt_iic_isr_register.o)
                              C:/Users/tago/Dropbox/OUT/EE52/software/sopc_scope_1st_bsp/\libhal_bsp.a(alt_iic.o) (alt_iic_isr_register)
C:/Users/tago/Dropbox/OUT/EE52/software/sopc_scope_1st_bsp/\libhal_bsp.a(alt_irq_entry.o)
                              C:/Users/tago/Dropbox/OUT/EE52/software/sopc_scope_1st_bsp/\libhal_bsp.a(alt_iic_isr_register.o) (alt_irq_entry)
C:/Users/tago/Dropbox/OUT/EE52/software/sopc_scope_1st_bsp/\libhal_bsp.a(alt_irq_handler.o)
                              C:/Users/tago/Dropbox/OUT/EE52/software/sopc_scope_1st_bsp/\libhal_bsp.a(alt_iic_isr_register.o) (alt_irq)
C:/Users/tago/Dropbox/OUT/EE52/software/sopc_scope_1st_bsp/\libhal_bsp.a(alt_irq_vars.o)
                              C:/Users/tago/Dropbox/OUT/EE52/software/sopc_scope_1st_bsp/\libhal_bsp.a(alt_iic.o) (alt_irq_active)
C:/Users/tago/Dropbox/OUT/EE52/software/sopc_scope_1st_bsp/\libhal_bsp.a(alt_load.o)
                              C:/Users/tago/Dropbox/OUT/EE52/software/sopc_scope_1st_bsp//obj/HAL/src/crt0.o (alt_load)
C:/Users/tago/Dropbox/OUT/EE52/software/sopc_scope_1st_bsp/\libhal_bsp.a(alt_main.o)
                              C:/Users/tago/Dropbox/OUT/EE52/software/sopc_scope_1st_bsp//obj/HAL/src/crt0.o (alt_main)
C:/Users/tago/Dropbox/OUT/EE52/software/sopc_scope_1st_bsp/\libhal_bsp.a(alt_sys_init.o)
                              C:/Users/tago/Dropbox/OUT/EE52/software/sopc_scope_1st_bsp/\libhal_bsp.a(alt_main.o) (alt_irq_init)
C:/Users/tago/Dropbox/OUT/EE52/software/sopc_scope_1st_bsp/\libhal_bsp.a(altera_avalon_jtag_uart_fd.o)
                              C:/Users/tago/Dropbox/OUT/EE52/software/sopc_scope_1st_bsp/\libhal_bsp.a(alt_sys_init.o) (altera_avalon_jtag_uart_read_fd)
C:/Users/tago/Dropbox/OUT/EE52/software/sopc_scope_1st_bsp/\libhal_bsp.a(altera_avalon_jtag_uart_init.o)
                              C:/Users/tago/Dropbox/OUT/EE52/software/sopc_scope_1st_bsp/\libhal_bsp.a(alt_sys_init.o) (altera_avalon_jtag_uart_init)
C:/Users/tago/Dropbox/OUT/EE52/software/sopc_scope_1st_bsp/\libhal_bsp.a(altera_avalon_jtag_uart_ioctl.o)
                              C:/Users/tago/Dropbox/OUT/EE52/software/sopc_scope_1st_bsp/\libhal_bsp.a(altera_avalon_jtag_uart_fd.o) (altera_avalon_jtag_uart_ioctl)
C:/Users/tago/Dropbox/OUT/EE52/software/sopc_scope_1st_bsp/\libhal_bsp.a(altera_avalon_jtag_uart_read.o)
                              C:/Users/tago/Dropbox/OUT/EE52/software/sopc_scope_1st_bsp/\libhal_bsp.a(altera_avalon_jtag_uart_fd.o) (altera_avalon_jtag_uart_read)
C:/Users/tago/Dropbox/OUT/EE52/software/sopc_scope_1st_bsp/\libhal_bsp.a(altera_avalon_jtag_uart_write.o)
                              C:/Users/tago/Dropbox/OUT/EE52/software/sopc_scope_1st_bsp/\libhal_bsp.a(altera_avalon_jtag_uart_fd.o) (altera_avalon_jtag_uart_write)
C:/Users/tago/Dropbox/OUT/EE52/software/sopc_scope_1st_bsp/\libhal_bsp.a(alt_alarm_start.o)
[...]
Memory Configuration

Name             Origin             Length             Attributes
vram             0x00000000         0x00100000
reset            0x00180000         0x00000020
rom              0x00180020         0x0007ffe0
ram              0x00220000         0x00020000
*default*        0x00000000         0xffffffff

Linker script and memory map

LOAD C:/Users/tago/Dropbox/OUT/EE52/software/sopc_scope_1st_bsp//obj/HAL/src/crt0.o
LOAD obj/default/char57.o
LOAD obj/default/keyproc.o
LOAD obj/default/lcdout.o
LOAD obj/default/mainloop.o
LOAD obj/default/menu.o
LOAD obj/default/menuact.o
LOAD obj/default/testcode.o
LOAD obj/default/tracutil.o
LOAD obj/default/display.o
LOAD obj/default/keys.o
LOAD obj/default/trigger.o
LOAD c:/altera/13.1/nios2eds/bin/gnu/h-i686-mingw32/bin/../lib/gcc/nios2-elf/4.7.3/../../../../../H-i686-mingw32/nios2-elf/lib/mno-hw-mul\libstdc++.a
LOAD c:/altera/13.1/nios2eds/bin/gnu/h-i686-mingw32/bin/../lib/gcc/nios2-elf/4.7.3/../../../../../H-i686-mingw32/nios2-elf/lib/mno-hw-mul\libm.a
LOAD c:/altera/13.1/nios2eds/bin/gnu/h-i686-mingw32/bin/../lib/gcc/nios2-elf/4.7.3/mno-hw-mul\libgcc.a
START GROUP
LOAD c:/altera/13.1/nios2eds/bin/gnu/h-i686-mingw32/bin/../lib/gcc/nios2-elf/4.7.3/../../../../../H-i686-mingw32/nios2-elf/lib/mno-hw-mul\libc.a
LOAD c:/altera/13.1/nios2eds/bin/gnu/h-i686-mingw32/bin/../lib/gcc/nios2-elf/4.7.3/mno-hw-mul\libgcc.a
LOAD C:/Users/tago/Dropbox/OUT/EE52/software/sopc_scope_1st_bsp/\libhal_bsp.a
END GROUP
LOAD c:/altera/13.1/nios2eds/bin/gnu/h-i686-mingw32/bin/../lib/gcc/nios2-elf/4.7.3/mno-hw-mul\libgcc.a
                0x00000000                __alt_mem_vram = 0x0
                0x00180000                __alt_mem_rom = 0x180000
                0x00220000                __alt_mem_ram = 0x220000

.entry          0x00180000       0x20
 *(.entry)
 .entry         0x00180000       0x20 C:/Users/tago/Dropbox/OUT/EE52/software/sopc_scope_1st_bsp//obj/HAL/src/crt0.o
                0x00180000                __reset

.exceptions     0x00180020      0x198
                0x00180020                PROVIDE (__ram_exceptions_start, ABSOLUTE (.))
                0x00180020                . = ALIGN (0x20)
 *(.irq)
 *(.exceptions.entry.label)
 .exceptions.entry.label
                0x00180020        0x0 C:/Users/tago/Dropbox/OUT/EE52/software/sopc_scope_1st_bsp/\libhal_bsp.a(alt_irq_entry.o)
                0x00180020                alt_irq_entry
 .exceptions.entry.label
                0x00180020        0x0 C:/Users/tago/Dropbox/OUT/EE52/software/sopc_scope_1st_bsp/\libhal_bsp.a(alt_exception_entry.o)
                0x00180020                alt_exception
 *(.exceptions.entry.user)
 *(.exceptions.entry.ecc_fatal)
 *(.exceptions.entry)
 .exceptions.entry
                0x00180020       0x54 C:/Users/tago/Dropbox/OUT/EE52/software/sopc_scope_1st_bsp/\libhal_bsp.a(alt_exception_entry.o)
 *(.exceptions.irqtest.user)
 *(.exceptions.irqtest)
 .exceptions.irqtest
                0x00180074       0x10 C:/Users/tago/Dropbox/OUT/EE52/software/sopc_scope_1st_bsp/\libhal_bsp.a(alt_irq_entry.o)
 *(.exceptions.irqhandler.user)
 *(.exceptions.irqhandler)
 .exceptions.irqhandler
                0x00180084        0x4 C:/Users/tago/Dropbox/OUT/EE52/software/sopc_scope_1st_bsp/\libhal_bsp.a(alt_irq_entry.o)
 *(.exceptions.irqreturn.user)
 *(.exceptions.irqreturn)
 .exceptions.irqreturn
                0x00180088        0x4 C:/Users/tago/Dropbox/OUT/EE52/software/sopc_scope_1st_bsp/\libhal_bsp.a(alt_irq_entry.o)
 *(.exceptions.notirq.label)
 .exceptions.notirq.label
                0x0018008c        0x0 C:/Users/tago/Dropbox/OUT/EE52/software/sopc_scope_1st_bsp/\libhal_bsp.a(alt_irq_entry.o)
 *(.exceptions.notirq.user)
 *(.exceptions.notirq)
 .exceptions.notirq
                0x0018008c        0x8 C:/Users/tago/Dropbox/OUT/EE52/software/sopc_scope_1st_bsp/\libhal_bsp.a(alt_exception_entry.o)
 *(.exceptions.soft.user)
 *(.exceptions.soft)
 *(.exceptions.unknown.user)
 *(.exceptions.unknown)
 .exceptions.unknown
                0x00180094        0x4 C:/Users/tago/Dropbox/OUT/EE52/software/sopc_scope_1st_bsp/\libhal_bsp.a(alt_exception_entry.o)
 *(.exceptions.exit.label)
 .exceptions.exit.label
                0x00180098        0x0 C:/Users/tago/Dropbox/OUT/EE52/software/sopc_scope_1st_bsp/\libhal_bsp.a(alt_irq_entry.o)
 .exceptions.exit.label
                0x00180098        0x0 C:/Users/tago/Dropbox/OUT/EE52/software/sopc_scope_1st_bsp/\libhal_bsp.a(alt_exception_entry.o)
 *(.exceptions.exit.user)
 *(.exceptions.exit)
 .exceptions.exit
                0x00180098       0x54 C:/Users/tago/Dropbox/OUT/EE52/software/sopc_scope_1st_bsp/\libhal_bsp.a(alt_exception_entry.o)
 *(.exceptions)
 .exceptions    0x001800ec       0xcc C:/Users/tago/Dropbox/OUT/EE52/software/sopc_scope_1st_bsp/\libhal_bsp.a(alt_irq_handler.o)
                0x001800ec                alt_irq_handler
                0x001801b8                PROVIDE (__ram_exceptions_end, ABSOLUTE (.))
                0x00180020                PROVIDE (__flash_exceptions_start, LOADADDR (.exceptions))

.text           0x001801b8     0x556c
                0x001801b8                PROVIDE (stext, ABSOLUTE (.))
 *(.interp)
 *(.hash)
 *(.dynsym)
 *(.dynstr)
 *(.gnu.version)
 *(.gnu.version_d)
 *(.gnu.version_r)
 *(.rel.init)
 *(.rela.init)
 *(.rel.text .rel.text.* .rel.gnu.linkonce.t.*)
 *(.rela.text .rela.text.* .rela.gnu.linkonce.t.*)
 *(.rel.fini)
 *(.rela.fini)
 *(.rel.rodata .rel.rodata.* .rel.gnu.linkonce.r.*)
 *(.rela.rodata .rela.rodata.* .rela.gnu.linkonce.r.*)
 *(.rel.data .rel.data.* .rel.gnu.linkonce.d.*)
 *(.rela.data .rela.data.* .rela.gnu.linkonce.d.*)
 *(.rel.tdata .rel.tdata.* .rel.gnu.linkonce.td.*)
 *(.rela.tdata .rela.tdata.* .rela.gnu.linkonce.td.*)
 *(.rel.tbss .rel.tbss.* .rel.gnu.linkonce.tb.*)
 *(.rela.tbss .rela.tbss.* .rela.gnu.linkonce.tb.*)
 *(.rel.ctors)
 *(.rela.ctors)
 *(.rel.dtors)
 *(.rela.dtors)
 *(.rel.got)
 *(.rela.got)
 *(.rel.sdata .rel.sdata.* .rel.gnu.linkonce.s.*)
 *(.rela.sdata .rela.sdata.* .rela.gnu.linkonce.s.*)
 *(.rel.sbss .rel.sbss.* .rel.gnu.linkonce.sb.*)
 *(.rela.sbss .rela.sbss.* .rela.gnu.linkonce.sb.*)
 *(.rel.sdata2 .rel.sdata2.* .rel.gnu.linkonce.s2.*)
 *(.rela.sdata2 .rela.sdata2.* .rela.gnu.linkonce.s2.*)
 *(.rel.sbss2 .rel.sbss2.* .rel.gnu.linkonce.sb2.*)
 *(.rela.sbss2 .rela.sbss2.* .rela.gnu.linkonce.sb2.*)
 *(.rel.bss .rel.bss.* .rel.gnu.linkonce.b.*)
 *(.rela.bss .rela.bss.* .rela.gnu.linkonce.b.*)
 *(.rel.plt)
 *(.rela.plt)
 *(.rel.dyn)
 *(.init)
 *(.plt)
 *(.text .stub .text.* .gnu.linkonce.t.*)
 .text          0x001801b8       0x3c C:/Users/tago/Dropbox/OUT/EE52/software/sopc_scope_1st_bsp//obj/HAL/src/crt0.o
                0x001801b8                _start
 .text          0x001801f4        0x0 obj/default/char57.o
 .text          0x001801f4      0x134 obj/default/keyproc.o
                0x001801f4                no_action
                0x00180218                menu_key
                0x00180268                menu_up
                0x00180298                menu_down
                0x001802c8                menu_left
                0x001802f8                menu_right
 .text          0x00180328      0x43c obj/default/lcdout.o
                0x00180328                clear_region
                0x001803d0                plot_hline
                0x00180480                plot_vline
                0x00180530                plot_char
                0x001806cc                plot_string
 .text          0x00180764      0x138 obj/default/mainloop.o
                0x00180764                main
 .text          0x0018089c      0x4b8 obj/default/menu.o
                0x0018089c                init_menu
                0x00180900                clear_menu
                0x00180938                display_menu
                0x001809b8                refresh_menu
                0x001809f0                reset_menu
                0x00180a4c                next_entry
                0x00180abc                previous_entry
                0x00180b28                menu_entry_left
                0x00180bc8                menu_entry_right
 .text          0x00180d54      0xd24 obj/default/menuact.o
                0x00180d54                no_menu_action
                0x00180d74                no_display
                0x00180da0                set_trigger_mode
                0x00180de0                get_trigger_mode
                0x00180e00                mode_down
                0x00180e64                mode_up
                0x00180ec8                display_mode
                0x00180f30                set_scale
                0x00180f70                scale_down
                0x00180fd4                scale_up
                0x00181038                display_scale
                0x001810a0                set_sweep
                0x00181100                sweep_down
                0x00181180                sweep_up
                0x00181204                display_sweep
                0x0018126c                set_trg_level
                0x001812b4                trg_level_down
                0x00181304                trg_level_up
                0x00181358                display_trg_level
                0x00181400                set_trg_slope
                0x00181448                trg_slope_toggle
                0x0018149c                display_trg_slope
                0x00181500                set_trg_delay
                0x00181540                trg_delay_down
                0x00181588                trg_delay_up
                0x001816a8                display_trg_delay
 .text          0x00181a78      0x12c obj/default/testcode.o
                0x00181a78                get_test_sample
 .text          0x00181ba4      0xfbc obj/default/tracutil.o
                0x00181ba4                init_trace
                0x00181c08                set_mode
                0x00181c40                is_sampling
                0x00181c60                trace_rdy
                0x00181c98                trace_done
                0x00181cd8                trace_rearm
                0x00181d00                set_trace_size
                0x00181d2c                set_display_scale
                0x00182130                clear_saved_areas
                0x00182300                restore_menu_trace
                0x00182414                set_save_area
                0x001824ec                restore_trace
                0x0018260c                do_trace
                0x00182654                plot_trace
 .text          0x00182b60       0xe4 obj/default/display.o
                0x00182b60                clear_display
                0x00182b9c                clear_trace_old
                0x00182bf4                plot_pixel
                0x00182c1c                pixel_color
 .text          0x00182c44      0x10c obj/default/keys.o
                0x00182c44                keys_init
                0x00182c9c                keys_handler
                0x00182d28                getkey
                0x00182d40                key_available
 .text          0x00182d50      0x2a8 obj/default/trigger.o
                0x00182d50                set_sample_rate
                0x00182da0                set_trigger
                0x00182df0                set_delay
                0x00182e1c                start_sample
                0x00182e64                sample_done
                0x00182f0c                sample_handler
                0x00182f40                trigger_init
 .text          0x00182ff8       0xa4 c:/altera/13.1/nios2eds/bin/gnu/h-i686-mingw32/bin/../lib/gcc/nios2-elf/4.7.3/mno-hw-mul\libgcc.a(_si_to_sf.o)
                0x00182ff8                __floatsisf
 .text          0x0018309c       0xa4 c:/altera/13.1/nios2eds/bin/gnu/h-i686-mingw32/bin/../lib/gcc/nios2-elf/4.7.3/mno-hw-mul\libgcc.a(_sf_to_si.o)
                0x0018309c                __fixsfsi
 .text          0x00183140      0x130 c:/altera/13.1/nios2eds/bin/gnu/h-i686-mingw32/bin/../lib/gcc/nios2-elf/4.7.3/mno-hw-mul\libgcc.a(lib2-divmod.o)
                0x001831b4                __divsi3
                0x00183204                __modsi3
                0x00183260                __udivsi3
                0x00183268                __umodsi3
 .text          0x00183270       0x28 c:/altera/13.1/nios2eds/bin/gnu/h-i686-mingw32/bin/../lib/gcc/nios2-elf/4.7.3/mno-hw-mul\libgcc.a(lib2-mul.o)
                0x00183270                __mulsi3
 .text          0x00183298       0xac c:/altera/13.1/nios2eds/bin/gnu/h-i686-mingw32/bin/../lib/gcc/nios2-elf/4.7.3/mno-hw-mul\libgcc.a(_clzsi2.o)
                0x00183298                __clzsi2
 .text          0x00183344      0x12c c:/altera/13.1/nios2eds/bin/gnu/h-i686-mingw32/bin/../lib/gcc/nios2-elf/4.7.3/mno-hw-mul\libgcc.a(_pack_sf.o)
                0x00183344                __pack_f
 .text          0x00183470       0xc8 c:/altera/13.1/nios2eds/bin/gnu/h-i686-mingw32/bin/../lib/gcc/nios2-elf/4.7.3/mno-hw-mul\libgcc.a(_unpack_sf.o)
                0x00183470                __unpack_f
 .text          0x00183538        0x0 c:/altera/13.1/nios2eds/bin/gnu/h-i686-mingw32/bin/../lib/gcc/nios2-elf/4.7.3/mno-hw-mul\libgcc.a(_clz.o)
 .text          0x00183538      0x1d8 C:/Users/tago/Dropbox/OUT/EE52/software/sopc_scope_1st_bsp/\libhal_bsp.a(alt_iic.o)
                0x00183538                alt_ic_isr_register
                0x00183588                alt_ic_irq_enable
                0x00183624                alt_ic_irq_disable
                0x001836c4                alt_ic_irq_enabled
 .text          0x00183710       0xf0 C:/Users/tago/Dropbox/OUT/EE52/software/sopc_scope_1st_bsp/\libhal_bsp.a(alt_iic_isr_register.o)
                0x00183710                alt_iic_isr_register
 .text          0x00183800        0x0 C:/Users/tago/Dropbox/OUT/EE52/software/sopc_scope_1st_bsp/\libhal_bsp.a(alt_irq_entry.o)
 .text          0x00183800        0x0 C:/Users/tago/Dropbox/OUT/EE52/software/sopc_scope_1st_bsp/\libhal_bsp.a(alt_irq_handler.o)
 .text          0x00183800        0x0 C:/Users/tago/Dropbox/OUT/EE52/software/sopc_scope_1st_bsp/\libhal_bsp.a(alt_irq_vars.o)
 .text          0x00183800       0xec C:/Users/tago/Dropbox/OUT/EE52/software/sopc_scope_1st_bsp/\libhal_bsp.a(alt_load.o)
                0x0018386c                alt_load
 .text          0x001838ec       0x78 C:/Users/tago/Dropbox/OUT/EE52/software/sopc_scope_1st_bsp/\libhal_bsp.a(alt_main.o)
                0x001838ec                alt_main
 .text          0x00183964       0xb0 C:/Users/tago/Dropbox/OUT/EE52/software/sopc_scope_1st_bsp/\libhal_bsp.a(alt_sys_init.o)
                0x0018399c                alt_irq_init
                0x001839d0                alt_sys_init
 .text          0x00183a14      0x164 C:/Users/tago/Dropbox/OUT/EE52/software/sopc_scope_1st_bsp/\libhal_bsp.a(altera_avalon_jtag_uart_fd.o)
                0x00183a14                altera_avalon_jtag_uart_read_fd
                0x00183a74                altera_avalon_jtag_uart_write_fd
                0x00183ad4                altera_avalon_jtag_uart_close_fd
                0x00183b24                altera_avalon_jtag_uart_ioctl_fd
 .text          0x00183b78      0x3d0 C:/Users/tago/Dropbox/OUT/EE52/software/sopc_scope_1st_bsp/\libhal_bsp.a(altera_avalon_jtag_uart_init.o)
                0x00183b78                altera_avalon_jtag_uart_init
                0x00183ee0                altera_avalon_jtag_uart_close
 .text          0x00183f48       0xf4 C:/Users/tago/Dropbox/OUT/EE52/software/sopc_scope_1st_bsp/\libhal_bsp.a(altera_avalon_jtag_uart_ioctl.o)
                0x00183f48                altera_avalon_jtag_uart_ioctl
 .text          0x0018403c      0x218 C:/Users/tago/Dropbox/OUT/EE52/software/sopc_scope_1st_bsp/\libhal_bsp.a(altera_avalon_jtag_uart_read.o)
                0x0018403c                altera_avalon_jtag_uart_read
 .text          0x00184254      0x224 C:/Users/tago/Dropbox/OUT/EE52/software/sopc_scope_1st_bsp/\libhal_bsp.a(altera_avalon_jtag_uart_write.o)
                0x00184254                altera_avalon_jtag_uart_write
 .text          0x00184478      0x140 C:/Users/tago/Dropbox/OUT/EE52/software/sopc_scope_1st_bsp/\libhal_bsp.a(alt_alarm_start.o)
                0x00184478                alt_alarm_start
 .text          0x001845b8      0x11c C:/Users/tago/Dropbox/OUT/EE52/software/sopc_scope_1st_bsp/\libhal_bsp.a(alt_close.o)
                0x00184608                close
 .text          0x001846d4       0x1c C:/Users/tago/Dropbox/OUT/EE52/software/sopc_scope_1st_bsp/\libhal_bsp.a(alt_dcache_flush_all.o)
                0x001846d4                alt_dcache_flush_all
 .text          0x001846f0       0x2c C:/Users/tago/Dropbox/OUT/EE52/software/sopc_scope_1st_bsp/\libhal_bsp.a(alt_dev.o)
 .text          0x0018471c       0xf0 C:/Users/tago/Dropbox/OUT/EE52/software/sopc_scope_1st_bsp/\libhal_bsp.a(alt_dev_llist_insert.o)
                0x0018476c                alt_dev_llist_insert
 .text          0x0018480c       0x5c C:/Users/tago/Dropbox/OUT/EE52/software/sopc_scope_1st_bsp/\libhal_bsp.a(alt_do_ctors.o)
                0x0018480c                _do_ctors
 .text          0x00184868       0x5c C:/Users/tago/Dropbox/OUT/EE52/software/sopc_scope_1st_bsp/\libhal_bsp.a(alt_do_dtors.o)
                0x00184868                _do_dtors
 .text          0x001848c4        0x0 C:/Users/tago/Dropbox/OUT/EE52/software/sopc_scope_1st_bsp/\libhal_bsp.a(alt_errno.o)
 .text          0x001848c4        0x0 C:/Users/tago/Dropbox/OUT/EE52/software/sopc_scope_1st_bsp/\libhal_bsp.a(alt_exception_entry.o)
 .text          0x001848c4       0x1c C:/Users/tago/Dropbox/OUT/EE52/software/sopc_scope_1st_bsp/\libhal_bsp.a(alt_icache_flush_all.o)
                0x001848c4                alt_icache_flush_all
 .text          0x001848e0      0x158 C:/Users/tago/Dropbox/OUT/EE52/software/sopc_scope_1st_bsp/\libhal_bsp.a(alt_io_redirect.o)
                0x001849c0                alt_io_redirect
 .text          0x00184a38      0x298 C:/Users/tago/Dropbox/OUT/EE52/software/sopc_scope_1st_bsp/\libhal_bsp.a(alt_open.o)
                0x00184b78                open
 .text          0x00184cd0       0x80 C:/Users/tago/Dropbox/OUT/EE52/software/sopc_scope_1st_bsp/\libhal_bsp.a(alt_release_fd.o)
                0x00184cd0                alt_release_fd
 .text          0x00184d50      0x19c C:/Users/tago/Dropbox/OUT/EE52/software/sopc_scope_1st_bsp/\libhal_bsp.a(alt_tick.o)
                0x00184d50                alt_alarm_stop
                0x00184de8                alt_tick
 .text          0x00184eec       0x20 C:/Users/tago/Dropbox/OUT/EE52/software/sopc_scope_1st_bsp/\libhal_bsp.a(altera_nios2_qsys_irq.o)
                0x00184eec                altera_nios2_qsys_irq_init
 .text          0x00184f0c       0x90 C:/Users/tago/Dropbox/OUT/EE52/software/sopc_scope_1st_bsp/\libhal_bsp.a(alt_find_dev.o)
                0x00184f0c                alt_find_dev
 .text          0x00184f9c      0x114 C:/Users/tago/Dropbox/OUT/EE52/software/sopc_scope_1st_bsp/\libhal_bsp.a(alt_find_file.o)
                0x00184f9c                alt_find_file
 .text          0x001850b0       0xd4 C:/Users/tago/Dropbox/OUT/EE52/software/sopc_scope_1st_bsp/\libhal_bsp.a(alt_get_fd.o)
                0x001850b0                alt_get_fd
 .text          0x00185184       0x14 c:/altera/13.1/nios2eds/bin/gnu/h-i686-mingw32/bin/../lib/gcc/nios2-elf/4.7.3/../../../../../H-i686-mingw32/nios2-elf/lib/mno-hw-mul\libc.a(lib_a-atexit.o)
                0x00185184                atexit
 .text          0x00185198       0x38 c:/altera/13.1/nios2eds/bin/gnu/h-i686-mingw32/bin/../lib/gcc/nios2-elf/4.7.3/../../../../../H-i686-mingw32/nios2-elf/lib/mno-hw-mul\libc.a(lib_a-exit.o)
                0x00185198                exit
 .text          0x001851d0        0x0 c:/altera/13.1/nios2eds/bin/gnu/h-i686-mingw32/bin/../lib/gcc/nios2-elf/4.7.3/../../../../../H-i686-mingw32/nios2-elf/lib/mno-hw-mul\libc.a(lib_a-impure.o)
 .text          0x001851d0        0x0 c:/altera/13.1/nios2eds/bin/gnu/h-i686-mingw32/bin/../lib/gcc/nios2-elf/4.7.3/../../../../../H-i686-mingw32/nios2-elf/lib/mno-hw-mul\libc.a(lib_a-int_errno.o)
 .text          0x001851d0       0x7c c:/altera/13.1/nios2eds/bin/gnu/h-i686-mingw32/bin/../lib/gcc/nios2-elf/4.7.3/../../../../../H-i686-mingw32/nios2-elf/lib/mno-hw-mul\libc.a(lib_a-memcmp.o)
                0x001851d0                memcmp
 .text          0x0018524c      0x140 c:/altera/13.1/nios2eds/bin/gnu/h-i686-mingw32/bin/../lib/gcc/nios2-elf/4.7.3/../../../../../H-i686-mingw32/nios2-elf/lib/mno-hw-mul\libc.a(lib_a-memcpy.o)
                0x0018524c                memcpy
 .text          0x0018538c       0x8c c:/altera/13.1/nios2eds/bin/gnu/h-i686-mingw32/bin/../lib/gcc/nios2-elf/4.7.3/../../../../../H-i686-mingw32/nios2-elf/lib/mno-hw-mul\libc.a(lib_a-strlen.o)
                0x0018538c                strlen
 .text          0x00185418      0x130 c:/altera/13.1/nios2eds/bin/gnu/h-i686-mingw32/bin/../lib/gcc/nios2-elf/4.7.3/../../../../../H-i686-mingw32/nios2-elf/lib/mno-hw-mul\libc.a(lib_a-__atexit.o)
                0x00185418                __register_exitproc
 .text          0x00185548      0x1a0 c:/altera/13.1/nios2eds/bin/gnu/h-i686-mingw32/bin/../lib/gcc/nios2-elf/4.7.3/../../../../../H-i686-mingw32/nios2-elf/lib/mno-hw-mul\libc.a(lib_a-__call_atexit.o)
                0x00185548                __call_exitprocs
 .text          0x001856e8       0x3c C:/Users/tago/Dropbox/OUT/EE52/software/sopc_scope_1st_bsp/\libhal_bsp.a(alt_exit.o)
                0x001856e8                _exit
 *(.gnu.warning.*)
 *(.fini)
                0x00185724                PROVIDE (__etext, ABSOLUTE (.))
                0x00185724                PROVIDE (_etext, ABSOLUTE (.))
                0x00185724                PROVIDE (etext, ABSOLUTE (.))
 *(.eh_frame_hdr)
                0x00185724                . = ALIGN (0x4)
                0x00185724                PROVIDE (__preinit_array_start, ABSOLUTE (.))
 *(.preinit_array)
                0x00185724                PROVIDE (__preinit_array_end, ABSOLUTE (.))
                0x00185724                PROVIDE (__init_array_start, ABSOLUTE (.))
 *(.init_array)
                0x00185724                PROVIDE (__init_array_end, ABSOLUTE (.))
                0x00185724                PROVIDE (__fini_array_start, ABSOLUTE (.))
 *(.fini_array)
                0x00185724                PROVIDE (__fini_array_end, ABSOLUTE (.))
 *(.eh_frame)
 *(.gcc_except_table .gcc_except_table.*)
 *(.dynamic)
                0x00185724                PROVIDE (__CTOR_LIST__, ABSOLUTE (.))
 *(.ctors)
 *(SORT(.ctors.*))
                0x00185724                PROVIDE (__CTOR_END__, ABSOLUTE (.))
                0x00185724                PROVIDE (__DTOR_LIST__, ABSOLUTE (.))
 *(.dtors)
 *(SORT(.dtors.*))
                0x00185724                PROVIDE (__DTOR_END__, ABSOLUTE (.))
 *(.jcr)
                0x00185724                . = ALIGN (0x4)

.rodata         0x00185724      0x940
                0x00185724                PROVIDE (__ram_rodata_start, ABSOLUTE (.))
                0x00185724                . = ALIGN (0x4)
 *(.rodata .rodata.* .gnu.linkonce.r.*)
 .rodata        0x00185724      0x380 obj/default/char57.o
                0x00185724                char_patterns
 .rodata        0x00185aa4       0x5c obj/default/mainloop.o
 .rodata        0x00185b00       0xe0 obj/default/menu.o
 .rodata        0x00185be0      0x17c obj/default/menuact.o
 .rodata        0x00185d5c      0x1e0 obj/default/testcode.o
 .rodata        0x00185f3c      0x100 c:/altera/13.1/nios2eds/bin/gnu/h-i686-mingw32/bin/../lib/gcc/nios2-elf/4.7.3/mno-hw-mul\libgcc.a(_clz.o)
                0x00185f3c                __clz_tab
 .rodata        0x0018603c        0xc C:/Users/tago/Dropbox/OUT/EE52/software/sopc_scope_1st_bsp/\libhal_bsp.a(alt_main.o)
 .rodata        0x00186048        0xc C:/Users/tago/Dropbox/OUT/EE52/software/sopc_scope_1st_bsp/\libhal_bsp.a(alt_sys_init.o)
 .rodata        0x00186054        0xc C:/Users/tago/Dropbox/OUT/EE52/software/sopc_scope_1st_bsp/\libhal_bsp.a(alt_dev.o)
 .rodata.str1.4
                0x00186060        0x4 c:/altera/13.1/nios2eds/bin/gnu/h-i686-mingw32/bin/../lib/gcc/nios2-elf/4.7.3/../../../../../H-i686-mingw32/nios2-elf/lib/mno-hw-mul\libc.a(lib_a-impure.o)
 *(.rodata1)
                0x00186064                . = ALIGN (0x4)
                0x00186064                PROVIDE (__ram_rodata_end, ABSOLUTE (.))
                0x00185724                PROVIDE (__flash_rodata_start, LOADADDR (.rodata))

.rwdata         0x00220000     0x1840 load address 0x00186064
                0x00220000                PROVIDE (__ram_rwdata_start, ABSOLUTE (.))
                0x00220000                . = ALIGN (0x4)
 *(.got.plt)
 *(.got)
 *(.data1)
 *(.data .data.* .gnu.linkonce.d.*)
 .data          0x00220000        0x0 C:/Users/tago/Dropbox/OUT/EE52/software/sopc_scope_1st_bsp//obj/HAL/src/crt0.o
 .data          0x00220000        0x0 obj/default/char57.o
 .data          0x00220000        0x0 obj/default/keyproc.o
 .data          0x00220000        0x0 obj/default/lcdout.o
 .data          0x00220000        0x0 obj/default/mainloop.o
 .data          0x00220000        0x0 obj/default/menu.o
 .data          0x00220000        0x0 obj/default/menuact.o
 .data          0x00220000        0x0 obj/default/testcode.o
 .data          0x00220000        0x0 obj/default/tracutil.o
 .data          0x00220000        0x0 obj/default/display.o
 .data          0x00220000        0x1 obj/default/keys.o
 .data          0x00220001      0x201 obj/default/trigger.o
 .data          0x00220202        0x0 c:/altera/13.1/nios2eds/bin/gnu/h-i686-mingw32/bin/../lib/gcc/nios2-elf/4.7.3/mno-hw-mul\libgcc.a(_si_to_sf.o)
 .data          0x00220202        0x0 c:/altera/13.1/nios2eds/bin/gnu/h-i686-mingw32/bin/../lib/gcc/nios2-elf/4.7.3/mno-hw-mul\libgcc.a(_sf_to_si.o)
 .data          0x00220202        0x0 c:/altera/13.1/nios2eds/bin/gnu/h-i686-mingw32/bin/../lib/gcc/nios2-elf/4.7.3/mno-hw-mul\libgcc.a(lib2-divmod.o)
 .data          0x00220202        0x0 c:/altera/13.1/nios2eds/bin/gnu/h-i686-mingw32/bin/../lib/gcc/nios2-elf/4.7.3/mno-hw-mul\libgcc.a(lib2-mul.o)
 .data          0x00220202        0x0 c:/altera/13.1/nios2eds/bin/gnu/h-i686-mingw32/bin/../lib/gcc/nios2-elf/4.7.3/mno-hw-mul\libgcc.a(_clzsi2.o)
 .data          0x00220202        0x0 c:/altera/13.1/nios2eds/bin/gnu/h-i686-mingw32/bin/../lib/gcc/nios2-elf/4.7.3/mno-hw-mul\libgcc.a(_pack_sf.o)
 .data          0x00220202        0x0 c:/altera/13.1/nios2eds/bin/gnu/h-i686-mingw32/bin/../lib/gcc/nios2-elf/4.7.3/mno-hw-mul\libgcc.a(_unpack_sf.o)
 .data          0x00220202        0x0 c:/altera/13.1/nios2eds/bin/gnu/h-i686-mingw32/bin/../lib/gcc/nios2-elf/4.7.3/mno-hw-mul\libgcc.a(_clz.o)
 .data          0x00220202        0x0 C:/Users/tago/Dropbox/OUT/EE52/software/sopc_scope_1st_bsp/\libhal_bsp.a(alt_iic.o)
 .data          0x00220202        0x0 C:/Users/tago/Dropbox/OUT/EE52/software/sopc_scope_1st_bsp/\libhal_bsp.a(alt_iic_isr_register.o)
 .data          0x00220202        0x0 C:/Users/tago/Dropbox/OUT/EE52/software/sopc_scope_1st_bsp/\libhal_bsp.a(alt_irq_entry.o)
 .data          0x00220202        0x0 C:/Users/tago/Dropbox/OUT/EE52/software/sopc_scope_1st_bsp/\libhal_bsp.a(alt_irq_handler.o)
 .data          0x00220202        0x0 C:/Users/tago/Dropbox/OUT/EE52/software/sopc_scope_1st_bsp/\libhal_bsp.a(alt_irq_vars.o)
 .data          0x00220202        0x0 C:/Users/tago/Dropbox/OUT/EE52/software/sopc_scope_1st_bsp/\libhal_bsp.a(alt_load.o)
 .data          0x00220202        0x0 C:/Users/tago/Dropbox/OUT/EE52/software/sopc_scope_1st_bsp/\libhal_bsp.a(alt_main.o)
 *fill*         0x00220202        0x2 
 .data          0x00220204     0x1060 C:/Users/tago/Dropbox/OUT/EE52/software/sopc_scope_1st_bsp/\libhal_bsp.a(alt_sys_init.o)
 .data          0x00221264        0x0 C:/Users/tago/Dropbox/OUT/EE52/software/sopc_scope_1st_bsp/\libhal_bsp.a(altera_avalon_jtag_uart_fd.o)
 .data          0x00221264        0x0 C:/Users/tago/Dropbox/OUT/EE52/software/sopc_scope_1st_bsp/\libhal_bsp.a(altera_avalon_jtag_uart_init.o)
 .data          0x00221264        0x0 C:/Users/tago/Dropbox/OUT/EE52/software/sopc_scope_1st_bsp/\libhal_bsp.a(altera_avalon_jtag_uart_ioctl.o)
 .data          0x00221264        0x0 C:/Users/tago/Dropbox/OUT/EE52/software/sopc_scope_1st_bsp/\libhal_bsp.a(altera_avalon_jtag_uart_read.o)
 .data          0x00221264        0x0 C:/Users/tago/Dropbox/OUT/EE52/software/sopc_scope_1st_bsp/\libhal_bsp.a(altera_avalon_jtag_uart_write.o)
 .data          0x00221264        0x0 C:/Users/tago/Dropbox/OUT/EE52/software/sopc_scope_1st_bsp/\libhal_bsp.a(alt_alarm_start.o)
 .data          0x00221264        0x0 C:/Users/tago/Dropbox/OUT/EE52/software/sopc_scope_1st_bsp/\libhal_bsp.a(alt_close.o)
 .data          0x00221264        0x0 C:/Users/tago/Dropbox/OUT/EE52/software/sopc_scope_1st_bsp/\libhal_bsp.a(alt_dcache_flush_all.o)
 .data          0x00221264      0x1a8 C:/Users/tago/Dropbox/OUT/EE52/software/sopc_scope_1st_bsp/\libhal_bsp.a(alt_dev.o)
                0x00221264                alt_dev_null
                0x0022128c                alt_fd_list
 .data          0x0022140c        0x0 C:/Users/tago/Dropbox/OUT/EE52/software/sopc_scope_1st_bsp/\libhal_bsp.a(alt_dev_llist_insert.o)
 .data          0x0022140c        0x0 C:/Users/tago/Dropbox/OUT/EE52/software/sopc_scope_1st_bsp/\libhal_bsp.a(alt_do_ctors.o)
 .data          0x0022140c        0x0 C:/Users/tago/Dropbox/OUT/EE52/software/sopc_scope_1st_bsp/\libhal_bsp.a(alt_do_dtors.o)
 .data          0x0022140c        0x0 C:/Users/tago/Dropbox/OUT/EE52/software/sopc_scope_1st_bsp/\libhal_bsp.a(alt_errno.o)
 .data          0x0022140c        0x0 C:/Users/tago/Dropbox/OUT/EE52/software/sopc_scope_1st_bsp/\libhal_bsp.a(alt_exception_entry.o)
 .data          0x0022140c        0x0 C:/Users/tago/Dropbox/OUT/EE52/software/sopc_scope_1st_bsp/\libhal_bsp.a(alt_icache_flush_all.o)
 .data          0x0022140c        0x0 C:/Users/tago/Dropbox/OUT/EE52/software/sopc_scope_1st_bsp/\libhal_bsp.a(alt_io_redirect.o)
 .data          0x0022140c        0x0 C:/Users/tago/Dropbox/OUT/EE52/software/sopc_scope_1st_bsp/\libhal_bsp.a(alt_open.o)
 .data          0x0022140c        0x0 C:/Users/tago/Dropbox/OUT/EE52/software/sopc_scope_1st_bsp/\libhal_bsp.a(alt_release_fd.o)
 .data          0x0022140c        0x0 C:/Users/tago/Dropbox/OUT/EE52/software/sopc_scope_1st_bsp/\libhal_bsp.a(alt_tick.o)
 .data          0x0022140c        0x0 C:/Users/tago/Dropbox/OUT/EE52/software/sopc_scope_1st_bsp/\libhal_bsp.a(altera_nios2_qsys_irq.o)
 .data          0x0022140c        0x0 C:/Users/tago/Dropbox/OUT/EE52/software/sopc_scope_1st_bsp/\libhal_bsp.a(alt_find_dev.o)
 .data          0x0022140c        0x0 C:/Users/tago/Dropbox/OUT/EE52/software/sopc_scope_1st_bsp/\libhal_bsp.a(alt_find_file.o)
 .data          0x0022140c        0x0 C:/Users/tago/Dropbox/OUT/EE52/software/sopc_scope_1st_bsp/\libhal_bsp.a(alt_get_fd.o)
 .data          0x0022140c        0x0 c:/altera/13.1/nios2eds/bin/gnu/h-i686-mingw32/bin/../lib/gcc/nios2-elf/4.7.3/../../../../../H-i686-mingw32/nios2-elf/lib/mno-hw-mul\libc.a(lib_a-atexit.o)
 .data          0x0022140c        0x0 c:/altera/13.1/nios2eds/bin/gnu/h-i686-mingw32/bin/../lib/gcc/nios2-elf/4.7.3/../../../../../H-i686-mingw32/nios2-elf/lib/mno-hw-mul\libc.a(lib_a-exit.o)
 .data          0x0022140c      0x400 c:/altera/13.1/nios2eds/bin/gnu/h-i686-mingw32/bin/../lib/gcc/nios2-elf/4.7.3/../../../../../H-i686-mingw32/nios2-elf/lib/mno-hw-mul\libc.a(lib_a-impure.o)
 .data          0x0022180c        0x0 c:/altera/13.1/nios2eds/bin/gnu/h-i686-mingw32/bin/../lib/gcc/nios2-elf/4.7.3/../../../../../H-i686-mingw32/nios2-elf/lib/mno-hw-mul\libc.a(lib_a-int_errno.o)
 .data          0x0022180c        0x0 c:/altera/13.1/nios2eds/bin/gnu/h-i686-mingw32/bin/../lib/gcc/nios2-elf/4.7.3/../../../../../H-i686-mingw32/nios2-elf/lib/mno-hw-mul\libc.a(lib_a-memcmp.o)
 .data          0x0022180c        0x0 c:/altera/13.1/nios2eds/bin/gnu/h-i686-mingw32/bin/../lib/gcc/nios2-elf/4.7.3/../../../../../H-i686-mingw32/nios2-elf/lib/mno-hw-mul\libc.a(lib_a-memcpy.o)
 .data          0x0022180c        0x0 c:/altera/13.1/nios2eds/bin/gnu/h-i686-mingw32/bin/../lib/gcc/nios2-elf/4.7.3/../../../../../H-i686-mingw32/nios2-elf/lib/mno-hw-mul\libc.a(lib_a-strlen.o)
 .data          0x0022180c        0x0 c:/altera/13.1/nios2eds/bin/gnu/h-i686-mingw32/bin/../lib/gcc/nios2-elf/4.7.3/../../../../../H-i686-mingw32/nios2-elf/lib/mno-hw-mul\libc.a(lib_a-__atexit.o)
 .data          0x0022180c        0x0 c:/altera/13.1/nios2eds/bin/gnu/h-i686-mingw32/bin/../lib/gcc/nios2-elf/4.7.3/../../../../../H-i686-mingw32/nios2-elf/lib/mno-hw-mul\libc.a(lib_a-__call_atexit.o)
 .data          0x0022180c        0x0 C:/Users/tago/Dropbox/OUT/EE52/software/sopc_scope_1st_bsp/\libhal_bsp.a(alt_exit.o)
                0x0022980c                _gp = ABSOLUTE ((. + 0x8000))
                0x0022980c                PROVIDE (gp, _gp)
 *(.rwdata .rwdata.*)
 *(.sdata .sdata.* .gnu.linkonce.s.*)
 .sdata         0x0022180c        0x8 obj/default/menuact.o
 .sdata         0x00221814        0x4 C:/Users/tago/Dropbox/OUT/EE52/software/sopc_scope_1st_bsp/\libhal_bsp.a(alt_irq_vars.o)
                0x00221814                alt_priority_mask
 .sdata         0x00221818       0x14 C:/Users/tago/Dropbox/OUT/EE52/software/sopc_scope_1st_bsp/\libhal_bsp.a(alt_dev.o)
                0x00221818                alt_fs_list
                0x00221820                alt_dev_list
                0x00221828                alt_max_fd
 .sdata         0x0022182c        0x4 C:/Users/tago/Dropbox/OUT/EE52/software/sopc_scope_1st_bsp/\libhal_bsp.a(alt_errno.o)
                0x0022182c                alt_errno
 .sdata         0x00221830        0x8 C:/Users/tago/Dropbox/OUT/EE52/software/sopc_scope_1st_bsp/\libhal_bsp.a(alt_tick.o)
                0x00221830                alt_alarm_list
 .sdata         0x00221838        0x8 c:/altera/13.1/nios2eds/bin/gnu/h-i686-mingw32/bin/../lib/gcc/nios2-elf/4.7.3/../../../../../H-i686-mingw32/nios2-elf/lib/mno-hw-mul\libc.a(lib_a-impure.o)
                0x00221838                _global_impure_ptr
                0x0022183c                _impure_ptr
 *(.sdata2 .sdata2.* .gnu.linkonce.s2.*)
                0x00221840                . = ALIGN (0x4)
                0x00221840                _edata = ABSOLUTE (.)
                0x00221840                PROVIDE (edata, ABSOLUTE (.))
                0x00221840                PROVIDE (__ram_rwdata_end, ABSOLUTE (.))
                0x00186064                PROVIDE (__flash_rwdata_start, LOADADDR (.rwdata))

.bss            0x00221840     0x10a0 load address 0x001878a4
                0x00221840                __bss_start = ABSOLUTE (.)
                0x00221840                PROVIDE (__sbss_start, ABSOLUTE (.))
                0x00221840                PROVIDE (___sbss_start, ABSOLUTE (.))
 *(.dynsbss)
 *(.sbss .sbss.* .gnu.linkonce.sb.*)
 .sbss          0x00221840        0x8 obj/default/menu.o
 .sbss          0x00221848       0x18 obj/default/menuact.o
 .sbss          0x00221860       0x20 obj/default/tracutil.o
 .sbss          0x00221880        0x4 C:/Users/tago/Dropbox/OUT/EE52/software/sopc_scope_1st_bsp/\libhal_bsp.a(alt_irq_vars.o)
                0x00221880                alt_irq_active
 .sbss          0x00221884        0xc C:/Users/tago/Dropbox/OUT/EE52/software/sopc_scope_1st_bsp/\libhal_bsp.a(alt_main.o)
                0x00221884                alt_argc
                0x00221888                alt_argv
                0x0022188c                alt_envp
 .sbss          0x00221890        0x8 C:/Users/tago/Dropbox/OUT/EE52/software/sopc_scope_1st_bsp/\libhal_bsp.a(alt_tick.o)
                0x00221890                _alt_tick_rate
                0x00221894                _alt_nticks
 .sbss          0x00221898        0x4 c:/altera/13.1/nios2eds/bin/gnu/h-i686-mingw32/bin/../lib/gcc/nios2-elf/4.7.3/../../../../../H-i686-mingw32/nios2-elf/lib/mno-hw-mul\libc.a(lib_a-int_errno.o)
                0x00221898                errno
 *(.sbss2 .sbss2.* .gnu.linkonce.sb2.*)
 *(.scommon)
                0x0022189c                PROVIDE (__sbss_end, ABSOLUTE (.))
                0x0022189c                PROVIDE (___sbss_end, ABSOLUTE (.))
 *(.dynbss)
 *(.bss .bss.* .gnu.linkonce.b.*)
 .bss           0x0022189c        0x0 C:/Users/tago/Dropbox/OUT/EE52/software/sopc_scope_1st_bsp//obj/HAL/src/crt0.o
 .bss           0x0022189c        0x0 obj/default/char57.o
 .bss           0x0022189c        0x0 obj/default/keyproc.o
 .bss           0x0022189c        0x0 obj/default/lcdout.o
 .bss           0x0022189c        0x0 obj/default/mainloop.o
 .bss           0x0022189c        0x0 obj/default/menu.o
 .bss           0x0022189c        0x0 obj/default/menuact.o
 .bss           0x0022189c        0x0 obj/default/testcode.o
 .bss           0x0022189c      0xdb4 obj/default/tracutil.o
 .bss           0x00222650        0x0 obj/default/display.o
 .bss           0x00222650        0x0 obj/default/keys.o
 .bss           0x00222650        0x0 obj/default/trigger.o
 .bss           0x00222650        0x0 c:/altera/13.1/nios2eds/bin/gnu/h-i686-mingw32/bin/../lib/gcc/nios2-elf/4.7.3/mno-hw-mul\libgcc.a(_si_to_sf.o)
 .bss           0x00222650        0x0 c:/altera/13.1/nios2eds/bin/gnu/h-i686-mingw32/bin/../lib/gcc/nios2-elf/4.7.3/mno-hw-mul\libgcc.a(_sf_to_si.o)
 .bss           0x00222650        0x0 c:/altera/13.1/nios2eds/bin/gnu/h-i686-mingw32/bin/../lib/gcc/nios2-elf/4.7.3/mno-hw-mul\libgcc.a(lib2-divmod.o)
 .bss           0x00222650        0x0 c:/altera/13.1/nios2eds/bin/gnu/h-i686-mingw32/bin/../lib/gcc/nios2-elf/4.7.3/mno-hw-mul\libgcc.a(lib2-mul.o)
 .bss           0x00222650        0x0 c:/altera/13.1/nios2eds/bin/gnu/h-i686-mingw32/bin/../lib/gcc/nios2-elf/4.7.3/mno-hw-mul\libgcc.a(_clzsi2.o)
 .bss           0x00222650        0x0 c:/altera/13.1/nios2eds/bin/gnu/h-i686-mingw32/bin/../lib/gcc/nios2-elf/4.7.3/mno-hw-mul\libgcc.a(_pack_sf.o)
 .bss           0x00222650        0x0 c:/altera/13.1/nios2eds/bin/gnu/h-i686-mingw32/bin/../lib/gcc/nios2-elf/4.7.3/mno-hw-mul\libgcc.a(_unpack_sf.o)
 .bss           0x00222650        0x0 c:/altera/13.1/nios2eds/bin/gnu/h-i686-mingw32/bin/../lib/gcc/nios2-elf/4.7.3/mno-hw-mul\libgcc.a(_clz.o)
 .bss           0x00222650        0x0 C:/Users/tago/Dropbox/OUT/EE52/software/sopc_scope_1st_bsp/\libhal_bsp.a(alt_iic.o)
 .bss           0x00222650        0x0 C:/Users/tago/Dropbox/OUT/EE52/software/sopc_scope_1st_bsp/\libhal_bsp.a(alt_iic_isr_register.o)
 .bss           0x00222650        0x0 C:/Users/tago/Dropbox/OUT/EE52/software/sopc_scope_1st_bsp/\libhal_bsp.a(alt_irq_entry.o)
 .bss           0x00222650        0x0 C:/Users/tago/Dropbox/OUT/EE52/software/sopc_scope_1st_bsp/\libhal_bsp.a(alt_irq_handler.o)
 .bss           0x00222650        0x0 C:/Users/tago/Dropbox/OUT/EE52/software/sopc_scope_1st_bsp/\libhal_bsp.a(alt_irq_vars.o)
 .bss           0x00222650        0x0 C:/Users/tago/Dropbox/OUT/EE52/software/sopc_scope_1st_bsp/\libhal_bsp.a(alt_load.o)
 .bss           0x00222650        0x0 C:/Users/tago/Dropbox/OUT/EE52/software/sopc_scope_1st_bsp/\libhal_bsp.a(alt_main.o)
 .bss           0x00222650        0x0 C:/Users/tago/Dropbox/OUT/EE52/software/sopc_scope_1st_bsp/\libhal_bsp.a(alt_sys_init.o)
 .bss           0x00222650        0x0 C:/Users/tago/Dropbox/OUT/EE52/software/sopc_scope_1st_bsp/\libhal_bsp.a(altera_avalon_jtag_uart_fd.o)
 .bss           0x00222650        0x0 C:/Users/tago/Dropbox/OUT/EE52/software/sopc_scope_1st_bsp/\libhal_bsp.a(altera_avalon_jtag_uart_init.o)
 .bss           0x00222650        0x0 C:/Users/tago/Dropbox/OUT/EE52/software/sopc_scope_1st_bsp/\libhal_bsp.a(altera_avalon_jtag_uart_ioctl.o)
 .bss           0x00222650        0x0 C:/Users/tago/Dropbox/OUT/EE52/software/sopc_scope_1st_bsp/\libhal_bsp.a(altera_avalon_jtag_uart_read.o)
 .bss           0x00222650        0x0 C:/Users/tago/Dropbox/OUT/EE52/software/sopc_scope_1st_bsp/\libhal_bsp.a(altera_avalon_jtag_uart_write.o)
 .bss           0x00222650        0x0 C:/Users/tago/Dropbox/OUT/EE52/software/sopc_scope_1st_bsp/\libhal_bsp.a(alt_alarm_start.o)
 .bss           0x00222650        0x0 C:/Users/tago/Dropbox/OUT/EE52/software/sopc_scope_1st_bsp/\libhal_bsp.a(alt_close.o)
 .bss           0x00222650        0x0 C:/Users/tago/Dropbox/OUT/EE52/software/sopc_scope_1st_bsp/\libhal_bsp.a(alt_dcache_flush_all.o)
 .bss           0x00222650        0x0 C:/Users/tago/Dropbox/OUT/EE52/software/sopc_scope_1st_bsp/\libhal_bsp.a(alt_dev.o)
 .bss           0x00222650        0x0 C:/Users/tago/Dropbox/OUT/EE52/software/sopc_scope_1st_bsp/\libhal_bsp.a(alt_dev_llist_insert.o)
 .bss           0x00222650        0x0 C:/Users/tago/Dropbox/OUT/EE52/software/sopc_scope_1st_bsp/\libhal_bsp.a(alt_do_ctors.o)
 .bss           0x00222650        0x0 C:/Users/tago/Dropbox/OUT/EE52/software/sopc_scope_1st_bsp/\libhal_bsp.a(alt_do_dtors.o)
 .bss           0x00222650        0x0 C:/Users/tago/Dropbox/OUT/EE52/software/sopc_scope_1st_bsp/\libhal_bsp.a(alt_errno.o)
 .bss           0x00222650        0x0 C:/Users/tago/Dropbox/OUT/EE52/software/sopc_scope_1st_bsp/\libhal_bsp.a(alt_exception_entry.o)
 .bss           0x00222650        0x0 C:/Users/tago/Dropbox/OUT/EE52/software/sopc_scope_1st_bsp/\libhal_bsp.a(alt_icache_flush_all.o)
 .bss           0x00222650        0x0 C:/Users/tago/Dropbox/OUT/EE52/software/sopc_scope_1st_bsp/\libhal_bsp.a(alt_io_redirect.o)
 .bss           0x00222650        0x0 C:/Users/tago/Dropbox/OUT/EE52/software/sopc_scope_1st_bsp/\libhal_bsp.a(alt_open.o)
 .bss           0x00222650        0x0 C:/Users/tago/Dropbox/OUT/EE52/software/sopc_scope_1st_bsp/\libhal_bsp.a(alt_release_fd.o)
 .bss           0x00222650        0x0 C:/Users/tago/Dropbox/OUT/EE52/software/sopc_scope_1st_bsp/\libhal_bsp.a(alt_tick.o)
 .bss           0x00222650        0x0 C:/Users/tago/Dropbox/OUT/EE52/software/sopc_scope_1st_bsp/\libhal_bsp.a(altera_nios2_qsys_irq.o)
 .bss           0x00222650        0x0 C:/Users/tago/Dropbox/OUT/EE52/software/sopc_scope_1st_bsp/\libhal_bsp.a(alt_find_dev.o)
 .bss           0x00222650        0x0 C:/Users/tago/Dropbox/OUT/EE52/software/sopc_scope_1st_bsp/\libhal_bsp.a(alt_find_file.o)
 .bss           0x00222650        0x0 C:/Users/tago/Dropbox/OUT/EE52/software/sopc_scope_1st_bsp/\libhal_bsp.a(alt_get_fd.o)
 .bss           0x00222650        0x0 c:/altera/13.1/nios2eds/bin/gnu/h-i686-mingw32/bin/../lib/gcc/nios2-elf/4.7.3/../../../../../H-i686-mingw32/nios2-elf/lib/mno-hw-mul\libc.a(lib_a-atexit.o)
 .bss           0x00222650        0x0 c:/altera/13.1/nios2eds/bin/gnu/h-i686-mingw32/bin/../lib/gcc/nios2-elf/4.7.3/../../../../../H-i686-mingw32/nios2-elf/lib/mno-hw-mul\libc.a(lib_a-exit.o)
 .bss           0x00222650        0x0 c:/altera/13.1/nios2eds/bin/gnu/h-i686-mingw32/bin/../lib/gcc/nios2-elf/4.7.3/../../../../../H-i686-mingw32/nios2-elf/lib/mno-hw-mul\libc.a(lib_a-impure.o)
 .bss           0x00222650        0x0 c:/altera/13.1/nios2eds/bin/gnu/h-i686-mingw32/bin/../lib/gcc/nios2-elf/4.7.3/../../../../../H-i686-mingw32/nios2-elf/lib/mno-hw-mul\libc.a(lib_a-int_errno.o)
 .bss           0x00222650        0x0 c:/altera/13.1/nios2eds/bin/gnu/h-i686-mingw32/bin/../lib/gcc/nios2-elf/4.7.3/../../../../../H-i686-mingw32/nios2-elf/lib/mno-hw-mul\libc.a(lib_a-memcmp.o)
 .bss           0x00222650        0x0 c:/altera/13.1/nios2eds/bin/gnu/h-i686-mingw32/bin/../lib/gcc/nios2-elf/4.7.3/../../../../../H-i686-mingw32/nios2-elf/lib/mno-hw-mul\libc.a(lib_a-memcpy.o)
 .bss           0x00222650        0x0 c:/altera/13.1/nios2eds/bin/gnu/h-i686-mingw32/bin/../lib/gcc/nios2-elf/4.7.3/../../../../../H-i686-mingw32/nios2-elf/lib/mno-hw-mul\libc.a(lib_a-strlen.o)
 .bss           0x00222650        0x0 c:/altera/13.1/nios2eds/bin/gnu/h-i686-mingw32/bin/../lib/gcc/nios2-elf/4.7.3/../../../../../H-i686-mingw32/nios2-elf/lib/mno-hw-mul\libc.a(lib_a-__atexit.o)
 .bss           0x00222650        0x0 c:/altera/13.1/nios2eds/bin/gnu/h-i686-mingw32/bin/../lib/gcc/nios2-elf/4.7.3/../../../../../H-i686-mingw32/nios2-elf/lib/mno-hw-mul\libc.a(lib_a-__call_atexit.o)
 .bss           0x00222650        0x0 C:/Users/tago/Dropbox/OUT/EE52/software/sopc_scope_1st_bsp/\libhal_bsp.a(alt_exit.o)
 *(COMMON)
 COMMON         0x00222650      0x100 C:/Users/tago/Dropbox/OUT/EE52/software/sopc_scope_1st_bsp/\libhal_bsp.a(alt_irq_handler.o)
                0x00222650                alt_irq
 COMMON         0x00222750      0x190 c:/altera/13.1/nios2eds/bin/gnu/h-i686-mingw32/bin/../lib/gcc/nios2-elf/4.7.3/../../../../../H-i686-mingw32/nios2-elf/lib/mno-hw-mul\libc.a(lib_a-atexit.o)
                0x00222750                _atexit0
                0x002228e0                . = ALIGN (0x4)
                0x002228e0                __bss_end = ABSOLUTE (.)

.vram           0x00000000        0x0 load address 0x001878a4
                0x00000000                PROVIDE (_alt_partition_vram_start, ABSOLUTE (.))
 *(.vram .vram. vram.*)
                0x00000000                . = ALIGN (0x4)
                0x00000000                PROVIDE (_alt_partition_vram_end, ABSOLUTE (.))
                0x001878a4                PROVIDE (_alt_partition_vram_load_addr, LOADADDR (.vram))

.rom            0x001878a4        0x0
                0x001878a4                PROVIDE (_alt_partition_rom_start, ABSOLUTE (.))
 *(.rom .rom. rom.*)
                0x001878a4                . = ALIGN (0x4)
                0x001878a4                PROVIDE (_alt_partition_rom_end, ABSOLUTE (.))
                0x001878a4                PROVIDE (_alt_partition_rom_load_addr, LOADADDR (.rom))

.ram            0x002228e0        0x0 load address 0x001878a4
                0x002228e0                PROVIDE (_alt_partition_ram_start, ABSOLUTE (.))
 *(.ram .ram. ram.*)
                0x002228e0                . = ALIGN (0x4)
                0x002228e0                PROVIDE (_alt_partition_ram_end, ABSOLUTE (.))
                0x002228e0                _end = ABSOLUTE (.)
                0x002228e0                end = ABSOLUTE (.)
                0x002228e0                __alt_stack_base = ABSOLUTE (.)
                0x001878a4                PROVIDE (_alt_partition_ram_load_addr, LOADADDR (.ram))

.stab
 *(.stab)

.stabstr
 *(.stabstr)

.stab.excl
 *(.stab.excl)

.stab.exclstr
 *(.stab.exclstr)

.stab.index
 *(.stab.index)

.stab.indexstr
 *(.stab.indexstr)

.comment        0x00000000       0x23
 *(.comment)
 .comment       0x00000000       0x23 obj/default/char57.o
                                 0x24 (size before relaxing)
 .comment       0x00000000       0x24 obj/default/keyproc.o
 .comment       0x00000000       0x24 obj/default/lcdout.o
 .comment       0x00000000       0x24 obj/default/mainloop.o
 .comment       0x00000000       0x24 obj/default/menu.o
 .comment       0x00000000       0x24 obj/default/menuact.o
 .comment       0x00000000       0x24 obj/default/testcode.o
 .comment       0x00000000       0x24 obj/default/tracutil.o
 .comment       0x00000000       0x24 c:/altera/13.1/nios2eds/bin/gnu/h-i686-mingw32/bin/../lib/gcc/nios2-elf/4.7.3/mno-hw-mul\libgcc.a(_si_to_sf.o)
 .comment       0x00000000       0x24 c:/altera/13.1/nios2eds/bin/gnu/h-i686-mingw32/bin/../lib/gcc/nios2-elf/4.7.3/mno-hw-mul\libgcc.a(_sf_to_si.o)
 .comment       0x00000000       0x24 c:/altera/13.1/nios2eds/bin/gnu/h-i686-mingw32/bin/../lib/gcc/nios2-elf/4.7.3/mno-hw-mul\libgcc.a(lib2-divmod.o)
 .comment       0x00000000       0x24 c:/altera/13.1/nios2eds/bin/gnu/h-i686-mingw32/bin/../lib/gcc/nios2-elf/4.7.3/mno-hw-mul\libgcc.a(lib2-mul.o)
 .comment       0x00000000       0x24 c:/altera/13.1/nios2eds/bin/gnu/h-i686-mingw32/bin/../lib/gcc/nios2-elf/4.7.3/mno-hw-mul\libgcc.a(_clzsi2.o)
 .comment       0x00000000       0x24 c:/altera/13.1/nios2eds/bin/gnu/h-i686-mingw32/bin/../lib/gcc/nios2-elf/4.7.3/mno-hw-mul\libgcc.a(_pack_sf.o)
 .comment       0x00000000       0x24 c:/altera/13.1/nios2eds/bin/gnu/h-i686-mingw32/bin/../lib/gcc/nios2-elf/4.7.3/mno-hw-mul\libgcc.a(_unpack_sf.o)
 .comment       0x00000000       0x24 c:/altera/13.1/nios2eds/bin/gnu/h-i686-mingw32/bin/../lib/gcc/nios2-elf/4.7.3/mno-hw-mul\libgcc.a(_clz.o)
 .comment       0x00000000       0x24 C:/Users/tago/Dropbox/OUT/EE52/software/sopc_scope_1st_bsp/\libhal_bsp.a(alt_iic.o)
 .comment       0x00000000       0x24 C:/Users/tago/Dropbox/OUT/EE52/software/sopc_scope_1st_bsp/\libhal_bsp.a(alt_iic_isr_register.o)
 .comment       0x00000000       0x24 C:/Users/tago/Dropbox/OUT/EE52/software/sopc_scope_1st_bsp/\libhal_bsp.a(alt_irq_handler.o)
 .comment       0x00000000       0x24 C:/Users/tago/Dropbox/OUT/EE52/software/sopc_scope_1st_bsp/\libhal_bsp.a(alt_irq_vars.o)
 .comment       0x00000000       0x24 C:/Users/tago/Dropbox/OUT/EE52/software/sopc_scope_1st_bsp/\libhal_bsp.a(alt_load.o)
 .comment       0x00000000       0x24 C:/Users/tago/Dropbox/OUT/EE52/software/sopc_scope_1st_bsp/\libhal_bsp.a(alt_main.o)
 .comment       0x00000000       0x24 C:/Users/tago/Dropbox/OUT/EE52/software/sopc_scope_1st_bsp/\libhal_bsp.a(alt_sys_init.o)
 .comment       0x00000000       0x24 C:/Users/tago/Dropbox/OUT/EE52/software/sopc_scope_1st_bsp/\libhal_bsp.a(altera_avalon_jtag_uart_fd.o)
 .comment       0x00000000       0x24 C:/Users/tago/Dropbox/OUT/EE52/software/sopc_scope_1st_bsp/\libhal_bsp.a(altera_avalon_jtag_uart_init.o)
 .comment       0x00000000       0x24 C:/Users/tago/Dropbox/OUT/EE52/software/sopc_scope_1st_bsp/\libhal_bsp.a(altera_avalon_jtag_uart_ioctl.o)
 .comment       0x00000000       0x24 C:/Users/tago/Dropbox/OUT/EE52/software/sopc_scope_1st_bsp/\libhal_bsp.a(altera_avalon_jtag_uart_read.o)
 .comment       0x00000000       0x24 C:/Users/tago/Dropbox/OUT/EE52/software/sopc_scope_1st_bsp/\libhal_bsp.a(altera_avalon_jtag_uart_write.o)
 .comment       0x00000000       0x24 C:/Users/tago/Dropbox/OUT/EE52/software/sopc_scope_1st_bsp/\libhal_bsp.a(alt_alarm_start.o)
 .comment       0x00000000       0x24 C:/Users/tago/Dropbox/OUT/EE52/software/sopc_scope_1st_bsp/\libhal_bsp.a(alt_close.o)
 .comment       0x00000000       0x24 C:/Users/tago/Dropbox/OUT/EE52/software/sopc_scope_1st_bsp/\libhal_bsp.a(alt_dcache_flush_all.o)
 .comment       0x00000000       0x24 C:/Users/tago/Dropbox/OUT/EE52/software/sopc_scope_1st_bsp/\libhal_bsp.a(alt_dev.o)
 .comment       0x00000000       0x24 C:/Users/tago/Dropbox/OUT/EE52/software/sopc_scope_1st_bsp/\libhal_bsp.a(alt_dev_llist_insert.o)
 .comment       0x00000000       0x24 C:/Users/tago/Dropbox/OUT/EE52/software/sopc_scope_1st_bsp/\libhal_bsp.a(alt_do_ctors.o)
 .comment       0x00000000       0x24 C:/Users/tago/Dropbox/OUT/EE52/software/sopc_scope_1st_bsp/\libhal_bsp.a(alt_do_dtors.o)
 .comment       0x00000000       0x24 C:/Users/tago/Dropbox/OUT/EE52/software/sopc_scope_1st_bsp/\libhal_bsp.a(alt_errno.o)
 .comment       0x00000000       0x24 C:/Users/tago/Dropbox/OUT/EE52/software/sopc_scope_1st_bsp/\libhal_bsp.a(alt_icache_flush_all.o)
 .comment       0x00000000       0x24 C:/Users/tago/Dropbox/OUT/EE52/software/sopc_scope_1st_bsp/\libhal_bsp.a(alt_io_redirect.o)
 .comment       0x00000000       0x24 C:/Users/tago/Dropbox/OUT/EE52/software/sopc_scope_1st_bsp/\libhal_bsp.a(alt_open.o)
 .comment       0x00000000       0x24 C:/Users/tago/Dropbox/OUT/EE52/software/sopc_scope_1st_bsp/\libhal_bsp.a(alt_release_fd.o)
 .comment       0x00000000       0x24 C:/Users/tago/Dropbox/OUT/EE52/software/sopc_scope_1st_bsp/\libhal_bsp.a(alt_tick.o)
 .comment       0x00000000       0x24 C:/Users/tago/Dropbox/OUT/EE52/software/sopc_scope_1st_bsp/\libhal_bsp.a(altera_nios2_qsys_irq.o)
 .comment       0x00000000       0x24 C:/Users/tago/Dropbox/OUT/EE52/software/sopc_scope_1st_bsp/\libhal_bsp.a(alt_find_dev.o)
 .comment       0x00000000       0x24 C:/Users/tago/Dropbox/OUT/EE52/software/sopc_scope_1st_bsp/\libhal_bsp.a(alt_find_file.o)
 .comment       0x00000000       0x24 C:/Users/tago/Dropbox/OUT/EE52/software/sopc_scope_1st_bsp/\libhal_bsp.a(alt_get_fd.o)
 .comment       0x00000000       0x24 c:/altera/13.1/nios2eds/bin/gnu/h-i686-mingw32/bin/../lib/gcc/nios2-elf/4.7.3/../../../../../H-i686-mingw32/nios2-elf/lib/mno-hw-mul\libc.a(lib_a-atexit.o)
 .comment       0x00000000       0x24 c:/altera/13.1/nios2eds/bin/gnu/h-i686-mingw32/bin/../lib/gcc/nios2-elf/4.7.3/../../../../../H-i686-mingw32/nios2-elf/lib/mno-hw-mul\libc.a(lib_a-exit.o)
 .comment       0x00000000       0x24 c:/altera/13.1/nios2eds/bin/gnu/h-i686-mingw32/bin/../lib/gcc/nios2-elf/4.7.3/../../../../../H-i686-mingw32/nios2-elf/lib/mno-hw-mul\libc.a(lib_a-impure.o)
 .comment       0x00000000       0x24 c:/altera/13.1/nios2eds/bin/gnu/h-i686-mingw32/bin/../lib/gcc/nios2-elf/4.7.3/../../../../../H-i686-mingw32/nios2-elf/lib/mno-hw-mul\libc.a(lib_a-int_errno.o)
 .comment       0x00000000       0x24 c:/altera/13.1/nios2eds/bin/gnu/h-i686-mingw32/bin/../lib/gcc/nios2-elf/4.7.3/../../../../../H-i686-mingw32/nios2-elf/lib/mno-hw-mul\libc.a(lib_a-memcmp.o)
 .comment       0x00000000       0x24 c:/altera/13.1/nios2eds/bin/gnu/h-i686-mingw32/bin/../lib/gcc/nios2-elf/4.7.3/../../../../../H-i686-mingw32/nios2-elf/lib/mno-hw-mul\libc.a(lib_a-memcpy.o)
 .comment       0x00000000       0x24 c:/altera/13.1/nios2eds/bin/gnu/h-i686-mingw32/bin/../lib/gcc/nios2-elf/4.7.3/../../../../../H-i686-mingw32/nios2-elf/lib/mno-hw-mul\libc.a(lib_a-strlen.o)
 .comment       0x00000000       0x24 c:/altera/13.1/nios2eds/bin/gnu/h-i686-mingw32/bin/../lib/gcc/nios2-elf/4.7.3/../../../../../H-i686-mingw32/nios2-elf/lib/mno-hw-mul\libc.a(lib_a-__atexit.o)
 .comment       0x00000000       0x24 c:/altera/13.1/nios2eds/bin/gnu/h-i686-mingw32/bin/../lib/gcc/nios2-elf/4.7.3/../../../../../H-i686-mingw32/nios2-elf/lib/mno-hw-mul\libc.a(lib_a-__call_atexit.o)
 .comment       0x00000000       0x24 C:/Users/tago/Dropbox/OUT/EE52/software/sopc_scope_1st_bsp/\libhal_bsp.a(alt_exit.o)

.debug
 *(.debug)

.line
 *(.line)

.debug_srcinfo
 *(.debug_srcinfo)

.debug_sfnames
 *(.debug_sfnames)

.debug_aranges  0x00000000      0x7a0
 *(.debug_aranges)
 .debug_aranges
                0x00000000       0x28 C:/Users/tago/Dropbox/OUT/EE52/software/sopc_scope_1st_bsp//obj/HAL/src/crt0.o
 .debug_aranges
                0x00000028       0x18 obj/default/char57.o
 .debug_aranges
                0x00000040       0x20 obj/default/keyproc.o
 .debug_aranges
                0x00000060       0x20 obj/default/lcdout.o
 .debug_aranges
                0x00000080       0x20 obj/default/mainloop.o
 .debug_aranges
                0x000000a0       0x20 obj/default/menu.o
 .debug_aranges
                0x000000c0       0x20 obj/default/menuact.o
 .debug_aranges
                0x000000e0       0x20 obj/default/testcode.o
 .debug_aranges
                0x00000100       0x20 obj/default/tracutil.o
 .debug_aranges
                0x00000120       0x20 obj/default/display.o
 .debug_aranges
                0x00000140       0x20 obj/default/keys.o
 .debug_aranges
                0x00000160       0x20 obj/default/trigger.o
 .debug_aranges
                0x00000180       0x20 c:/altera/13.1/nios2eds/bin/gnu/h-i686-mingw32/bin/../lib/gcc/nios2-elf/4.7.3/mno-hw-mul\libgcc.a(_si_to_sf.o)
 .debug_aranges
                0x000001a0       0x20 c:/altera/13.1/nios2eds/bin/gnu/h-i686-mingw32/bin/../lib/gcc/nios2-elf/4.7.3/mno-hw-mul\libgcc.a(_sf_to_si.o)
 .debug_aranges
                0x000001c0       0x20 c:/altera/13.1/nios2eds/bin/gnu/h-i686-mingw32/bin/../lib/gcc/nios2-elf/4.7.3/mno-hw-mul\libgcc.a(lib2-divmod.o)
 .debug_aranges
                0x000001e0       0x20 c:/altera/13.1/nios2eds/bin/gnu/h-i686-mingw32/bin/../lib/gcc/nios2-elf/4.7.3/mno-hw-mul\libgcc.a(lib2-mul.o)
 .debug_aranges
                0x00000200       0x20 c:/altera/13.1/nios2eds/bin/gnu/h-i686-mingw32/bin/../lib/gcc/nios2-elf/4.7.3/mno-hw-mul\libgcc.a(_clzsi2.o)
 .debug_aranges
                0x00000220       0x20 c:/altera/13.1/nios2eds/bin/gnu/h-i686-mingw32/bin/../lib/gcc/nios2-elf/4.7.3/mno-hw-mul\libgcc.a(_pack_sf.o)
 .debug_aranges
                0x00000240       0x20 c:/altera/13.1/nios2eds/bin/gnu/h-i686-mingw32/bin/../lib/gcc/nios2-elf/4.7.3/mno-hw-mul\libgcc.a(_unpack_sf.o)
 .debug_aranges
                0x00000260       0x18 c:/altera/13.1/nios2eds/bin/gnu/h-i686-mingw32/bin/../lib/gcc/nios2-elf/4.7.3/mno-hw-mul\libgcc.a(_clz.o)
 .debug_aranges
                0x00000278       0x20 C:/Users/tago/Dropbox/OUT/EE52/software/sopc_scope_1st_bsp/\libhal_bsp.a(alt_iic.o)
 .debug_aranges
                0x00000298       0x20 C:/Users/tago/Dropbox/OUT/EE52/software/sopc_scope_1st_bsp/\libhal_bsp.a(alt_iic_isr_register.o)
 .debug_aranges
                0x000002b8       0x30 C:/Users/tago/Dropbox/OUT/EE52/software/sopc_scope_1st_bsp/\libhal_bsp.a(alt_irq_entry.o)
 .debug_aranges
                0x000002e8       0x20 C:/Users/tago/Dropbox/OUT/EE52/software/sopc_scope_1st_bsp/\libhal_bsp.a(alt_irq_handler.o)
 .debug_aranges
                0x00000308       0x18 C:/Users/tago/Dropbox/OUT/EE52/software/sopc_scope_1st_bsp/\libhal_bsp.a(alt_irq_vars.o)
 .debug_aranges
                0x00000320       0x20 C:/Users/tago/Dropbox/OUT/EE52/software/sopc_scope_1st_bsp/\libhal_bsp.a(alt_load.o)
 .debug_aranges
                0x00000340       0x20 C:/Users/tago/Dropbox/OUT/EE52/software/sopc_scope_1st_bsp/\libhal_bsp.a(alt_main.o)
 .debug_aranges
                0x00000360       0x20 C:/Users/tago/Dropbox/OUT/EE52/software/sopc_scope_1st_bsp/\libhal_bsp.a(alt_sys_init.o)
 .debug_aranges
                0x00000380       0x20 C:/Users/tago/Dropbox/OUT/EE52/software/sopc_scope_1st_bsp/\libhal_bsp.a(altera_avalon_jtag_uart_fd.o)
 .debug_aranges
                0x000003a0       0x20 C:/Users/tago/Dropbox/OUT/EE52/software/sopc_scope_1st_bsp/\libhal_bsp.a(altera_avalon_jtag_uart_init.o)
 .debug_aranges
                0x000003c0       0x20 C:/Users/tago/Dropbox/OUT/EE52/software/sopc_scope_1st_bsp/\libhal_bsp.a(altera_avalon_jtag_uart_ioctl.o)
 .debug_aranges
                0x000003e0       0x20 C:/Users/tago/Dropbox/OUT/EE52/software/sopc_scope_1st_bsp/\libhal_bsp.a(altera_avalon_jtag_uart_read.o)
 .debug_aranges
                0x00000400       0x20 C:/Users/tago/Dropbox/OUT/EE52/software/sopc_scope_1st_bsp/\libhal_bsp.a(altera_avalon_jtag_uart_write.o)
 .debug_aranges
                0x00000420       0x20 C:/Users/tago/Dropbox/OUT/EE52/software/sopc_scope_1st_bsp/\libhal_bsp.a(alt_alarm_start.o)
 .debug_aranges
                0x00000440       0x20 C:/Users/tago/Dropbox/OUT/EE52/software/sopc_scope_1st_bsp/\libhal_bsp.a(alt_close.o)
 .debug_aranges
                0x00000460       0x20 C:/Users/tago/Dropbox/OUT/EE52/software/sopc_scope_1st_bsp/\libhal_bsp.a(alt_dcache_flush_all.o)
 .debug_aranges
                0x00000480       0x20 C:/Users/tago/Dropbox/OUT/EE52/software/sopc_scope_1st_bsp/\libhal_bsp.a(alt_dev.o)
 .debug_aranges
                0x000004a0       0x20 C:/Users/tago/Dropbox/OUT/EE52/software/sopc_scope_1st_bsp/\libhal_bsp.a(alt_dev_llist_insert.o)
 .debug_aranges
                0x000004c0       0x20 C:/Users/tago/Dropbox/OUT/EE52/software/sopc_scope_1st_bsp/\libhal_bsp.a(alt_do_ctors.o)
 .debug_aranges
                0x000004e0       0x20 C:/Users/tago/Dropbox/OUT/EE52/software/sopc_scope_1st_bsp/\libhal_bsp.a(alt_do_dtors.o)
 .debug_aranges
                0x00000500       0x18 C:/Users/tago/Dropbox/OUT/EE52/software/sopc_scope_1st_bsp/\libhal_bsp.a(alt_errno.o)
 .debug_aranges
                0x00000518       0x38 C:/Users/tago/Dropbox/OUT/EE52/software/sopc_scope_1st_bsp/\libhal_bsp.a(alt_exception_entry.o)
 .debug_aranges
                0x00000550       0x20 C:/Users/tago/Dropbox/OUT/EE52/software/sopc_scope_1st_bsp/\libhal_bsp.a(alt_icache_flush_all.o)
 .debug_aranges
                0x00000570       0x20 C:/Users/tago/Dropbox/OUT/EE52/software/sopc_scope_1st_bsp/\libhal_bsp.a(alt_io_redirect.o)
 .debug_aranges
                0x00000590       0x20 C:/Users/tago/Dropbox/OUT/EE52/software/sopc_scope_1st_bsp/\libhal_bsp.a(alt_open.o)
 .debug_aranges
                0x000005b0       0x20 C:/Users/tago/Dropbox/OUT/EE52/software/sopc_scope_1st_bsp/\libhal_bsp.a(alt_release_fd.o)
 .debug_aranges
                0x000005d0       0x20 C:/Users/tago/Dropbox/OUT/EE52/software/sopc_scope_1st_bsp/\libhal_bsp.a(alt_tick.o)
 .debug_aranges
                0x000005f0       0x20 C:/Users/tago/Dropbox/OUT/EE52/software/sopc_scope_1st_bsp/\libhal_bsp.a(altera_nios2_qsys_irq.o)
 .debug_aranges
                0x00000610       0x20 C:/Users/tago/Dropbox/OUT/EE52/software/sopc_scope_1st_bsp/\libhal_bsp.a(alt_find_dev.o)
 .debug_aranges
                0x00000630       0x20 C:/Users/tago/Dropbox/OUT/EE52/software/sopc_scope_1st_bsp/\libhal_bsp.a(alt_find_file.o)
 .debug_aranges
                0x00000650       0x20 C:/Users/tago/Dropbox/OUT/EE52/software/sopc_scope_1st_bsp/\libhal_bsp.a(alt_get_fd.o)
 .debug_aranges
                0x00000670       0x20 c:/altera/13.1/nios2eds/bin/gnu/h-i686-mingw32/bin/../lib/gcc/nios2-elf/4.7.3/../../../../../H-i686-mingw32/nios2-elf/lib/mno-hw-mul\libc.a(lib_a-atexit.o)
 .debug_aranges
                0x00000690       0x20 c:/altera/13.1/nios2eds/bin/gnu/h-i686-mingw32/bin/../lib/gcc/nios2-elf/4.7.3/../../../../../H-i686-mingw32/nios2-elf/lib/mno-hw-mul\libc.a(lib_a-exit.o)
 .debug_aranges
                0x000006b0       0x18 c:/altera/13.1/nios2eds/bin/gnu/h-i686-mingw32/bin/../lib/gcc/nios2-elf/4.7.3/../../../../../H-i686-mingw32/nios2-elf/lib/mno-hw-mul\libc.a(lib_a-impure.o)
 .debug_aranges
                0x000006c8       0x18 c:/altera/13.1/nios2eds/bin/gnu/h-i686-mingw32/bin/../lib/gcc/nios2-elf/4.7.3/../../../../../H-i686-mingw32/nios2-elf/lib/mno-hw-mul\libc.a(lib_a-int_errno.o)
 .debug_aranges
                0x000006e0       0x20 c:/altera/13.1/nios2eds/bin/gnu/h-i686-mingw32/bin/../lib/gcc/nios2-elf/4.7.3/../../../../../H-i686-mingw32/nios2-elf/lib/mno-hw-mul\libc.a(lib_a-memcmp.o)
 .debug_aranges
                0x00000700       0x20 c:/altera/13.1/nios2eds/bin/gnu/h-i686-mingw32/bin/../lib/gcc/nios2-elf/4.7.3/../../../../../H-i686-mingw32/nios2-elf/lib/mno-hw-mul\libc.a(lib_a-memcpy.o)
 .debug_aranges
                0x00000720       0x20 c:/altera/13.1/nios2eds/bin/gnu/h-i686-mingw32/bin/../lib/gcc/nios2-elf/4.7.3/../../../../../H-i686-mingw32/nios2-elf/lib/mno-hw-mul\libc.a(lib_a-strlen.o)
 .debug_aranges
                0x00000740       0x20 c:/altera/13.1/nios2eds/bin/gnu/h-i686-mingw32/bin/../lib/gcc/nios2-elf/4.7.3/../../../../../H-i686-mingw32/nios2-elf/lib/mno-hw-mul\libc.a(lib_a-__atexit.o)
 .debug_aranges
                0x00000760       0x20 c:/altera/13.1/nios2eds/bin/gnu/h-i686-mingw32/bin/../lib/gcc/nios2-elf/4.7.3/../../../../../H-i686-mingw32/nios2-elf/lib/mno-hw-mul\libc.a(lib_a-__call_atexit.o)
 .debug_aranges
                0x00000780       0x20 C:/Users/tago/Dropbox/OUT/EE52/software/sopc_scope_1st_bsp/\libhal_bsp.a(alt_exit.o)

.debug_pubnames
 *(.debug_pubnames)

.debug_info     0x00000000     0x9fc1
 *(.debug_info .gnu.linkonce.wi.*)
 .debug_info    0x00000000       0x6f C:/Users/tago/Dropbox/OUT/EE52/software/sopc_scope_1st_bsp//obj/HAL/src/crt0.o
 .debug_info    0x0000006f       0x54 obj/default/char57.o
 .debug_info    0x000000c3      0x161 obj/default/keyproc.o
 .debug_info    0x00000224      0x2ea obj/default/lcdout.o
 .debug_info    0x0000050e      0x20a obj/default/mainloop.o
 .debug_info    0x00000718      0x2d0 obj/default/menu.o
 .debug_info    0x000009e8      0x72b obj/default/menuact.o
 .debug_info    0x00001113       0xd0 obj/default/testcode.o
 .debug_info    0x000011e3      0x4d5 obj/default/tracutil.o
 .debug_info    0x000016b8       0x6a obj/default/display.o
 .debug_info    0x00001722       0x67 obj/default/keys.o
 .debug_info    0x00001789       0x6a obj/default/trigger.o
 .debug_info    0x000017f3      0x261 c:/altera/13.1/nios2eds/bin/gnu/h-i686-mingw32/bin/../lib/gcc/nios2-elf/4.7.3/mno-hw-mul\libgcc.a(_si_to_sf.o)
 .debug_info    0x00001a54      0x2ff c:/altera/13.1/nios2eds/bin/gnu/h-i686-mingw32/bin/../lib/gcc/nios2-elf/4.7.3/mno-hw-mul\libgcc.a(_sf_to_si.o)
 .debug_info    0x00001d53      0x289 c:/altera/13.1/nios2eds/bin/gnu/h-i686-mingw32/bin/../lib/gcc/nios2-elf/4.7.3/mno-hw-mul\libgcc.a(lib2-divmod.o)
 .debug_info    0x00001fdc       0xb8 c:/altera/13.1/nios2eds/bin/gnu/h-i686-mingw32/bin/../lib/gcc/nios2-elf/4.7.3/mno-hw-mul\libgcc.a(lib2-mul.o)
 .debug_info    0x00002094      0x123 c:/altera/13.1/nios2eds/bin/gnu/h-i686-mingw32/bin/../lib/gcc/nios2-elf/4.7.3/mno-hw-mul\libgcc.a(_clzsi2.o)
 .debug_info    0x000021b7      0x2f2 c:/altera/13.1/nios2eds/bin/gnu/h-i686-mingw32/bin/../lib/gcc/nios2-elf/4.7.3/mno-hw-mul\libgcc.a(_pack_sf.o)
 .debug_info    0x000024a9      0x26a c:/altera/13.1/nios2eds/bin/gnu/h-i686-mingw32/bin/../lib/gcc/nios2-elf/4.7.3/mno-hw-mul\libgcc.a(_unpack_sf.o)
 .debug_info    0x00002713       0xac c:/altera/13.1/nios2eds/bin/gnu/h-i686-mingw32/bin/../lib/gcc/nios2-elf/4.7.3/mno-hw-mul\libgcc.a(_clz.o)
 .debug_info    0x000027bf      0x364 C:/Users/tago/Dropbox/OUT/EE52/software/sopc_scope_1st_bsp/\libhal_bsp.a(alt_iic.o)
 .debug_info    0x00002b23      0x1f6 C:/Users/tago/Dropbox/OUT/EE52/software/sopc_scope_1st_bsp/\libhal_bsp.a(alt_iic_isr_register.o)
 .debug_info    0x00002d19       0x78 C:/Users/tago/Dropbox/OUT/EE52/software/sopc_scope_1st_bsp/\libhal_bsp.a(alt_irq_entry.o)
 .debug_info    0x00002d91      0x190 C:/Users/tago/Dropbox/OUT/EE52/software/sopc_scope_1st_bsp/\libhal_bsp.a(alt_irq_handler.o)
 .debug_info    0x00002f21       0x8a C:/Users/tago/Dropbox/OUT/EE52/software/sopc_scope_1st_bsp/\libhal_bsp.a(alt_irq_vars.o)
 .debug_info    0x00002fab      0x135 C:/Users/tago/Dropbox/OUT/EE52/software/sopc_scope_1st_bsp/\libhal_bsp.a(alt_load.o)
 .debug_info    0x000030e0      0x139 C:/Users/tago/Dropbox/OUT/EE52/software/sopc_scope_1st_bsp/\libhal_bsp.a(alt_main.o)
 .debug_info    0x00003219      0x51f C:/Users/tago/Dropbox/OUT/EE52/software/sopc_scope_1st_bsp/\libhal_bsp.a(alt_sys_init.o)
 .debug_info    0x00003738      0x58a C:/Users/tago/Dropbox/OUT/EE52/software/sopc_scope_1st_bsp/\libhal_bsp.a(altera_avalon_jtag_uart_fd.o)
 .debug_info    0x00003cc2      0x3d8 C:/Users/tago/Dropbox/OUT/EE52/software/sopc_scope_1st_bsp/\libhal_bsp.a(altera_avalon_jtag_uart_init.o)
 .debug_info    0x0000409a      0x2a9 C:/Users/tago/Dropbox/OUT/EE52/software/sopc_scope_1st_bsp/\libhal_bsp.a(altera_avalon_jtag_uart_ioctl.o)
 .debug_info    0x00004343      0x371 C:/Users/tago/Dropbox/OUT/EE52/software/sopc_scope_1st_bsp/\libhal_bsp.a(altera_avalon_jtag_uart_read.o)
 .debug_info    0x000046b4      0x36c C:/Users/tago/Dropbox/OUT/EE52/software/sopc_scope_1st_bsp/\libhal_bsp.a(altera_avalon_jtag_uart_write.o)
 .debug_info    0x00004a20      0x2e4 C:/Users/tago/Dropbox/OUT/EE52/software/sopc_scope_1st_bsp/\libhal_bsp.a(alt_alarm_start.o)
 .debug_info    0x00004d04      0x350 C:/Users/tago/Dropbox/OUT/EE52/software/sopc_scope_1st_bsp/\libhal_bsp.a(alt_close.o)
 .debug_info    0x00005054       0x90 C:/Users/tago/Dropbox/OUT/EE52/software/sopc_scope_1st_bsp/\libhal_bsp.a(alt_dcache_flush_all.o)
 .debug_info    0x000050e4      0x4e3 C:/Users/tago/Dropbox/OUT/EE52/software/sopc_scope_1st_bsp/\libhal_bsp.a(alt_dev.o)
 .debug_info    0x000055c7      0x1b9 C:/Users/tago/Dropbox/OUT/EE52/software/sopc_scope_1st_bsp/\libhal_bsp.a(alt_dev_llist_insert.o)
 .debug_info    0x00005780       0x8d C:/Users/tago/Dropbox/OUT/EE52/software/sopc_scope_1st_bsp/\libhal_bsp.a(alt_do_ctors.o)
 .debug_info    0x0000580d       0x8d C:/Users/tago/Dropbox/OUT/EE52/software/sopc_scope_1st_bsp/\libhal_bsp.a(alt_do_dtors.o)
 .debug_info    0x0000589a       0xa3 C:/Users/tago/Dropbox/OUT/EE52/software/sopc_scope_1st_bsp/\libhal_bsp.a(alt_errno.o)
 .debug_info    0x0000593d       0x7e C:/Users/tago/Dropbox/OUT/EE52/software/sopc_scope_1st_bsp/\libhal_bsp.a(alt_exception_entry.o)
 .debug_info    0x000059bb       0x90 C:/Users/tago/Dropbox/OUT/EE52/software/sopc_scope_1st_bsp/\libhal_bsp.a(alt_icache_flush_all.o)
 .debug_info    0x00005a4b      0x4f0 C:/Users/tago/Dropbox/OUT/EE52/software/sopc_scope_1st_bsp/\libhal_bsp.a(alt_io_redirect.o)
 .debug_info    0x00005f3b      0x3f0 C:/Users/tago/Dropbox/OUT/EE52/software/sopc_scope_1st_bsp/\libhal_bsp.a(alt_open.o)
 .debug_info    0x0000632b      0x2dd C:/Users/tago/Dropbox/OUT/EE52/software/sopc_scope_1st_bsp/\libhal_bsp.a(alt_release_fd.o)
 .debug_info    0x00006608      0x2b1 C:/Users/tago/Dropbox/OUT/EE52/software/sopc_scope_1st_bsp/\libhal_bsp.a(alt_tick.o)
 .debug_info    0x000068b9       0x90 C:/Users/tago/Dropbox/OUT/EE52/software/sopc_scope_1st_bsp/\libhal_bsp.a(altera_nios2_qsys_irq.o)
 .debug_info    0x00006949      0x30d C:/Users/tago/Dropbox/OUT/EE52/software/sopc_scope_1st_bsp/\libhal_bsp.a(alt_find_dev.o)
 .debug_info    0x00006c56      0x30c C:/Users/tago/Dropbox/OUT/EE52/software/sopc_scope_1st_bsp/\libhal_bsp.a(alt_find_file.o)
 .debug_info    0x00006f62      0x339 C:/Users/tago/Dropbox/OUT/EE52/software/sopc_scope_1st_bsp/\libhal_bsp.a(alt_get_fd.o)
 .debug_info    0x0000729b      0x1e6 c:/altera/13.1/nios2eds/bin/gnu/h-i686-mingw32/bin/../lib/gcc/nios2-elf/4.7.3/../../../../../H-i686-mingw32/nios2-elf/lib/mno-hw-mul\libc.a(lib_a-atexit.o)
 .debug_info    0x00007481      0x993 c:/altera/13.1/nios2eds/bin/gnu/h-i686-mingw32/bin/../lib/gcc/nios2-elf/4.7.3/../../../../../H-i686-mingw32/nios2-elf/lib/mno-hw-mul\libc.a(lib_a-exit.o)
 .debug_info    0x00007e14      0x938 c:/altera/13.1/nios2eds/bin/gnu/h-i686-mingw32/bin/../lib/gcc/nios2-elf/4.7.3/../../../../../H-i686-mingw32/nios2-elf/lib/mno-hw-mul\libc.a(lib_a-impure.o)
 .debug_info    0x0000874c       0x84 c:/altera/13.1/nios2eds/bin/gnu/h-i686-mingw32/bin/../lib/gcc/nios2-elf/4.7.3/../../../../../H-i686-mingw32/nios2-elf/lib/mno-hw-mul\libc.a(lib_a-int_errno.o)
 .debug_info    0x000087d0      0x117 c:/altera/13.1/nios2eds/bin/gnu/h-i686-mingw32/bin/../lib/gcc/nios2-elf/4.7.3/../../../../../H-i686-mingw32/nios2-elf/lib/mno-hw-mul\libc.a(lib_a-memcmp.o)
 .debug_info    0x000088e7      0x10f c:/altera/13.1/nios2eds/bin/gnu/h-i686-mingw32/bin/../lib/gcc/nios2-elf/4.7.3/../../../../../H-i686-mingw32/nios2-elf/lib/mno-hw-mul\libc.a(lib_a-memcpy.o)
 .debug_info    0x000089f6       0xdf c:/altera/13.1/nios2eds/bin/gnu/h-i686-mingw32/bin/../lib/gcc/nios2-elf/4.7.3/../../../../../H-i686-mingw32/nios2-elf/lib/mno-hw-mul\libc.a(lib_a-strlen.o)
 .debug_info    0x00008ad5      0x9f9 c:/altera/13.1/nios2eds/bin/gnu/h-i686-mingw32/bin/../lib/gcc/nios2-elf/4.7.3/../../../../../H-i686-mingw32/nios2-elf/lib/mno-hw-mul\libc.a(lib_a-__atexit.o)
 .debug_info    0x000094ce      0xa07 c:/altera/13.1/nios2eds/bin/gnu/h-i686-mingw32/bin/../lib/gcc/nios2-elf/4.7.3/../../../../../H-i686-mingw32/nios2-elf/lib/mno-hw-mul\libc.a(lib_a-__call_atexit.o)
 .debug_info    0x00009ed5       0xec C:/Users/tago/Dropbox/OUT/EE52/software/sopc_scope_1st_bsp/\libhal_bsp.a(alt_exit.o)

.debug_abbrev   0x00000000     0x37e1
 *(.debug_abbrev)
 .debug_abbrev  0x00000000       0x12 C:/Users/tago/Dropbox/OUT/EE52/software/sopc_scope_1st_bsp//obj/HAL/src/crt0.o
 .debug_abbrev  0x00000012       0x45 obj/default/char57.o
 .debug_abbrev  0x00000057       0xce obj/default/keyproc.o
 .debug_abbrev  0x00000125      0x112 obj/default/lcdout.o
 .debug_abbrev  0x00000237       0xe0 obj/default/mainloop.o
 .debug_abbrev  0x00000317      0x160 obj/default/menu.o
 .debug_abbrev  0x00000477      0x181 obj/default/menuact.o
 .debug_abbrev  0x000005f8       0x84 obj/default/testcode.o
 .debug_abbrev  0x0000067c      0x161 obj/default/tracutil.o
 .debug_abbrev  0x000007dd       0x14 obj/default/display.o
 .debug_abbrev  0x000007f1       0x14 obj/default/keys.o
 .debug_abbrev  0x00000805       0x14 obj/default/trigger.o
 .debug_abbrev  0x00000819      0x19c c:/altera/13.1/nios2eds/bin/gnu/h-i686-mingw32/bin/../lib/gcc/nios2-elf/4.7.3/mno-hw-mul\libgcc.a(_si_to_sf.o)
 .debug_abbrev  0x000009b5      0x1ae c:/altera/13.1/nios2eds/bin/gnu/h-i686-mingw32/bin/../lib/gcc/nios2-elf/4.7.3/mno-hw-mul\libgcc.a(_sf_to_si.o)
 .debug_abbrev  0x00000b63      0x112 c:/altera/13.1/nios2eds/bin/gnu/h-i686-mingw32/bin/../lib/gcc/nios2-elf/4.7.3/mno-hw-mul\libgcc.a(lib2-divmod.o)
 .debug_abbrev  0x00000c75       0x6f c:/altera/13.1/nios2eds/bin/gnu/h-i686-mingw32/bin/../lib/gcc/nios2-elf/4.7.3/mno-hw-mul\libgcc.a(lib2-mul.o)
 .debug_abbrev  0x00000ce4       0xbe c:/altera/13.1/nios2eds/bin/gnu/h-i686-mingw32/bin/../lib/gcc/nios2-elf/4.7.3/mno-hw-mul\libgcc.a(_clzsi2.o)
 .debug_abbrev  0x00000da2      0x1b1 c:/altera/13.1/nios2eds/bin/gnu/h-i686-mingw32/bin/../lib/gcc/nios2-elf/4.7.3/mno-hw-mul\libgcc.a(_pack_sf.o)
 .debug_abbrev  0x00000f53      0x15f c:/altera/13.1/nios2eds/bin/gnu/h-i686-mingw32/bin/../lib/gcc/nios2-elf/4.7.3/mno-hw-mul\libgcc.a(_unpack_sf.o)
 .debug_abbrev  0x000010b2       0x5d c:/altera/13.1/nios2eds/bin/gnu/h-i686-mingw32/bin/../lib/gcc/nios2-elf/4.7.3/mno-hw-mul\libgcc.a(_clz.o)
 .debug_abbrev  0x0000110f      0x16a C:/Users/tago/Dropbox/OUT/EE52/software/sopc_scope_1st_bsp/\libhal_bsp.a(alt_iic.o)
 .debug_abbrev  0x00001279      0x169 C:/Users/tago/Dropbox/OUT/EE52/software/sopc_scope_1st_bsp/\libhal_bsp.a(alt_iic_isr_register.o)
 .debug_abbrev  0x000013e2       0x12 C:/Users/tago/Dropbox/OUT/EE52/software/sopc_scope_1st_bsp/\libhal_bsp.a(alt_irq_entry.o)
 .debug_abbrev  0x000013f4      0x124 C:/Users/tago/Dropbox/OUT/EE52/software/sopc_scope_1st_bsp/\libhal_bsp.a(alt_irq_handler.o)
 .debug_abbrev  0x00001518       0x40 C:/Users/tago/Dropbox/OUT/EE52/software/sopc_scope_1st_bsp/\libhal_bsp.a(alt_irq_vars.o)
 .debug_abbrev  0x00001558       0x9d C:/Users/tago/Dropbox/OUT/EE52/software/sopc_scope_1st_bsp/\libhal_bsp.a(alt_load.o)
 .debug_abbrev  0x000015f5       0xba C:/Users/tago/Dropbox/OUT/EE52/software/sopc_scope_1st_bsp/\libhal_bsp.a(alt_main.o)
 .debug_abbrev  0x000016af      0x176 C:/Users/tago/Dropbox/OUT/EE52/software/sopc_scope_1st_bsp/\libhal_bsp.a(alt_sys_init.o)
 .debug_abbrev  0x00001825      0x118 C:/Users/tago/Dropbox/OUT/EE52/software/sopc_scope_1st_bsp/\libhal_bsp.a(altera_avalon_jtag_uart_fd.o)
 .debug_abbrev  0x0000193d      0x18f C:/Users/tago/Dropbox/OUT/EE52/software/sopc_scope_1st_bsp/\libhal_bsp.a(altera_avalon_jtag_uart_init.o)
 .debug_abbrev  0x00001acc      0x102 C:/Users/tago/Dropbox/OUT/EE52/software/sopc_scope_1st_bsp/\libhal_bsp.a(altera_avalon_jtag_uart_ioctl.o)
 .debug_abbrev  0x00001bce      0x19b C:/Users/tago/Dropbox/OUT/EE52/software/sopc_scope_1st_bsp/\libhal_bsp.a(altera_avalon_jtag_uart_read.o)
 .debug_abbrev  0x00001d69      0x199 C:/Users/tago/Dropbox/OUT/EE52/software/sopc_scope_1st_bsp/\libhal_bsp.a(altera_avalon_jtag_uart_write.o)
 .debug_abbrev  0x00001f02      0x162 C:/Users/tago/Dropbox/OUT/EE52/software/sopc_scope_1st_bsp/\libhal_bsp.a(alt_alarm_start.o)
 .debug_abbrev  0x00002064      0x11f C:/Users/tago/Dropbox/OUT/EE52/software/sopc_scope_1st_bsp/\libhal_bsp.a(alt_close.o)
 .debug_abbrev  0x00002183       0x42 C:/Users/tago/Dropbox/OUT/EE52/software/sopc_scope_1st_bsp/\libhal_bsp.a(alt_dcache_flush_all.o)
 .debug_abbrev  0x000021c5       0xd9 C:/Users/tago/Dropbox/OUT/EE52/software/sopc_scope_1st_bsp/\libhal_bsp.a(alt_dev.o)
 .debug_abbrev  0x0000229e      0x114 C:/Users/tago/Dropbox/OUT/EE52/software/sopc_scope_1st_bsp/\libhal_bsp.a(alt_dev_llist_insert.o)
 .debug_abbrev  0x000023b2       0x79 C:/Users/tago/Dropbox/OUT/EE52/software/sopc_scope_1st_bsp/\libhal_bsp.a(alt_do_ctors.o)
 .debug_abbrev  0x0000242b       0x79 C:/Users/tago/Dropbox/OUT/EE52/software/sopc_scope_1st_bsp/\libhal_bsp.a(alt_do_dtors.o)
 .debug_abbrev  0x000024a4       0x5a C:/Users/tago/Dropbox/OUT/EE52/software/sopc_scope_1st_bsp/\libhal_bsp.a(alt_errno.o)
 .debug_abbrev  0x000024fe       0x12 C:/Users/tago/Dropbox/OUT/EE52/software/sopc_scope_1st_bsp/\libhal_bsp.a(alt_exception_entry.o)
 .debug_abbrev  0x00002510       0x42 C:/Users/tago/Dropbox/OUT/EE52/software/sopc_scope_1st_bsp/\libhal_bsp.a(alt_icache_flush_all.o)
 .debug_abbrev  0x00002552      0x114 C:/Users/tago/Dropbox/OUT/EE52/software/sopc_scope_1st_bsp/\libhal_bsp.a(alt_io_redirect.o)
 .debug_abbrev  0x00002666      0x148 C:/Users/tago/Dropbox/OUT/EE52/software/sopc_scope_1st_bsp/\libhal_bsp.a(alt_open.o)
 .debug_abbrev  0x000027ae       0xde C:/Users/tago/Dropbox/OUT/EE52/software/sopc_scope_1st_bsp/\libhal_bsp.a(alt_release_fd.o)
 .debug_abbrev  0x0000288c      0x15a C:/Users/tago/Dropbox/OUT/EE52/software/sopc_scope_1st_bsp/\libhal_bsp.a(alt_tick.o)
 .debug_abbrev  0x000029e6       0x42 C:/Users/tago/Dropbox/OUT/EE52/software/sopc_scope_1st_bsp/\libhal_bsp.a(altera_nios2_qsys_irq.o)
 .debug_abbrev  0x00002a28       0xf0 C:/Users/tago/Dropbox/OUT/EE52/software/sopc_scope_1st_bsp/\libhal_bsp.a(alt_find_dev.o)
 .debug_abbrev  0x00002b18       0xf0 C:/Users/tago/Dropbox/OUT/EE52/software/sopc_scope_1st_bsp/\libhal_bsp.a(alt_find_file.o)
 .debug_abbrev  0x00002c08      0x10d C:/Users/tago/Dropbox/OUT/EE52/software/sopc_scope_1st_bsp/\libhal_bsp.a(alt_get_fd.o)
 .debug_abbrev  0x00002d15      0x106 c:/altera/13.1/nios2eds/bin/gnu/h-i686-mingw32/bin/../lib/gcc/nios2-elf/4.7.3/../../../../../H-i686-mingw32/nios2-elf/lib/mno-hw-mul\libc.a(lib_a-atexit.o)
 .debug_abbrev  0x00002e1b      0x1c8 c:/altera/13.1/nios2eds/bin/gnu/h-i686-mingw32/bin/../lib/gcc/nios2-elf/4.7.3/../../../../../H-i686-mingw32/nios2-elf/lib/mno-hw-mul\libc.a(lib_a-exit.o)
 .debug_abbrev  0x00002fe3      0x162 c:/altera/13.1/nios2eds/bin/gnu/h-i686-mingw32/bin/../lib/gcc/nios2-elf/4.7.3/../../../../../H-i686-mingw32/nios2-elf/lib/mno-hw-mul\libc.a(lib_a-impure.o)
 .debug_abbrev  0x00003145       0x37 c:/altera/13.1/nios2eds/bin/gnu/h-i686-mingw32/bin/../lib/gcc/nios2-elf/4.7.3/../../../../../H-i686-mingw32/nios2-elf/lib/mno-hw-mul\libc.a(lib_a-int_errno.o)
 .debug_abbrev  0x0000317c       0x7f c:/altera/13.1/nios2eds/bin/gnu/h-i686-mingw32/bin/../lib/gcc/nios2-elf/4.7.3/../../../../../H-i686-mingw32/nios2-elf/lib/mno-hw-mul\libc.a(lib_a-memcmp.o)
 .debug_abbrev  0x000031fb       0x9c c:/altera/13.1/nios2eds/bin/gnu/h-i686-mingw32/bin/../lib/gcc/nios2-elf/4.7.3/../../../../../H-i686-mingw32/nios2-elf/lib/mno-hw-mul\libc.a(lib_a-memcpy.o)
 .debug_abbrev  0x00003297       0x90 c:/altera/13.1/nios2eds/bin/gnu/h-i686-mingw32/bin/../lib/gcc/nios2-elf/4.7.3/../../../../../H-i686-mingw32/nios2-elf/lib/mno-hw-mul\libc.a(lib_a-strlen.o)
 .debug_abbrev  0x00003327      0x211 c:/altera/13.1/nios2eds/bin/gnu/h-i686-mingw32/bin/../lib/gcc/nios2-elf/4.7.3/../../../../../H-i686-mingw32/nios2-elf/lib/mno-hw-mul\libc.a(lib_a-__atexit.o)
 .debug_abbrev  0x00003538      0x203 c:/altera/13.1/nios2eds/bin/gnu/h-i686-mingw32/bin/../lib/gcc/nios2-elf/4.7.3/../../../../../H-i686-mingw32/nios2-elf/lib/mno-hw-mul\libc.a(lib_a-__call_atexit.o)
 .debug_abbrev  0x0000373b       0xa6 C:/Users/tago/Dropbox/OUT/EE52/software/sopc_scope_1st_bsp/\libhal_bsp.a(alt_exit.o)

.debug_line     0x00000000     0x37e2
 *(.debug_line)
 .debug_line    0x00000000       0x66 C:/Users/tago/Dropbox/OUT/EE52/software/sopc_scope_1st_bsp//obj/HAL/src/crt0.o
 .debug_line    0x00000066       0x29 obj/default/char57.o
 .debug_line    0x0000008f       0x75 obj/default/keyproc.o
 .debug_line    0x00000104       0xf7 obj/default/lcdout.o
 .debug_line    0x000001fb       0x81 obj/default/mainloop.o
 .debug_line    0x0000027c      0x109 obj/default/menu.o
 .debug_line    0x00000385      0x1d4 obj/default/menuact.o
 .debug_line    0x00000559       0x5e obj/default/testcode.o
 .debug_line    0x000005b7      0x2a6 obj/default/tracutil.o
 .debug_line    0x0000085d       0x78 obj/default/display.o
 .debug_line    0x000008d5       0x7b obj/default/keys.o
 .debug_line    0x00000950       0xe9 obj/default/trigger.o
 .debug_line    0x00000a39       0x95 c:/altera/13.1/nios2eds/bin/gnu/h-i686-mingw32/bin/../lib/gcc/nios2-elf/4.7.3/mno-hw-mul\libgcc.a(_si_to_sf.o)
 .debug_line    0x00000ace       0x90 c:/altera/13.1/nios2eds/bin/gnu/h-i686-mingw32/bin/../lib/gcc/nios2-elf/4.7.3/mno-hw-mul\libgcc.a(_sf_to_si.o)
 .debug_line    0x00000b5e       0xd6 c:/altera/13.1/nios2eds/bin/gnu/h-i686-mingw32/bin/../lib/gcc/nios2-elf/4.7.3/mno-hw-mul\libgcc.a(lib2-divmod.o)
 .debug_line    0x00000c34       0x80 c:/altera/13.1/nios2eds/bin/gnu/h-i686-mingw32/bin/../lib/gcc/nios2-elf/4.7.3/mno-hw-mul\libgcc.a(lib2-mul.o)
 .debug_line    0x00000cb4       0x8f c:/altera/13.1/nios2eds/bin/gnu/h-i686-mingw32/bin/../lib/gcc/nios2-elf/4.7.3/mno-hw-mul\libgcc.a(_clzsi2.o)
 .debug_line    0x00000d43       0xb5 c:/altera/13.1/nios2eds/bin/gnu/h-i686-mingw32/bin/../lib/gcc/nios2-elf/4.7.3/mno-hw-mul\libgcc.a(_pack_sf.o)
 .debug_line    0x00000df8       0x9d c:/altera/13.1/nios2eds/bin/gnu/h-i686-mingw32/bin/../lib/gcc/nios2-elf/4.7.3/mno-hw-mul\libgcc.a(_unpack_sf.o)
 .debug_line    0x00000e95       0x56 c:/altera/13.1/nios2eds/bin/gnu/h-i686-mingw32/bin/../lib/gcc/nios2-elf/4.7.3/mno-hw-mul\libgcc.a(_clz.o)
 .debug_line    0x00000eeb       0xed C:/Users/tago/Dropbox/OUT/EE52/software/sopc_scope_1st_bsp/\libhal_bsp.a(alt_iic.o)
 .debug_line    0x00000fd8       0xdb C:/Users/tago/Dropbox/OUT/EE52/software/sopc_scope_1st_bsp/\libhal_bsp.a(alt_iic_isr_register.o)
 .debug_line    0x000010b3       0x6b C:/Users/tago/Dropbox/OUT/EE52/software/sopc_scope_1st_bsp/\libhal_bsp.a(alt_irq_entry.o)
 .debug_line    0x0000111e       0xae C:/Users/tago/Dropbox/OUT/EE52/software/sopc_scope_1st_bsp/\libhal_bsp.a(alt_irq_handler.o)
 .debug_line    0x000011cc       0x50 C:/Users/tago/Dropbox/OUT/EE52/software/sopc_scope_1st_bsp/\libhal_bsp.a(alt_irq_vars.o)
 .debug_line    0x0000121c       0x92 C:/Users/tago/Dropbox/OUT/EE52/software/sopc_scope_1st_bsp/\libhal_bsp.a(alt_load.o)
 .debug_line    0x000012ae       0xa4 C:/Users/tago/Dropbox/OUT/EE52/software/sopc_scope_1st_bsp/\libhal_bsp.a(alt_main.o)
 .debug_line    0x00001352      0x136 C:/Users/tago/Dropbox/OUT/EE52/software/sopc_scope_1st_bsp/\libhal_bsp.a(alt_sys_init.o)
 .debug_line    0x00001488      0x131 C:/Users/tago/Dropbox/OUT/EE52/software/sopc_scope_1st_bsp/\libhal_bsp.a(altera_avalon_jtag_uart_fd.o)
 .debug_line    0x000015b9      0x199 C:/Users/tago/Dropbox/OUT/EE52/software/sopc_scope_1st_bsp/\libhal_bsp.a(altera_avalon_jtag_uart_init.o)
 .debug_line    0x00001752      0x129 C:/Users/tago/Dropbox/OUT/EE52/software/sopc_scope_1st_bsp/\libhal_bsp.a(altera_avalon_jtag_uart_ioctl.o)
 .debug_line    0x0000187b      0x174 C:/Users/tago/Dropbox/OUT/EE52/software/sopc_scope_1st_bsp/\libhal_bsp.a(altera_avalon_jtag_uart_read.o)
 .debug_line    0x000019ef      0x173 C:/Users/tago/Dropbox/OUT/EE52/software/sopc_scope_1st_bsp/\libhal_bsp.a(altera_avalon_jtag_uart_write.o)
 .debug_line    0x00001b62       0xfa C:/Users/tago/Dropbox/OUT/EE52/software/sopc_scope_1st_bsp/\libhal_bsp.a(alt_alarm_start.o)
 .debug_line    0x00001c5c      0x186 C:/Users/tago/Dropbox/OUT/EE52/software/sopc_scope_1st_bsp/\libhal_bsp.a(alt_close.o)
 .debug_line    0x00001de2       0x51 C:/Users/tago/Dropbox/OUT/EE52/software/sopc_scope_1st_bsp/\libhal_bsp.a(alt_dcache_flush_all.o)
 .debug_line    0x00001e33      0x119 C:/Users/tago/Dropbox/OUT/EE52/software/sopc_scope_1st_bsp/\libhal_bsp.a(alt_dev.o)
 .debug_line    0x00001f4c       0xd0 C:/Users/tago/Dropbox/OUT/EE52/software/sopc_scope_1st_bsp/\libhal_bsp.a(alt_dev_llist_insert.o)
 .debug_line    0x0000201c       0x59 C:/Users/tago/Dropbox/OUT/EE52/software/sopc_scope_1st_bsp/\libhal_bsp.a(alt_do_ctors.o)
 .debug_line    0x00002075       0x59 C:/Users/tago/Dropbox/OUT/EE52/software/sopc_scope_1st_bsp/\libhal_bsp.a(alt_do_dtors.o)
 .debug_line    0x000020ce       0x51 C:/Users/tago/Dropbox/OUT/EE52/software/sopc_scope_1st_bsp/\libhal_bsp.a(alt_errno.o)
 .debug_line    0x0000211f       0xab C:/Users/tago/Dropbox/OUT/EE52/software/sopc_scope_1st_bsp/\libhal_bsp.a(alt_exception_entry.o)
 .debug_line    0x000021ca       0x4f C:/Users/tago/Dropbox/OUT/EE52/software/sopc_scope_1st_bsp/\libhal_bsp.a(alt_icache_flush_all.o)
 .debug_line    0x00002219      0x156 C:/Users/tago/Dropbox/OUT/EE52/software/sopc_scope_1st_bsp/\libhal_bsp.a(alt_io_redirect.o)
 .debug_line    0x0000236f      0x128 C:/Users/tago/Dropbox/OUT/EE52/software/sopc_scope_1st_bsp/\libhal_bsp.a(alt_open.o)
 .debug_line    0x00002497       0xb0 C:/Users/tago/Dropbox/OUT/EE52/software/sopc_scope_1st_bsp/\libhal_bsp.a(alt_release_fd.o)
 .debug_line    0x00002547      0x102 C:/Users/tago/Dropbox/OUT/EE52/software/sopc_scope_1st_bsp/\libhal_bsp.a(alt_tick.o)
 .debug_line    0x00002649       0x51 C:/Users/tago/Dropbox/OUT/EE52/software/sopc_scope_1st_bsp/\libhal_bsp.a(altera_nios2_qsys_irq.o)
 .debug_line    0x0000269a       0xb9 C:/Users/tago/Dropbox/OUT/EE52/software/sopc_scope_1st_bsp/\libhal_bsp.a(alt_find_dev.o)
 .debug_line    0x00002753       0xd5 C:/Users/tago/Dropbox/OUT/EE52/software/sopc_scope_1st_bsp/\libhal_bsp.a(alt_find_file.o)
 .debug_line    0x00002828       0xd4 C:/Users/tago/Dropbox/OUT/EE52/software/sopc_scope_1st_bsp/\libhal_bsp.a(alt_get_fd.o)
 .debug_line    0x000028fc      0x170 c:/altera/13.1/nios2eds/bin/gnu/h-i686-mingw32/bin/../lib/gcc/nios2-elf/4.7.3/../../../../../H-i686-mingw32/nios2-elf/lib/mno-hw-mul\libc.a(lib_a-atexit.o)
 .debug_line    0x00002a6c      0x21c c:/altera/13.1/nios2eds/bin/gnu/h-i686-mingw32/bin/../lib/gcc/nios2-elf/4.7.3/../../../../../H-i686-mingw32/nios2-elf/lib/mno-hw-mul\libc.a(lib_a-exit.o)
 .debug_line    0x00002c88      0x176 c:/altera/13.1/nios2eds/bin/gnu/h-i686-mingw32/bin/../lib/gcc/nios2-elf/4.7.3/../../../../../H-i686-mingw32/nios2-elf/lib/mno-hw-mul\libc.a(lib_a-impure.o)
 .debug_line    0x00002dfe       0x60 c:/altera/13.1/nios2eds/bin/gnu/h-i686-mingw32/bin/../lib/gcc/nios2-elf/4.7.3/../../../../../H-i686-mingw32/nios2-elf/lib/mno-hw-mul\libc.a(lib_a-int_errno.o)
 .debug_line    0x00002e5e      0x190 c:/altera/13.1/nios2eds/bin/gnu/h-i686-mingw32/bin/../lib/gcc/nios2-elf/4.7.3/../../../../../H-i686-mingw32/nios2-elf/lib/mno-hw-mul\libc.a(lib_a-memcmp.o)
 .debug_line    0x00002fee      0x144 c:/altera/13.1/nios2eds/bin/gnu/h-i686-mingw32/bin/../lib/gcc/nios2-elf/4.7.3/../../../../../H-i686-mingw32/nios2-elf/lib/mno-hw-mul\libc.a(lib_a-memcpy.o)
 .debug_line    0x00003132      0x185 c:/altera/13.1/nios2eds/bin/gnu/h-i686-mingw32/bin/../lib/gcc/nios2-elf/4.7.3/../../../../../H-i686-mingw32/nios2-elf/lib/mno-hw-mul\libc.a(lib_a-strlen.o)
 .debug_line    0x000032b7      0x253 c:/altera/13.1/nios2eds/bin/gnu/h-i686-mingw32/bin/../lib/gcc/nios2-elf/4.7.3/../../../../../H-i686-mingw32/nios2-elf/lib/mno-hw-mul\libc.a(lib_a-__atexit.o)
 .debug_line    0x0000350a      0x267 c:/altera/13.1/nios2eds/bin/gnu/h-i686-mingw32/bin/../lib/gcc/nios2-elf/4.7.3/../../../../../H-i686-mingw32/nios2-elf/lib/mno-hw-mul\libc.a(lib_a-__call_atexit.o)
 .debug_line    0x00003771       0x71 C:/Users/tago/Dropbox/OUT/EE52/software/sopc_scope_1st_bsp/\libhal_bsp.a(alt_exit.o)

.debug_frame    0x00000000     0x10fc
 *(.debug_frame)
 .debug_frame   0x00000000       0xb8 obj/default/keyproc.o
 .debug_frame   0x000000b8       0x9c obj/default/lcdout.o
 .debug_frame   0x00000154       0x48 obj/default/mainloop.o
 .debug_frame   0x0000019c      0x128 obj/default/menu.o
 .debug_frame   0x000002c4      0x324 obj/default/menuact.o
 .debug_frame   0x000005e8       0x2c obj/default/testcode.o
 .debug_frame   0x00000614      0x1b4 obj/default/tracutil.o
 .debug_frame   0x000007c8       0x28 c:/altera/13.1/nios2eds/bin/gnu/h-i686-mingw32/bin/../lib/gcc/nios2-elf/4.7.3/mno-hw-mul\libgcc.a(_si_to_sf.o)
 .debug_frame   0x000007f0       0x28 c:/altera/13.1/nios2eds/bin/gnu/h-i686-mingw32/bin/../lib/gcc/nios2-elf/4.7.3/mno-hw-mul\libgcc.a(_sf_to_si.o)
 .debug_frame   0x00000818       0x70 c:/altera/13.1/nios2eds/bin/gnu/h-i686-mingw32/bin/../lib/gcc/nios2-elf/4.7.3/mno-hw-mul\libgcc.a(lib2-divmod.o)
 .debug_frame   0x00000888       0x20 c:/altera/13.1/nios2eds/bin/gnu/h-i686-mingw32/bin/../lib/gcc/nios2-elf/4.7.3/mno-hw-mul\libgcc.a(lib2-mul.o)
 .debug_frame   0x000008a8       0x20 c:/altera/13.1/nios2eds/bin/gnu/h-i686-mingw32/bin/../lib/gcc/nios2-elf/4.7.3/mno-hw-mul\libgcc.a(_clzsi2.o)
 .debug_frame   0x000008c8       0x20 c:/altera/13.1/nios2eds/bin/gnu/h-i686-mingw32/bin/../lib/gcc/nios2-elf/4.7.3/mno-hw-mul\libgcc.a(_pack_sf.o)
 .debug_frame   0x000008e8       0x20 c:/altera/13.1/nios2eds/bin/gnu/h-i686-mingw32/bin/../lib/gcc/nios2-elf/4.7.3/mno-hw-mul\libgcc.a(_unpack_sf.o)
 .debug_frame   0x00000908       0x80 C:/Users/tago/Dropbox/OUT/EE52/software/sopc_scope_1st_bsp/\libhal_bsp.a(alt_iic.o)
 .debug_frame   0x00000988       0x2c C:/Users/tago/Dropbox/OUT/EE52/software/sopc_scope_1st_bsp/\libhal_bsp.a(alt_iic_isr_register.o)
 .debug_frame   0x000009b4       0x2c C:/Users/tago/Dropbox/OUT/EE52/software/sopc_scope_1st_bsp/\libhal_bsp.a(alt_irq_handler.o)
 .debug_frame   0x000009e0       0x48 C:/Users/tago/Dropbox/OUT/EE52/software/sopc_scope_1st_bsp/\libhal_bsp.a(alt_load.o)
 .debug_frame   0x00000a28       0x2c C:/Users/tago/Dropbox/OUT/EE52/software/sopc_scope_1st_bsp/\libhal_bsp.a(alt_main.o)
 .debug_frame   0x00000a54       0x64 C:/Users/tago/Dropbox/OUT/EE52/software/sopc_scope_1st_bsp/\libhal_bsp.a(alt_sys_init.o)
 .debug_frame   0x00000ab8       0x80 C:/Users/tago/Dropbox/OUT/EE52/software/sopc_scope_1st_bsp/\libhal_bsp.a(altera_avalon_jtag_uart_fd.o)
 .debug_frame   0x00000b38       0x80 C:/Users/tago/Dropbox/OUT/EE52/software/sopc_scope_1st_bsp/\libhal_bsp.a(altera_avalon_jtag_uart_init.o)
 .debug_frame   0x00000bb8       0x2c C:/Users/tago/Dropbox/OUT/EE52/software/sopc_scope_1st_bsp/\libhal_bsp.a(altera_avalon_jtag_uart_ioctl.o)
 .debug_frame   0x00000be4       0x2c C:/Users/tago/Dropbox/OUT/EE52/software/sopc_scope_1st_bsp/\libhal_bsp.a(altera_avalon_jtag_uart_read.o)
 .debug_frame   0x00000c10       0x2c C:/Users/tago/Dropbox/OUT/EE52/software/sopc_scope_1st_bsp/\libhal_bsp.a(altera_avalon_jtag_uart_write.o)
 .debug_frame   0x00000c3c       0x2c C:/Users/tago/Dropbox/OUT/EE52/software/sopc_scope_1st_bsp/\libhal_bsp.a(alt_alarm_start.o)
 .debug_frame   0x00000c68       0x48 C:/Users/tago/Dropbox/OUT/EE52/software/sopc_scope_1st_bsp/\libhal_bsp.a(alt_close.o)
 .debug_frame   0x00000cb0       0x2c C:/Users/tago/Dropbox/OUT/EE52/software/sopc_scope_1st_bsp/\libhal_bsp.a(alt_dcache_flush_all.o)
 .debug_frame   0x00000cdc       0x2c C:/Users/tago/Dropbox/OUT/EE52/software/sopc_scope_1st_bsp/\libhal_bsp.a(alt_dev.o)
 .debug_frame   0x00000d08       0x48 C:/Users/tago/Dropbox/OUT/EE52/software/sopc_scope_1st_bsp/\libhal_bsp.a(alt_dev_llist_insert.o)
 .debug_frame   0x00000d50       0x2c C:/Users/tago/Dropbox/OUT/EE52/software/sopc_scope_1st_bsp/\libhal_bsp.a(alt_do_ctors.o)
 .debug_frame   0x00000d7c       0x2c C:/Users/tago/Dropbox/OUT/EE52/software/sopc_scope_1st_bsp/\libhal_bsp.a(alt_do_dtors.o)
 .debug_frame   0x00000da8       0x2c C:/Users/tago/Dropbox/OUT/EE52/software/sopc_scope_1st_bsp/\libhal_bsp.a(alt_icache_flush_all.o)
 .debug_frame   0x00000dd4       0x4c C:/Users/tago/Dropbox/OUT/EE52/software/sopc_scope_1st_bsp/\libhal_bsp.a(alt_io_redirect.o)
 .debug_frame   0x00000e20       0x68 C:/Users/tago/Dropbox/OUT/EE52/software/sopc_scope_1st_bsp/\libhal_bsp.a(alt_open.o)
 .debug_frame   0x00000e88       0x30 C:/Users/tago/Dropbox/OUT/EE52/software/sopc_scope_1st_bsp/\libhal_bsp.a(alt_release_fd.o)
 .debug_frame   0x00000eb8       0x48 C:/Users/tago/Dropbox/OUT/EE52/software/sopc_scope_1st_bsp/\libhal_bsp.a(alt_tick.o)
 .debug_frame   0x00000f00       0x2c C:/Users/tago/Dropbox/OUT/EE52/software/sopc_scope_1st_bsp/\libhal_bsp.a(altera_nios2_qsys_irq.o)
 .debug_frame   0x00000f2c       0x2c C:/Users/tago/Dropbox/OUT/EE52/software/sopc_scope_1st_bsp/\libhal_bsp.a(alt_find_dev.o)
 .debug_frame   0x00000f58       0x2c C:/Users/tago/Dropbox/OUT/EE52/software/sopc_scope_1st_bsp/\libhal_bsp.a(alt_find_file.o)
 .debug_frame   0x00000f84       0x30 C:/Users/tago/Dropbox/OUT/EE52/software/sopc_scope_1st_bsp/\libhal_bsp.a(alt_get_fd.o)
 .debug_frame   0x00000fb4       0x20 c:/altera/13.1/nios2eds/bin/gnu/h-i686-mingw32/bin/../lib/gcc/nios2-elf/4.7.3/../../../../../H-i686-mingw32/nios2-elf/lib/mno-hw-mul\libc.a(lib_a-atexit.o)
 .debug_frame   0x00000fd4       0x28 c:/altera/13.1/nios2eds/bin/gnu/h-i686-mingw32/bin/../lib/gcc/nios2-elf/4.7.3/../../../../../H-i686-mingw32/nios2-elf/lib/mno-hw-mul\libc.a(lib_a-exit.o)
 .debug_frame   0x00000ffc       0x20 c:/altera/13.1/nios2eds/bin/gnu/h-i686-mingw32/bin/../lib/gcc/nios2-elf/4.7.3/../../../../../H-i686-mingw32/nios2-elf/lib/mno-hw-mul\libc.a(lib_a-memcmp.o)
 .debug_frame   0x0000101c       0x30 c:/altera/13.1/nios2eds/bin/gnu/h-i686-mingw32/bin/../lib/gcc/nios2-elf/4.7.3/../../../../../H-i686-mingw32/nios2-elf/lib/mno-hw-mul\libc.a(lib_a-memcpy.o)
 .debug_frame   0x0000104c       0x20 c:/altera/13.1/nios2eds/bin/gnu/h-i686-mingw32/bin/../lib/gcc/nios2-elf/4.7.3/../../../../../H-i686-mingw32/nios2-elf/lib/mno-hw-mul\libc.a(lib_a-strlen.o)
 .debug_frame   0x0000106c       0x2c c:/altera/13.1/nios2eds/bin/gnu/h-i686-mingw32/bin/../lib/gcc/nios2-elf/4.7.3/../../../../../H-i686-mingw32/nios2-elf/lib/mno-hw-mul\libc.a(lib_a-__atexit.o)
 .debug_frame   0x00001098       0x38 c:/altera/13.1/nios2eds/bin/gnu/h-i686-mingw32/bin/../lib/gcc/nios2-elf/4.7.3/../../../../../H-i686-mingw32/nios2-elf/lib/mno-hw-mul\libc.a(lib_a-__call_atexit.o)
 .debug_frame   0x000010d0       0x2c C:/Users/tago/Dropbox/OUT/EE52/software/sopc_scope_1st_bsp/\libhal_bsp.a(alt_exit.o)

.debug_str      0x00000000     0x1e9a
 *(.debug_str)
 .debug_str     0x00000000       0x71 obj/default/char57.o
 .debug_str     0x00000071       0x6a obj/default/keyproc.o
                                 0xb9 (size before relaxing)
 .debug_str     0x000000db       0xb0 obj/default/lcdout.o
                                0x13b (size before relaxing)
 .debug_str     0x0000018b       0xee obj/default/mainloop.o
                                0x1b6 (size before relaxing)