Archive member included because of file (symbol)

c:/altera/13.1/nios2eds/bin/gnu/h-i686-mingw32/bin/../lib/gcc/nios2-elf/4.7.3\libgcc.a(lib2-divmod.o)
                              obj/default/menuact.o (__divsi3)
C:/Users/tago/Dropbox/OUT/EE52/software/sopc_scope_1st_bsp/\libhal_bsp.a(alt_iic.o)
                              obj/default/keys.o (alt_ic_isr_register)
C:/Users/tago/Dropbox/OUT/EE52/software/sopc_scope_1st_bsp/\libhal_bsp.a(alt_iic_isr_register.o)
                              C:/Users/tago/Dropbox/OUT/EE52/software/sopc_scope_1st_bsp/\libhal_bsp.a(alt_iic.o) (alt_iic_isr_register)
C:/Users/tago/Dropbox/OUT/EE52/software/sopc_scope_1st_bsp/\libhal_bsp.a(alt_irq_entry.o)
                              C:/Users/tago/Dropbox/OUT/EE52/software/sopc_scope_1st_bsp/\libhal_bsp.a(alt_iic_isr_register.o) (alt_irq_entry)
C:/Users/tago/Dropbox/OUT/EE52/software/sopc_scope_1st_bsp/\libhal_bsp.a(alt_irq_handler.o)
                              C:/Users/tago/Dropbox/OUT/EE52/software/sopc_scope_1st_bsp/\libhal_bsp.a(alt_iic_isr_register.o) (alt_irq)
C:/Users/tago/Dropbox/OUT/EE52/software/sopc_scope_1st_bsp/\libhal_bsp.a(alt_irq_vars.o)
                              C:/Users/tago/Dropbox/OUT/EE52/software/sopc_scope_1st_bsp/\libhal_bsp.a(alt_iic.o) (alt_irq_active)
C:/Users/tago/Dropbox/OUT/EE52/software/sopc_scope_1st_bsp/\libhal_bsp.a(alt_load.o)
                              C:/Users/tago/Dropbox/OUT/EE52/software/sopc_scope_1st_bsp//obj/HAL/src/crt0.o (alt_load)
C:/Users/tago/Dropbox/OUT/EE52/software/sopc_scope_1st_bsp/\libhal_bsp.a(alt_main.o)
                              C:/Users/tago/Dropbox/OUT/EE52/software/sopc_scope_1st_bsp//obj/HAL/src/crt0.o (alt_main)
C:/Users/tago/Dropbox/OUT/EE52/software/sopc_scope_1st_bsp/\libhal_bsp.a(alt_sys_init.o)
                              C:/Users/tago/Dropbox/OUT/EE52/software/sopc_scope_1st_bsp/\libhal_bsp.a(alt_main.o) (alt_irq_init)
C:/Users/tago/Dropbox/OUT/EE52/software/sopc_scope_1st_bsp/\libhal_bsp.a(altera_avalon_jtag_uart_fd.o)
                              C:/Users/tago/Dropbox/OUT/EE52/software/sopc_scope_1st_bsp/\libhal_bsp.a(alt_sys_init.o) (altera_avalon_jtag_uart_read_fd)
C:/Users/tago/Dropbox/OUT/EE52/software/sopc_scope_1st_bsp/\libhal_bsp.a(altera_avalon_jtag_uart_init.o)
                              C:/Users/tago/Dropbox/OUT/EE52/software/sopc_scope_1st_bsp/\libhal_bsp.a(alt_sys_init.o) (altera_avalon_jtag_uart_init)
C:/Users/tago/Dropbox/OUT/EE52/software/sopc_scope_1st_bsp/\libhal_bsp.a(altera_avalon_jtag_uart_ioctl.o)
                              C:/Users/tago/Dropbox/OUT/EE52/software/sopc_scope_1st_bsp/\libhal_bsp.a(altera_avalon_jtag_uart_fd.o) (altera_avalon_jtag_uart_ioctl)
C:/Users/tago/Dropbox/OUT/EE52/software/sopc_scope_1st_bsp/\libhal_bsp.a(altera_avalon_jtag_uart_read.o)
                              C:/Users/tago/Dropbox/OUT/EE52/software/sopc_scope_1st_bsp/\libhal_bsp.a(altera_avalon_jtag_uart_fd.o) (altera_avalon_jtag_uart_read)
C:/Users/tago/Dropbox/OUT/EE52/software/sopc_scope_1st_bsp/\libhal_bsp.a(altera_avalon_jtag_uart_write.o)
                              C:/Users/tago/Dropbox/OUT/EE52/software/sopc_scope_1st_bsp/\libhal_bsp.a(altera_avalon_jtag_uart_fd.o) (altera_avalon_jtag_uart_write)
C:/Users/tago/Dropbox/OUT/EE52/software/sopc_scope_1st_bsp/\libhal_bsp.a(alt_alarm_start.o)
                              C:/Users/tago/Dropbox/OUT/EE52/software/sopc_scope_1st_bsp/\libhal_bsp.a(altera_avalon_jtag_uart_init.o) (alt_alarm_start)
C:/Users/tago/Dropbox/OUT/EE52/software/sopc_scope_1st_bsp/\libhal_bsp.a(alt_close.o)
                              C:/Users/tago/Dropbox/OUT/EE52/software/sopc_scope_1st_bsp/\libhal_bsp.a(alt_main.o) (close)
C:/Users/tago/Dropbox/OUT/EE52/software/sopc_scope_1st_bsp/\libhal_bsp.a(alt_dcache_flush_all.o)
                              C:/Users/tago/Dropbox/OUT/EE52/software/sopc_scope_1st_bsp/\libhal_bsp.a(alt_load.o) (alt_dcache_flush_all)
C:/Users/tago/Dropbox/OUT/EE52/software/sopc_scope_1st_bsp/\libhal_bsp.a(alt_dev.o)
                              C:/Users/tago/Dropbox/OUT/EE52/software/sopc_scope_1st_bsp/\libhal_bsp.a(alt_sys_init.o) (alt_dev_list)
C:/Users/tago/Dropbox/OUT/EE52/software/sopc_scope_1st_bsp/\libhal_bsp.a(alt_dev_llist_insert.o)
                              C:/Users/tago/Dropbox/OUT/EE52/software/sopc_scope_1st_bsp/\libhal_bsp.a(alt_sys_init.o) (alt_dev_llist_insert)
C:/Users/tago/Dropbox/OUT/EE52/software/sopc_scope_1st_bsp/\libhal_bsp.a(alt_do_ctors.o)
                              C:/Users/tago/Dropbox/OUT/EE52/software/sopc_scope_1st_bsp/\libhal_bsp.a(alt_main.o) (_do_ctors)
C:/Users/tago/Dropbox/OUT/EE52/software/sopc_scope_1st_bsp/\libhal_bsp.a(alt_do_dtors.o)
                              C:/Users/tago/Dropbox/OUT/EE52/software/sopc_scope_1st_bsp/\libhal_bsp.a(alt_main.o) (_do_dtors)
C:/Users/tago/Dropbox/OUT/EE52/software/sopc_scope_1st_bsp/\libhal_bsp.a(alt_errno.o)
[...]
Memory Configuration

Name             Origin             Length             Attributes
rom              0x00080000         0x00080000
ram              0x00120000         0x00020000
reset            0x00150000         0x00000020
temp_ram         0x00150020         0x00009c80
*default*        0x00000000         0xffffffff

Linker script and memory map

LOAD C:/Users/tago/Dropbox/OUT/EE52/software/sopc_scope_1st_bsp//obj/HAL/src/crt0.o
LOAD obj/default/char58.o
LOAD obj/default/keyproc.o
LOAD obj/default/lcdout.o
LOAD obj/default/mainloop.o
LOAD obj/default/menu.o
LOAD obj/default/menuact.o
LOAD obj/default/stubfncs.o
LOAD obj/default/testcode.o
LOAD obj/default/tracutil.o
LOAD obj/default/keys.o
LOAD c:/altera/13.1/nios2eds/bin/gnu/h-i686-mingw32/bin/../lib/gcc/nios2-elf/4.7.3/../../../../../H-i686-mingw32/nios2-elf/lib\libstdc++.a
LOAD c:/altera/13.1/nios2eds/bin/gnu/h-i686-mingw32/bin/../lib/gcc/nios2-elf/4.7.3/../../../../../H-i686-mingw32/nios2-elf/lib\libm.a
LOAD c:/altera/13.1/nios2eds/bin/gnu/h-i686-mingw32/bin/../lib/gcc/nios2-elf/4.7.3\libgcc.a
START GROUP
LOAD c:/altera/13.1/nios2eds/bin/gnu/h-i686-mingw32/bin/../lib/gcc/nios2-elf/4.7.3/../../../../../H-i686-mingw32/nios2-elf/lib\libc.a
LOAD c:/altera/13.1/nios2eds/bin/gnu/h-i686-mingw32/bin/../lib/gcc/nios2-elf/4.7.3\libgcc.a
LOAD C:/Users/tago/Dropbox/OUT/EE52/software/sopc_scope_1st_bsp/\libhal_bsp.a
END GROUP
LOAD c:/altera/13.1/nios2eds/bin/gnu/h-i686-mingw32/bin/../lib/gcc/nios2-elf/4.7.3\libgcc.a
                0x00080000                __alt_mem_rom = 0x80000
                0x00120000                __alt_mem_ram = 0x120000
                0x00150000                __alt_mem_temp_ram = 0x150000

.entry          0x00150000       0x20
 *(.entry)
 .entry         0x00150000       0x20 C:/Users/tago/Dropbox/OUT/EE52/software/sopc_scope_1st_bsp//obj/HAL/src/crt0.o
                0x00150000                __reset

.exceptions     0x00150020      0x198
                0x00150020                PROVIDE (__ram_exceptions_start, ABSOLUTE (.))
                0x00150020                . = ALIGN (0x20)
 *(.irq)
 *(.exceptions.entry.label)
 .exceptions.entry.label
                0x00150020        0x0 C:/Users/tago/Dropbox/OUT/EE52/software/sopc_scope_1st_bsp/\libhal_bsp.a(alt_irq_entry.o)
                0x00150020                alt_irq_entry
 .exceptions.entry.label
                0x00150020        0x0 C:/Users/tago/Dropbox/OUT/EE52/software/sopc_scope_1st_bsp/\libhal_bsp.a(alt_exception_entry.o)
                0x00150020                alt_exception
 *(.exceptions.entry.user)
 *(.exceptions.entry.ecc_fatal)
 *(.exceptions.entry)
 .exceptions.entry
                0x00150020       0x54 C:/Users/tago/Dropbox/OUT/EE52/software/sopc_scope_1st_bsp/\libhal_bsp.a(alt_exception_entry.o)
 *(.exceptions.irqtest.user)
 *(.exceptions.irqtest)
 .exceptions.irqtest
                0x00150074       0x10 C:/Users/tago/Dropbox/OUT/EE52/software/sopc_scope_1st_bsp/\libhal_bsp.a(alt_irq_entry.o)
 *(.exceptions.irqhandler.user)
 *(.exceptions.irqhandler)
 .exceptions.irqhandler
                0x00150084        0x4 C:/Users/tago/Dropbox/OUT/EE52/software/sopc_scope_1st_bsp/\libhal_bsp.a(alt_irq_entry.o)
 *(.exceptions.irqreturn.user)
 *(.exceptions.irqreturn)
 .exceptions.irqreturn
                0x00150088        0x4 C:/Users/tago/Dropbox/OUT/EE52/software/sopc_scope_1st_bsp/\libhal_bsp.a(alt_irq_entry.o)
 *(.exceptions.notirq.label)
 .exceptions.notirq.label
                0x0015008c        0x0 C:/Users/tago/Dropbox/OUT/EE52/software/sopc_scope_1st_bsp/\libhal_bsp.a(alt_irq_entry.o)
 *(.exceptions.notirq.user)
 *(.exceptions.notirq)
 .exceptions.notirq
                0x0015008c        0x8 C:/Users/tago/Dropbox/OUT/EE52/software/sopc_scope_1st_bsp/\libhal_bsp.a(alt_exception_entry.o)
 *(.exceptions.soft.user)
 *(.exceptions.soft)
 *(.exceptions.unknown.user)
 *(.exceptions.unknown)
 .exceptions.unknown
                0x00150094        0x4 C:/Users/tago/Dropbox/OUT/EE52/software/sopc_scope_1st_bsp/\libhal_bsp.a(alt_exception_entry.o)
 *(.exceptions.exit.label)
 .exceptions.exit.label
                0x00150098        0x0 C:/Users/tago/Dropbox/OUT/EE52/software/sopc_scope_1st_bsp/\libhal_bsp.a(alt_irq_entry.o)
 .exceptions.exit.label
                0x00150098        0x0 C:/Users/tago/Dropbox/OUT/EE52/software/sopc_scope_1st_bsp/\libhal_bsp.a(alt_exception_entry.o)
 *(.exceptions.exit.user)
 *(.exceptions.exit)
 .exceptions.exit
                0x00150098       0x54 C:/Users/tago/Dropbox/OUT/EE52/software/sopc_scope_1st_bsp/\libhal_bsp.a(alt_exception_entry.o)
 *(.exceptions)
 .exceptions    0x001500ec       0xcc C:/Users/tago/Dropbox/OUT/EE52/software/sopc_scope_1st_bsp/\libhal_bsp.a(alt_irq_handler.o)
                0x001500ec                alt_irq_handler
                0x001501b8                PROVIDE (__ram_exceptions_end, ABSOLUTE (.))
                0x00150020                PROVIDE (__flash_exceptions_start, LOADADDR (.exceptions))

.text           0x001501b8     0x4ce0
                0x001501b8                PROVIDE (stext, ABSOLUTE (.))
 *(.interp)
 *(.hash)
 *(.dynsym)
 *(.dynstr)
 *(.gnu.version)
 *(.gnu.version_d)
 *(.gnu.version_r)
 *(.rel.init)
 *(.rela.init)
 *(.rel.text .rel.text.* .rel.gnu.linkonce.t.*)
 *(.rela.text .rela.text.* .rela.gnu.linkonce.t.*)
 *(.rel.fini)
 *(.rela.fini)
 *(.rel.rodata .rel.rodata.* .rel.gnu.linkonce.r.*)
 *(.rela.rodata .rela.rodata.* .rela.gnu.linkonce.r.*)
 *(.rel.data .rel.data.* .rel.gnu.linkonce.d.*)
 *(.rela.data .rela.data.* .rela.gnu.linkonce.d.*)
 *(.rel.tdata .rel.tdata.* .rel.gnu.linkonce.td.*)
 *(.rela.tdata .rela.tdata.* .rela.gnu.linkonce.td.*)
 *(.rel.tbss .rel.tbss.* .rel.gnu.linkonce.tb.*)
 *(.rela.tbss .rela.tbss.* .rela.gnu.linkonce.tb.*)
 *(.rel.ctors)
 *(.rela.ctors)
 *(.rel.dtors)
 *(.rela.dtors)
 *(.rel.got)
 *(.rela.got)
 *(.rel.sdata .rel.sdata.* .rel.gnu.linkonce.s.*)
 *(.rela.sdata .rela.sdata.* .rela.gnu.linkonce.s.*)
 *(.rel.sbss .rel.sbss.* .rel.gnu.linkonce.sb.*)
 *(.rela.sbss .rela.sbss.* .rela.gnu.linkonce.sb.*)
 *(.rel.sdata2 .rel.sdata2.* .rel.gnu.linkonce.s2.*)
 *(.rela.sdata2 .rela.sdata2.* .rela.gnu.linkonce.s2.*)
 *(.rel.sbss2 .rel.sbss2.* .rel.gnu.linkonce.sb2.*)
 *(.rela.sbss2 .rela.sbss2.* .rela.gnu.linkonce.sb2.*)
 *(.rel.bss .rel.bss.* .rel.gnu.linkonce.b.*)
 *(.rela.bss .rela.bss.* .rela.gnu.linkonce.b.*)
 *(.rel.plt)
 *(.rela.plt)
 *(.rel.dyn)
 *(.init)
 *(.plt)
 *(.text .stub .text.* .gnu.linkonce.t.*)
 .text          0x001501b8       0x4c C:/Users/tago/Dropbox/OUT/EE52/software/sopc_scope_1st_bsp//obj/HAL/src/crt0.o
                0x001501b8                _start
 .text          0x00150204        0x0 obj/default/char58.o
 .text          0x00150204      0x134 obj/default/keyproc.o
                0x00150204                no_action
                0x00150228                menu_key
                0x00150278                menu_up
                0x001502a8                menu_down
                0x001502d8                menu_left
                0x00150308                menu_right
 .text          0x00150338      0x400 obj/default/lcdout.o
                0x00150338                clear_region
                0x001503e0                plot_hline
                0x0015048c                plot_vline
                0x00150538                plot_char
                0x001506a0                plot_string
 .text          0x00150738      0x130 obj/default/mainloop.o
                0x00150738                main
 .text          0x00150868      0x49c obj/default/menu.o
                0x00150868                init_menu
                0x001508cc                clear_menu
                0x00150904                display_menu
                0x00150984                refresh_menu
                0x001509bc                reset_menu
                0x00150a18                next_entry
                0x00150a88                previous_entry
                0x00150af4                menu_entry_left
                0x00150b94                menu_entry_right
 .text          0x00150d04      0xce8 obj/default/menuact.o
                0x00150d04                no_menu_action
                0x00150d24                no_display
                0x00150d50                set_trigger_mode
                0x00150d90                get_trigger_mode
                0x00150db0                mode_down
                0x00150e14                mode_up
                0x00150e78                display_mode
                0x00150ee0                set_scale
                0x00150f20                scale_down
                0x00150f84                scale_up
                0x00150fe8                display_scale
                0x00151050                set_sweep
                0x001510b0                sweep_down
                0x00151130                sweep_up
                0x001511b4                display_sweep
                0x0015121c                set_trg_level
                0x00151264                trg_level_down
                0x001512b4                trg_level_up
                0x00151308                display_trg_level
                0x001513a4                set_trg_slope
                0x001513ec                trg_slope_toggle
                0x00151440                display_trg_slope
                0x001514a4                set_trg_delay
                0x001514e4                trg_delay_down
                0x0015152c                trg_delay_up
                0x00151638                display_trg_delay
 .text          0x001519ec      0x100 obj/default/stubfncs.o
                0x001519ec                clear_display
                0x00151a0c                plot_pixel
                0x00151a38                set_sample_rate
                0x00151a5c                set_trigger
                0x00151a84                set_delay
                0x00151aa8                start_sample
                0x00151acc                sample_done
 .text          0x00151aec      0x12c obj/default/testcode.o
                0x00151aec                get_test_sample
 .text          0x00151c18      0xe60 obj/default/tracutil.o
                0x00151c18                init_trace
                0x00151c7c                set_mode
                0x00151cb4                is_sampling
                0x00151cd4                trace_rdy
                0x00151d0c                trace_done
                0x00151d4c                trace_rearm
                0x00151d74                set_trace_size
                0x00151da0                set_display_scale
                0x0015216c                clear_saved_areas
                0x0015230c                restore_menu_trace
                0x00152410                set_save_area
                0x001524d0                restore_trace
                0x001525e0                do_trace
                0x00152628                plot_trace
 .text          0x00152a78      0x110 obj/default/keys.o
                0x00152a78                keys_init
                0x00152acc                keys_handler
                0x00152b64                getkey
                0x00152b78                key_available
 .text          0x00152b88      0x130 c:/altera/13.1/nios2eds/bin/gnu/h-i686-mingw32/bin/../lib/gcc/nios2-elf/4.7.3\libgcc.a(lib2-divmod.o)
                0x00152bfc                __divsi3
                0x00152c4c                __modsi3
                0x00152ca8                __udivsi3
                0x00152cb0                __umodsi3
 .text          0x00152cb8      0x1d8 C:/Users/tago/Dropbox/OUT/EE52/software/sopc_scope_1st_bsp/\libhal_bsp.a(alt_iic.o)
                0x00152cb8                alt_ic_isr_register
                0x00152d08                alt_ic_irq_enable
                0x00152da4                alt_ic_irq_disable
                0x00152e44                alt_ic_irq_enabled
 .text          0x00152e90       0xf0 C:/Users/tago/Dropbox/OUT/EE52/software/sopc_scope_1st_bsp/\libhal_bsp.a(alt_iic_isr_register.o)
                0x00152e90                alt_iic_isr_register
 .text          0x00152f80        0x0 C:/Users/tago/Dropbox/OUT/EE52/software/sopc_scope_1st_bsp/\libhal_bsp.a(alt_irq_entry.o)
 .text          0x00152f80        0x0 C:/Users/tago/Dropbox/OUT/EE52/software/sopc_scope_1st_bsp/\libhal_bsp.a(alt_irq_handler.o)
 .text          0x00152f80        0x0 C:/Users/tago/Dropbox/OUT/EE52/software/sopc_scope_1st_bsp/\libhal_bsp.a(alt_irq_vars.o)
 .text          0x00152f80       0xec C:/Users/tago/Dropbox/OUT/EE52/software/sopc_scope_1st_bsp/\libhal_bsp.a(alt_load.o)
                0x00152fec                alt_load
 .text          0x0015306c       0x78 C:/Users/tago/Dropbox/OUT/EE52/software/sopc_scope_1st_bsp/\libhal_bsp.a(alt_main.o)
                0x0015306c                alt_main
 .text          0x001530e4       0xb0 C:/Users/tago/Dropbox/OUT/EE52/software/sopc_scope_1st_bsp/\libhal_bsp.a(alt_sys_init.o)
                0x0015311c                alt_irq_init
                0x00153150                alt_sys_init
 .text          0x00153194      0x164 C:/Users/tago/Dropbox/OUT/EE52/software/sopc_scope_1st_bsp/\libhal_bsp.a(altera_avalon_jtag_uart_fd.o)
                0x00153194                altera_avalon_jtag_uart_read_fd
                0x001531f4                altera_avalon_jtag_uart_write_fd
                0x00153254                altera_avalon_jtag_uart_close_fd
                0x001532a4                altera_avalon_jtag_uart_ioctl_fd
 .text          0x001532f8      0x3d0 C:/Users/tago/Dropbox/OUT/EE52/software/sopc_scope_1st_bsp/\libhal_bsp.a(altera_avalon_jtag_uart_init.o)
                0x001532f8                altera_avalon_jtag_uart_init
                0x00153660                altera_avalon_jtag_uart_close
 .text          0x001536c8       0xf4 C:/Users/tago/Dropbox/OUT/EE52/software/sopc_scope_1st_bsp/\libhal_bsp.a(altera_avalon_jtag_uart_ioctl.o)
                0x001536c8                altera_avalon_jtag_uart_ioctl
 .text          0x001537bc      0x218 C:/Users/tago/Dropbox/OUT/EE52/software/sopc_scope_1st_bsp/\libhal_bsp.a(altera_avalon_jtag_uart_read.o)
                0x001537bc                altera_avalon_jtag_uart_read
 .text          0x001539d4      0x224 C:/Users/tago/Dropbox/OUT/EE52/software/sopc_scope_1st_bsp/\libhal_bsp.a(altera_avalon_jtag_uart_write.o)
                0x001539d4                altera_avalon_jtag_uart_write
 .text          0x00153bf8      0x140 C:/Users/tago/Dropbox/OUT/EE52/software/sopc_scope_1st_bsp/\libhal_bsp.a(alt_alarm_start.o)
                0x00153bf8                alt_alarm_start
 .text          0x00153d38      0x118 C:/Users/tago/Dropbox/OUT/EE52/software/sopc_scope_1st_bsp/\libhal_bsp.a(alt_close.o)
                0x00153d88                close
 .text          0x00153e50       0x44 C:/Users/tago/Dropbox/OUT/EE52/software/sopc_scope_1st_bsp/\libhal_bsp.a(alt_dcache_flush_all.o)
                0x00153e50                alt_dcache_flush_all
 .text          0x00153e94       0x2c C:/Users/tago/Dropbox/OUT/EE52/software/sopc_scope_1st_bsp/\libhal_bsp.a(alt_dev.o)
 .text          0x00153ec0       0xf0 C:/Users/tago/Dropbox/OUT/EE52/software/sopc_scope_1st_bsp/\libhal_bsp.a(alt_dev_llist_insert.o)
                0x00153f10                alt_dev_llist_insert
 .text          0x00153fb0       0x5c C:/Users/tago/Dropbox/OUT/EE52/software/sopc_scope_1st_bsp/\libhal_bsp.a(alt_do_ctors.o)
                0x00153fb0                _do_ctors
 .text          0x0015400c       0x5c C:/Users/tago/Dropbox/OUT/EE52/software/sopc_scope_1st_bsp/\libhal_bsp.a(alt_do_dtors.o)
                0x0015400c                _do_dtors
 .text          0x00154068        0x0 C:/Users/tago/Dropbox/OUT/EE52/software/sopc_scope_1st_bsp/\libhal_bsp.a(alt_errno.o)
 .text          0x00154068        0x0 C:/Users/tago/Dropbox/OUT/EE52/software/sopc_scope_1st_bsp/\libhal_bsp.a(alt_exception_entry.o)
 .text          0x00154068       0x30 C:/Users/tago/Dropbox/OUT/EE52/software/sopc_scope_1st_bsp/\libhal_bsp.a(alt_icache_flush_all.o)
                0x00154068                alt_icache_flush_all
 .text          0x00154098      0x138 C:/Users/tago/Dropbox/OUT/EE52/software/sopc_scope_1st_bsp/\libhal_bsp.a(alt_io_redirect.o)
                0x00154158                alt_io_redirect
 .text          0x001541d0      0x270 C:/Users/tago/Dropbox/OUT/EE52/software/sopc_scope_1st_bsp/\libhal_bsp.a(alt_open.o)
                0x001542ec                open
 .text          0x00154440       0x60 C:/Users/tago/Dropbox/OUT/EE52/software/sopc_scope_1st_bsp/\libhal_bsp.a(alt_release_fd.o)
                0x00154440                alt_release_fd
 .text          0x001544a0      0x19c C:/Users/tago/Dropbox/OUT/EE52/software/sopc_scope_1st_bsp/\libhal_bsp.a(alt_tick.o)
                0x001544a0                alt_alarm_stop
                0x00154538                alt_tick
 .text          0x0015463c       0x20 C:/Users/tago/Dropbox/OUT/EE52/software/sopc_scope_1st_bsp/\libhal_bsp.a(altera_nios2_qsys_irq.o)
                0x0015463c                altera_nios2_qsys_irq_init
 .text          0x0015465c       0x90 C:/Users/tago/Dropbox/OUT/EE52/software/sopc_scope_1st_bsp/\libhal_bsp.a(alt_find_dev.o)
                0x0015465c                alt_find_dev
 .text          0x001546ec      0x114 C:/Users/tago/Dropbox/OUT/EE52/software/sopc_scope_1st_bsp/\libhal_bsp.a(alt_find_file.o)
                0x001546ec                alt_find_file
 .text          0x00154800       0xb4 C:/Users/tago/Dropbox/OUT/EE52/software/sopc_scope_1st_bsp/\libhal_bsp.a(alt_get_fd.o)
                0x00154800                alt_get_fd
 .text          0x001548b4       0x8c C:/Users/tago/Dropbox/OUT/EE52/software/sopc_scope_1st_bsp/\libhal_bsp.a(alt_icache_flush.o)
                0x001548b4                alt_icache_flush
 .text          0x00154940       0x14 c:/altera/13.1/nios2eds/bin/gnu/h-i686-mingw32/bin/../lib/gcc/nios2-elf/4.7.3/../../../../../H-i686-mingw32/nios2-elf/lib\libc.a(lib_a-atexit.o)
                0x00154940                atexit
 .text          0x00154954       0x38 c:/altera/13.1/nios2eds/bin/gnu/h-i686-mingw32/bin/../lib/gcc/nios2-elf/4.7.3/../../../../../H-i686-mingw32/nios2-elf/lib\libc.a(lib_a-exit.o)
                0x00154954                exit
 .text          0x0015498c        0x0 c:/altera/13.1/nios2eds/bin/gnu/h-i686-mingw32/bin/../lib/gcc/nios2-elf/4.7.3/../../../../../H-i686-mingw32/nios2-elf/lib\libc.a(lib_a-impure.o)
 .text          0x0015498c        0x0 c:/altera/13.1/nios2eds/bin/gnu/h-i686-mingw32/bin/../lib/gcc/nios2-elf/4.7.3/../../../../../H-i686-mingw32/nios2-elf/lib\libc.a(lib_a-int_errno.o)
 .text          0x0015498c       0x7c c:/altera/13.1/nios2eds/bin/gnu/h-i686-mingw32/bin/../lib/gcc/nios2-elf/4.7.3/../../../../../H-i686-mingw32/nios2-elf/lib\libc.a(lib_a-memcmp.o)
                0x0015498c                memcmp
 .text          0x00154a08       0xf8 c:/altera/13.1/nios2eds/bin/gnu/h-i686-mingw32/bin/../lib/gcc/nios2-elf/4.7.3/../../../../../H-i686-mingw32/nios2-elf/lib\libc.a(lib_a-memcpy.o)
                0x00154a08                memcpy
 .text          0x00154b00       0x8c c:/altera/13.1/nios2eds/bin/gnu/h-i686-mingw32/bin/../lib/gcc/nios2-elf/4.7.3/../../../../../H-i686-mingw32/nios2-elf/lib\libc.a(lib_a-strlen.o)
                0x00154b00                strlen
 .text          0x00154b8c      0x130 c:/altera/13.1/nios2eds/bin/gnu/h-i686-mingw32/bin/../lib/gcc/nios2-elf/4.7.3/../../../../../H-i686-mingw32/nios2-elf/lib\libc.a(lib_a-__atexit.o)
                0x00154b8c                __register_exitproc
 .text          0x00154cbc      0x1a0 c:/altera/13.1/nios2eds/bin/gnu/h-i686-mingw32/bin/../lib/gcc/nios2-elf/4.7.3/../../../../../H-i686-mingw32/nios2-elf/lib\libc.a(lib_a-__call_atexit.o)
                0x00154cbc                __call_exitprocs
 .text          0x00154e5c       0x3c C:/Users/tago/Dropbox/OUT/EE52/software/sopc_scope_1st_bsp/\libhal_bsp.a(alt_exit.o)
                0x00154e5c                _exit
 *(.gnu.warning.*)
 *(.fini)
                0x00154e98                PROVIDE (__etext, ABSOLUTE (.))
                0x00154e98                PROVIDE (_etext, ABSOLUTE (.))
                0x00154e98                PROVIDE (etext, ABSOLUTE (.))
 *(.eh_frame_hdr)
                0x00154e98                . = ALIGN (0x4)
                0x00154e98                PROVIDE (__preinit_array_start, ABSOLUTE (.))
 *(.preinit_array)
                0x00154e98                PROVIDE (__preinit_array_end, ABSOLUTE (.))
                0x00154e98                PROVIDE (__init_array_start, ABSOLUTE (.))
 *(.init_array)
                0x00154e98                PROVIDE (__init_array_end, ABSOLUTE (.))
                0x00154e98                PROVIDE (__fini_array_start, ABSOLUTE (.))
 *(.fini_array)
                0x00154e98                PROVIDE (__fini_array_end, ABSOLUTE (.))
 *(.eh_frame)
 *(.gcc_except_table .gcc_except_table.*)
 *(.dynamic)
                0x00154e98                PROVIDE (__CTOR_LIST__, ABSOLUTE (.))
 *(.ctors)
 *(SORT(.ctors.*))
                0x00154e98                PROVIDE (__CTOR_END__, ABSOLUTE (.))
                0x00154e98                PROVIDE (__DTOR_LIST__, ABSOLUTE (.))
 *(.dtors)
 *(SORT(.dtors.*))
                0x00154e98                PROVIDE (__DTOR_END__, ABSOLUTE (.))
 *(.jcr)
                0x00154e98                . = ALIGN (0x4)

.rodata         0x00154e98      0x8b0
                0x00154e98                PROVIDE (__ram_rodata_start, ABSOLUTE (.))
                0x00154e98                . = ALIGN (0x4)
 *(.rodata .rodata.* .gnu.linkonce.r.*)
 .rodata        0x00154e98      0x400 obj/default/char58.o
                0x00154e98                char_patterns
 .rodata        0x00155298       0x5c obj/default/mainloop.o
 .rodata        0x001552f4       0xe0 obj/default/menu.o
 .rodata        0x001553d4      0x16c obj/default/menuact.o
 .rodata        0x00155540      0x1e0 obj/default/testcode.o
 .rodata        0x00155720        0xc C:/Users/tago/Dropbox/OUT/EE52/software/sopc_scope_1st_bsp/\libhal_bsp.a(alt_main.o)
 .rodata        0x0015572c        0xc C:/Users/tago/Dropbox/OUT/EE52/software/sopc_scope_1st_bsp/\libhal_bsp.a(alt_sys_init.o)
 .rodata        0x00155738        0xc C:/Users/tago/Dropbox/OUT/EE52/software/sopc_scope_1st_bsp/\libhal_bsp.a(alt_dev.o)
 .rodata.str1.4
                0x00155744        0x4 c:/altera/13.1/nios2eds/bin/gnu/h-i686-mingw32/bin/../lib/gcc/nios2-elf/4.7.3/../../../../../H-i686-mingw32/nios2-elf/lib\libc.a(lib_a-impure.o)
 *(.rodata1)
                0x00155748                . = ALIGN (0x4)
                0x00155748                PROVIDE (__ram_rodata_end, ABSOLUTE (.))
                0x00154e98                PROVIDE (__flash_rodata_start, LOADADDR (.rodata))

.rwdata         0x00155748     0x1640 load address 0x00156d88
                0x00155748                PROVIDE (__ram_rwdata_start, ABSOLUTE (.))
                0x00155748                . = ALIGN (0x4)
 *(.got.plt)
 *(.got)
 *(.data1)
 *(.data .data.* .gnu.linkonce.d.*)
 .data          0x00155748        0x0 C:/Users/tago/Dropbox/OUT/EE52/software/sopc_scope_1st_bsp//obj/HAL/src/crt0.o
 .data          0x00155748        0x0 obj/default/char58.o
 .data          0x00155748        0x0 obj/default/keyproc.o
 .data          0x00155748        0x0 obj/default/lcdout.o
 .data          0x00155748        0x0 obj/default/mainloop.o
 .data          0x00155748        0x0 obj/default/menu.o
 .data          0x00155748        0x0 obj/default/menuact.o
 .data          0x00155748        0x0 obj/default/stubfncs.o
 .data          0x00155748        0x0 obj/default/testcode.o
 .data          0x00155748        0x0 obj/default/tracutil.o
 .data          0x00155748        0x1 obj/default/keys.o
 .data          0x00155749        0x0 c:/altera/13.1/nios2eds/bin/gnu/h-i686-mingw32/bin/../lib/gcc/nios2-elf/4.7.3\libgcc.a(lib2-divmod.o)
 .data          0x00155749        0x0 C:/Users/tago/Dropbox/OUT/EE52/software/sopc_scope_1st_bsp/\libhal_bsp.a(alt_iic.o)
 .data          0x00155749        0x0 C:/Users/tago/Dropbox/OUT/EE52/software/sopc_scope_1st_bsp/\libhal_bsp.a(alt_iic_isr_register.o)
 .data          0x00155749        0x0 C:/Users/tago/Dropbox/OUT/EE52/software/sopc_scope_1st_bsp/\libhal_bsp.a(alt_irq_entry.o)
 .data          0x00155749        0x0 C:/Users/tago/Dropbox/OUT/EE52/software/sopc_scope_1st_bsp/\libhal_bsp.a(alt_irq_handler.o)
 .data          0x00155749        0x0 C:/Users/tago/Dropbox/OUT/EE52/software/sopc_scope_1st_bsp/\libhal_bsp.a(alt_irq_vars.o)
 .data          0x00155749        0x0 C:/Users/tago/Dropbox/OUT/EE52/software/sopc_scope_1st_bsp/\libhal_bsp.a(alt_load.o)
 .data          0x00155749        0x0 C:/Users/tago/Dropbox/OUT/EE52/software/sopc_scope_1st_bsp/\libhal_bsp.a(alt_main.o)
 *fill*         0x00155749        0x3 
 .data          0x0015574c     0x1060 C:/Users/tago/Dropbox/OUT/EE52/software/sopc_scope_1st_bsp/\libhal_bsp.a(alt_sys_init.o)
 .data          0x001567ac        0x0 C:/Users/tago/Dropbox/OUT/EE52/software/sopc_scope_1st_bsp/\libhal_bsp.a(altera_avalon_jtag_uart_fd.o)
 .data          0x001567ac        0x0 C:/Users/tago/Dropbox/OUT/EE52/software/sopc_scope_1st_bsp/\libhal_bsp.a(altera_avalon_jtag_uart_init.o)
 .data          0x001567ac        0x0 C:/Users/tago/Dropbox/OUT/EE52/software/sopc_scope_1st_bsp/\libhal_bsp.a(altera_avalon_jtag_uart_ioctl.o)
 .data          0x001567ac        0x0 C:/Users/tago/Dropbox/OUT/EE52/software/sopc_scope_1st_bsp/\libhal_bsp.a(altera_avalon_jtag_uart_read.o)
 .data          0x001567ac        0x0 C:/Users/tago/Dropbox/OUT/EE52/software/sopc_scope_1st_bsp/\libhal_bsp.a(altera_avalon_jtag_uart_write.o)
 .data          0x001567ac        0x0 C:/Users/tago/Dropbox/OUT/EE52/software/sopc_scope_1st_bsp/\libhal_bsp.a(alt_alarm_start.o)
 .data          0x001567ac        0x0 C:/Users/tago/Dropbox/OUT/EE52/software/sopc_scope_1st_bsp/\libhal_bsp.a(alt_close.o)
 .data          0x001567ac        0x0 C:/Users/tago/Dropbox/OUT/EE52/software/sopc_scope_1st_bsp/\libhal_bsp.a(alt_dcache_flush_all.o)
 .data          0x001567ac      0x1a8 C:/Users/tago/Dropbox/OUT/EE52/software/sopc_scope_1st_bsp/\libhal_bsp.a(alt_dev.o)
                0x001567ac                alt_dev_null
                0x001567d4                alt_fd_list
 .data          0x00156954        0x0 C:/Users/tago/Dropbox/OUT/EE52/software/sopc_scope_1st_bsp/\libhal_bsp.a(alt_dev_llist_insert.o)
 .data          0x00156954        0x0 C:/Users/tago/Dropbox/OUT/EE52/software/sopc_scope_1st_bsp/\libhal_bsp.a(alt_do_ctors.o)
 .data          0x00156954        0x0 C:/Users/tago/Dropbox/OUT/EE52/software/sopc_scope_1st_bsp/\libhal_bsp.a(alt_do_dtors.o)
 .data          0x00156954        0x0 C:/Users/tago/Dropbox/OUT/EE52/software/sopc_scope_1st_bsp/\libhal_bsp.a(alt_errno.o)
 .data          0x00156954        0x0 C:/Users/tago/Dropbox/OUT/EE52/software/sopc_scope_1st_bsp/\libhal_bsp.a(alt_exception_entry.o)
 .data          0x00156954        0x0 C:/Users/tago/Dropbox/OUT/EE52/software/sopc_scope_1st_bsp/\libhal_bsp.a(alt_icache_flush_all.o)
 .data          0x00156954        0x0 C:/Users/tago/Dropbox/OUT/EE52/software/sopc_scope_1st_bsp/\libhal_bsp.a(alt_io_redirect.o)
 .data          0x00156954        0x0 C:/Users/tago/Dropbox/OUT/EE52/software/sopc_scope_1st_bsp/\libhal_bsp.a(alt_open.o)
 .data          0x00156954        0x0 C:/Users/tago/Dropbox/OUT/EE52/software/sopc_scope_1st_bsp/\libhal_bsp.a(alt_release_fd.o)
 .data          0x00156954        0x0 C:/Users/tago/Dropbox/OUT/EE52/software/sopc_scope_1st_bsp/\libhal_bsp.a(alt_tick.o)
 .data          0x00156954        0x0 C:/Users/tago/Dropbox/OUT/EE52/software/sopc_scope_1st_bsp/\libhal_bsp.a(altera_nios2_qsys_irq.o)
 .data          0x00156954        0x0 C:/Users/tago/Dropbox/OUT/EE52/software/sopc_scope_1st_bsp/\libhal_bsp.a(alt_find_dev.o)
 .data          0x00156954        0x0 C:/Users/tago/Dropbox/OUT/EE52/software/sopc_scope_1st_bsp/\libhal_bsp.a(alt_find_file.o)
 .data          0x00156954        0x0 C:/Users/tago/Dropbox/OUT/EE52/software/sopc_scope_1st_bsp/\libhal_bsp.a(alt_get_fd.o)
 .data          0x00156954        0x0 C:/Users/tago/Dropbox/OUT/EE52/software/sopc_scope_1st_bsp/\libhal_bsp.a(alt_icache_flush.o)
 .data          0x00156954        0x0 c:/altera/13.1/nios2eds/bin/gnu/h-i686-mingw32/bin/../lib/gcc/nios2-elf/4.7.3/../../../../../H-i686-mingw32/nios2-elf/lib\libc.a(lib_a-atexit.o)
 .data          0x00156954        0x0 c:/altera/13.1/nios2eds/bin/gnu/h-i686-mingw32/bin/../lib/gcc/nios2-elf/4.7.3/../../../../../H-i686-mingw32/nios2-elf/lib\libc.a(lib_a-exit.o)
 .data          0x00156954      0x400 c:/altera/13.1/nios2eds/bin/gnu/h-i686-mingw32/bin/../lib/gcc/nios2-elf/4.7.3/../../../../../H-i686-mingw32/nios2-elf/lib\libc.a(lib_a-impure.o)
 .data          0x00156d54        0x0 c:/altera/13.1/nios2eds/bin/gnu/h-i686-mingw32/bin/../lib/gcc/nios2-elf/4.7.3/../../../../../H-i686-mingw32/nios2-elf/lib\libc.a(lib_a-int_errno.o)
 .data          0x00156d54        0x0 c:/altera/13.1/nios2eds/bin/gnu/h-i686-mingw32/bin/../lib/gcc/nios2-elf/4.7.3/../../../../../H-i686-mingw32/nios2-elf/lib\libc.a(lib_a-memcmp.o)
 .data          0x00156d54        0x0 c:/altera/13.1/nios2eds/bin/gnu/h-i686-mingw32/bin/../lib/gcc/nios2-elf/4.7.3/../../../../../H-i686-mingw32/nios2-elf/lib\libc.a(lib_a-memcpy.o)
 .data          0x00156d54        0x0 c:/altera/13.1/nios2eds/bin/gnu/h-i686-mingw32/bin/../lib/gcc/nios2-elf/4.7.3/../../../../../H-i686-mingw32/nios2-elf/lib\libc.a(lib_a-strlen.o)
 .data          0x00156d54        0x0 c:/altera/13.1/nios2eds/bin/gnu/h-i686-mingw32/bin/../lib/gcc/nios2-elf/4.7.3/../../../../../H-i686-mingw32/nios2-elf/lib\libc.a(lib_a-__atexit.o)
 .data          0x00156d54        0x0 c:/altera/13.1/nios2eds/bin/gnu/h-i686-mingw32/bin/../lib/gcc/nios2-elf/4.7.3/../../../../../H-i686-mingw32/nios2-elf/lib\libc.a(lib_a-__call_atexit.o)
 .data          0x00156d54        0x0 C:/Users/tago/Dropbox/OUT/EE52/software/sopc_scope_1st_bsp/\libhal_bsp.a(alt_exit.o)
                0x0015ed54                _gp = ABSOLUTE ((. + 0x8000))
                0x0015ed54                PROVIDE (gp, _gp)
 *(.rwdata .rwdata.*)
 *(.sdata .sdata.* .gnu.linkonce.s.*)
 .sdata         0x00156d54        0x8 obj/default/menuact.o
 .sdata         0x00156d5c        0x4 C:/Users/tago/Dropbox/OUT/EE52/software/sopc_scope_1st_bsp/\libhal_bsp.a(alt_irq_vars.o)
                0x00156d5c                alt_priority_mask
 .sdata         0x00156d60       0x14 C:/Users/tago/Dropbox/OUT/EE52/software/sopc_scope_1st_bsp/\libhal_bsp.a(alt_dev.o)
                0x00156d60                alt_fs_list
                0x00156d68                alt_dev_list
                0x00156d70                alt_max_fd
 .sdata         0x00156d74        0x4 C:/Users/tago/Dropbox/OUT/EE52/software/sopc_scope_1st_bsp/\libhal_bsp.a(alt_errno.o)
                0x00156d74                alt_errno
 .sdata         0x00156d78        0x8 C:/Users/tago/Dropbox/OUT/EE52/software/sopc_scope_1st_bsp/\libhal_bsp.a(alt_tick.o)
                0x00156d78                alt_alarm_list
 .sdata         0x00156d80        0x8 c:/altera/13.1/nios2eds/bin/gnu/h-i686-mingw32/bin/../lib/gcc/nios2-elf/4.7.3/../../../../../H-i686-mingw32/nios2-elf/lib\libc.a(lib_a-impure.o)
                0x00156d80                _global_impure_ptr
                0x00156d84                _impure_ptr
 *(.sdata2 .sdata2.* .gnu.linkonce.s2.*)
                0x00156d88                . = ALIGN (0x4)
                0x00156d88                _edata = ABSOLUTE (.)
                0x00156d88                PROVIDE (edata, ABSOLUTE (.))
                0x00156d88                PROVIDE (__ram_rwdata_end, ABSOLUTE (.))
                0x00156d88                PROVIDE (__flash_rwdata_start, LOADADDR (.rwdata))

.bss            0x001583c8      0x7e0
                0x001583c8                __bss_start = ABSOLUTE (.)
                0x001583c8                PROVIDE (__sbss_start, ABSOLUTE (.))
                0x001583c8                PROVIDE (___sbss_start, ABSOLUTE (.))
 *(.dynsbss)
 *(.sbss .sbss.* .gnu.linkonce.sb.*)
 .sbss          0x001583c8        0x8 obj/default/menu.o
 .sbss          0x001583d0       0x18 obj/default/menuact.o
 .sbss          0x001583e8       0x20 obj/default/tracutil.o
 .sbss          0x00158408        0x4 C:/Users/tago/Dropbox/OUT/EE52/software/sopc_scope_1st_bsp/\libhal_bsp.a(alt_irq_vars.o)
                0x00158408                alt_irq_active
 .sbss          0x0015840c        0xc C:/Users/tago/Dropbox/OUT/EE52/software/sopc_scope_1st_bsp/\libhal_bsp.a(alt_main.o)
                0x0015840c                alt_argc
                0x00158410                alt_argv
                0x00158414                alt_envp
 .sbss          0x00158418        0x8 C:/Users/tago/Dropbox/OUT/EE52/software/sopc_scope_1st_bsp/\libhal_bsp.a(alt_tick.o)
                0x00158418                _alt_tick_rate
                0x0015841c                _alt_nticks
 .sbss          0x00158420        0x4 c:/altera/13.1/nios2eds/bin/gnu/h-i686-mingw32/bin/../lib/gcc/nios2-elf/4.7.3/../../../../../H-i686-mingw32/nios2-elf/lib\libc.a(lib_a-int_errno.o)
                0x00158420                errno
 *(.sbss2 .sbss2.* .gnu.linkonce.sb2.*)
 *(.scommon)
                0x00158424                PROVIDE (__sbss_end, ABSOLUTE (.))
                0x00158424                PROVIDE (___sbss_end, ABSOLUTE (.))
 *(.dynbss)
 *(.bss .bss.* .gnu.linkonce.b.*)
 .bss           0x00158424        0x0 C:/Users/tago/Dropbox/OUT/EE52/software/sopc_scope_1st_bsp//obj/HAL/src/crt0.o
 .bss           0x00158424        0x0 obj/default/char58.o
 .bss           0x00158424        0x0 obj/default/keyproc.o
 .bss           0x00158424        0x0 obj/default/lcdout.o
 .bss           0x00158424        0x0 obj/default/mainloop.o
 .bss           0x00158424        0x0 obj/default/menu.o
 .bss           0x00158424        0x0 obj/default/menuact.o
 .bss           0x00158424        0x0 obj/default/stubfncs.o
 .bss           0x00158424        0x0 obj/default/testcode.o
 .bss           0x00158424      0x4f4 obj/default/tracutil.o
 .bss           0x00158918        0x0 obj/default/keys.o
 .bss           0x00158918        0x0 c:/altera/13.1/nios2eds/bin/gnu/h-i686-mingw32/bin/../lib/gcc/nios2-elf/4.7.3\libgcc.a(lib2-divmod.o)
 .bss           0x00158918        0x0 C:/Users/tago/Dropbox/OUT/EE52/software/sopc_scope_1st_bsp/\libhal_bsp.a(alt_iic.o)
 .bss           0x00158918        0x0 C:/Users/tago/Dropbox/OUT/EE52/software/sopc_scope_1st_bsp/\libhal_bsp.a(alt_iic_isr_register.o)
 .bss           0x00158918        0x0 C:/Users/tago/Dropbox/OUT/EE52/software/sopc_scope_1st_bsp/\libhal_bsp.a(alt_irq_entry.o)
 .bss           0x00158918        0x0 C:/Users/tago/Dropbox/OUT/EE52/software/sopc_scope_1st_bsp/\libhal_bsp.a(alt_irq_handler.o)
 .bss           0x00158918        0x0 C:/Users/tago/Dropbox/OUT/EE52/software/sopc_scope_1st_bsp/\libhal_bsp.a(alt_irq_vars.o)
 .bss           0x00158918        0x0 C:/Users/tago/Dropbox/OUT/EE52/software/sopc_scope_1st_bsp/\libhal_bsp.a(alt_load.o)
 .bss           0x00158918        0x0 C:/Users/tago/Dropbox/OUT/EE52/software/sopc_scope_1st_bsp/\libhal_bsp.a(alt_main.o)
 .bss           0x00158918        0x0 C:/Users/tago/Dropbox/OUT/EE52/software/sopc_scope_1st_bsp/\libhal_bsp.a(alt_sys_init.o)
 .bss           0x00158918        0x0 C:/Users/tago/Dropbox/OUT/EE52/software/sopc_scope_1st_bsp/\libhal_bsp.a(altera_avalon_jtag_uart_fd.o)
 .bss           0x00158918        0x0 C:/Users/tago/Dropbox/OUT/EE52/software/sopc_scope_1st_bsp/\libhal_bsp.a(altera_avalon_jtag_uart_init.o)
 .bss           0x00158918        0x0 C:/Users/tago/Dropbox/OUT/EE52/software/sopc_scope_1st_bsp/\libhal_bsp.a(altera_avalon_jtag_uart_ioctl.o)
 .bss           0x00158918        0x0 C:/Users/tago/Dropbox/OUT/EE52/software/sopc_scope_1st_bsp/\libhal_bsp.a(altera_avalon_jtag_uart_read.o)
 .bss           0x00158918        0x0 C:/Users/tago/Dropbox/OUT/EE52/software/sopc_scope_1st_bsp/\libhal_bsp.a(altera_avalon_jtag_uart_write.o)
 .bss           0x00158918        0x0 C:/Users/tago/Dropbox/OUT/EE52/software/sopc_scope_1st_bsp/\libhal_bsp.a(alt_alarm_start.o)
 .bss           0x00158918        0x0 C:/Users/tago/Dropbox/OUT/EE52/software/sopc_scope_1st_bsp/\libhal_bsp.a(alt_close.o)
 .bss           0x00158918        0x0 C:/Users/tago/Dropbox/OUT/EE52/software/sopc_scope_1st_bsp/\libhal_bsp.a(alt_dcache_flush_all.o)
 .bss           0x00158918        0x0 C:/Users/tago/Dropbox/OUT/EE52/software/sopc_scope_1st_bsp/\libhal_bsp.a(alt_dev.o)
 .bss           0x00158918        0x0 C:/Users/tago/Dropbox/OUT/EE52/software/sopc_scope_1st_bsp/\libhal_bsp.a(alt_dev_llist_insert.o)
 .bss           0x00158918        0x0 C:/Users/tago/Dropbox/OUT/EE52/software/sopc_scope_1st_bsp/\libhal_bsp.a(alt_do_ctors.o)
 .bss           0x00158918        0x0 C:/Users/tago/Dropbox/OUT/EE52/software/sopc_scope_1st_bsp/\libhal_bsp.a(alt_do_dtors.o)
 .bss           0x00158918        0x0 C:/Users/tago/Dropbox/OUT/EE52/software/sopc_scope_1st_bsp/\libhal_bsp.a(alt_errno.o)
 .bss           0x00158918        0x0 C:/Users/tago/Dropbox/OUT/EE52/software/sopc_scope_1st_bsp/\libhal_bsp.a(alt_exception_entry.o)
 .bss           0x00158918        0x0 C:/Users/tago/Dropbox/OUT/EE52/software/sopc_scope_1st_bsp/\libhal_bsp.a(alt_icache_flush_all.o)
 .bss           0x00158918        0x0 C:/Users/tago/Dropbox/OUT/EE52/software/sopc_scope_1st_bsp/\libhal_bsp.a(alt_io_redirect.o)
 .bss           0x00158918        0x0 C:/Users/tago/Dropbox/OUT/EE52/software/sopc_scope_1st_bsp/\libhal_bsp.a(alt_open.o)
 .bss           0x00158918        0x0 C:/Users/tago/Dropbox/OUT/EE52/software/sopc_scope_1st_bsp/\libhal_bsp.a(alt_release_fd.o)
 .bss           0x00158918        0x0 C:/Users/tago/Dropbox/OUT/EE52/software/sopc_scope_1st_bsp/\libhal_bsp.a(alt_tick.o)
 .bss           0x00158918        0x0 C:/Users/tago/Dropbox/OUT/EE52/software/sopc_scope_1st_bsp/\libhal_bsp.a(altera_nios2_qsys_irq.o)
 .bss           0x00158918        0x0 C:/Users/tago/Dropbox/OUT/EE52/software/sopc_scope_1st_bsp/\libhal_bsp.a(alt_find_dev.o)
 .bss           0x00158918        0x0 C:/Users/tago/Dropbox/OUT/EE52/software/sopc_scope_1st_bsp/\libhal_bsp.a(alt_find_file.o)
 .bss           0x00158918        0x0 C:/Users/tago/Dropbox/OUT/EE52/software/sopc_scope_1st_bsp/\libhal_bsp.a(alt_get_fd.o)
 .bss           0x00158918        0x0 C:/Users/tago/Dropbox/OUT/EE52/software/sopc_scope_1st_bsp/\libhal_bsp.a(alt_icache_flush.o)
 .bss           0x00158918        0x0 c:/altera/13.1/nios2eds/bin/gnu/h-i686-mingw32/bin/../lib/gcc/nios2-elf/4.7.3/../../../../../H-i686-mingw32/nios2-elf/lib\libc.a(lib_a-atexit.o)
 .bss           0x00158918        0x0 c:/altera/13.1/nios2eds/bin/gnu/h-i686-mingw32/bin/../lib/gcc/nios2-elf/4.7.3/../../../../../H-i686-mingw32/nios2-elf/lib\libc.a(lib_a-exit.o)
 .bss           0x00158918        0x0 c:/altera/13.1/nios2eds/bin/gnu/h-i686-mingw32/bin/../lib/gcc/nios2-elf/4.7.3/../../../../../H-i686-mingw32/nios2-elf/lib\libc.a(lib_a-impure.o)
 .bss           0x00158918        0x0 c:/altera/13.1/nios2eds/bin/gnu/h-i686-mingw32/bin/../lib/gcc/nios2-elf/4.7.3/../../../../../H-i686-mingw32/nios2-elf/lib\libc.a(lib_a-int_errno.o)
 .bss           0x00158918        0x0 c:/altera/13.1/nios2eds/bin/gnu/h-i686-mingw32/bin/../lib/gcc/nios2-elf/4.7.3/../../../../../H-i686-mingw32/nios2-elf/lib\libc.a(lib_a-memcmp.o)
 .bss           0x00158918        0x0 c:/altera/13.1/nios2eds/bin/gnu/h-i686-mingw32/bin/../lib/gcc/nios2-elf/4.7.3/../../../../../H-i686-mingw32/nios2-elf/lib\libc.a(lib_a-memcpy.o)
 .bss           0x00158918        0x0 c:/altera/13.1/nios2eds/bin/gnu/h-i686-mingw32/bin/../lib/gcc/nios2-elf/4.7.3/../../../../../H-i686-mingw32/nios2-elf/lib\libc.a(lib_a-strlen.o)
 .bss           0x00158918        0x0 c:/altera/13.1/nios2eds/bin/gnu/h-i686-mingw32/bin/../lib/gcc/nios2-elf/4.7.3/../../../../../H-i686-mingw32/nios2-elf/lib\libc.a(lib_a-__atexit.o)
 .bss           0x00158918        0x0 c:/altera/13.1/nios2eds/bin/gnu/h-i686-mingw32/bin/../lib/gcc/nios2-elf/4.7.3/../../../../../H-i686-mingw32/nios2-elf/lib\libc.a(lib_a-__call_atexit.o)
 .bss           0x00158918        0x0 C:/Users/tago/Dropbox/OUT/EE52/software/sopc_scope_1st_bsp/\libhal_bsp.a(alt_exit.o)
 *(COMMON)
 COMMON         0x00158918      0x100 C:/Users/tago/Dropbox/OUT/EE52/software/sopc_scope_1st_bsp/\libhal_bsp.a(alt_irq_handler.o)
                0x00158918                alt_irq
 COMMON         0x00158a18      0x190 c:/altera/13.1/nios2eds/bin/gnu/h-i686-mingw32/bin/../lib/gcc/nios2-elf/4.7.3/../../../../../H-i686-mingw32/nios2-elf/lib\libc.a(lib_a-atexit.o)
                0x00158a18                _atexit0
                0x00158ba8                . = ALIGN (0x4)
                0x00158ba8                __bss_end = ABSOLUTE (.)

.rom            0x00080000        0x0 load address 0x00158ba8
                0x00080000                PROVIDE (_alt_partition_rom_start, ABSOLUTE (.))
 *(.rom .rom. rom.*)
                0x00080000                . = ALIGN (0x4)
                0x00080000                PROVIDE (_alt_partition_rom_end, ABSOLUTE (.))
                0x00158ba8                PROVIDE (_alt_partition_rom_load_addr, LOADADDR (.rom))

.ram            0x00120000        0x0 load address 0x00158ba8
                0x00120000                PROVIDE (_alt_partition_ram_start, ABSOLUTE (.))
 *(.ram .ram. ram.*)
                0x00120000                . = ALIGN (0x4)
                0x00120000                PROVIDE (_alt_partition_ram_end, ABSOLUTE (.))
                0x00158ba8                PROVIDE (_alt_partition_ram_load_addr, LOADADDR (.ram))

.temp_ram       0x00158ba8        0x0
                0x00158ba8                PROVIDE (_alt_partition_temp_ram_start, ABSOLUTE (.))
 *(.temp_ram .temp_ram. temp_ram.*)
                0x00158ba8                . = ALIGN (0x4)
                0x00158ba8                PROVIDE (_alt_partition_temp_ram_end, ABSOLUTE (.))
                0x00158ba8                _end = ABSOLUTE (.)
                0x00158ba8                end = ABSOLUTE (.)
                0x00158ba8                __alt_stack_base = ABSOLUTE (.)
                0x00158ba8                PROVIDE (_alt_partition_temp_ram_load_addr, LOADADDR (.temp_ram))

.stab
 *(.stab)

.stabstr
 *(.stabstr)

.stab.excl
 *(.stab.excl)

.stab.exclstr
 *(.stab.exclstr)

.stab.index
 *(.stab.index)

.stab.indexstr
 *(.stab.indexstr)

.comment        0x00000000       0x23
 *(.comment)
 .comment       0x00000000       0x23 obj/default/char58.o
                                 0x24 (size before relaxing)
 .comment       0x00000000       0x24 obj/default/keyproc.o
 .comment       0x00000000       0x24 obj/default/lcdout.o
 .comment       0x00000000       0x24 obj/default/mainloop.o
 .comment       0x00000000       0x24 obj/default/menu.o
 .comment       0x00000000       0x24 obj/default/menuact.o
 .comment       0x00000000       0x24 obj/default/stubfncs.o
 .comment       0x00000000       0x24 obj/default/testcode.o
 .comment       0x00000000       0x24 obj/default/tracutil.o
 .comment       0x00000000       0x24 c:/altera/13.1/nios2eds/bin/gnu/h-i686-mingw32/bin/../lib/gcc/nios2-elf/4.7.3\libgcc.a(lib2-divmod.o)
 .comment       0x00000000       0x24 C:/Users/tago/Dropbox/OUT/EE52/software/sopc_scope_1st_bsp/\libhal_bsp.a(alt_iic.o)
 .comment       0x00000000       0x24 C:/Users/tago/Dropbox/OUT/EE52/software/sopc_scope_1st_bsp/\libhal_bsp.a(alt_iic_isr_register.o)
 .comment       0x00000000       0x24 C:/Users/tago/Dropbox/OUT/EE52/software/sopc_scope_1st_bsp/\libhal_bsp.a(alt_irq_handler.o)
 .comment       0x00000000       0x24 C:/Users/tago/Dropbox/OUT/EE52/software/sopc_scope_1st_bsp/\libhal_bsp.a(alt_irq_vars.o)
 .comment       0x00000000       0x24 C:/Users/tago/Dropbox/OUT/EE52/software/sopc_scope_1st_bsp/\libhal_bsp.a(alt_load.o)
 .comment       0x00000000       0x24 C:/Users/tago/Dropbox/OUT/EE52/software/sopc_scope_1st_bsp/\libhal_bsp.a(alt_main.o)
 .comment       0x00000000       0x24 C:/Users/tago/Dropbox/OUT/EE52/software/sopc_scope_1st_bsp/\libhal_bsp.a(alt_sys_init.o)
 .comment       0x00000000       0x24 C:/Users/tago/Dropbox/OUT/EE52/software/sopc_scope_1st_bsp/\libhal_bsp.a(altera_avalon_jtag_uart_fd.o)
 .comment       0x00000000       0x24 C:/Users/tago/Dropbox/OUT/EE52/software/sopc_scope_1st_bsp/\libhal_bsp.a(altera_avalon_jtag_uart_init.o)
 .comment       0x00000000       0x24 C:/Users/tago/Dropbox/OUT/EE52/software/sopc_scope_1st_bsp/\libhal_bsp.a(altera_avalon_jtag_uart_ioctl.o)
 .comment       0x00000000       0x24 C:/Users/tago/Dropbox/OUT/EE52/software/sopc_scope_1st_bsp/\libhal_bsp.a(altera_avalon_jtag_uart_read.o)
 .comment       0x00000000       0x24 C:/Users/tago/Dropbox/OUT/EE52/software/sopc_scope_1st_bsp/\libhal_bsp.a(altera_avalon_jtag_uart_write.o)
 .comment       0x00000000       0x24 C:/Users/tago/Dropbox/OUT/EE52/software/sopc_scope_1st_bsp/\libhal_bsp.a(alt_alarm_start.o)
 .comment       0x00000000       0x24 C:/Users/tago/Dropbox/OUT/EE52/software/sopc_scope_1st_bsp/\libhal_bsp.a(alt_close.o)
 .comment       0x00000000       0x24 C:/Users/tago/Dropbox/OUT/EE52/software/sopc_scope_1st_bsp/\libhal_bsp.a(alt_dcache_flush_all.o)
 .comment       0x00000000       0x24 C:/Users/tago/Dropbox/OUT/EE52/software/sopc_scope_1st_bsp/\libhal_bsp.a(alt_dev.o)
 .comment       0x00000000       0x24 C:/Users/tago/Dropbox/OUT/EE52/software/sopc_scope_1st_bsp/\libhal_bsp.a(alt_dev_llist_insert.o)
 .comment       0x00000000       0x24 C:/Users/tago/Dropbox/OUT/EE52/software/sopc_scope_1st_bsp/\libhal_bsp.a(alt_do_ctors.o)
 .comment       0x00000000       0x24 C:/Users/tago/Dropbox/OUT/EE52/software/sopc_scope_1st_bsp/\libhal_bsp.a(alt_do_dtors.o)
 .comment       0x00000000       0x24 C:/Users/tago/Dropbox/OUT/EE52/software/sopc_scope_1st_bsp/\libhal_bsp.a(alt_errno.o)
 .comment       0x00000000       0x24 C:/Users/tago/Dropbox/OUT/EE52/software/sopc_scope_1st_bsp/\libhal_bsp.a(alt_icache_flush_all.o)
 .comment       0x00000000       0x24 C:/Users/tago/Dropbox/OUT/EE52/software/sopc_scope_1st_bsp/\libhal_bsp.a(alt_io_redirect.o)
 .comment       0x00000000       0x24 C:/Users/tago/Dropbox/OUT/EE52/software/sopc_scope_1st_bsp/\libhal_bsp.a(alt_open.o)
 .comment       0x00000000       0x24 C:/Users/tago/Dropbox/OUT/EE52/software/sopc_scope_1st_bsp/\libhal_bsp.a(alt_release_fd.o)
 .comment       0x00000000       0x24 C:/Users/tago/Dropbox/OUT/EE52/software/sopc_scope_1st_bsp/\libhal_bsp.a(alt_tick.o)
 .comment       0x00000000       0x24 C:/Users/tago/Dropbox/OUT/EE52/software/sopc_scope_1st_bsp/\libhal_bsp.a(altera_nios2_qsys_irq.o)
 .comment       0x00000000       0x24 C:/Users/tago/Dropbox/OUT/EE52/software/sopc_scope_1st_bsp/\libhal_bsp.a(alt_find_dev.o)
 .comment       0x00000000       0x24 C:/Users/tago/Dropbox/OUT/EE52/software/sopc_scope_1st_bsp/\libhal_bsp.a(alt_find_file.o)
 .comment       0x00000000       0x24 C:/Users/tago/Dropbox/OUT/EE52/software/sopc_scope_1st_bsp/\libhal_bsp.a(alt_get_fd.o)
 .comment       0x00000000       0x24 C:/Users/tago/Dropbox/OUT/EE52/software/sopc_scope_1st_bsp/\libhal_bsp.a(alt_icache_flush.o)
 .comment       0x00000000       0x24 c:/altera/13.1/nios2eds/bin/gnu/h-i686-mingw32/bin/../lib/gcc/nios2-elf/4.7.3/../../../../../H-i686-mingw32/nios2-elf/lib\libc.a(lib_a-atexit.o)
 .comment       0x00000000       0x24 c:/altera/13.1/nios2eds/bin/gnu/h-i686-mingw32/bin/../lib/gcc/nios2-elf/4.7.3/../../../../../H-i686-mingw32/nios2-elf/lib\libc.a(lib_a-exit.o)
 .comment       0x00000000       0x24 c:/altera/13.1/nios2eds/bin/gnu/h-i686-mingw32/bin/../lib/gcc/nios2-elf/4.7.3/../../../../../H-i686-mingw32/nios2-elf/lib\libc.a(lib_a-impure.o)
 .comment       0x00000000       0x24 c:/altera/13.1/nios2eds/bin/gnu/h-i686-mingw32/bin/../lib/gcc/nios2-elf/4.7.3/../../../../../H-i686-mingw32/nios2-elf/lib\libc.a(lib_a-int_errno.o)
 .comment       0x00000000       0x24 c:/altera/13.1/nios2eds/bin/gnu/h-i686-mingw32/bin/../lib/gcc/nios2-elf/4.7.3/../../../../../H-i686-mingw32/nios2-elf/lib\libc.a(lib_a-memcmp.o)
 .comment       0x00000000       0x24 c:/altera/13.1/nios2eds/bin/gnu/h-i686-mingw32/bin/../lib/gcc/nios2-elf/4.7.3/../../../../../H-i686-mingw32/nios2-elf/lib\libc.a(lib_a-memcpy.o)
 .comment       0x00000000       0x24 c:/altera/13.1/nios2eds/bin/gnu/h-i686-mingw32/bin/../lib/gcc/nios2-elf/4.7.3/../../../../../H-i686-mingw32/nios2-elf/lib\libc.a(lib_a-strlen.o)
 .comment       0x00000000       0x24 c:/altera/13.1/nios2eds/bin/gnu/h-i686-mingw32/bin/../lib/gcc/nios2-elf/4.7.3/../../../../../H-i686-mingw32/nios2-elf/lib\libc.a(lib_a-__atexit.o)
 .comment       0x00000000       0x24 c:/altera/13.1/nios2eds/bin/gnu/h-i686-mingw32/bin/../lib/gcc/nios2-elf/4.7.3/../../../../../H-i686-mingw32/nios2-elf/lib\libc.a(lib_a-__call_atexit.o)
 .comment       0x00000000       0x24 C:/Users/tago/Dropbox/OUT/EE52/software/sopc_scope_1st_bsp/\libhal_bsp.a(alt_exit.o)

.debug
 *(.debug)

.line
 *(.line)

.debug_srcinfo
 *(.debug_srcinfo)

.debug_sfnames
 *(.debug_sfnames)

.debug_aranges  0x00000000      0x6c8
 *(.debug_aranges)
 .debug_aranges
                0x00000000       0x28 C:/Users/tago/Dropbox/OUT/EE52/software/sopc_scope_1st_bsp//obj/HAL/src/crt0.o
 .debug_aranges
                0x00000028       0x18 obj/default/char58.o
 .debug_aranges
                0x00000040       0x20 obj/default/keyproc.o
 .debug_aranges
                0x00000060       0x20 obj/default/lcdout.o
 .debug_aranges
                0x00000080       0x20 obj/default/mainloop.o
 .debug_aranges
                0x000000a0       0x20 obj/default/menu.o
 .debug_aranges
                0x000000c0       0x20 obj/default/menuact.o
 .debug_aranges
                0x000000e0       0x20 obj/default/stubfncs.o
 .debug_aranges
                0x00000100       0x20 obj/default/testcode.o
 .debug_aranges
                0x00000120       0x20 obj/default/tracutil.o
 .debug_aranges
                0x00000140       0x20 obj/default/keys.o
 .debug_aranges
                0x00000160       0x20 c:/altera/13.1/nios2eds/bin/gnu/h-i686-mingw32/bin/../lib/gcc/nios2-elf/4.7.3\libgcc.a(lib2-divmod.o)
 .debug_aranges
                0x00000180       0x20 C:/Users/tago/Dropbox/OUT/EE52/software/sopc_scope_1st_bsp/\libhal_bsp.a(alt_iic.o)
 .debug_aranges
                0x000001a0       0x20 C:/Users/tago/Dropbox/OUT/EE52/software/sopc_scope_1st_bsp/\libhal_bsp.a(alt_iic_isr_register.o)
 .debug_aranges
                0x000001c0       0x30 C:/Users/tago/Dropbox/OUT/EE52/software/sopc_scope_1st_bsp/\libhal_bsp.a(alt_irq_entry.o)
 .debug_aranges
                0x000001f0       0x20 C:/Users/tago/Dropbox/OUT/EE52/software/sopc_scope_1st_bsp/\libhal_bsp.a(alt_irq_handler.o)
 .debug_aranges
                0x00000210       0x18 C:/Users/tago/Dropbox/OUT/EE52/software/sopc_scope_1st_bsp/\libhal_bsp.a(alt_irq_vars.o)
 .debug_aranges
                0x00000228       0x20 C:/Users/tago/Dropbox/OUT/EE52/software/sopc_scope_1st_bsp/\libhal_bsp.a(alt_load.o)
 .debug_aranges
                0x00000248       0x20 C:/Users/tago/Dropbox/OUT/EE52/software/sopc_scope_1st_bsp/\libhal_bsp.a(alt_main.o)
 .debug_aranges
                0x00000268       0x20 C:/Users/tago/Dropbox/OUT/EE52/software/sopc_scope_1st_bsp/\libhal_bsp.a(alt_sys_init.o)
 .debug_aranges
                0x00000288       0x20 C:/Users/tago/Dropbox/OUT/EE52/software/sopc_scope_1st_bsp/\libhal_bsp.a(altera_avalon_jtag_uart_fd.o)
 .debug_aranges
                0x000002a8       0x20 C:/Users/tago/Dropbox/OUT/EE52/software/sopc_scope_1st_bsp/\libhal_bsp.a(altera_avalon_jtag_uart_init.o)
 .debug_aranges
                0x000002c8       0x20 C:/Users/tago/Dropbox/OUT/EE52/software/sopc_scope_1st_bsp/\libhal_bsp.a(altera_avalon_jtag_uart_ioctl.o)
 .debug_aranges
                0x000002e8       0x20 C:/Users/tago/Dropbox/OUT/EE52/software/sopc_scope_1st_bsp/\libhal_bsp.a(altera_avalon_jtag_uart_read.o)
 .debug_aranges
                0x00000308       0x20 C:/Users/tago/Dropbox/OUT/EE52/software/sopc_scope_1st_bsp/\libhal_bsp.a(altera_avalon_jtag_uart_write.o)
 .debug_aranges
                0x00000328       0x20 C:/Users/tago/Dropbox/OUT/EE52/software/sopc_scope_1st_bsp/\libhal_bsp.a(alt_alarm_start.o)
 .debug_aranges
                0x00000348       0x20 C:/Users/tago/Dropbox/OUT/EE52/software/sopc_scope_1st_bsp/\libhal_bsp.a(alt_close.o)
 .debug_aranges
                0x00000368       0x20 C:/Users/tago/Dropbox/OUT/EE52/software/sopc_scope_1st_bsp/\libhal_bsp.a(alt_dcache_flush_all.o)
 .debug_aranges
                0x00000388       0x20 C:/Users/tago/Dropbox/OUT/EE52/software/sopc_scope_1st_bsp/\libhal_bsp.a(alt_dev.o)
 .debug_aranges
                0x000003a8       0x20 C:/Users/tago/Dropbox/OUT/EE52/software/sopc_scope_1st_bsp/\libhal_bsp.a(alt_dev_llist_insert.o)
 .debug_aranges
                0x000003c8       0x20 C:/Users/tago/Dropbox/OUT/EE52/software/sopc_scope_1st_bsp/\libhal_bsp.a(alt_do_ctors.o)
 .debug_aranges
                0x000003e8       0x20 C:/Users/tago/Dropbox/OUT/EE52/software/sopc_scope_1st_bsp/\libhal_bsp.a(alt_do_dtors.o)
 .debug_aranges
                0x00000408       0x18 C:/Users/tago/Dropbox/OUT/EE52/software/sopc_scope_1st_bsp/\libhal_bsp.a(alt_errno.o)
 .debug_aranges
                0x00000420       0x38 C:/Users/tago/Dropbox/OUT/EE52/software/sopc_scope_1st_bsp/\libhal_bsp.a(alt_exception_entry.o)
 .debug_aranges
                0x00000458       0x20 C:/Users/tago/Dropbox/OUT/EE52/software/sopc_scope_1st_bsp/\libhal_bsp.a(alt_icache_flush_all.o)
 .debug_aranges
                0x00000478       0x20 C:/Users/tago/Dropbox/OUT/EE52/software/sopc_scope_1st_bsp/\libhal_bsp.a(alt_io_redirect.o)
 .debug_aranges
                0x00000498       0x20 C:/Users/tago/Dropbox/OUT/EE52/software/sopc_scope_1st_bsp/\libhal_bsp.a(alt_open.o)
 .debug_aranges
                0x000004b8       0x20 C:/Users/tago/Dropbox/OUT/EE52/software/sopc_scope_1st_bsp/\libhal_bsp.a(alt_release_fd.o)
 .debug_aranges
                0x000004d8       0x20 C:/Users/tago/Dropbox/OUT/EE52/software/sopc_scope_1st_bsp/\libhal_bsp.a(alt_tick.o)
 .debug_aranges
                0x000004f8       0x20 C:/Users/tago/Dropbox/OUT/EE52/software/sopc_scope_1st_bsp/\libhal_bsp.a(altera_nios2_qsys_irq.o)
 .debug_aranges
                0x00000518       0x20 C:/Users/tago/Dropbox/OUT/EE52/software/sopc_scope_1st_bsp/\libhal_bsp.a(alt_find_dev.o)
 .debug_aranges
                0x00000538       0x20 C:/Users/tago/Dropbox/OUT/EE52/software/sopc_scope_1st_bsp/\libhal_bsp.a(alt_find_file.o)
 .debug_aranges
                0x00000558       0x20 C:/Users/tago/Dropbox/OUT/EE52/software/sopc_scope_1st_bsp/\libhal_bsp.a(alt_get_fd.o)
 .debug_aranges
                0x00000578       0x20 C:/Users/tago/Dropbox/OUT/EE52/software/sopc_scope_1st_bsp/\libhal_bsp.a(alt_icache_flush.o)
 .debug_aranges
                0x00000598       0x20 c:/altera/13.1/nios2eds/bin/gnu/h-i686-mingw32/bin/../lib/gcc/nios2-elf/4.7.3/../../../../../H-i686-mingw32/nios2-elf/lib\libc.a(lib_a-atexit.o)
 .debug_aranges
                0x000005b8       0x20 c:/altera/13.1/nios2eds/bin/gnu/h-i686-mingw32/bin/../lib/gcc/nios2-elf/4.7.3/../../../../../H-i686-mingw32/nios2-elf/lib\libc.a(lib_a-exit.o)
 .debug_aranges
                0x000005d8       0x18 c:/altera/13.1/nios2eds/bin/gnu/h-i686-mingw32/bin/../lib/gcc/nios2-elf/4.7.3/../../../../../H-i686-mingw32/nios2-elf/lib\libc.a(lib_a-impure.o)
 .debug_aranges
                0x000005f0       0x18 c:/altera/13.1/nios2eds/bin/gnu/h-i686-mingw32/bin/../lib/gcc/nios2-elf/4.7.3/../../../../../H-i686-mingw32/nios2-elf/lib\libc.a(lib_a-int_errno.o)
 .debug_aranges
                0x00000608       0x20 c:/altera/13.1/nios2eds/bin/gnu/h-i686-mingw32/bin/../lib/gcc/nios2-elf/4.7.3/../../../../../H-i686-mingw32/nios2-elf/lib\libc.a(lib_a-memcmp.o)
 .debug_aranges
                0x00000628       0x20 c:/altera/13.1/nios2eds/bin/gnu/h-i686-mingw32/bin/../lib/gcc/nios2-elf/4.7.3/../../../../../H-i686-mingw32/nios2-elf/lib\libc.a(lib_a-memcpy.o)
 .debug_aranges
                0x00000648       0x20 c:/altera/13.1/nios2eds/bin/gnu/h-i686-mingw32/bin/../lib/gcc/nios2-elf/4.7.3/../../../../../H-i686-mingw32/nios2-elf/lib\libc.a(lib_a-strlen.o)
 .debug_aranges
                0x00000668       0x20 c:/altera/13.1/nios2eds/bin/gnu/h-i686-mingw32/bin/../lib/gcc/nios2-elf/4.7.3/../../../../../H-i686-mingw32/nios2-elf/lib\libc.a(lib_a-__atexit.o)
 .debug_aranges
                0x00000688       0x20 c:/altera/13.1/nios2eds/bin/gnu/h-i686-mingw32/bin/../lib/gcc/nios2-elf/4.7.3/../../../../../H-i686-mingw32/nios2-elf/lib\libc.a(lib_a-__call_atexit.o)
 .debug_aranges
                0x000006a8       0x20 C:/Users/tago/Dropbox/OUT/EE52/software/sopc_scope_1st_bsp/\libhal_bsp.a(alt_exit.o)

.debug_pubnames
 *(.debug_pubnames)

.debug_info     0x00000000     0x9357
 *(.debug_info .gnu.linkonce.wi.*)
 .debug_info    0x00000000       0x6f C:/Users/tago/Dropbox/OUT/EE52/software/sopc_scope_1st_bsp//obj/HAL/src/crt0.o
 .debug_info    0x0000006f       0x54 obj/default/char58.o
 .debug_info    0x000000c3      0x161 obj/default/keyproc.o
 .debug_info    0x00000224      0x2d5 obj/default/lcdout.o
 .debug_info    0x000004f9      0x1b3 obj/default/mainloop.o
 .debug_info    0x000006ac      0x2ca obj/default/menu.o
 .debug_info    0x00000976      0x713 obj/default/menuact.o
 .debug_info    0x00001089      0x16d obj/default/stubfncs.o
 .debug_info    0x000011f6       0xd0 obj/default/testcode.o
 .debug_info    0x000012c6      0x4b3 obj/default/tracutil.o
 .debug_info    0x00001779       0x67 obj/default/keys.o
 .debug_info    0x000017e0      0x289 c:/altera/13.1/nios2eds/bin/gnu/h-i686-mingw32/bin/../lib/gcc/nios2-elf/4.7.3\libgcc.a(lib2-divmod.o)
 .debug_info    0x00001a69      0x364 C:/Users/tago/Dropbox/OUT/EE52/software/sopc_scope_1st_bsp/\libhal_bsp.a(alt_iic.o)
 .debug_info    0x00001dcd      0x1f6 C:/Users/tago/Dropbox/OUT/EE52/software/sopc_scope_1st_bsp/\libhal_bsp.a(alt_iic_isr_register.o)
 .debug_info    0x00001fc3       0x78 C:/Users/tago/Dropbox/OUT/EE52/software/sopc_scope_1st_bsp/\libhal_bsp.a(alt_irq_entry.o)
 .debug_info    0x0000203b      0x190 C:/Users/tago/Dropbox/OUT/EE52/software/sopc_scope_1st_bsp/\libhal_bsp.a(alt_irq_handler.o)
 .debug_info    0x000021cb       0x8a C:/Users/tago/Dropbox/OUT/EE52/software/sopc_scope_1st_bsp/\libhal_bsp.a(alt_irq_vars.o)
 .debug_info    0x00002255      0x135 C:/Users/tago/Dropbox/OUT/EE52/software/sopc_scope_1st_bsp/\libhal_bsp.a(alt_load.o)
 .debug_info    0x0000238a      0x139 C:/Users/tago/Dropbox/OUT/EE52/software/sopc_scope_1st_bsp/\libhal_bsp.a(alt_main.o)
 .debug_info    0x000024c3      0x51f C:/Users/tago/Dropbox/OUT/EE52/software/sopc_scope_1st_bsp/\libhal_bsp.a(alt_sys_init.o)
 .debug_info    0x000029e2      0x58a C:/Users/tago/Dropbox/OUT/EE52/software/sopc_scope_1st_bsp/\libhal_bsp.a(altera_avalon_jtag_uart_fd.o)
 .debug_info    0x00002f6c      0x3d8 C:/Users/tago/Dropbox/OUT/EE52/software/sopc_scope_1st_bsp/\libhal_bsp.a(altera_avalon_jtag_uart_init.o)
 .debug_info    0x00003344      0x2a9 C:/Users/tago/Dropbox/OUT/EE52/software/sopc_scope_1st_bsp/\libhal_bsp.a(altera_avalon_jtag_uart_ioctl.o)
 .debug_info    0x000035ed      0x371 C:/Users/tago/Dropbox/OUT/EE52/software/sopc_scope_1st_bsp/\libhal_bsp.a(altera_avalon_jtag_uart_read.o)
 .debug_info    0x0000395e      0x36c C:/Users/tago/Dropbox/OUT/EE52/software/sopc_scope_1st_bsp/\libhal_bsp.a(altera_avalon_jtag_uart_write.o)
 .debug_info    0x00003cca      0x2e4 C:/Users/tago/Dropbox/OUT/EE52/software/sopc_scope_1st_bsp/\libhal_bsp.a(alt_alarm_start.o)
 .debug_info    0x00003fae      0x350 C:/Users/tago/Dropbox/OUT/EE52/software/sopc_scope_1st_bsp/\libhal_bsp.a(alt_close.o)
 .debug_info    0x000042fe       0xa3 C:/Users/tago/Dropbox/OUT/EE52/software/sopc_scope_1st_bsp/\libhal_bsp.a(alt_dcache_flush_all.o)
 .debug_info    0x000043a1      0x4e3 C:/Users/tago/Dropbox/OUT/EE52/software/sopc_scope_1st_bsp/\libhal_bsp.a(alt_dev.o)
 .debug_info    0x00004884      0x1b9 C:/Users/tago/Dropbox/OUT/EE52/software/sopc_scope_1st_bsp/\libhal_bsp.a(alt_dev_llist_insert.o)
 .debug_info    0x00004a3d       0x8d C:/Users/tago/Dropbox/OUT/EE52/software/sopc_scope_1st_bsp/\libhal_bsp.a(alt_do_ctors.o)
 .debug_info    0x00004aca       0x8d C:/Users/tago/Dropbox/OUT/EE52/software/sopc_scope_1st_bsp/\libhal_bsp.a(alt_do_dtors.o)
 .debug_info    0x00004b57       0xa3 C:/Users/tago/Dropbox/OUT/EE52/software/sopc_scope_1st_bsp/\libhal_bsp.a(alt_errno.o)
 .debug_info    0x00004bfa       0x7e C:/Users/tago/Dropbox/OUT/EE52/software/sopc_scope_1st_bsp/\libhal_bsp.a(alt_exception_entry.o)
 .debug_info    0x00004c78       0x90 C:/Users/tago/Dropbox/OUT/EE52/software/sopc_scope_1st_bsp/\libhal_bsp.a(alt_icache_flush_all.o)
 .debug_info    0x00004d08      0x4f0 C:/Users/tago/Dropbox/OUT/EE52/software/sopc_scope_1st_bsp/\libhal_bsp.a(alt_io_redirect.o)
 .debug_info    0x000051f8      0x3f0 C:/Users/tago/Dropbox/OUT/EE52/software/sopc_scope_1st_bsp/\libhal_bsp.a(alt_open.o)
 .debug_info    0x000055e8      0x2dd C:/Users/tago/Dropbox/OUT/EE52/software/sopc_scope_1st_bsp/\libhal_bsp.a(alt_release_fd.o)
 .debug_info    0x000058c5      0x2b1 C:/Users/tago/Dropbox/OUT/EE52/software/sopc_scope_1st_bsp/\libhal_bsp.a(alt_tick.o)
 .debug_info    0x00005b76       0x90 C:/Users/tago/Dropbox/OUT/EE52/software/sopc_scope_1st_bsp/\libhal_bsp.a(altera_nios2_qsys_irq.o)
 .debug_info    0x00005c06      0x30d C:/Users/tago/Dropbox/OUT/EE52/software/sopc_scope_1st_bsp/\libhal_bsp.a(alt_find_dev.o)
 .debug_info    0x00005f13      0x30c C:/Users/tago/Dropbox/OUT/EE52/software/sopc_scope_1st_bsp/\libhal_bsp.a(alt_find_file.o)
 .debug_info    0x0000621f      0x339 C:/Users/tago/Dropbox/OUT/EE52/software/sopc_scope_1st_bsp/\libhal_bsp.a(alt_get_fd.o)
 .debug_info    0x00006558       0xda C:/Users/tago/Dropbox/OUT/EE52/software/sopc_scope_1st_bsp/\libhal_bsp.a(alt_icache_flush.o)
 .debug_info    0x00006632      0x1e6 c:/altera/13.1/nios2eds/bin/gnu/h-i686-mingw32/bin/../lib/gcc/nios2-elf/4.7.3/../../../../../H-i686-mingw32/nios2-elf/lib\libc.a(lib_a-atexit.o)
 .debug_info    0x00006818      0x993 c:/altera/13.1/nios2eds/bin/gnu/h-i686-mingw32/bin/../lib/gcc/nios2-elf/4.7.3/../../../../../H-i686-mingw32/nios2-elf/lib\libc.a(lib_a-exit.o)
 .debug_info    0x000071ab      0x938 c:/altera/13.1/nios2eds/bin/gnu/h-i686-mingw32/bin/../lib/gcc/nios2-elf/4.7.3/../../../../../H-i686-mingw32/nios2-elf/lib\libc.a(lib_a-impure.o)
 .debug_info    0x00007ae3       0x84 c:/altera/13.1/nios2eds/bin/gnu/h-i686-mingw32/bin/../lib/gcc/nios2-elf/4.7.3/../../../../../H-i686-mingw32/nios2-elf/lib\libc.a(lib_a-int_errno.o)
 .debug_info    0x00007b67      0x117 c:/altera/13.1/nios2eds/bin/gnu/h-i686-mingw32/bin/../lib/gcc/nios2-elf/4.7.3/../../../../../H-i686-mingw32/nios2-elf/lib\libc.a(lib_a-memcmp.o)
 .debug_info    0x00007c7e      0x10e c:/altera/13.1/nios2eds/bin/gnu/h-i686-mingw32/bin/../lib/gcc/nios2-elf/4.7.3/../../../../../H-i686-mingw32/nios2-elf/lib\libc.a(lib_a-memcpy.o)
 .debug_info    0x00007d8c       0xdf c:/altera/13.1/nios2eds/bin/gnu/h-i686-mingw32/bin/../lib/gcc/nios2-elf/4.7.3/../../../../../H-i686-mingw32/nios2-elf/lib\libc.a(lib_a-strlen.o)
 .debug_info    0x00007e6b      0x9f9 c:/altera/13.1/nios2eds/bin/gnu/h-i686-mingw32/bin/../lib/gcc/nios2-elf/4.7.3/../../../../../H-i686-mingw32/nios2-elf/lib\libc.a(lib_a-__atexit.o)
 .debug_info    0x00008864      0xa07 c:/altera/13.1/nios2eds/bin/gnu/h-i686-mingw32/bin/../lib/gcc/nios2-elf/4.7.3/../../../../../H-i686-mingw32/nios2-elf/lib\libc.a(lib_a-__call_atexit.o)
 .debug_info    0x0000926b       0xec C:/Users/tago/Dropbox/OUT/EE52/software/sopc_scope_1st_bsp/\libhal_bsp.a(alt_exit.o)

.debug_abbrev   0x00000000     0x313a
 *(.debug_abbrev)
 .debug_abbrev  0x00000000       0x12 C:/Users/tago/Dropbox/OUT/EE52/software/sopc_scope_1st_bsp//obj/HAL/src/crt0.o
 .debug_abbrev  0x00000012       0x45 obj/default/char58.o
 .debug_abbrev  0x00000057       0xce obj/default/keyproc.o
 .debug_abbrev  0x00000125      0x112 obj/default/lcdout.o
 .debug_abbrev  0x00000237       0xc8 obj/default/mainloop.o
 .debug_abbrev  0x000002ff      0x160 obj/default/menu.o
 .debug_abbrev  0x0000045f      0x1aa obj/default/menuact.o
 .debug_abbrev  0x00000609       0xb9 obj/default/stubfncs.o
 .debug_abbrev  0x000006c2       0x84 obj/default/testcode.o
 .debug_abbrev  0x00000746      0x158 obj/default/tracutil.o
 .debug_abbrev  0x0000089e       0x14 obj/default/keys.o
 .debug_abbrev  0x000008b2      0x112 c:/altera/13.1/nios2eds/bin/gnu/h-i686-mingw32/bin/../lib/gcc/nios2-elf/4.7.3\libgcc.a(lib2-divmod.o)
 .debug_abbrev  0x000009c4      0x16a C:/Users/tago/Dropbox/OUT/EE52/software/sopc_scope_1st_bsp/\libhal_bsp.a(alt_iic.o)
 .debug_abbrev  0x00000b2e      0x169 C:/Users/tago/Dropbox/OUT/EE52/software/sopc_scope_1st_bsp/\libhal_bsp.a(alt_iic_isr_register.o)
 .debug_abbrev  0x00000c97       0x12 C:/Users/tago/Dropbox/OUT/EE52/software/sopc_scope_1st_bsp/\libhal_bsp.a(alt_irq_entry.o)
 .debug_abbrev  0x00000ca9      0x124 C:/Users/tago/Dropbox/OUT/EE52/software/sopc_scope_1st_bsp/\libhal_bsp.a(alt_irq_handler.o)
 .debug_abbrev  0x00000dcd       0x40 C:/Users/tago/Dropbox/OUT/EE52/software/sopc_scope_1st_bsp/\libhal_bsp.a(alt_irq_vars.o)
 .debug_abbrev  0x00000e0d       0x9d C:/Users/tago/Dropbox/OUT/EE52/software/sopc_scope_1st_bsp/\libhal_bsp.a(alt_load.o)
 .debug_abbrev  0x00000eaa       0xba C:/Users/tago/Dropbox/OUT/EE52/software/sopc_scope_1st_bsp/\libhal_bsp.a(alt_main.o)
 .debug_abbrev  0x00000f64      0x176 C:/Users/tago/Dropbox/OUT/EE52/software/sopc_scope_1st_bsp/\libhal_bsp.a(alt_sys_init.o)
 .debug_abbrev  0x000010da      0x118 C:/Users/tago/Dropbox/OUT/EE52/software/sopc_scope_1st_bsp/\libhal_bsp.a(altera_avalon_jtag_uart_fd.o)
 .debug_abbrev  0x000011f2      0x18f C:/Users/tago/Dropbox/OUT/EE52/software/sopc_scope_1st_bsp/\libhal_bsp.a(altera_avalon_jtag_uart_init.o)
 .debug_abbrev  0x00001381      0x102 C:/Users/tago/Dropbox/OUT/EE52/software/sopc_scope_1st_bsp/\libhal_bsp.a(altera_avalon_jtag_uart_ioctl.o)
 .debug_abbrev  0x00001483      0x19b C:/Users/tago/Dropbox/OUT/EE52/software/sopc_scope_1st_bsp/\libhal_bsp.a(altera_avalon_jtag_uart_read.o)
 .debug_abbrev  0x0000161e      0x199 C:/Users/tago/Dropbox/OUT/EE52/software/sopc_scope_1st_bsp/\libhal_bsp.a(altera_avalon_jtag_uart_write.o)
 .debug_abbrev  0x000017b7      0x162 C:/Users/tago/Dropbox/OUT/EE52/software/sopc_scope_1st_bsp/\libhal_bsp.a(alt_alarm_start.o)
 .debug_abbrev  0x00001919      0x11f C:/Users/tago/Dropbox/OUT/EE52/software/sopc_scope_1st_bsp/\libhal_bsp.a(alt_close.o)
 .debug_abbrev  0x00001a38       0x5a C:/Users/tago/Dropbox/OUT/EE52/software/sopc_scope_1st_bsp/\libhal_bsp.a(alt_dcache_flush_all.o)
 .debug_abbrev  0x00001a92       0xd9 C:/Users/tago/Dropbox/OUT/EE52/software/sopc_scope_1st_bsp/\libhal_bsp.a(alt_dev.o)
 .debug_abbrev  0x00001b6b      0x114 C:/Users/tago/Dropbox/OUT/EE52/software/sopc_scope_1st_bsp/\libhal_bsp.a(alt_dev_llist_insert.o)
 .debug_abbrev  0x00001c7f       0x79 C:/Users/tago/Dropbox/OUT/EE52/software/sopc_scope_1st_bsp/\libhal_bsp.a(alt_do_ctors.o)
 .debug_abbrev  0x00001cf8       0x79 C:/Users/tago/Dropbox/OUT/EE52/software/sopc_scope_1st_bsp/\libhal_bsp.a(alt_do_dtors.o)
 .debug_abbrev  0x00001d71       0x5a C:/Users/tago/Dropbox/OUT/EE52/software/sopc_scope_1st_bsp/\libhal_bsp.a(alt_errno.o)
 .debug_abbrev  0x00001dcb       0x12 C:/Users/tago/Dropbox/OUT/EE52/software/sopc_scope_1st_bsp/\libhal_bsp.a(alt_exception_entry.o)
 .debug_abbrev  0x00001ddd       0x42 C:/Users/tago/Dropbox/OUT/EE52/software/sopc_scope_1st_bsp/\libhal_bsp.a(alt_icache_flush_all.o)
 .debug_abbrev  0x00001e1f      0x114 C:/Users/tago/Dropbox/OUT/EE52/software/sopc_scope_1st_bsp/\libhal_bsp.a(alt_io_redirect.o)
 .debug_abbrev  0x00001f33      0x148 C:/Users/tago/Dropbox/OUT/EE52/software/sopc_scope_1st_bsp/\libhal_bsp.a(alt_open.o)
 .debug_abbrev  0x0000207b       0xde C:/Users/tago/Dropbox/OUT/EE52/software/sopc_scope_1st_bsp/\libhal_bsp.a(alt_release_fd.o)
 .debug_abbrev  0x00002159      0x15a C:/Users/tago/Dropbox/OUT/EE52/software/sopc_scope_1st_bsp/\libhal_bsp.a(alt_tick.o)
 .debug_abbrev  0x000022b3       0x42 C:/Users/tago/Dropbox/OUT/EE52/software/sopc_scope_1st_bsp/\libhal_bsp.a(altera_nios2_qsys_irq.o)
 .debug_abbrev  0x000022f5       0xf0 C:/Users/tago/Dropbox/OUT/EE52/software/sopc_scope_1st_bsp/\libhal_bsp.a(alt_find_dev.o)
 .debug_abbrev  0x000023e5       0xf0 C:/Users/tago/Dropbox/OUT/EE52/software/sopc_scope_1st_bsp/\libhal_bsp.a(alt_find_file.o)
 .debug_abbrev  0x000024d5      0x10d C:/Users/tago/Dropbox/OUT/EE52/software/sopc_scope_1st_bsp/\libhal_bsp.a(alt_get_fd.o)
 .debug_abbrev  0x000025e2       0x8c C:/Users/tago/Dropbox/OUT/EE52/software/sopc_scope_1st_bsp/\libhal_bsp.a(alt_icache_flush.o)
 .debug_abbrev  0x0000266e      0x106 c:/altera/13.1/nios2eds/bin/gnu/h-i686-mingw32/bin/../lib/gcc/nios2-elf/4.7.3/../../../../../H-i686-mingw32/nios2-elf/lib\libc.a(lib_a-atexit.o)
 .debug_abbrev  0x00002774      0x1c8 c:/altera/13.1/nios2eds/bin/gnu/h-i686-mingw32/bin/../lib/gcc/nios2-elf/4.7.3/../../../../../H-i686-mingw32/nios2-elf/lib\libc.a(lib_a-exit.o)
 .debug_abbrev  0x0000293c      0x162 c:/altera/13.1/nios2eds/bin/gnu/h-i686-mingw32/bin/../lib/gcc/nios2-elf/4.7.3/../../../../../H-i686-mingw32/nios2-elf/lib\libc.a(lib_a-impure.o)
 .debug_abbrev  0x00002a9e       0x37 c:/altera/13.1/nios2eds/bin/gnu/h-i686-mingw32/bin/../lib/gcc/nios2-elf/4.7.3/../../../../../H-i686-mingw32/nios2-elf/lib\libc.a(lib_a-int_errno.o)
 .debug_abbrev  0x00002ad5       0x7f c:/altera/13.1/nios2eds/bin/gnu/h-i686-mingw32/bin/../lib/gcc/nios2-elf/4.7.3/../../../../../H-i686-mingw32/nios2-elf/lib\libc.a(lib_a-memcmp.o)
 .debug_abbrev  0x00002b54       0x9c c:/altera/13.1/nios2eds/bin/gnu/h-i686-mingw32/bin/../lib/gcc/nios2-elf/4.7.3/../../../../../H-i686-mingw32/nios2-elf/lib\libc.a(lib_a-memcpy.o)
 .debug_abbrev  0x00002bf0       0x90 c:/altera/13.1/nios2eds/bin/gnu/h-i686-mingw32/bin/../lib/gcc/nios2-elf/4.7.3/../../../../../H-i686-mingw32/nios2-elf/lib\libc.a(lib_a-strlen.o)
 .debug_abbrev  0x00002c80      0x211 c:/altera/13.1/nios2eds/bin/gnu/h-i686-mingw32/bin/../lib/gcc/nios2-elf/4.7.3/../../../../../H-i686-mingw32/nios2-elf/lib\libc.a(lib_a-__atexit.o)
 .debug_abbrev  0x00002e91      0x203 c:/altera/13.1/nios2eds/bin/gnu/h-i686-mingw32/bin/../lib/gcc/nios2-elf/4.7.3/../../../../../H-i686-mingw32/nios2-elf/lib\libc.a(lib_a-__call_atexit.o)
 .debug_abbrev  0x00003094       0xa6 C:/Users/tago/Dropbox/OUT/EE52/software/sopc_scope_1st_bsp/\libhal_bsp.a(alt_exit.o)

.debug_line     0x00000000     0x3316
 *(.debug_line)
 .debug_line    0x00000000       0x72 C:/Users/tago/Dropbox/OUT/EE52/software/sopc_scope_1st_bsp//obj/HAL/src/crt0.o
 .debug_line    0x00000072       0x29 obj/default/char58.o
 .debug_line    0x0000009b       0x75 obj/default/keyproc.o
 .debug_line    0x00000110       0xf4 obj/default/lcdout.o
 .debug_line    0x00000204       0x7f obj/default/mainloop.o
 .debug_line    0x00000283       0xdb obj/default/menu.o
 .debug_line    0x0000035e      0x1d3 obj/default/menuact.o
 .debug_line    0x00000531       0x51 obj/default/stubfncs.o
 .debug_line    0x00000582       0x5e obj/default/testcode.o
 .debug_line    0x000005e0      0x28f obj/default/tracutil.o
 .debug_line    0x0000086f       0x74 obj/default/keys.o
 .debug_line    0x000008e3       0xd3 c:/altera/13.1/nios2eds/bin/gnu/h-i686-mingw32/bin/../lib/gcc/nios2-elf/4.7.3\libgcc.a(lib2-divmod.o)
 .debug_line    0x000009b6       0xed C:/Users/tago/Dropbox/OUT/EE52/software/sopc_scope_1st_bsp/\libhal_bsp.a(alt_iic.o)
 .debug_line    0x00000aa3       0xdb C:/Users/tago/Dropbox/OUT/EE52/software/sopc_scope_1st_bsp/\libhal_bsp.a(alt_iic_isr_register.o)
 .debug_line    0x00000b7e       0x6b C:/Users/tago/Dropbox/OUT/EE52/software/sopc_scope_1st_bsp/\libhal_bsp.a(alt_irq_entry.o)
 .debug_line    0x00000be9       0xae C:/Users/tago/Dropbox/OUT/EE52/software/sopc_scope_1st_bsp/\libhal_bsp.a(alt_irq_handler.o)
 .debug_line    0x00000c97       0x50 C:/Users/tago/Dropbox/OUT/EE52/software/sopc_scope_1st_bsp/\libhal_bsp.a(alt_irq_vars.o)
 .debug_line    0x00000ce7       0x92 C:/Users/tago/Dropbox/OUT/EE52/software/sopc_scope_1st_bsp/\libhal_bsp.a(alt_load.o)
 .debug_line    0x00000d79       0xa4 C:/Users/tago/Dropbox/OUT/EE52/software/sopc_scope_1st_bsp/\libhal_bsp.a(alt_main.o)
 .debug_line    0x00000e1d      0x136 C:/Users/tago/Dropbox/OUT/EE52/software/sopc_scope_1st_bsp/\libhal_bsp.a(alt_sys_init.o)
 .debug_line    0x00000f53      0x131 C:/Users/tago/Dropbox/OUT/EE52/software/sopc_scope_1st_bsp/\libhal_bsp.a(altera_avalon_jtag_uart_fd.o)
 .debug_line    0x00001084      0x199 C:/Users/tago/Dropbox/OUT/EE52/software/sopc_scope_1st_bsp/\libhal_bsp.a(altera_avalon_jtag_uart_init.o)
 .debug_line    0x0000121d      0x129 C:/Users/tago/Dropbox/OUT/EE52/software/sopc_scope_1st_bsp/\libhal_bsp.a(altera_avalon_jtag_uart_ioctl.o)
 .debug_line    0x00001346      0x174 C:/Users/tago/Dropbox/OUT/EE52/software/sopc_scope_1st_bsp/\libhal_bsp.a(altera_avalon_jtag_uart_read.o)
 .debug_line    0x000014ba      0x173 C:/Users/tago/Dropbox/OUT/EE52/software/sopc_scope_1st_bsp/\libhal_bsp.a(altera_avalon_jtag_uart_write.o)
 .debug_line    0x0000162d       0xfa C:/Users/tago/Dropbox/OUT/EE52/software/sopc_scope_1st_bsp/\libhal_bsp.a(alt_alarm_start.o)
 .debug_line    0x00001727      0x186 C:/Users/tago/Dropbox/OUT/EE52/software/sopc_scope_1st_bsp/\libhal_bsp.a(alt_close.o)
 .debug_line    0x000018ad       0x61 C:/Users/tago/Dropbox/OUT/EE52/software/sopc_scope_1st_bsp/\libhal_bsp.a(alt_dcache_flush_all.o)
 .debug_line    0x0000190e      0x119 C:/Users/tago/Dropbox/OUT/EE52/software/sopc_scope_1st_bsp/\libhal_bsp.a(alt_dev.o)
 .debug_line    0x00001a27       0xd0 C:/Users/tago/Dropbox/OUT/EE52/software/sopc_scope_1st_bsp/\libhal_bsp.a(alt_dev_llist_insert.o)
 .debug_line    0x00001af7       0x59 C:/Users/tago/Dropbox/OUT/EE52/software/sopc_scope_1st_bsp/\libhal_bsp.a(alt_do_ctors.o)
 .debug_line    0x00001b50       0x59 C:/Users/tago/Dropbox/OUT/EE52/software/sopc_scope_1st_bsp/\libhal_bsp.a(alt_do_dtors.o)
 .debug_line    0x00001ba9       0x51 C:/Users/tago/Dropbox/OUT/EE52/software/sopc_scope_1st_bsp/\libhal_bsp.a(alt_errno.o)
 .debug_line    0x00001bfa       0xab C:/Users/tago/Dropbox/OUT/EE52/software/sopc_scope_1st_bsp/\libhal_bsp.a(alt_exception_entry.o)
 .debug_line    0x00001ca5       0x50 C:/Users/tago/Dropbox/OUT/EE52/software/sopc_scope_1st_bsp/\libhal_bsp.a(alt_icache_flush_all.o)
 .debug_line    0x00001cf5      0x154 C:/Users/tago/Dropbox/OUT/EE52/software/sopc_scope_1st_bsp/\libhal_bsp.a(alt_io_redirect.o)
 .debug_line    0x00001e49      0x125 C:/Users/tago/Dropbox/OUT/EE52/software/sopc_scope_1st_bsp/\libhal_bsp.a(alt_open.o)
 .debug_line    0x00001f6e       0xae C:/Users/tago/Dropbox/OUT/EE52/software/sopc_scope_1st_bsp/\libhal_bsp.a(alt_release_fd.o)
 .debug_line    0x0000201c      0x102 C:/Users/tago/Dropbox/OUT/EE52/software/sopc_scope_1st_bsp/\libhal_bsp.a(alt_tick.o)
 .debug_line    0x0000211e       0x51 C:/Users/tago/Dropbox/OUT/EE52/software/sopc_scope_1st_bsp/\libhal_bsp.a(altera_nios2_qsys_irq.o)
 .debug_line    0x0000216f       0xb9 C:/Users/tago/Dropbox/OUT/EE52/software/sopc_scope_1st_bsp/\libhal_bsp.a(alt_find_dev.o)
 .debug_line    0x00002228       0xd5 C:/Users/tago/Dropbox/OUT/EE52/software/sopc_scope_1st_bsp/\libhal_bsp.a(alt_find_file.o)
 .debug_line    0x000022fd       0xd1 C:/Users/tago/Dropbox/OUT/EE52/software/sopc_scope_1st_bsp/\libhal_bsp.a(alt_get_fd.o)
 .debug_line    0x000023ce       0x81 C:/Users/tago/Dropbox/OUT/EE52/software/sopc_scope_1st_bsp/\libhal_bsp.a(alt_icache_flush.o)
 .debug_line    0x0000244f      0x16d c:/altera/13.1/nios2eds/bin/gnu/h-i686-mingw32/bin/../lib/gcc/nios2-elf/4.7.3/../../../../../H-i686-mingw32/nios2-elf/lib\libc.a(lib_a-atexit.o)
 .debug_line    0x000025bc      0x219 c:/altera/13.1/nios2eds/bin/gnu/h-i686-mingw32/bin/../lib/gcc/nios2-elf/4.7.3/../../../../../H-i686-mingw32/nios2-elf/lib\libc.a(lib_a-exit.o)
 .debug_line    0x000027d5      0x173 c:/altera/13.1/nios2eds/bin/gnu/h-i686-mingw32/bin/../lib/gcc/nios2-elf/4.7.3/../../../../../H-i686-mingw32/nios2-elf/lib\libc.a(lib_a-impure.o)
 .debug_line    0x00002948       0x5d c:/altera/13.1/nios2eds/bin/gnu/h-i686-mingw32/bin/../lib/gcc/nios2-elf/4.7.3/../../../../../H-i686-mingw32/nios2-elf/lib\libc.a(lib_a-int_errno.o)
 .debug_line    0x000029a5      0x18d c:/altera/13.1/nios2eds/bin/gnu/h-i686-mingw32/bin/../lib/gcc/nios2-elf/4.7.3/../../../../../H-i686-mingw32/nios2-elf/lib\libc.a(lib_a-memcmp.o)
 .debug_line    0x00002b32      0x13d c:/altera/13.1/nios2eds/bin/gnu/h-i686-mingw32/bin/../lib/gcc/nios2-elf/4.7.3/../../../../../H-i686-mingw32/nios2-elf/lib\libc.a(lib_a-memcpy.o)
 .debug_line    0x00002c6f      0x182 c:/altera/13.1/nios2eds/bin/gnu/h-i686-mingw32/bin/../lib/gcc/nios2-elf/4.7.3/../../../../../H-i686-mingw32/nios2-elf/lib\libc.a(lib_a-strlen.o)
 .debug_line    0x00002df1      0x250 c:/altera/13.1/nios2eds/bin/gnu/h-i686-mingw32/bin/../lib/gcc/nios2-elf/4.7.3/../../../../../H-i686-mingw32/nios2-elf/lib\libc.a(lib_a-__atexit.o)
 .debug_line    0x00003041      0x264 c:/altera/13.1/nios2eds/bin/gnu/h-i686-mingw32/bin/../lib/gcc/nios2-elf/4.7.3/../../../../../H-i686-mingw32/nios2-elf/lib\libc.a(lib_a-__call_atexit.o)
 .debug_line    0x000032a5       0x71 C:/Users/tago/Dropbox/OUT/EE52/software/sopc_scope_1st_bsp/\libhal_bsp.a(alt_exit.o)

.debug_frame    0x00000000     0x10f0
 *(.debug_frame)
 .debug_frame   0x00000000       0xb8 obj/default/keyproc.o
 .debug_frame   0x000000b8       0x9c obj/default/lcdout.o
 .debug_frame   0x00000154       0x48 obj/default/mainloop.o
 .debug_frame   0x0000019c      0x128 obj/default/menu.o
 .debug_frame   0x000002c4      0x324 obj/default/menuact.o
 .debug_frame   0x000005e8       0xd4 obj/default/stubfncs.o
 .debug_frame   0x000006bc       0x2c obj/default/testcode.o
 .debug_frame   0x000006e8      0x198 obj/default/tracutil.o
 .debug_frame   0x00000880       0x70 c:/altera/13.1/nios2eds/bin/gnu/h-i686-mingw32/bin/../lib/gcc/nios2-elf/4.7.3\libgcc.a(lib2-divmod.o)
 .debug_frame   0x000008f0       0x80 C:/Users/tago/Dropbox/OUT/EE52/software/sopc_scope_1st_bsp/\libhal_bsp.a(alt_iic.o)
 .debug_frame   0x00000970       0x2c C:/Users/tago/Dropbox/OUT/EE52/software/sopc_scope_1st_bsp/\libhal_bsp.a(alt_iic_isr_register.o)
 .debug_frame   0x0000099c       0x2c C:/Users/tago/Dropbox/OUT/EE52/software/sopc_scope_1st_bsp/\libhal_bsp.a(alt_irq_handler.o)
 .debug_frame   0x000009c8       0x48 C:/Users/tago/Dropbox/OUT/EE52/software/sopc_scope_1st_bsp/\libhal_bsp.a(alt_load.o)
 .debug_frame   0x00000a10       0x2c C:/Users/tago/Dropbox/OUT/EE52/software/sopc_scope_1st_bsp/\libhal_bsp.a(alt_main.o)
 .debug_frame   0x00000a3c       0x64 C:/Users/tago/Dropbox/OUT/EE52/software/sopc_scope_1st_bsp/\libhal_bsp.a(alt_sys_init.o)
 .debug_frame   0x00000aa0       0x80 C:/Users/tago/Dropbox/OUT/EE52/software/sopc_scope_1st_bsp/\libhal_bsp.a(altera_avalon_jtag_uart_fd.o)
 .debug_frame   0x00000b20       0x80 C:/Users/tago/Dropbox/OUT/EE52/software/sopc_scope_1st_bsp/\libhal_bsp.a(altera_avalon_jtag_uart_init.o)
 .debug_frame   0x00000ba0       0x2c C:/Users/tago/Dropbox/OUT/EE52/software/sopc_scope_1st_bsp/\libhal_bsp.a(altera_avalon_jtag_uart_ioctl.o)
 .debug_frame   0x00000bcc       0x2c C:/Users/tago/Dropbox/OUT/EE52/software/sopc_scope_1st_bsp/\libhal_bsp.a(altera_avalon_jtag_uart_read.o)
 .debug_frame   0x00000bf8       0x2c C:/Users/tago/Dropbox/OUT/EE52/software/sopc_scope_1st_bsp/\libhal_bsp.a(altera_avalon_jtag_uart_write.o)
 .debug_frame   0x00000c24       0x2c C:/Users/tago/Dropbox/OUT/EE52/software/sopc_scope_1st_bsp/\libhal_bsp.a(alt_alarm_start.o)
 .debug_frame   0x00000c50       0x48 C:/Users/tago/Dropbox/OUT/EE52/software/sopc_scope_1st_bsp/\libhal_bsp.a(alt_close.o)
 .debug_frame   0x00000c98       0x2c C:/Users/tago/Dropbox/OUT/EE52/software/sopc_scope_1st_bsp/\libhal_bsp.a(alt_dcache_flush_all.o)
 .debug_frame   0x00000cc4       0x2c C:/Users/tago/Dropbox/OUT/EE52/software/sopc_scope_1st_bsp/\libhal_bsp.a(alt_dev.o)
 .debug_frame   0x00000cf0       0x48 C:/Users/tago/Dropbox/OUT/EE52/software/sopc_scope_1st_bsp/\libhal_bsp.a(alt_dev_llist_insert.o)
 .debug_frame   0x00000d38       0x2c C:/Users/tago/Dropbox/OUT/EE52/software/sopc_scope_1st_bsp/\libhal_bsp.a(alt_do_ctors.o)
 .debug_frame   0x00000d64       0x2c C:/Users/tago/Dropbox/OUT/EE52/software/sopc_scope_1st_bsp/\libhal_bsp.a(alt_do_dtors.o)
 .debug_frame   0x00000d90       0x2c C:/Users/tago/Dropbox/OUT/EE52/software/sopc_scope_1st_bsp/\libhal_bsp.a(alt_icache_flush_all.o)
 .debug_frame   0x00000dbc       0x48 C:/Users/tago/Dropbox/OUT/EE52/software/sopc_scope_1st_bsp/\libhal_bsp.a(alt_io_redirect.o)
 .debug_frame   0x00000e04       0x64 C:/Users/tago/Dropbox/OUT/EE52/software/sopc_scope_1st_bsp/\libhal_bsp.a(alt_open.o)
 .debug_frame   0x00000e68       0x2c C:/Users/tago/Dropbox/OUT/EE52/software/sopc_scope_1st_bsp/\libhal_bsp.a(alt_release_fd.o)
 .debug_frame   0x00000e94       0x48 C:/Users/tago/Dropbox/OUT/EE52/software/sopc_scope_1st_bsp/\libhal_bsp.a(alt_tick.o)
 .debug_frame   0x00000edc       0x2c C:/Users/tago/Dropbox/OUT/EE52/software/sopc_scope_1st_bsp/\libhal_bsp.a(altera_nios2_qsys_irq.o)
 .debug_frame   0x00000f08       0x2c C:/Users/tago/Dropbox/OUT/EE52/software/sopc_scope_1st_bsp/\libhal_bsp.a(alt_find_dev.o)
 .debug_frame   0x00000f34       0x2c C:/Users/tago/Dropbox/OUT/EE52/software/sopc_scope_1st_bsp/\libhal_bsp.a(alt_find_file.o)
 .debug_frame   0x00000f60       0x2c C:/Users/tago/Dropbox/OUT/EE52/software/sopc_scope_1st_bsp/\libhal_bsp.a(alt_get_fd.o)
 .debug_frame   0x00000f8c       0x2c C:/Users/tago/Dropbox/OUT/EE52/software/sopc_scope_1st_bsp/\libhal_bsp.a(alt_icache_flush.o)
 .debug_frame   0x00000fb8       0x20 c:/altera/13.1/nios2eds/bin/gnu/h-i686-mingw32/bin/../lib/gcc/nios2-elf/4.7.3/../../../../../H-i686-mingw32/nios2-elf/lib\libc.a(lib_a-atexit.o)
 .debug_frame   0x00000fd8       0x28 c:/altera/13.1/nios2eds/bin/gnu/h-i686-mingw32/bin/../lib/gcc/nios2-elf/4.7.3/../../../../../H-i686-mingw32/nios2-elf/lib\libc.a(lib_a-exit.o)
 .debug_frame   0x00001000       0x20 c:/altera/13.1/nios2eds/bin/gnu/h-i686-mingw32/bin/../lib/gcc/nios2-elf/4.7.3/../../../../../H-i686-mingw32/nios2-elf/lib\libc.a(lib_a-memcmp.o)
 .debug_frame   0x00001020       0x20 c:/altera/13.1/nios2eds/bin/gnu/h-i686-mingw32/bin/../lib/gcc/nios2-elf/4.7.3/../../../../../H-i686-mingw32/nios2-elf/lib\libc.a(lib_a-memcpy.o)
 .debug_frame   0x00001040       0x20 c:/altera/13.1/nios2eds/bin/gnu/h-i686-mingw32/bin/../lib/gcc/nios2-elf/4.7.3/../../../../../H-i686-mingw32/nios2-elf/lib\libc.a(lib_a-strlen.o)
 .debug_frame   0x00001060       0x2c c:/altera/13.1/nios2eds/bin/gnu/h-i686-mingw32/bin/../lib/gcc/nios2-elf/4.7.3/../../../../../H-i686-mingw32/nios2-elf/lib\libc.a(lib_a-__atexit.o)
 .debug_frame   0x0000108c       0x38 c:/altera/13.1/nios2eds/bin/gnu/h-i686-mingw32/bin/../lib/gcc/nios2-elf/4.7.3/../../../../../H-i686-mingw32/nios2-elf/lib\libc.a(lib_a-__call_atexit.o)
 .debug_frame   0x000010c4       0x2c C:/Users/tago/Dropbox/OUT/EE52/software/sopc_scope_1st_bsp/\libhal_bsp.a(alt_exit.o)

.debug_str      0x00000000     0x1cbd
 *(.debug_str)
 .debug_str     0x00000000       0x71 obj/default/char58.o
 .debug_str     0x00000071       0x6a obj/default/keyproc.o
                                 0xb9 (size before relaxing)
 .debug_str     0x000000db       0x9e obj/default/lcdout.o
                                0x129 (size before relaxing)
 .debug_str     0x00000179       0x95 obj/default/mainloop.o
                                0x132 (size before relaxing)
 .debug_str     0x0000020e      0x159 obj/default/menu.o
                                0x1e0 (size before relaxing)
 .debug_str     0x00000367      0x1f0 obj/default/menuact.o
                                0x323 (size before relaxing)
 .debug_str     0x00000557       0x70 obj/default/stubfncs.o
                                 0xee (size before relaxing)
 .debug_str     0x000005c7       0x3a obj/default/testcode.o
                                 0xbc (size before relaxing)
 .debug_str     0x00000601      0x15f obj/default/tracutil.o
                                0x272 (size before relaxing)
 .debug_str     0x00000760      0x121 c:/altera/13.1/nios2eds/bin/gnu/h-i686-mingw32/bin/../lib/gcc/nios2-elf/4.7.3\libgcc.a(lib2-divmod.o)
                                0x15b (size before relaxing)
 .debug_str     0x00000881      0x15c C:/Users/tago/Dropbox/OUT/EE52/software/sopc_scope_1st_bsp/\libhal_bsp.a(alt_iic.o)
                                0x1f6 (size before relaxing)
 .debug_str     0x000009dd       0x4c C:/Users/tago/Dropbox/OUT/EE52/software/sopc_scope_1st_bsp/\libhal_bsp.a(alt_iic_isr_register.o)
                                0x1a0 (size before relaxing)
 .debug_str     0x00000a29       0x3a C:/Users/tago/Dropbox/OUT/EE52/software/sopc_scope_1st_bsp/\libhal_bsp.a(alt_irq_handler.o)
                                0x14f (size before relaxing)
 .debug_str     0x00000a63       0x17 C:/Users/tago/Dropbox/OUT/EE52/software/sopc_scope_1st_bsp/\libhal_bsp.a(alt_irq_vars.o)
                                 0xfe (size before relaxing)
 .debug_str     0x00000a7a       0xe9 C:/Users/tago/Dropbox/OUT/EE52/software/sopc_scope_1st_bsp/\libhal_bsp.a(alt_load.o)
                                0x1ca (size before relaxing)
 .debug_str     0x00000b63       0x70 C:/Users/tago/Dropbox/OUT/EE52/software/sopc_scope_1st_bsp/\libhal_bsp.a(alt_main.o)
                                0x155 (size before relaxing)
 .debug_str     0x00000bd3      0x19b C:/Users/tago/Dropbox/OUT/EE52/software/sopc_scope_1st_bsp/\libhal_bsp.a(alt_sys_init.o)
                                0x309 (size before relaxing)
 .debug_str     0x00000d6e       0xb9 C:/Users/tago/Dropbox/OUT/EE52/software/sopc_scope_1st_bsp/\libhal_bsp.a(altera_avalon_jtag_uart_fd.o)
                                0x35c (size before relaxing)
 .debug_str     0x00000e27       0xd1 C:/Users/tago/Dropbox/OUT/EE52/software/sopc_scope_1st_bsp/\libhal_bsp.a(altera_avalon_jtag_uart_init.o)
                                0x2f0 (size before relaxing)
 .debug_str     0x00000ef8       0x4a C:/Users/tago/Dropbox/OUT/EE52/software/sopc_scope_1st_bsp/\libhal_bsp.a(altera_avalon_jtag_uart_ioctl.o)
                                0x24b (size before relaxing)
 .debug_str     0x00000f42       0x48 C:/Users/tago/Dropbox/OUT/EE52/software/sopc_scope_1st_bsp/\libhal_bsp.a(altera_avalon_jtag_uart_read.o)
                                0x2a0 (size before relaxing)
 .debug_str     0x00000f8a       0x4a C:/Users/tago/Dropbox/OUT/EE52/software/sopc_scope_1st_bsp/\libhal_bsp.a(altera_avalon_jtag_uart_write.o)
                                0x2a1 (size before relaxing)
 .debug_str     0x00000fd4       0x59 C:/Users/tago/Dropbox/OUT/EE52/software/sopc_scope_1st_bsp/\libhal_bsp.a(alt_alarm_start.o)
                                0x236 (size before relaxing)
 .debug_str     0x0000102d       0x44 C:/Users/tago/Dropbox/OUT/EE52/software/sopc_scope_1st_bsp/\libhal_bsp.a(alt_close.o)
                                0x1c3 (size before relaxing)
 .debug_str     0x00001071       0x34 C:/Users/tago/Dropbox/OUT/EE52/software/sopc_scope_1st_bsp/\libhal_bsp.a(alt_dcache_flush_all.o)
                                0x10d (size before relaxing)
 .debug_str     0x000010a5      0x120 C:/Users/tago/Dropbox/OUT/EE52/software/sopc_scope_1st_bsp/\libhal_bsp.a(alt_dev.o)
                                0x2bd (size before relaxing)
 .debug_str     0x000011c5       0x34 C:/Users/tago/Dropbox/OUT/EE52/software/sopc_scope_1st_bsp/\libhal_bsp.a(alt_dev_llist_insert.o)
                                0x184 (size before relaxing)
 .debug_str     0x000011f9       0x48 C:/Users/tago/Dropbox/OUT/EE52/software/sopc_scope_1st_bsp/\libhal_bsp.a(alt_do_ctors.o)
                                 0x94 (size before relaxing)
 .debug_str     0x00001241       0x4c C:/Users/tago/Dropbox/OUT/EE52/software/sopc_scope_1st_bsp/\libhal_bsp.a(alt_do_dtors.o)
                                 0x93 (size before relaxing)
 .debug_str     0x0000128d       0x14 C:/Users/tago/Dropbox/OUT/EE52/software/sopc_scope_1st_bsp/\libhal_bsp.a(alt_errno.o)
                                 0xfd (size before relaxing)
 .debug_str     0x000012a1       0x34 C:/Users/tago/Dropbox/OUT/EE52/software/sopc_scope_1st_bsp/\libhal_bsp.a(alt_icache_flush_all.o)
                                0x10d (size before relaxing)
 .debug_str     0x000012d5       0x56 C:/Users/tago/Dropbox/OUT/EE52/software/sopc_scope_1st_bsp/\libhal_bsp.a(alt_io_redirect.o)
                                0x2ce (size before relaxing)
 .debug_str     0x0000132b       0x2f C:/Users/tago/Dropbox/OUT/EE52/software/sopc_scope_1st_bsp/\libhal_bsp.a(alt_open.o)
                                0x203 (size before relaxing)
 .debug_str     0x0000135a       0x28 C:/Users/tago/Dropbox/OUT/EE52/software/sopc_scope_1st_bsp/\libhal_bsp.a(alt_release_fd.o)
                                0x197 (size before relaxing)
 .debug_str     0x00001382       0x4a C:/Users/tago/Dropbox/OUT/EE52/software/sopc_scope_1st_bsp/\libhal_bsp.a(alt_tick.o)
                                0x20a (size before relaxing)
 .debug_str     0x000013cc       0x3b C:/Users/tago/Dropbox/OUT/EE52/software/sopc_scope_1st_bsp/\libhal_bsp.a(altera_nios2_qsys_irq.o)
                                0x114 (size before relaxing)
 .debug_str     0x00001407       0x24 C:/Users/tago/Dropbox/OUT/EE52/software/sopc_scope_1st_bsp/\libhal_bsp.a(alt_find_dev.o)
                                0x1a4 (size before relaxing)
 .debug_str     0x0000142b       0x26 C:/Users/tago/Dropbox/OUT/EE52/software/sopc_scope_1st_bsp/\libhal_bsp.a(alt_find_file.o)
                                0x1b2 (size before relaxing)
 .debug_str     0x00001451       0x30 C:/Users/tago/Dropbox/OUT/EE52/software/sopc_scope_1st_bsp/\libhal_bsp.a(alt_get_fd.o)
                                0x1d4 (size before relaxing)
 .debug_str     0x00001481       0x2c C:/Users/tago/Dropbox/OUT/EE52/software/sopc_scope_1st_bsp/\libhal_bsp.a(alt_icache_flush.o)
                                0x113 (size before relaxing)
 .debug_str     0x000014ad      0x15c c:/altera/13.1/nios2eds/bin/gnu/h-i686-mingw32/bin/../lib/gcc/nios2-elf/4.7.3/../../../../../H-i686-mingw32/nios2-elf/lib\libc.a(lib_a-atexit.o)
                                0x20f (size before relaxing)
 .debug_str     0x00001609      0x34b c:/altera/13.1/nios2eds/bin/gnu/h-i686-mingw32/bin/../lib/gcc/nios2-elf/4.7.3/../../../../../H-i686-mingw32/nios2-elf/lib\libc.a(lib_a-exit.o)
                                0x52f (size before relaxing)
 .debug_str     0x00001954       0xd4 c:/altera/13.1/nios2eds/bin/gnu/h-i686-mingw32/bin/../lib/gcc/nios2-elf/4.7.3/../../../../../H-i686-mingw32/nios2-elf/lib\libc.a(lib_a-impure.o)
                                0x526 (size before relaxing)
 .debug_str     0x00001a28       0x3d c:/altera/13.1/nios2eds/bin/gnu/h-i686-mingw32/bin/../lib/gcc/nios2-elf/4.7.3/../../../../../H-i686-mingw32/nios2-elf/lib\libc.a(lib_a-int_errno.o)
                                0x16f (size before relaxing)
 .debug_str     0x00001a65       0xd8 c:/altera/13.1/nios2eds/bin/gnu/h-i686-mingw32/bin/../lib/gcc/nios2-elf/4.7.3/../../../../../H-i686-mingw32/nios2-elf/lib\libc.a(lib_a-memcmp.o)
                                0x176 (size before relaxing)
 .debug_str     0x00001b3d       0x69 c:/altera/13.1/nios2eds/bin/gnu/h-i686-mingw32/bin/../lib/gcc/nios2-elf/4.7.3/../../../../../H-i686-mingw32/nios2-elf/lib\libc.a(lib_a-memcpy.o)
                                0x126 (size before relaxing)
 .debug_str     0x00001ba6       0x4f c:/altera/13.1/nios2eds/bin/gnu/h-i686-mingw32/bin/../lib/gcc/nios2-elf/4.7.3/../../../../../H-i686-mingw32/nios2-elf/lib\libc.a(lib_a-strlen.o)
                                0x189 (size before relaxing)
 .debug_str     0x00001bf5       0x3d c:/altera/13.1/nios2eds/bin/gnu/h-i686-mingw32/bin/../lib/gcc/nios2-elf/4.7.3/../../../../../H-i686-mingw32/nios2-elf/lib\libc.a(lib_a-__atexit.o)
                                0x573 (size before relaxing)
 .debug_str     0x00001c32       0x61 c:/altera/13.1/nios2eds/bin/gnu/h-i686-mingw32/bin/../lib/gcc/nios2-elf/4.7.3/../../../../../H-i686-mingw32/nios2-elf/lib\libc.a(lib_a-__call_atexit.o)
                                0x551 (size before relaxing)
 .debug_str     0x00001c93       0x2a C:/Users/tago/Dropbox/OUT/EE52/software/sopc_scope_1st_bsp/\libhal_bsp.a(alt_exit.o)
                                0x109 (size before relaxing)

.debug_loc      0x00000000     0x1efe
 *(.debug_loc)
 .debug_loc     0x00000000      0x108 obj/default/keyproc.o
 .debug_loc     0x00000108       0xdc obj/default/lcdout.o
 .debug_loc     0x000001e4       0x58 obj/default/mainloop.o
 .debug_loc     0x0000023c      0x1b8 obj/default/menu.o
 .debug_loc     0x000003f4      0x4d0 obj/default/menuact.o
 .debug_loc     0x000008c4      0x134 obj/default/stubfncs.o
 .debug_loc     0x000009f8       0x2c obj/default/testcode.o
 .debug_loc     0x00000a24      0x268 obj/default/tracutil.o
 .debug_loc     0x00000c8c      0x338 c:/altera/13.1/nios2eds/bin/gnu/h-i686-mingw32/bin/../lib/gcc/nios2-elf/4.7.3\libgcc.a(lib2-divmod.o)
 .debug_loc     0x00000fc4       0xb0 C:/Users/tago/Dropbox/OUT/EE52/software/sopc_scope_1st_bsp/\libhal_bsp.a(alt_iic.o)
 .debug_loc     0x00001074       0x2c C:/Users/tago/Dropbox/OUT/EE52/software/sopc_scope_1st_bsp/\libhal_bsp.a(alt_iic_isr_register.o)
 .debug_loc     0x000010a0       0x2c C:/Users/tago/Dropbox/OUT/EE52/software/sopc_scope_1st_bsp/\libhal_bsp.a(alt_irq_handler.o)
 .debug_loc     0x000010cc       0x58 C:/Users/tago/Dropbox/OUT/EE52/software/sopc_scope_1st_bsp/\libhal_bsp.a(alt_load.o)