Archive member included because of file (symbol)

c:/altera/13.1/nios2eds/bin/gnu/h-i686-mingw32/bin/../lib/gcc/nios2-elf/4.7.3\libgcc.a(lib2-divmod.o)
                              obj/default/menuact.o (__divsi3)
C:/Users/tago/Dropbox/OUT/EE52/software/sopc_scope_1st_bsp/\libhal_bsp.a(alt_load.o)
                              C:/Users/tago/Dropbox/OUT/EE52/software/sopc_scope_1st_bsp//obj/HAL/src/crt0.o (alt_load)
C:/Users/tago/Dropbox/OUT/EE52/software/sopc_scope_1st_bsp/\libhal_bsp.a(alt_main.o)
                              C:/Users/tago/Dropbox/OUT/EE52/software/sopc_scope_1st_bsp//obj/HAL/src/crt0.o (alt_main)
C:/Users/tago/Dropbox/OUT/EE52/software/sopc_scope_1st_bsp/\libhal_bsp.a(alt_sys_init.o)
                              C:/Users/tago/Dropbox/OUT/EE52/software/sopc_scope_1st_bsp/\libhal_bsp.a(alt_main.o) (alt_irq_init)
C:/Users/tago/Dropbox/OUT/EE52/software/sopc_scope_1st_bsp/\libhal_bsp.a(altera_avalon_jtag_uart_fd.o)
                              C:/Users/tago/Dropbox/OUT/EE52/software/sopc_scope_1st_bsp/\libhal_bsp.a(alt_sys_init.o) (altera_avalon_jtag_uart_read_fd)
C:/Users/tago/Dropbox/OUT/EE52/software/sopc_scope_1st_bsp/\libhal_bsp.a(altera_avalon_jtag_uart_init.o)
                              C:/Users/tago/Dropbox/OUT/EE52/software/sopc_scope_1st_bsp/\libhal_bsp.a(alt_sys_init.o) (altera_avalon_jtag_uart_init)
C:/Users/tago/Dropbox/OUT/EE52/software/sopc_scope_1st_bsp/\libhal_bsp.a(altera_avalon_jtag_uart_ioctl.o)
                              C:/Users/tago/Dropbox/OUT/EE52/software/sopc_scope_1st_bsp/\libhal_bsp.a(altera_avalon_jtag_uart_fd.o) (altera_avalon_jtag_uart_ioctl)
C:/Users/tago/Dropbox/OUT/EE52/software/sopc_scope_1st_bsp/\libhal_bsp.a(altera_avalon_jtag_uart_read.o)
                              C:/Users/tago/Dropbox/OUT/EE52/software/sopc_scope_1st_bsp/\libhal_bsp.a(altera_avalon_jtag_uart_fd.o) (altera_avalon_jtag_uart_read)
C:/Users/tago/Dropbox/OUT/EE52/software/sopc_scope_1st_bsp/\libhal_bsp.a(altera_avalon_jtag_uart_write.o)
                              C:/Users/tago/Dropbox/OUT/EE52/software/sopc_scope_1st_bsp/\libhal_bsp.a(altera_avalon_jtag_uart_fd.o) (altera_avalon_jtag_uart_write)
C:/Users/tago/Dropbox/OUT/EE52/software/sopc_scope_1st_bsp/\libhal_bsp.a(alt_alarm_start.o)
                              C:/Users/tago/Dropbox/OUT/EE52/software/sopc_scope_1st_bsp/\libhal_bsp.a(altera_avalon_jtag_uart_init.o) (alt_alarm_start)
C:/Users/tago/Dropbox/OUT/EE52/software/sopc_scope_1st_bsp/\libhal_bsp.a(alt_close.o)
                              C:/Users/tago/Dropbox/OUT/EE52/software/sopc_scope_1st_bsp/\libhal_bsp.a(alt_main.o) (close)
C:/Users/tago/Dropbox/OUT/EE52/software/sopc_scope_1st_bsp/\libhal_bsp.a(alt_dcache_flush_all.o)
                              C:/Users/tago/Dropbox/OUT/EE52/software/sopc_scope_1st_bsp/\libhal_bsp.a(alt_load.o) (alt_dcache_flush_all)
C:/Users/tago/Dropbox/OUT/EE52/software/sopc_scope_1st_bsp/\libhal_bsp.a(alt_dev.o)
                              C:/Users/tago/Dropbox/OUT/EE52/software/sopc_scope_1st_bsp/\libhal_bsp.a(alt_sys_init.o) (alt_dev_list)
C:/Users/tago/Dropbox/OUT/EE52/software/sopc_scope_1st_bsp/\libhal_bsp.a(alt_dev_llist_insert.o)
                              C:/Users/tago/Dropbox/OUT/EE52/software/sopc_scope_1st_bsp/\libhal_bsp.a(alt_sys_init.o) (alt_dev_llist_insert)
C:/Users/tago/Dropbox/OUT/EE52/software/sopc_scope_1st_bsp/\libhal_bsp.a(alt_do_ctors.o)
                              C:/Users/tago/Dropbox/OUT/EE52/software/sopc_scope_1st_bsp/\libhal_bsp.a(alt_main.o) (_do_ctors)
C:/Users/tago/Dropbox/OUT/EE52/software/sopc_scope_1st_bsp/\libhal_bsp.a(alt_do_dtors.o)
                              C:/Users/tago/Dropbox/OUT/EE52/software/sopc_scope_1st_bsp/\libhal_bsp.a(alt_main.o) (_do_dtors)
C:/Users/tago/Dropbox/OUT/EE52/software/sopc_scope_1st_bsp/\libhal_bsp.a(alt_errno.o)
                              C:/Users/tago/Dropbox/OUT/EE52/software/sopc_scope_1st_bsp/\libhal_bsp.a(alt_close.o) (alt_errno)
C:/Users/tago/Dropbox/OUT/EE52/software/sopc_scope_1st_bsp/\libhal_bsp.a(alt_icache_flush_all.o)
                              C:/Users/tago/Dropbox/OUT/EE52/software/sopc_scope_1st_bsp/\libhal_bsp.a(alt_load.o) (alt_icache_flush_all)
C:/Users/tago/Dropbox/OUT/EE52/software/sopc_scope_1st_bsp/\libhal_bsp.a(alt_iic.o)
                              C:/Users/tago/Dropbox/OUT/EE52/software/sopc_scope_1st_bsp/\libhal_bsp.a(altera_avalon_jtag_uart_init.o) (alt_ic_isr_register)
C:/Users/tago/Dropbox/OUT/EE52/software/sopc_scope_1st_bsp/\libhal_bsp.a(alt_iic_isr_register.o)
                              C:/Users/tago/Dropbox/OUT/EE52/software/sopc_scope_1st_bsp/\libhal_bsp.a(alt_iic.o) (alt_iic_isr_register)
C:/Users/tago/Dropbox/OUT/EE52/software/sopc_scope_1st_bsp/\libhal_bsp.a(alt_io_redirect.o)
                              C:/Users/tago/Dropbox/OUT/EE52/software/sopc_scope_1st_bsp/\libhal_bsp.a(alt_main.o) (alt_io_redirect)
[...]
Memory Configuration

Name             Origin             Length             Attributes
reset            0x00010000         0x00000020
temp_ram         0x00010020         0x00009c80
*default*        0x00000000         0xffffffff

Linker script and memory map

LOAD C:/Users/tago/Dropbox/OUT/EE52/software/sopc_scope_1st_bsp//obj/HAL/src/crt0.o
LOAD obj/default/char58.o
LOAD obj/default/keyproc.o
LOAD obj/default/lcdout.o
LOAD obj/default/mainloop.o
LOAD obj/default/menu.o
LOAD obj/default/menuact.o
LOAD obj/default/stubfncs.o
LOAD obj/default/testcode.o
LOAD obj/default/tracutil.o
LOAD c:/altera/13.1/nios2eds/bin/gnu/h-i686-mingw32/bin/../lib/gcc/nios2-elf/4.7.3/../../../../../H-i686-mingw32/nios2-elf/lib\libstdc++.a
LOAD c:/altera/13.1/nios2eds/bin/gnu/h-i686-mingw32/bin/../lib/gcc/nios2-elf/4.7.3/../../../../../H-i686-mingw32/nios2-elf/lib\libm.a
LOAD c:/altera/13.1/nios2eds/bin/gnu/h-i686-mingw32/bin/../lib/gcc/nios2-elf/4.7.3\libgcc.a
START GROUP
LOAD c:/altera/13.1/nios2eds/bin/gnu/h-i686-mingw32/bin/../lib/gcc/nios2-elf/4.7.3/../../../../../H-i686-mingw32/nios2-elf/lib\libc.a
LOAD c:/altera/13.1/nios2eds/bin/gnu/h-i686-mingw32/bin/../lib/gcc/nios2-elf/4.7.3\libgcc.a
LOAD C:/Users/tago/Dropbox/OUT/EE52/software/sopc_scope_1st_bsp/\libhal_bsp.a
END GROUP
LOAD c:/altera/13.1/nios2eds/bin/gnu/h-i686-mingw32/bin/../lib/gcc/nios2-elf/4.7.3\libgcc.a
                0x00010000                __alt_mem_temp_ram = 0x10000

.entry          0x00010000       0x20
 *(.entry)
 .entry         0x00010000       0x20 C:/Users/tago/Dropbox/OUT/EE52/software/sopc_scope_1st_bsp//obj/HAL/src/crt0.o
                0x00010000                __reset

.exceptions     0x00010020      0x198
                0x00010020                PROVIDE (__ram_exceptions_start, ABSOLUTE (.))
                0x00010020                . = ALIGN (0x20)
 *(.irq)
 *(.exceptions.entry.label)
 .exceptions.entry.label
                0x00010020        0x0 C:/Users/tago/Dropbox/OUT/EE52/software/sopc_scope_1st_bsp/\libhal_bsp.a(alt_irq_entry.o)
                0x00010020                alt_irq_entry
 .exceptions.entry.label
                0x00010020        0x0 C:/Users/tago/Dropbox/OUT/EE52/software/sopc_scope_1st_bsp/\libhal_bsp.a(alt_exception_entry.o)
                0x00010020                alt_exception
 *(.exceptions.entry.user)
 *(.exceptions.entry.ecc_fatal)
 *(.exceptions.entry)
 .exceptions.entry
                0x00010020       0x54 C:/Users/tago/Dropbox/OUT/EE52/software/sopc_scope_1st_bsp/\libhal_bsp.a(alt_exception_entry.o)
 *(.exceptions.irqtest.user)
 *(.exceptions.irqtest)
 .exceptions.irqtest
                0x00010074       0x10 C:/Users/tago/Dropbox/OUT/EE52/software/sopc_scope_1st_bsp/\libhal_bsp.a(alt_irq_entry.o)
 *(.exceptions.irqhandler.user)
 *(.exceptions.irqhandler)
 .exceptions.irqhandler
                0x00010084        0x4 C:/Users/tago/Dropbox/OUT/EE52/software/sopc_scope_1st_bsp/\libhal_bsp.a(alt_irq_entry.o)
 *(.exceptions.irqreturn.user)
 *(.exceptions.irqreturn)
 .exceptions.irqreturn
                0x00010088        0x4 C:/Users/tago/Dropbox/OUT/EE52/software/sopc_scope_1st_bsp/\libhal_bsp.a(alt_irq_entry.o)
 *(.exceptions.notirq.label)
 .exceptions.notirq.label
                0x0001008c        0x0 C:/Users/tago/Dropbox/OUT/EE52/software/sopc_scope_1st_bsp/\libhal_bsp.a(alt_irq_entry.o)
 *(.exceptions.notirq.user)
 *(.exceptions.notirq)
 .exceptions.notirq
                0x0001008c        0x8 C:/Users/tago/Dropbox/OUT/EE52/software/sopc_scope_1st_bsp/\libhal_bsp.a(alt_exception_entry.o)
 *(.exceptions.soft.user)
 *(.exceptions.soft)
 *(.exceptions.unknown.user)
 *(.exceptions.unknown)
 .exceptions.unknown
                0x00010094        0x4 C:/Users/tago/Dropbox/OUT/EE52/software/sopc_scope_1st_bsp/\libhal_bsp.a(alt_exception_entry.o)
 *(.exceptions.exit.label)
 .exceptions.exit.label
                0x00010098        0x0 C:/Users/tago/Dropbox/OUT/EE52/software/sopc_scope_1st_bsp/\libhal_bsp.a(alt_irq_entry.o)
 .exceptions.exit.label
                0x00010098        0x0 C:/Users/tago/Dropbox/OUT/EE52/software/sopc_scope_1st_bsp/\libhal_bsp.a(alt_exception_entry.o)
 *(.exceptions.exit.user)
 *(.exceptions.exit)
 .exceptions.exit
                0x00010098       0x54 C:/Users/tago/Dropbox/OUT/EE52/software/sopc_scope_1st_bsp/\libhal_bsp.a(alt_exception_entry.o)
 *(.exceptions)
 .exceptions    0x000100ec       0xcc C:/Users/tago/Dropbox/OUT/EE52/software/sopc_scope_1st_bsp/\libhal_bsp.a(alt_irq_handler.o)
                0x000100ec                alt_irq_handler
                0x000101b8                PROVIDE (__ram_exceptions_end, ABSOLUTE (.))
                0x00010020                PROVIDE (__flash_exceptions_start, LOADADDR (.exceptions))

.text           0x000101b8     0x4c10
                0x000101b8                PROVIDE (stext, ABSOLUTE (.))
 *(.interp)
 *(.hash)
 *(.dynsym)
 *(.dynstr)
 *(.gnu.version)
 *(.gnu.version_d)
 *(.gnu.version_r)
 *(.rel.init)
 *(.rela.init)
 *(.rel.text .rel.text.* .rel.gnu.linkonce.t.*)
 *(.rela.text .rela.text.* .rela.gnu.linkonce.t.*)
 *(.rel.fini)
 *(.rela.fini)
 *(.rel.rodata .rel.rodata.* .rel.gnu.linkonce.r.*)
 *(.rela.rodata .rela.rodata.* .rela.gnu.linkonce.r.*)
 *(.rel.data .rel.data.* .rel.gnu.linkonce.d.*)
 *(.rela.data .rela.data.* .rela.gnu.linkonce.d.*)
 *(.rel.tdata .rel.tdata.* .rel.gnu.linkonce.td.*)
 *(.rela.tdata .rela.tdata.* .rela.gnu.linkonce.td.*)
 *(.rel.tbss .rel.tbss.* .rel.gnu.linkonce.tb.*)
 *(.rela.tbss .rela.tbss.* .rela.gnu.linkonce.tb.*)
 *(.rel.ctors)
 *(.rela.ctors)
 *(.rel.dtors)
 *(.rela.dtors)
 *(.rel.got)
 *(.rela.got)
 *(.rel.sdata .rel.sdata.* .rel.gnu.linkonce.s.*)
 *(.rela.sdata .rela.sdata.* .rela.gnu.linkonce.s.*)
 *(.rel.sbss .rel.sbss.* .rel.gnu.linkonce.sb.*)
 *(.rela.sbss .rela.sbss.* .rela.gnu.linkonce.sb.*)
 *(.rel.sdata2 .rel.sdata2.* .rel.gnu.linkonce.s2.*)
 *(.rela.sdata2 .rela.sdata2.* .rela.gnu.linkonce.s2.*)
 *(.rel.sbss2 .rel.sbss2.* .rel.gnu.linkonce.sb2.*)
 *(.rela.sbss2 .rela.sbss2.* .rela.gnu.linkonce.sb2.*)
 *(.rel.bss .rel.bss.* .rel.gnu.linkonce.b.*)
 *(.rela.bss .rela.bss.* .rela.gnu.linkonce.b.*)
 *(.rel.plt)
 *(.rela.plt)
 *(.rel.dyn)
 *(.init)
 *(.plt)
 *(.text .stub .text.* .gnu.linkonce.t.*)
 .text          0x000101b8       0x4c C:/Users/tago/Dropbox/OUT/EE52/software/sopc_scope_1st_bsp//obj/HAL/src/crt0.o
                0x000101b8                _start
 .text          0x00010204        0x0 obj/default/char58.o
 .text          0x00010204      0x134 obj/default/keyproc.o
                0x00010204                no_action
                0x00010228                menu_key
                0x00010278                menu_up
                0x000102a8                menu_down
                0x000102d8                menu_left
                0x00010308                menu_right
 .text          0x00010338      0x400 obj/default/lcdout.o
                0x00010338                clear_region
                0x000103e0                plot_hline
                0x0001048c                plot_vline
                0x00010538                plot_char
                0x000106a0                plot_string
 .text          0x00010738      0x130 obj/default/mainloop.o
                0x00010738                main
 .text          0x00010868      0x49c obj/default/menu.o
                0x00010868                init_menu
                0x000108cc                clear_menu
                0x00010904                display_menu
                0x00010984                refresh_menu
                0x000109bc                reset_menu
                0x00010a18                next_entry
                0x00010a88                previous_entry
                0x00010af4                menu_entry_left
                0x00010b94                menu_entry_right
 .text          0x00010d04      0xce8 obj/default/menuact.o
                0x00010d04                no_menu_action
                0x00010d24                no_display
                0x00010d50                set_trigger_mode
                0x00010d90                get_trigger_mode
                0x00010db0                mode_down
                0x00010e14                mode_up
                0x00010e78                display_mode
                0x00010ee0                set_scale
                0x00010f20                scale_down
                0x00010f84                scale_up
                0x00010fe8                display_scale
                0x00011050                set_sweep
                0x000110b0                sweep_down
                0x00011130                sweep_up
                0x000111b4                display_sweep
                0x0001121c                set_trg_level
                0x00011264                trg_level_down
                0x000112b4                trg_level_up
                0x00011308                display_trg_level
                0x000113a4                set_trg_slope
                0x000113ec                trg_slope_toggle
                0x00011440                display_trg_slope
                0x000114a4                set_trg_delay
                0x000114e4                trg_delay_down
                0x0001152c                trg_delay_up
                0x00011638                display_trg_delay
 .text          0x000119ec      0x140 obj/default/stubfncs.o
                0x000119ec                key_available
                0x00011a0c                getkey
                0x00011a2c                clear_display
                0x00011a4c                plot_pixel
                0x00011a78                set_sample_rate
                0x00011a9c                set_trigger
                0x00011ac4                set_delay
                0x00011ae8                start_sample
                0x00011b0c                sample_done
 .text          0x00011b2c      0x12c obj/default/testcode.o
                0x00011b2c                get_test_sample
 .text          0x00011c58      0xe60 obj/default/tracutil.o
                0x00011c58                init_trace
                0x00011cbc                set_mode
                0x00011cf4                is_sampling
                0x00011d14                trace_rdy
                0x00011d4c                trace_done
                0x00011d8c                trace_rearm
                0x00011db4                set_trace_size
                0x00011de0                set_display_scale
                0x000121ac                clear_saved_areas
                0x0001234c                restore_menu_trace
                0x00012450                set_save_area
                0x00012510                restore_trace
                0x00012620                do_trace
                0x00012668                plot_trace
 .text          0x00012ab8      0x130 c:/altera/13.1/nios2eds/bin/gnu/h-i686-mingw32/bin/../lib/gcc/nios2-elf/4.7.3\libgcc.a(lib2-divmod.o)
                0x00012b2c                __divsi3
                0x00012b7c                __modsi3
                0x00012bd8                __udivsi3
                0x00012be0                __umodsi3
 .text          0x00012be8       0xec C:/Users/tago/Dropbox/OUT/EE52/software/sopc_scope_1st_bsp/\libhal_bsp.a(alt_load.o)
                0x00012c54                alt_load
 .text          0x00012cd4       0x78 C:/Users/tago/Dropbox/OUT/EE52/software/sopc_scope_1st_bsp/\libhal_bsp.a(alt_main.o)
                0x00012cd4                alt_main
 .text          0x00012d4c       0xb0 C:/Users/tago/Dropbox/OUT/EE52/software/sopc_scope_1st_bsp/\libhal_bsp.a(alt_sys_init.o)
                0x00012d84                alt_irq_init
                0x00012db8                alt_sys_init
 .text          0x00012dfc      0x164 C:/Users/tago/Dropbox/OUT/EE52/software/sopc_scope_1st_bsp/\libhal_bsp.a(altera_avalon_jtag_uart_fd.o)
                0x00012dfc                altera_avalon_jtag_uart_read_fd
                0x00012e5c                altera_avalon_jtag_uart_write_fd
                0x00012ebc                altera_avalon_jtag_uart_close_fd
                0x00012f0c                altera_avalon_jtag_uart_ioctl_fd
 .text          0x00012f60      0x3d0 C:/Users/tago/Dropbox/OUT/EE52/software/sopc_scope_1st_bsp/\libhal_bsp.a(altera_avalon_jtag_uart_init.o)
                0x00012f60                altera_avalon_jtag_uart_init
                0x000132c8                altera_avalon_jtag_uart_close
 .text          0x00013330       0xf4 C:/Users/tago/Dropbox/OUT/EE52/software/sopc_scope_1st_bsp/\libhal_bsp.a(altera_avalon_jtag_uart_ioctl.o)
                0x00013330                altera_avalon_jtag_uart_ioctl
 .text          0x00013424      0x218 C:/Users/tago/Dropbox/OUT/EE52/software/sopc_scope_1st_bsp/\libhal_bsp.a(altera_avalon_jtag_uart_read.o)
                0x00013424                altera_avalon_jtag_uart_read
 .text          0x0001363c      0x224 C:/Users/tago/Dropbox/OUT/EE52/software/sopc_scope_1st_bsp/\libhal_bsp.a(altera_avalon_jtag_uart_write.o)
                0x0001363c                altera_avalon_jtag_uart_write
 .text          0x00013860      0x140 C:/Users/tago/Dropbox/OUT/EE52/software/sopc_scope_1st_bsp/\libhal_bsp.a(alt_alarm_start.o)
                0x00013860                alt_alarm_start
 .text          0x000139a0      0x118 C:/Users/tago/Dropbox/OUT/EE52/software/sopc_scope_1st_bsp/\libhal_bsp.a(alt_close.o)
                0x000139f0                close
 .text          0x00013ab8       0x44 C:/Users/tago/Dropbox/OUT/EE52/software/sopc_scope_1st_bsp/\libhal_bsp.a(alt_dcache_flush_all.o)
                0x00013ab8                alt_dcache_flush_all
 .text          0x00013afc       0x2c C:/Users/tago/Dropbox/OUT/EE52/software/sopc_scope_1st_bsp/\libhal_bsp.a(alt_dev.o)
 .text          0x00013b28       0xf0 C:/Users/tago/Dropbox/OUT/EE52/software/sopc_scope_1st_bsp/\libhal_bsp.a(alt_dev_llist_insert.o)
                0x00013b78                alt_dev_llist_insert
 .text          0x00013c18       0x5c C:/Users/tago/Dropbox/OUT/EE52/software/sopc_scope_1st_bsp/\libhal_bsp.a(alt_do_ctors.o)
                0x00013c18                _do_ctors
 .text          0x00013c74       0x5c C:/Users/tago/Dropbox/OUT/EE52/software/sopc_scope_1st_bsp/\libhal_bsp.a(alt_do_dtors.o)
                0x00013c74                _do_dtors
 .text          0x00013cd0        0x0 C:/Users/tago/Dropbox/OUT/EE52/software/sopc_scope_1st_bsp/\libhal_bsp.a(alt_errno.o)
 .text          0x00013cd0       0x30 C:/Users/tago/Dropbox/OUT/EE52/software/sopc_scope_1st_bsp/\libhal_bsp.a(alt_icache_flush_all.o)
                0x00013cd0                alt_icache_flush_all
 .text          0x00013d00      0x1d8 C:/Users/tago/Dropbox/OUT/EE52/software/sopc_scope_1st_bsp/\libhal_bsp.a(alt_iic.o)
                0x00013d00                alt_ic_isr_register
                0x00013d50                alt_ic_irq_enable
                0x00013dec                alt_ic_irq_disable
                0x00013e8c                alt_ic_irq_enabled
 .text          0x00013ed8       0xf0 C:/Users/tago/Dropbox/OUT/EE52/software/sopc_scope_1st_bsp/\libhal_bsp.a(alt_iic_isr_register.o)
                0x00013ed8                alt_iic_isr_register
 .text          0x00013fc8      0x138 C:/Users/tago/Dropbox/OUT/EE52/software/sopc_scope_1st_bsp/\libhal_bsp.a(alt_io_redirect.o)
                0x00014088                alt_io_redirect
 .text          0x00014100        0x0 C:/Users/tago/Dropbox/OUT/EE52/software/sopc_scope_1st_bsp/\libhal_bsp.a(alt_irq_entry.o)
 .text          0x00014100        0x0 C:/Users/tago/Dropbox/OUT/EE52/software/sopc_scope_1st_bsp/\libhal_bsp.a(alt_irq_handler.o)
 .text          0x00014100        0x0 C:/Users/tago/Dropbox/OUT/EE52/software/sopc_scope_1st_bsp/\libhal_bsp.a(alt_irq_vars.o)
 .text          0x00014100      0x270 C:/Users/tago/Dropbox/OUT/EE52/software/sopc_scope_1st_bsp/\libhal_bsp.a(alt_open.o)
                0x0001421c                open
 .text          0x00014370       0x60 C:/Users/tago/Dropbox/OUT/EE52/software/sopc_scope_1st_bsp/\libhal_bsp.a(alt_release_fd.o)
                0x00014370                alt_release_fd
 .text          0x000143d0      0x19c C:/Users/tago/Dropbox/OUT/EE52/software/sopc_scope_1st_bsp/\libhal_bsp.a(alt_tick.o)
                0x000143d0                alt_alarm_stop
                0x00014468                alt_tick
 .text          0x0001456c       0x20 C:/Users/tago/Dropbox/OUT/EE52/software/sopc_scope_1st_bsp/\libhal_bsp.a(altera_nios2_qsys_irq.o)
                0x0001456c                altera_nios2_qsys_irq_init
 .text          0x0001458c        0x0 C:/Users/tago/Dropbox/OUT/EE52/software/sopc_scope_1st_bsp/\libhal_bsp.a(alt_exception_entry.o)
 .text          0x0001458c       0x90 C:/Users/tago/Dropbox/OUT/EE52/software/sopc_scope_1st_bsp/\libhal_bsp.a(alt_find_dev.o)
                0x0001458c                alt_find_dev
 .text          0x0001461c      0x114 C:/Users/tago/Dropbox/OUT/EE52/software/sopc_scope_1st_bsp/\libhal_bsp.a(alt_find_file.o)
                0x0001461c                alt_find_file
 .text          0x00014730       0xb4 C:/Users/tago/Dropbox/OUT/EE52/software/sopc_scope_1st_bsp/\libhal_bsp.a(alt_get_fd.o)
                0x00014730                alt_get_fd
 .text          0x000147e4       0x8c C:/Users/tago/Dropbox/OUT/EE52/software/sopc_scope_1st_bsp/\libhal_bsp.a(alt_icache_flush.o)
                0x000147e4                alt_icache_flush
 .text          0x00014870       0x14 c:/altera/13.1/nios2eds/bin/gnu/h-i686-mingw32/bin/../lib/gcc/nios2-elf/4.7.3/../../../../../H-i686-mingw32/nios2-elf/lib\libc.a(lib_a-atexit.o)
                0x00014870                atexit
 .text          0x00014884       0x38 c:/altera/13.1/nios2eds/bin/gnu/h-i686-mingw32/bin/../lib/gcc/nios2-elf/4.7.3/../../../../../H-i686-mingw32/nios2-elf/lib\libc.a(lib_a-exit.o)
                0x00014884                exit
 .text          0x000148bc        0x0 c:/altera/13.1/nios2eds/bin/gnu/h-i686-mingw32/bin/../lib/gcc/nios2-elf/4.7.3/../../../../../H-i686-mingw32/nios2-elf/lib\libc.a(lib_a-impure.o)
 .text          0x000148bc        0x0 c:/altera/13.1/nios2eds/bin/gnu/h-i686-mingw32/bin/../lib/gcc/nios2-elf/4.7.3/../../../../../H-i686-mingw32/nios2-elf/lib\libc.a(lib_a-int_errno.o)
 .text          0x000148bc       0x7c c:/altera/13.1/nios2eds/bin/gnu/h-i686-mingw32/bin/../lib/gcc/nios2-elf/4.7.3/../../../../../H-i686-mingw32/nios2-elf/lib\libc.a(lib_a-memcmp.o)
                0x000148bc                memcmp
 .text          0x00014938       0xf8 c:/altera/13.1/nios2eds/bin/gnu/h-i686-mingw32/bin/../lib/gcc/nios2-elf/4.7.3/../../../../../H-i686-mingw32/nios2-elf/lib\libc.a(lib_a-memcpy.o)
                0x00014938                memcpy
 .text          0x00014a30       0x8c c:/altera/13.1/nios2eds/bin/gnu/h-i686-mingw32/bin/../lib/gcc/nios2-elf/4.7.3/../../../../../H-i686-mingw32/nios2-elf/lib\libc.a(lib_a-strlen.o)
                0x00014a30                strlen
 .text          0x00014abc      0x130 c:/altera/13.1/nios2eds/bin/gnu/h-i686-mingw32/bin/../lib/gcc/nios2-elf/4.7.3/../../../../../H-i686-mingw32/nios2-elf/lib\libc.a(lib_a-__atexit.o)
                0x00014abc                __register_exitproc
 .text          0x00014bec      0x1a0 c:/altera/13.1/nios2eds/bin/gnu/h-i686-mingw32/bin/../lib/gcc/nios2-elf/4.7.3/../../../../../H-i686-mingw32/nios2-elf/lib\libc.a(lib_a-__call_atexit.o)
                0x00014bec                __call_exitprocs
 .text          0x00014d8c       0x3c C:/Users/tago/Dropbox/OUT/EE52/software/sopc_scope_1st_bsp/\libhal_bsp.a(alt_exit.o)
                0x00014d8c                _exit
 *(.gnu.warning.*)
 *(.fini)
                0x00014dc8                PROVIDE (__etext, ABSOLUTE (.))
                0x00014dc8                PROVIDE (_etext, ABSOLUTE (.))
                0x00014dc8                PROVIDE (etext, ABSOLUTE (.))
 *(.eh_frame_hdr)
                0x00014dc8                . = ALIGN (0x4)
                0x00014dc8                PROVIDE (__preinit_array_start, ABSOLUTE (.))
 *(.preinit_array)
                0x00014dc8                PROVIDE (__preinit_array_end, ABSOLUTE (.))
                0x00014dc8                PROVIDE (__init_array_start, ABSOLUTE (.))
 *(.init_array)
                0x00014dc8                PROVIDE (__init_array_end, ABSOLUTE (.))
                0x00014dc8                PROVIDE (__fini_array_start, ABSOLUTE (.))
 *(.fini_array)
                0x00014dc8                PROVIDE (__fini_array_end, ABSOLUTE (.))
 *(.eh_frame)
 *(.gcc_except_table .gcc_except_table.*)
 *(.dynamic)
                0x00014dc8                PROVIDE (__CTOR_LIST__, ABSOLUTE (.))
 *(.ctors)
 *(SORT(.ctors.*))
                0x00014dc8                PROVIDE (__CTOR_END__, ABSOLUTE (.))
                0x00014dc8                PROVIDE (__DTOR_LIST__, ABSOLUTE (.))
 *(.dtors)
 *(SORT(.dtors.*))
                0x00014dc8                PROVIDE (__DTOR_END__, ABSOLUTE (.))
 *(.jcr)
                0x00014dc8                . = ALIGN (0x4)

.rodata         0x00014dc8      0x8b0
                0x00014dc8                PROVIDE (__ram_rodata_start, ABSOLUTE (.))
                0x00014dc8                . = ALIGN (0x4)
 *(.rodata .rodata.* .gnu.linkonce.r.*)
 .rodata        0x00014dc8      0x400 obj/default/char58.o
                0x00014dc8                char_patterns
 .rodata        0x000151c8       0x5c obj/default/mainloop.o
 .rodata        0x00015224       0xe0 obj/default/menu.o
 .rodata        0x00015304      0x16c obj/default/menuact.o
 .rodata        0x00015470      0x1e0 obj/default/testcode.o
 .rodata        0x00015650        0xc C:/Users/tago/Dropbox/OUT/EE52/software/sopc_scope_1st_bsp/\libhal_bsp.a(alt_main.o)
 .rodata        0x0001565c        0xc C:/Users/tago/Dropbox/OUT/EE52/software/sopc_scope_1st_bsp/\libhal_bsp.a(alt_sys_init.o)
 .rodata        0x00015668        0xc C:/Users/tago/Dropbox/OUT/EE52/software/sopc_scope_1st_bsp/\libhal_bsp.a(alt_dev.o)
 .rodata.str1.4
                0x00015674        0x4 c:/altera/13.1/nios2eds/bin/gnu/h-i686-mingw32/bin/../lib/gcc/nios2-elf/4.7.3/../../../../../H-i686-mingw32/nios2-elf/lib\libc.a(lib_a-impure.o)
 *(.rodata1)
                0x00015678                . = ALIGN (0x4)
                0x00015678                PROVIDE (__ram_rodata_end, ABSOLUTE (.))
                0x00014dc8                PROVIDE (__flash_rodata_start, LOADADDR (.rodata))

.rwdata         0x00015678     0x163c load address 0x00016cb4
                0x00015678                PROVIDE (__ram_rwdata_start, ABSOLUTE (.))
                0x00015678                . = ALIGN (0x4)
 *(.got.plt)
 *(.got)
 *(.data1)
 *(.data .data.* .gnu.linkonce.d.*)
 .data          0x00015678        0x0 C:/Users/tago/Dropbox/OUT/EE52/software/sopc_scope_1st_bsp//obj/HAL/src/crt0.o
 .data          0x00015678        0x0 obj/default/char58.o
 .data          0x00015678        0x0 obj/default/keyproc.o
 .data          0x00015678        0x0 obj/default/lcdout.o
 .data          0x00015678        0x0 obj/default/mainloop.o
 .data          0x00015678        0x0 obj/default/menu.o
 .data          0x00015678        0x0 obj/default/menuact.o
 .data          0x00015678        0x0 obj/default/stubfncs.o
 .data          0x00015678        0x0 obj/default/testcode.o
 .data          0x00015678        0x0 obj/default/tracutil.o
 .data          0x00015678        0x0 c:/altera/13.1/nios2eds/bin/gnu/h-i686-mingw32/bin/../lib/gcc/nios2-elf/4.7.3\libgcc.a(lib2-divmod.o)
 .data          0x00015678        0x0 C:/Users/tago/Dropbox/OUT/EE52/software/sopc_scope_1st_bsp/\libhal_bsp.a(alt_load.o)
 .data          0x00015678        0x0 C:/Users/tago/Dropbox/OUT/EE52/software/sopc_scope_1st_bsp/\libhal_bsp.a(alt_main.o)
 .data          0x00015678     0x1060 C:/Users/tago/Dropbox/OUT/EE52/software/sopc_scope_1st_bsp/\libhal_bsp.a(alt_sys_init.o)
 .data          0x000166d8        0x0 C:/Users/tago/Dropbox/OUT/EE52/software/sopc_scope_1st_bsp/\libhal_bsp.a(altera_avalon_jtag_uart_fd.o)
 .data          0x000166d8        0x0 C:/Users/tago/Dropbox/OUT/EE52/software/sopc_scope_1st_bsp/\libhal_bsp.a(altera_avalon_jtag_uart_init.o)
 .data          0x000166d8        0x0 C:/Users/tago/Dropbox/OUT/EE52/software/sopc_scope_1st_bsp/\libhal_bsp.a(altera_avalon_jtag_uart_ioctl.o)
 .data          0x000166d8        0x0 C:/Users/tago/Dropbox/OUT/EE52/software/sopc_scope_1st_bsp/\libhal_bsp.a(altera_avalon_jtag_uart_read.o)
 .data          0x000166d8        0x0 C:/Users/tago/Dropbox/OUT/EE52/software/sopc_scope_1st_bsp/\libhal_bsp.a(altera_avalon_jtag_uart_write.o)
 .data          0x000166d8        0x0 C:/Users/tago/Dropbox/OUT/EE52/software/sopc_scope_1st_bsp/\libhal_bsp.a(alt_alarm_start.o)
 .data          0x000166d8        0x0 C:/Users/tago/Dropbox/OUT/EE52/software/sopc_scope_1st_bsp/\libhal_bsp.a(alt_close.o)
 .data          0x000166d8        0x0 C:/Users/tago/Dropbox/OUT/EE52/software/sopc_scope_1st_bsp/\libhal_bsp.a(alt_dcache_flush_all.o)
 .data          0x000166d8      0x1a8 C:/Users/tago/Dropbox/OUT/EE52/software/sopc_scope_1st_bsp/\libhal_bsp.a(alt_dev.o)
                0x000166d8                alt_dev_null
                0x00016700                alt_fd_list
 .data          0x00016880        0x0 C:/Users/tago/Dropbox/OUT/EE52/software/sopc_scope_1st_bsp/\libhal_bsp.a(alt_dev_llist_insert.o)
 .data          0x00016880        0x0 C:/Users/tago/Dropbox/OUT/EE52/software/sopc_scope_1st_bsp/\libhal_bsp.a(alt_do_ctors.o)
 .data          0x00016880        0x0 C:/Users/tago/Dropbox/OUT/EE52/software/sopc_scope_1st_bsp/\libhal_bsp.a(alt_do_dtors.o)
 .data          0x00016880        0x0 C:/Users/tago/Dropbox/OUT/EE52/software/sopc_scope_1st_bsp/\libhal_bsp.a(alt_errno.o)
 .data          0x00016880        0x0 C:/Users/tago/Dropbox/OUT/EE52/software/sopc_scope_1st_bsp/\libhal_bsp.a(alt_icache_flush_all.o)
 .data          0x00016880        0x0 C:/Users/tago/Dropbox/OUT/EE52/software/sopc_scope_1st_bsp/\libhal_bsp.a(alt_iic.o)
 .data          0x00016880        0x0 C:/Users/tago/Dropbox/OUT/EE52/software/sopc_scope_1st_bsp/\libhal_bsp.a(alt_iic_isr_register.o)
 .data          0x00016880        0x0 C:/Users/tago/Dropbox/OUT/EE52/software/sopc_scope_1st_bsp/\libhal_bsp.a(alt_io_redirect.o)
 .data          0x00016880        0x0 C:/Users/tago/Dropbox/OUT/EE52/software/sopc_scope_1st_bsp/\libhal_bsp.a(alt_irq_entry.o)
 .data          0x00016880        0x0 C:/Users/tago/Dropbox/OUT/EE52/software/sopc_scope_1st_bsp/\libhal_bsp.a(alt_irq_handler.o)
 .data          0x00016880        0x0 C:/Users/tago/Dropbox/OUT/EE52/software/sopc_scope_1st_bsp/\libhal_bsp.a(alt_irq_vars.o)
 .data          0x00016880        0x0 C:/Users/tago/Dropbox/OUT/EE52/software/sopc_scope_1st_bsp/\libhal_bsp.a(alt_open.o)
 .data          0x00016880        0x0 C:/Users/tago/Dropbox/OUT/EE52/software/sopc_scope_1st_bsp/\libhal_bsp.a(alt_release_fd.o)
 .data          0x00016880        0x0 C:/Users/tago/Dropbox/OUT/EE52/software/sopc_scope_1st_bsp/\libhal_bsp.a(alt_tick.o)
 .data          0x00016880        0x0 C:/Users/tago/Dropbox/OUT/EE52/software/sopc_scope_1st_bsp/\libhal_bsp.a(altera_nios2_qsys_irq.o)
 .data          0x00016880        0x0 C:/Users/tago/Dropbox/OUT/EE52/software/sopc_scope_1st_bsp/\libhal_bsp.a(alt_exception_entry.o)
 .data          0x00016880        0x0 C:/Users/tago/Dropbox/OUT/EE52/software/sopc_scope_1st_bsp/\libhal_bsp.a(alt_find_dev.o)
 .data          0x00016880        0x0 C:/Users/tago/Dropbox/OUT/EE52/software/sopc_scope_1st_bsp/\libhal_bsp.a(alt_find_file.o)
 .data          0x00016880        0x0 C:/Users/tago/Dropbox/OUT/EE52/software/sopc_scope_1st_bsp/\libhal_bsp.a(alt_get_fd.o)
 .data          0x00016880        0x0 C:/Users/tago/Dropbox/OUT/EE52/software/sopc_scope_1st_bsp/\libhal_bsp.a(alt_icache_flush.o)
 .data          0x00016880        0x0 c:/altera/13.1/nios2eds/bin/gnu/h-i686-mingw32/bin/../lib/gcc/nios2-elf/4.7.3/../../../../../H-i686-mingw32/nios2-elf/lib\libc.a(lib_a-atexit.o)
 .data          0x00016880        0x0 c:/altera/13.1/nios2eds/bin/gnu/h-i686-mingw32/bin/../lib/gcc/nios2-elf/4.7.3/../../../../../H-i686-mingw32/nios2-elf/lib\libc.a(lib_a-exit.o)
 .data          0x00016880      0x400 c:/altera/13.1/nios2eds/bin/gnu/h-i686-mingw32/bin/../lib/gcc/nios2-elf/4.7.3/../../../../../H-i686-mingw32/nios2-elf/lib\libc.a(lib_a-impure.o)
 .data          0x00016c80        0x0 c:/altera/13.1/nios2eds/bin/gnu/h-i686-mingw32/bin/../lib/gcc/nios2-elf/4.7.3/../../../../../H-i686-mingw32/nios2-elf/lib\libc.a(lib_a-int_errno.o)
 .data          0x00016c80        0x0 c:/altera/13.1/nios2eds/bin/gnu/h-i686-mingw32/bin/../lib/gcc/nios2-elf/4.7.3/../../../../../H-i686-mingw32/nios2-elf/lib\libc.a(lib_a-memcmp.o)
 .data          0x00016c80        0x0 c:/altera/13.1/nios2eds/bin/gnu/h-i686-mingw32/bin/../lib/gcc/nios2-elf/4.7.3/../../../../../H-i686-mingw32/nios2-elf/lib\libc.a(lib_a-memcpy.o)
 .data          0x00016c80        0x0 c:/altera/13.1/nios2eds/bin/gnu/h-i686-mingw32/bin/../lib/gcc/nios2-elf/4.7.3/../../../../../H-i686-mingw32/nios2-elf/lib\libc.a(lib_a-strlen.o)
 .data          0x00016c80        0x0 c:/altera/13.1/nios2eds/bin/gnu/h-i686-mingw32/bin/../lib/gcc/nios2-elf/4.7.3/../../../../../H-i686-mingw32/nios2-elf/lib\libc.a(lib_a-__atexit.o)
 .data          0x00016c80        0x0 c:/altera/13.1/nios2eds/bin/gnu/h-i686-mingw32/bin/../lib/gcc/nios2-elf/4.7.3/../../../../../H-i686-mingw32/nios2-elf/lib\libc.a(lib_a-__call_atexit.o)
 .data          0x00016c80        0x0 C:/Users/tago/Dropbox/OUT/EE52/software/sopc_scope_1st_bsp/\libhal_bsp.a(alt_exit.o)
                0x0001ec80                _gp = ABSOLUTE ((. + 0x8000))
                0x0001ec80                PROVIDE (gp, _gp)
 *(.rwdata .rwdata.*)
 *(.sdata .sdata.* .gnu.linkonce.s.*)
 .sdata         0x00016c80        0x8 obj/default/menuact.o
 .sdata         0x00016c88       0x14 C:/Users/tago/Dropbox/OUT/EE52/software/sopc_scope_1st_bsp/\libhal_bsp.a(alt_dev.o)
                0x00016c88                alt_fs_list
                0x00016c90                alt_dev_list
                0x00016c98                alt_max_fd
 .sdata         0x00016c9c        0x4 C:/Users/tago/Dropbox/OUT/EE52/software/sopc_scope_1st_bsp/\libhal_bsp.a(alt_errno.o)
                0x00016c9c                alt_errno
 .sdata         0x00016ca0        0x4 C:/Users/tago/Dropbox/OUT/EE52/software/sopc_scope_1st_bsp/\libhal_bsp.a(alt_irq_vars.o)
                0x00016ca0                alt_priority_mask
 .sdata         0x00016ca4        0x8 C:/Users/tago/Dropbox/OUT/EE52/software/sopc_scope_1st_bsp/\libhal_bsp.a(alt_tick.o)
                0x00016ca4                alt_alarm_list
 .sdata         0x00016cac        0x8 c:/altera/13.1/nios2eds/bin/gnu/h-i686-mingw32/bin/../lib/gcc/nios2-elf/4.7.3/../../../../../H-i686-mingw32/nios2-elf/lib\libc.a(lib_a-impure.o)
                0x00016cac                _global_impure_ptr
                0x00016cb0                _impure_ptr
 *(.sdata2 .sdata2.* .gnu.linkonce.s2.*)
                0x00016cb4                . = ALIGN (0x4)
                0x00016cb4                _edata = ABSOLUTE (.)
                0x00016cb4                PROVIDE (edata, ABSOLUTE (.))
                0x00016cb4                PROVIDE (__ram_rwdata_end, ABSOLUTE (.))
                0x00016cb4                PROVIDE (__flash_rwdata_start, LOADADDR (.rwdata))

.bss            0x000182f0      0x7e0
                0x000182f0                __bss_start = ABSOLUTE (.)
                0x000182f0                PROVIDE (__sbss_start, ABSOLUTE (.))
                0x000182f0                PROVIDE (___sbss_start, ABSOLUTE (.))
 *(.dynsbss)
 *(.sbss .sbss.* .gnu.linkonce.sb.*)
 .sbss          0x000182f0        0x8 obj/default/menu.o
 .sbss          0x000182f8       0x18 obj/default/menuact.o
 .sbss          0x00018310       0x20 obj/default/tracutil.o
 .sbss          0x00018330        0xc C:/Users/tago/Dropbox/OUT/EE52/software/sopc_scope_1st_bsp/\libhal_bsp.a(alt_main.o)
                0x00018330                alt_argc
                0x00018334                alt_argv
                0x00018338                alt_envp
 .sbss          0x0001833c        0x4 C:/Users/tago/Dropbox/OUT/EE52/software/sopc_scope_1st_bsp/\libhal_bsp.a(alt_irq_vars.o)
                0x0001833c                alt_irq_active
 .sbss          0x00018340        0x8 C:/Users/tago/Dropbox/OUT/EE52/software/sopc_scope_1st_bsp/\libhal_bsp.a(alt_tick.o)
                0x00018340                _alt_tick_rate
                0x00018344                _alt_nticks
 .sbss          0x00018348        0x4 c:/altera/13.1/nios2eds/bin/gnu/h-i686-mingw32/bin/../lib/gcc/nios2-elf/4.7.3/../../../../../H-i686-mingw32/nios2-elf/lib\libc.a(lib_a-int_errno.o)
                0x00018348                errno
 *(.sbss2 .sbss2.* .gnu.linkonce.sb2.*)
 *(.scommon)
                0x0001834c                PROVIDE (__sbss_end, ABSOLUTE (.))
                0x0001834c                PROVIDE (___sbss_end, ABSOLUTE (.))
 *(.dynbss)
 *(.bss .bss.* .gnu.linkonce.b.*)
 .bss           0x0001834c        0x0 C:/Users/tago/Dropbox/OUT/EE52/software/sopc_scope_1st_bsp//obj/HAL/src/crt0.o
 .bss           0x0001834c        0x0 obj/default/char58.o
 .bss           0x0001834c        0x0 obj/default/keyproc.o
 .bss           0x0001834c        0x0 obj/default/lcdout.o
 .bss           0x0001834c        0x0 obj/default/mainloop.o
 .bss           0x0001834c        0x0 obj/default/menu.o
 .bss           0x0001834c        0x0 obj/default/menuact.o
 .bss           0x0001834c        0x0 obj/default/stubfncs.o
 .bss           0x0001834c        0x0 obj/default/testcode.o
 .bss           0x0001834c      0x4f4 obj/default/tracutil.o
 .bss           0x00018840        0x0 c:/altera/13.1/nios2eds/bin/gnu/h-i686-mingw32/bin/../lib/gcc/nios2-elf/4.7.3\libgcc.a(lib2-divmod.o)
 .bss           0x00018840        0x0 C:/Users/tago/Dropbox/OUT/EE52/software/sopc_scope_1st_bsp/\libhal_bsp.a(alt_load.o)
 .bss           0x00018840        0x0 C:/Users/tago/Dropbox/OUT/EE52/software/sopc_scope_1st_bsp/\libhal_bsp.a(alt_main.o)
 .bss           0x00018840        0x0 C:/Users/tago/Dropbox/OUT/EE52/software/sopc_scope_1st_bsp/\libhal_bsp.a(alt_sys_init.o)
 .bss           0x00018840        0x0 C:/Users/tago/Dropbox/OUT/EE52/software/sopc_scope_1st_bsp/\libhal_bsp.a(altera_avalon_jtag_uart_fd.o)
 .bss           0x00018840        0x0 C:/Users/tago/Dropbox/OUT/EE52/software/sopc_scope_1st_bsp/\libhal_bsp.a(altera_avalon_jtag_uart_init.o)
 .bss           0x00018840        0x0 C:/Users/tago/Dropbox/OUT/EE52/software/sopc_scope_1st_bsp/\libhal_bsp.a(altera_avalon_jtag_uart_ioctl.o)
 .bss           0x00018840        0x0 C:/Users/tago/Dropbox/OUT/EE52/software/sopc_scope_1st_bsp/\libhal_bsp.a(altera_avalon_jtag_uart_read.o)
 .bss           0x00018840        0x0 C:/Users/tago/Dropbox/OUT/EE52/software/sopc_scope_1st_bsp/\libhal_bsp.a(altera_avalon_jtag_uart_write.o)
 .bss           0x00018840        0x0 C:/Users/tago/Dropbox/OUT/EE52/software/sopc_scope_1st_bsp/\libhal_bsp.a(alt_alarm_start.o)
 .bss           0x00018840        0x0 C:/Users/tago/Dropbox/OUT/EE52/software/sopc_scope_1st_bsp/\libhal_bsp.a(alt_close.o)
 .bss           0x00018840        0x0 C:/Users/tago/Dropbox/OUT/EE52/software/sopc_scope_1st_bsp/\libhal_bsp.a(alt_dcache_flush_all.o)
 .bss           0x00018840        0x0 C:/Users/tago/Dropbox/OUT/EE52/software/sopc_scope_1st_bsp/\libhal_bsp.a(alt_dev.o)
 .bss           0x00018840        0x0 C:/Users/tago/Dropbox/OUT/EE52/software/sopc_scope_1st_bsp/\libhal_bsp.a(alt_dev_llist_insert.o)
 .bss           0x00018840        0x0 C:/Users/tago/Dropbox/OUT/EE52/software/sopc_scope_1st_bsp/\libhal_bsp.a(alt_do_ctors.o)
 .bss           0x00018840        0x0 C:/Users/tago/Dropbox/OUT/EE52/software/sopc_scope_1st_bsp/\libhal_bsp.a(alt_do_dtors.o)
 .bss           0x00018840        0x0 C:/Users/tago/Dropbox/OUT/EE52/software/sopc_scope_1st_bsp/\libhal_bsp.a(alt_errno.o)
 .bss           0x00018840        0x0 C:/Users/tago/Dropbox/OUT/EE52/software/sopc_scope_1st_bsp/\libhal_bsp.a(alt_icache_flush_all.o)
 .bss           0x00018840        0x0 C:/Users/tago/Dropbox/OUT/EE52/software/sopc_scope_1st_bsp/\libhal_bsp.a(alt_iic.o)
 .bss           0x00018840        0x0 C:/Users/tago/Dropbox/OUT/EE52/software/sopc_scope_1st_bsp/\libhal_bsp.a(alt_iic_isr_register.o)
 .bss           0x00018840        0x0 C:/Users/tago/Dropbox/OUT/EE52/software/sopc_scope_1st_bsp/\libhal_bsp.a(alt_io_redirect.o)
 .bss           0x00018840        0x0 C:/Users/tago/Dropbox/OUT/EE52/software/sopc_scope_1st_bsp/\libhal_bsp.a(alt_irq_entry.o)
 .bss           0x00018840        0x0 C:/Users/tago/Dropbox/OUT/EE52/software/sopc_scope_1st_bsp/\libhal_bsp.a(alt_irq_handler.o)
 .bss           0x00018840        0x0 C:/Users/tago/Dropbox/OUT/EE52/software/sopc_scope_1st_bsp/\libhal_bsp.a(alt_irq_vars.o)
 .bss           0x00018840        0x0 C:/Users/tago/Dropbox/OUT/EE52/software/sopc_scope_1st_bsp/\libhal_bsp.a(alt_open.o)
 .bss           0x00018840        0x0 C:/Users/tago/Dropbox/OUT/EE52/software/sopc_scope_1st_bsp/\libhal_bsp.a(alt_release_fd.o)
 .bss           0x00018840        0x0 C:/Users/tago/Dropbox/OUT/EE52/software/sopc_scope_1st_bsp/\libhal_bsp.a(alt_tick.o)
 .bss           0x00018840        0x0 C:/Users/tago/Dropbox/OUT/EE52/software/sopc_scope_1st_bsp/\libhal_bsp.a(altera_nios2_qsys_irq.o)
 .bss           0x00018840        0x0 C:/Users/tago/Dropbox/OUT/EE52/software/sopc_scope_1st_bsp/\libhal_bsp.a(alt_exception_entry.o)
 .bss           0x00018840        0x0 C:/Users/tago/Dropbox/OUT/EE52/software/sopc_scope_1st_bsp/\libhal_bsp.a(alt_find_dev.o)
 .bss           0x00018840        0x0 C:/Users/tago/Dropbox/OUT/EE52/software/sopc_scope_1st_bsp/\libhal_bsp.a(alt_find_file.o)
 .bss           0x00018840        0x0 C:/Users/tago/Dropbox/OUT/EE52/software/sopc_scope_1st_bsp/\libhal_bsp.a(alt_get_fd.o)
 .bss           0x00018840        0x0 C:/Users/tago/Dropbox/OUT/EE52/software/sopc_scope_1st_bsp/\libhal_bsp.a(alt_icache_flush.o)
 .bss           0x00018840        0x0 c:/altera/13.1/nios2eds/bin/gnu/h-i686-mingw32/bin/../lib/gcc/nios2-elf/4.7.3/../../../../../H-i686-mingw32/nios2-elf/lib\libc.a(lib_a-atexit.o)
 .bss           0x00018840        0x0 c:/altera/13.1/nios2eds/bin/gnu/h-i686-mingw32/bin/../lib/gcc/nios2-elf/4.7.3/../../../../../H-i686-mingw32/nios2-elf/lib\libc.a(lib_a-exit.o)
 .bss           0x00018840        0x0 c:/altera/13.1/nios2eds/bin/gnu/h-i686-mingw32/bin/../lib/gcc/nios2-elf/4.7.3/../../../../../H-i686-mingw32/nios2-elf/lib\libc.a(lib_a-impure.o)
 .bss           0x00018840        0x0 c:/altera/13.1/nios2eds/bin/gnu/h-i686-mingw32/bin/../lib/gcc/nios2-elf/4.7.3/../../../../../H-i686-mingw32/nios2-elf/lib\libc.a(lib_a-int_errno.o)
 .bss           0x00018840        0x0 c:/altera/13.1/nios2eds/bin/gnu/h-i686-mingw32/bin/../lib/gcc/nios2-elf/4.7.3/../../../../../H-i686-mingw32/nios2-elf/lib\libc.a(lib_a-memcmp.o)
 .bss           0x00018840        0x0 c:/altera/13.1/nios2eds/bin/gnu/h-i686-mingw32/bin/../lib/gcc/nios2-elf/4.7.3/../../../../../H-i686-mingw32/nios2-elf/lib\libc.a(lib_a-memcpy.o)
 .bss           0x00018840        0x0 c:/altera/13.1/nios2eds/bin/gnu/h-i686-mingw32/bin/../lib/gcc/nios2-elf/4.7.3/../../../../../H-i686-mingw32/nios2-elf/lib\libc.a(lib_a-strlen.o)
 .bss           0x00018840        0x0 c:/altera/13.1/nios2eds/bin/gnu/h-i686-mingw32/bin/../lib/gcc/nios2-elf/4.7.3/../../../../../H-i686-mingw32/nios2-elf/lib\libc.a(lib_a-__atexit.o)
 .bss           0x00018840        0x0 c:/altera/13.1/nios2eds/bin/gnu/h-i686-mingw32/bin/../lib/gcc/nios2-elf/4.7.3/../../../../../H-i686-mingw32/nios2-elf/lib\libc.a(lib_a-__call_atexit.o)
 .bss           0x00018840        0x0 C:/Users/tago/Dropbox/OUT/EE52/software/sopc_scope_1st_bsp/\libhal_bsp.a(alt_exit.o)
 *(COMMON)
 COMMON         0x00018840      0x100 C:/Users/tago/Dropbox/OUT/EE52/software/sopc_scope_1st_bsp/\libhal_bsp.a(alt_irq_handler.o)
                0x00018840                alt_irq
 COMMON         0x00018940      0x190 c:/altera/13.1/nios2eds/bin/gnu/h-i686-mingw32/bin/../lib/gcc/nios2-elf/4.7.3/../../../../../H-i686-mingw32/nios2-elf/lib\libc.a(lib_a-atexit.o)
                0x00018940                _atexit0
                0x00018ad0                . = ALIGN (0x4)
                0x00018ad0                __bss_end = ABSOLUTE (.)

.temp_ram       0x00018ad0        0x0
                0x00018ad0                PROVIDE (_alt_partition_temp_ram_start, ABSOLUTE (.))
 *(.temp_ram .temp_ram. temp_ram.*)
                0x00018ad0                . = ALIGN (0x4)
                0x00018ad0                PROVIDE (_alt_partition_temp_ram_end, ABSOLUTE (.))
                0x00018ad0                _end = ABSOLUTE (.)
                0x00018ad0                end = ABSOLUTE (.)
                0x00018ad0                __alt_stack_base = ABSOLUTE (.)
                0x00018ad0                PROVIDE (_alt_partition_temp_ram_load_addr, LOADADDR (.temp_ram))

.stab
 *(.stab)

.stabstr
 *(.stabstr)

.stab.excl
 *(.stab.excl)

.stab.exclstr
 *(.stab.exclstr)

.stab.index
 *(.stab.index)

.stab.indexstr
 *(.stab.indexstr)

.comment        0x00000000       0x23
 *(.comment)
 .comment       0x00000000       0x23 obj/default/char58.o
                                 0x24 (size before relaxing)
 .comment       0x00000000       0x24 obj/default/keyproc.o
 .comment       0x00000000       0x24 obj/default/lcdout.o
 .comment       0x00000000       0x24 obj/default/mainloop.o
 .comment       0x00000000       0x24 obj/default/menu.o
 .comment       0x00000000       0x24 obj/default/menuact.o
 .comment       0x00000000       0x24 obj/default/stubfncs.o
 .comment       0x00000000       0x24 obj/default/testcode.o
 .comment       0x00000000       0x24 obj/default/tracutil.o
 .comment       0x00000000       0x24 c:/altera/13.1/nios2eds/bin/gnu/h-i686-mingw32/bin/../lib/gcc/nios2-elf/4.7.3\libgcc.a(lib2-divmod.o)
 .comment       0x00000000       0x24 C:/Users/tago/Dropbox/OUT/EE52/software/sopc_scope_1st_bsp/\libhal_bsp.a(alt_load.o)
 .comment       0x00000000       0x24 C:/Users/tago/Dropbox/OUT/EE52/software/sopc_scope_1st_bsp/\libhal_bsp.a(alt_main.o)
 .comment       0x00000000       0x24 C:/Users/tago/Dropbox/OUT/EE52/software/sopc_scope_1st_bsp/\libhal_bsp.a(alt_sys_init.o)
 .comment       0x00000000       0x24 C:/Users/tago/Dropbox/OUT/EE52/software/sopc_scope_1st_bsp/\libhal_bsp.a(altera_avalon_jtag_uart_fd.o)
 .comment       0x00000000       0x24 C:/Users/tago/Dropbox/OUT/EE52/software/sopc_scope_1st_bsp/\libhal_bsp.a(altera_avalon_jtag_uart_init.o)
 .comment       0x00000000       0x24 C:/Users/tago/Dropbox/OUT/EE52/software/sopc_scope_1st_bsp/\libhal_bsp.a(altera_avalon_jtag_uart_ioctl.o)
 .comment       0x00000000       0x24 C:/Users/tago/Dropbox/OUT/EE52/software/sopc_scope_1st_bsp/\libhal_bsp.a(altera_avalon_jtag_uart_read.o)
 .comment       0x00000000       0x24 C:/Users/tago/Dropbox/OUT/EE52/software/sopc_scope_1st_bsp/\libhal_bsp.a(altera_avalon_jtag_uart_write.o)
 .comment       0x00000000       0x24 C:/Users/tago/Dropbox/OUT/EE52/software/sopc_scope_1st_bsp/\libhal_bsp.a(alt_alarm_start.o)
 .comment       0x00000000       0x24 C:/Users/tago/Dropbox/OUT/EE52/software/sopc_scope_1st_bsp/\libhal_bsp.a(alt_close.o)
 .comment       0x00000000       0x24 C:/Users/tago/Dropbox/OUT/EE52/software/sopc_scope_1st_bsp/\libhal_bsp.a(alt_dcache_flush_all.o)
 .comment       0x00000000       0x24 C:/Users/tago/Dropbox/OUT/EE52/software/sopc_scope_1st_bsp/\libhal_bsp.a(alt_dev.o)
 .comment       0x00000000       0x24 C:/Users/tago/Dropbox/OUT/EE52/software/sopc_scope_1st_bsp/\libhal_bsp.a(alt_dev_llist_insert.o)
 .comment       0x00000000       0x24 C:/Users/tago/Dropbox/OUT/EE52/software/sopc_scope_1st_bsp/\libhal_bsp.a(alt_do_ctors.o)
 .comment       0x00000000       0x24 C:/Users/tago/Dropbox/OUT/EE52/software/sopc_scope_1st_bsp/\libhal_bsp.a(alt_do_dtors.o)
 .comment       0x00000000       0x24 C:/Users/tago/Dropbox/OUT/EE52/software/sopc_scope_1st_bsp/\libhal_bsp.a(alt_errno.o)
 .comment       0x00000000       0x24 C:/Users/tago/Dropbox/OUT/EE52/software/sopc_scope_1st_bsp/\libhal_bsp.a(alt_icache_flush_all.o)
 .comment       0x00000000       0x24 C:/Users/tago/Dropbox/OUT/EE52/software/sopc_scope_1st_bsp/\libhal_bsp.a(alt_iic.o)
 .comment       0x00000000       0x24 C:/Users/tago/Dropbox/OUT/EE52/software/sopc_scope_1st_bsp/\libhal_bsp.a(alt_iic_isr_register.o)
 .comment       0x00000000       0x24 C:/Users/tago/Dropbox/OUT/EE52/software/sopc_scope_1st_bsp/\libhal_bsp.a(alt_io_redirect.o)
 .comment       0x00000000       0x24 C:/Users/tago/Dropbox/OUT/EE52/software/sopc_scope_1st_bsp/\libhal_bsp.a(alt_irq_handler.o)
 .comment       0x00000000       0x24 C:/Users/tago/Dropbox/OUT/EE52/software/sopc_scope_1st_bsp/\libhal_bsp.a(alt_irq_vars.o)
 .comment       0x00000000       0x24 C:/Users/tago/Dropbox/OUT/EE52/software/sopc_scope_1st_bsp/\libhal_bsp.a(alt_open.o)
 .comment       0x00000000       0x24 C:/Users/tago/Dropbox/OUT/EE52/software/sopc_scope_1st_bsp/\libhal_bsp.a(alt_release_fd.o)
 .comment       0x00000000       0x24 C:/Users/tago/Dropbox/OUT/EE52/software/sopc_scope_1st_bsp/\libhal_bsp.a(alt_tick.o)
 .comment       0x00000000       0x24 C:/Users/tago/Dropbox/OUT/EE52/software/sopc_scope_1st_bsp/\libhal_bsp.a(altera_nios2_qsys_irq.o)
 .comment       0x00000000       0x24 C:/Users/tago/Dropbox/OUT/EE52/software/sopc_scope_1st_bsp/\libhal_bsp.a(alt_find_dev.o)
 .comment       0x00000000       0x24 C:/Users/tago/Dropbox/OUT/EE52/software/sopc_scope_1st_bsp/\libhal_bsp.a(alt_find_file.o)
 .comment       0x00000000       0x24 C:/Users/tago/Dropbox/OUT/EE52/software/sopc_scope_1st_bsp/\libhal_bsp.a(alt_get_fd.o)
 .comment       0x00000000       0x24 C:/Users/tago/Dropbox/OUT/EE52/software/sopc_scope_1st_bsp/\libhal_bsp.a(alt_icache_flush.o)
 .comment       0x00000000       0x24 c:/altera/13.1/nios2eds/bin/gnu/h-i686-mingw32/bin/../lib/gcc/nios2-elf/4.7.3/../../../../../H-i686-mingw32/nios2-elf/lib\libc.a(lib_a-atexit.o)
 .comment       0x00000000       0x24 c:/altera/13.1/nios2eds/bin/gnu/h-i686-mingw32/bin/../lib/gcc/nios2-elf/4.7.3/../../../../../H-i686-mingw32/nios2-elf/lib\libc.a(lib_a-exit.o)
 .comment       0x00000000       0x24 c:/altera/13.1/nios2eds/bin/gnu/h-i686-mingw32/bin/../lib/gcc/nios2-elf/4.7.3/../../../../../H-i686-mingw32/nios2-elf/lib\libc.a(lib_a-impure.o)
 .comment       0x00000000       0x24 c:/altera/13.1/nios2eds/bin/gnu/h-i686-mingw32/bin/../lib/gcc/nios2-elf/4.7.3/../../../../../H-i686-mingw32/nios2-elf/lib\libc.a(lib_a-int_errno.o)
 .comment       0x00000000       0x24 c:/altera/13.1/nios2eds/bin/gnu/h-i686-mingw32/bin/../lib/gcc/nios2-elf/4.7.3/../../../../../H-i686-mingw32/nios2-elf/lib\libc.a(lib_a-memcmp.o)
 .comment       0x00000000       0x24 c:/altera/13.1/nios2eds/bin/gnu/h-i686-mingw32/bin/../lib/gcc/nios2-elf/4.7.3/../../../../../H-i686-mingw32/nios2-elf/lib\libc.a(lib_a-memcpy.o)
 .comment       0x00000000       0x24 c:/altera/13.1/nios2eds/bin/gnu/h-i686-mingw32/bin/../lib/gcc/nios2-elf/4.7.3/../../../../../H-i686-mingw32/nios2-elf/lib\libc.a(lib_a-strlen.o)
 .comment       0x00000000       0x24 c:/altera/13.1/nios2eds/bin/gnu/h-i686-mingw32/bin/../lib/gcc/nios2-elf/4.7.3/../../../../../H-i686-mingw32/nios2-elf/lib\libc.a(lib_a-__atexit.o)
 .comment       0x00000000       0x24 c:/altera/13.1/nios2eds/bin/gnu/h-i686-mingw32/bin/../lib/gcc/nios2-elf/4.7.3/../../../../../H-i686-mingw32/nios2-elf/lib\libc.a(lib_a-__call_atexit.o)
 .comment       0x00000000       0x24 C:/Users/tago/Dropbox/OUT/EE52/software/sopc_scope_1st_bsp/\libhal_bsp.a(alt_exit.o)

.debug
 *(.debug)

.line
 *(.line)

.debug_srcinfo
 *(.debug_srcinfo)

.debug_sfnames
 *(.debug_sfnames)

.debug_aranges  0x00000000      0x6a8
 *(.debug_aranges)
 .debug_aranges
                0x00000000       0x28 C:/Users/tago/Dropbox/OUT/EE52/software/sopc_scope_1st_bsp//obj/HAL/src/crt0.o
 .debug_aranges
                0x00000028       0x18 obj/default/char58.o
 .debug_aranges
                0x00000040       0x20 obj/default/keyproc.o
 .debug_aranges
                0x00000060       0x20 obj/default/lcdout.o
 .debug_aranges
                0x00000080       0x20 obj/default/mainloop.o
 .debug_aranges
                0x000000a0       0x20 obj/default/menu.o
 .debug_aranges
                0x000000c0       0x20 obj/default/menuact.o
 .debug_aranges
                0x000000e0       0x20 obj/default/stubfncs.o
 .debug_aranges
                0x00000100       0x20 obj/default/testcode.o
 .debug_aranges
                0x00000120       0x20 obj/default/tracutil.o
 .debug_aranges
                0x00000140       0x20 c:/altera/13.1/nios2eds/bin/gnu/h-i686-mingw32/bin/../lib/gcc/nios2-elf/4.7.3\libgcc.a(lib2-divmod.o)
 .debug_aranges
                0x00000160       0x20 C:/Users/tago/Dropbox/OUT/EE52/software/sopc_scope_1st_bsp/\libhal_bsp.a(alt_load.o)
 .debug_aranges
                0x00000180       0x20 C:/Users/tago/Dropbox/OUT/EE52/software/sopc_scope_1st_bsp/\libhal_bsp.a(alt_main.o)
 .debug_aranges
                0x000001a0       0x20 C:/Users/tago/Dropbox/OUT/EE52/software/sopc_scope_1st_bsp/\libhal_bsp.a(alt_sys_init.o)
 .debug_aranges
                0x000001c0       0x20 C:/Users/tago/Dropbox/OUT/EE52/software/sopc_scope_1st_bsp/\libhal_bsp.a(altera_avalon_jtag_uart_fd.o)
 .debug_aranges
                0x000001e0       0x20 C:/Users/tago/Dropbox/OUT/EE52/software/sopc_scope_1st_bsp/\libhal_bsp.a(altera_avalon_jtag_uart_init.o)
 .debug_aranges
                0x00000200       0x20 C:/Users/tago/Dropbox/OUT/EE52/software/sopc_scope_1st_bsp/\libhal_bsp.a(altera_avalon_jtag_uart_ioctl.o)
 .debug_aranges
                0x00000220       0x20 C:/Users/tago/Dropbox/OUT/EE52/software/sopc_scope_1st_bsp/\libhal_bsp.a(altera_avalon_jtag_uart_read.o)
 .debug_aranges
                0x00000240       0x20 C:/Users/tago/Dropbox/OUT/EE52/software/sopc_scope_1st_bsp/\libhal_bsp.a(altera_avalon_jtag_uart_write.o)
 .debug_aranges
                0x00000260       0x20 C:/Users/tago/Dropbox/OUT/EE52/software/sopc_scope_1st_bsp/\libhal_bsp.a(alt_alarm_start.o)
 .debug_aranges
                0x00000280       0x20 C:/Users/tago/Dropbox/OUT/EE52/software/sopc_scope_1st_bsp/\libhal_bsp.a(alt_close.o)
 .debug_aranges
                0x000002a0       0x20 C:/Users/tago/Dropbox/OUT/EE52/software/sopc_scope_1st_bsp/\libhal_bsp.a(alt_dcache_flush_all.o)
 .debug_aranges
                0x000002c0       0x20 C:/Users/tago/Dropbox/OUT/EE52/software/sopc_scope_1st_bsp/\libhal_bsp.a(alt_dev.o)
 .debug_aranges
                0x000002e0       0x20 C:/Users/tago/Dropbox/OUT/EE52/software/sopc_scope_1st_bsp/\libhal_bsp.a(alt_dev_llist_insert.o)
 .debug_aranges
                0x00000300       0x20 C:/Users/tago/Dropbox/OUT/EE52/software/sopc_scope_1st_bsp/\libhal_bsp.a(alt_do_ctors.o)
 .debug_aranges
                0x00000320       0x20 C:/Users/tago/Dropbox/OUT/EE52/software/sopc_scope_1st_bsp/\libhal_bsp.a(alt_do_dtors.o)
 .debug_aranges
                0x00000340       0x18 C:/Users/tago/Dropbox/OUT/EE52/software/sopc_scope_1st_bsp/\libhal_bsp.a(alt_errno.o)
 .debug_aranges
                0x00000358       0x20 C:/Users/tago/Dropbox/OUT/EE52/software/sopc_scope_1st_bsp/\libhal_bsp.a(alt_icache_flush_all.o)
 .debug_aranges
                0x00000378       0x20 C:/Users/tago/Dropbox/OUT/EE52/software/sopc_scope_1st_bsp/\libhal_bsp.a(alt_iic.o)
 .debug_aranges
                0x00000398       0x20 C:/Users/tago/Dropbox/OUT/EE52/software/sopc_scope_1st_bsp/\libhal_bsp.a(alt_iic_isr_register.o)
 .debug_aranges
                0x000003b8       0x20 C:/Users/tago/Dropbox/OUT/EE52/software/sopc_scope_1st_bsp/\libhal_bsp.a(alt_io_redirect.o)
 .debug_aranges
                0x000003d8       0x30 C:/Users/tago/Dropbox/OUT/EE52/software/sopc_scope_1st_bsp/\libhal_bsp.a(alt_irq_entry.o)
 .debug_aranges
                0x00000408       0x20 C:/Users/tago/Dropbox/OUT/EE52/software/sopc_scope_1st_bsp/\libhal_bsp.a(alt_irq_handler.o)
 .debug_aranges
                0x00000428       0x18 C:/Users/tago/Dropbox/OUT/EE52/software/sopc_scope_1st_bsp/\libhal_bsp.a(alt_irq_vars.o)
 .debug_aranges
                0x00000440       0x20 C:/Users/tago/Dropbox/OUT/EE52/software/sopc_scope_1st_bsp/\libhal_bsp.a(alt_open.o)
 .debug_aranges
                0x00000460       0x20 C:/Users/tago/Dropbox/OUT/EE52/software/sopc_scope_1st_bsp/\libhal_bsp.a(alt_release_fd.o)
 .debug_aranges
                0x00000480       0x20 C:/Users/tago/Dropbox/OUT/EE52/software/sopc_scope_1st_bsp/\libhal_bsp.a(alt_tick.o)
 .debug_aranges
                0x000004a0       0x20 C:/Users/tago/Dropbox/OUT/EE52/software/sopc_scope_1st_bsp/\libhal_bsp.a(altera_nios2_qsys_irq.o)
 .debug_aranges
                0x000004c0       0x38 C:/Users/tago/Dropbox/OUT/EE52/software/sopc_scope_1st_bsp/\libhal_bsp.a(alt_exception_entry.o)
 .debug_aranges
                0x000004f8       0x20 C:/Users/tago/Dropbox/OUT/EE52/software/sopc_scope_1st_bsp/\libhal_bsp.a(alt_find_dev.o)
 .debug_aranges
                0x00000518       0x20 C:/Users/tago/Dropbox/OUT/EE52/software/sopc_scope_1st_bsp/\libhal_bsp.a(alt_find_file.o)
 .debug_aranges
                0x00000538       0x20 C:/Users/tago/Dropbox/OUT/EE52/software/sopc_scope_1st_bsp/\libhal_bsp.a(alt_get_fd.o)
 .debug_aranges
                0x00000558       0x20 C:/Users/tago/Dropbox/OUT/EE52/software/sopc_scope_1st_bsp/\libhal_bsp.a(alt_icache_flush.o)
 .debug_aranges
                0x00000578       0x20 c:/altera/13.1/nios2eds/bin/gnu/h-i686-mingw32/bin/../lib/gcc/nios2-elf/4.7.3/../../../../../H-i686-mingw32/nios2-elf/lib\libc.a(lib_a-atexit.o)
 .debug_aranges
                0x00000598       0x20 c:/altera/13.1/nios2eds/bin/gnu/h-i686-mingw32/bin/../lib/gcc/nios2-elf/4.7.3/../../../../../H-i686-mingw32/nios2-elf/lib\libc.a(lib_a-exit.o)
 .debug_aranges
                0x000005b8       0x18 c:/altera/13.1/nios2eds/bin/gnu/h-i686-mingw32/bin/../lib/gcc/nios2-elf/4.7.3/../../../../../H-i686-mingw32/nios2-elf/lib\libc.a(lib_a-impure.o)
 .debug_aranges
                0x000005d0       0x18 c:/altera/13.1/nios2eds/bin/gnu/h-i686-mingw32/bin/../lib/gcc/nios2-elf/4.7.3/../../../../../H-i686-mingw32/nios2-elf/lib\libc.a(lib_a-int_errno.o)
 .debug_aranges
                0x000005e8       0x20 c:/altera/13.1/nios2eds/bin/gnu/h-i686-mingw32/bin/../lib/gcc/nios2-elf/4.7.3/../../../../../H-i686-mingw32/nios2-elf/lib\libc.a(lib_a-memcmp.o)
 .debug_aranges
                0x00000608       0x20 c:/altera/13.1/nios2eds/bin/gnu/h-i686-mingw32/bin/../lib/gcc/nios2-elf/4.7.3/../../../../../H-i686-mingw32/nios2-elf/lib\libc.a(lib_a-memcpy.o)
 .debug_aranges
                0x00000628       0x20 c:/altera/13.1/nios2eds/bin/gnu/h-i686-mingw32/bin/../lib/gcc/nios2-elf/4.7.3/../../../../../H-i686-mingw32/nios2-elf/lib\libc.a(lib_a-strlen.o)
 .debug_aranges
                0x00000648       0x20 c:/altera/13.1/nios2eds/bin/gnu/h-i686-mingw32/bin/../lib/gcc/nios2-elf/4.7.3/../../../../../H-i686-mingw32/nios2-elf/lib\libc.a(lib_a-__atexit.o)
 .debug_aranges
                0x00000668       0x20 c:/altera/13.1/nios2eds/bin/gnu/h-i686-mingw32/bin/../lib/gcc/nios2-elf/4.7.3/../../../../../H-i686-mingw32/nios2-elf/lib\libc.a(lib_a-__call_atexit.o)
 .debug_aranges
                0x00000688       0x20 C:/Users/tago/Dropbox/OUT/EE52/software/sopc_scope_1st_bsp/\libhal_bsp.a(alt_exit.o)

.debug_pubnames
 *(.debug_pubnames)

.debug_info     0x00000000     0x9324
 *(.debug_info .gnu.linkonce.wi.*)
 .debug_info    0x00000000       0x6f C:/Users/tago/Dropbox/OUT/EE52/software/sopc_scope_1st_bsp//obj/HAL/src/crt0.o
 .debug_info    0x0000006f       0x54 obj/default/char58.o
 .debug_info    0x000000c3      0x161 obj/default/keyproc.o
 .debug_info    0x00000224      0x2d5 obj/default/lcdout.o
 .debug_info    0x000004f9      0x1b3 obj/default/mainloop.o
 .debug_info    0x000006ac      0x2ca obj/default/menu.o
 .debug_info    0x00000976      0x713 obj/default/menuact.o
 .debug_info    0x00001089      0x1a1 obj/default/stubfncs.o
 .debug_info    0x0000122a       0xd0 obj/default/testcode.o
 .debug_info    0x000012fa      0x4b3 obj/default/tracutil.o
 .debug_info    0x000017ad      0x289 c:/altera/13.1/nios2eds/bin/gnu/h-i686-mingw32/bin/../lib/gcc/nios2-elf/4.7.3\libgcc.a(lib2-divmod.o)
 .debug_info    0x00001a36      0x135 C:/Users/tago/Dropbox/OUT/EE52/software/sopc_scope_1st_bsp/\libhal_bsp.a(alt_load.o)
 .debug_info    0x00001b6b      0x139 C:/Users/tago/Dropbox/OUT/EE52/software/sopc_scope_1st_bsp/\libhal_bsp.a(alt_main.o)
 .debug_info    0x00001ca4      0x51f C:/Users/tago/Dropbox/OUT/EE52/software/sopc_scope_1st_bsp/\libhal_bsp.a(alt_sys_init.o)
 .debug_info    0x000021c3      0x58a C:/Users/tago/Dropbox/OUT/EE52/software/sopc_scope_1st_bsp/\libhal_bsp.a(altera_avalon_jtag_uart_fd.o)
 .debug_info    0x0000274d      0x3d8 C:/Users/tago/Dropbox/OUT/EE52/software/sopc_scope_1st_bsp/\libhal_bsp.a(altera_avalon_jtag_uart_init.o)
 .debug_info    0x00002b25      0x2a9 C:/Users/tago/Dropbox/OUT/EE52/software/sopc_scope_1st_bsp/\libhal_bsp.a(altera_avalon_jtag_uart_ioctl.o)
 .debug_info    0x00002dce      0x371 C:/Users/tago/Dropbox/OUT/EE52/software/sopc_scope_1st_bsp/\libhal_bsp.a(altera_avalon_jtag_uart_read.o)
 .debug_info    0x0000313f      0x36c C:/Users/tago/Dropbox/OUT/EE52/software/sopc_scope_1st_bsp/\libhal_bsp.a(altera_avalon_jtag_uart_write.o)
 .debug_info    0x000034ab      0x2e4 C:/Users/tago/Dropbox/OUT/EE52/software/sopc_scope_1st_bsp/\libhal_bsp.a(alt_alarm_start.o)
 .debug_info    0x0000378f      0x350 C:/Users/tago/Dropbox/OUT/EE52/software/sopc_scope_1st_bsp/\libhal_bsp.a(alt_close.o)
 .debug_info    0x00003adf       0xa3 C:/Users/tago/Dropbox/OUT/EE52/software/sopc_scope_1st_bsp/\libhal_bsp.a(alt_dcache_flush_all.o)
 .debug_info    0x00003b82      0x4e3 C:/Users/tago/Dropbox/OUT/EE52/software/sopc_scope_1st_bsp/\libhal_bsp.a(alt_dev.o)
 .debug_info    0x00004065      0x1b9 C:/Users/tago/Dropbox/OUT/EE52/software/sopc_scope_1st_bsp/\libhal_bsp.a(alt_dev_llist_insert.o)
 .debug_info    0x0000421e       0x8d C:/Users/tago/Dropbox/OUT/EE52/software/sopc_scope_1st_bsp/\libhal_bsp.a(alt_do_ctors.o)
 .debug_info    0x000042ab       0x8d C:/Users/tago/Dropbox/OUT/EE52/software/sopc_scope_1st_bsp/\libhal_bsp.a(alt_do_dtors.o)
 .debug_info    0x00004338       0xa3 C:/Users/tago/Dropbox/OUT/EE52/software/sopc_scope_1st_bsp/\libhal_bsp.a(alt_errno.o)
 .debug_info    0x000043db       0x90 C:/Users/tago/Dropbox/OUT/EE52/software/sopc_scope_1st_bsp/\libhal_bsp.a(alt_icache_flush_all.o)
 .debug_info    0x0000446b      0x364 C:/Users/tago/Dropbox/OUT/EE52/software/sopc_scope_1st_bsp/\libhal_bsp.a(alt_iic.o)
 .debug_info    0x000047cf      0x1f6 C:/Users/tago/Dropbox/OUT/EE52/software/sopc_scope_1st_bsp/\libhal_bsp.a(alt_iic_isr_register.o)
 .debug_info    0x000049c5      0x4f0 C:/Users/tago/Dropbox/OUT/EE52/software/sopc_scope_1st_bsp/\libhal_bsp.a(alt_io_redirect.o)
 .debug_info    0x00004eb5       0x78 C:/Users/tago/Dropbox/OUT/EE52/software/sopc_scope_1st_bsp/\libhal_bsp.a(alt_irq_entry.o)
 .debug_info    0x00004f2d      0x190 C:/Users/tago/Dropbox/OUT/EE52/software/sopc_scope_1st_bsp/\libhal_bsp.a(alt_irq_handler.o)
 .debug_info    0x000050bd       0x8a C:/Users/tago/Dropbox/OUT/EE52/software/sopc_scope_1st_bsp/\libhal_bsp.a(alt_irq_vars.o)
 .debug_info    0x00005147      0x3f0 C:/Users/tago/Dropbox/OUT/EE52/software/sopc_scope_1st_bsp/\libhal_bsp.a(alt_open.o)
 .debug_info    0x00005537      0x2dd C:/Users/tago/Dropbox/OUT/EE52/software/sopc_scope_1st_bsp/\libhal_bsp.a(alt_release_fd.o)
 .debug_info    0x00005814      0x2b1 C:/Users/tago/Dropbox/OUT/EE52/software/sopc_scope_1st_bsp/\libhal_bsp.a(alt_tick.o)
 .debug_info    0x00005ac5       0x90 C:/Users/tago/Dropbox/OUT/EE52/software/sopc_scope_1st_bsp/\libhal_bsp.a(altera_nios2_qsys_irq.o)
 .debug_info    0x00005b55       0x7e C:/Users/tago/Dropbox/OUT/EE52/software/sopc_scope_1st_bsp/\libhal_bsp.a(alt_exception_entry.o)
 .debug_info    0x00005bd3      0x30d C:/Users/tago/Dropbox/OUT/EE52/software/sopc_scope_1st_bsp/\libhal_bsp.a(alt_find_dev.o)
 .debug_info    0x00005ee0      0x30c C:/Users/tago/Dropbox/OUT/EE52/software/sopc_scope_1st_bsp/\libhal_bsp.a(alt_find_file.o)
 .debug_info    0x000061ec      0x339 C:/Users/tago/Dropbox/OUT/EE52/software/sopc_scope_1st_bsp/\libhal_bsp.a(alt_get_fd.o)
 .debug_info    0x00006525       0xda C:/Users/tago/Dropbox/OUT/EE52/software/sopc_scope_1st_bsp/\libhal_bsp.a(alt_icache_flush.o)
 .debug_info    0x000065ff      0x1e6 c:/altera/13.1/nios2eds/bin/gnu/h-i686-mingw32/bin/../lib/gcc/nios2-elf/4.7.3/../../../../../H-i686-mingw32/nios2-elf/lib\libc.a(lib_a-atexit.o)
 .debug_info    0x000067e5      0x993 c:/altera/13.1/nios2eds/bin/gnu/h-i686-mingw32/bin/../lib/gcc/nios2-elf/4.7.3/../../../../../H-i686-mingw32/nios2-elf/lib\libc.a(lib_a-exit.o)
 .debug_info    0x00007178      0x938 c:/altera/13.1/nios2eds/bin/gnu/h-i686-mingw32/bin/../lib/gcc/nios2-elf/4.7.3/../../../../../H-i686-mingw32/nios2-elf/lib\libc.a(lib_a-impure.o)
 .debug_info    0x00007ab0       0x84 c:/altera/13.1/nios2eds/bin/gnu/h-i686-mingw32/bin/../lib/gcc/nios2-elf/4.7.3/../../../../../H-i686-mingw32/nios2-elf/lib\libc.a(lib_a-int_errno.o)
 .debug_info    0x00007b34      0x117 c:/altera/13.1/nios2eds/bin/gnu/h-i686-mingw32/bin/../lib/gcc/nios2-elf/4.7.3/../../../../../H-i686-mingw32/nios2-elf/lib\libc.a(lib_a-memcmp.o)
 .debug_info    0x00007c4b      0x10e c:/altera/13.1/nios2eds/bin/gnu/h-i686-mingw32/bin/../lib/gcc/nios2-elf/4.7.3/../../../../../H-i686-mingw32/nios2-elf/lib\libc.a(lib_a-memcpy.o)
 .debug_info    0x00007d59       0xdf c:/altera/13.1/nios2eds/bin/gnu/h-i686-mingw32/bin/../lib/gcc/nios2-elf/4.7.3/../../../../../H-i686-mingw32/nios2-elf/lib\libc.a(lib_a-strlen.o)
 .debug_info    0x00007e38      0x9f9 c:/altera/13.1/nios2eds/bin/gnu/h-i686-mingw32/bin/../lib/gcc/nios2-elf/4.7.3/../../../../../H-i686-mingw32/nios2-elf/lib\libc.a(lib_a-__atexit.o)
 .debug_info    0x00008831      0xa07 c:/altera/13.1/nios2eds/bin/gnu/h-i686-mingw32/bin/../lib/gcc/nios2-elf/4.7.3/../../../../../H-i686-mingw32/nios2-elf/lib\libc.a(lib_a-__call_atexit.o)
 .debug_info    0x00009238       0xec C:/Users/tago/Dropbox/OUT/EE52/software/sopc_scope_1st_bsp/\libhal_bsp.a(alt_exit.o)

.debug_abbrev   0x00000000     0x3126
 *(.debug_abbrev)
 .debug_abbrev  0x00000000       0x12 C:/Users/tago/Dropbox/OUT/EE52/software/sopc_scope_1st_bsp//obj/HAL/src/crt0.o
 .debug_abbrev  0x00000012       0x45 obj/default/char58.o
 .debug_abbrev  0x00000057       0xce obj/default/keyproc.o
 .debug_abbrev  0x00000125      0x112 obj/default/lcdout.o
 .debug_abbrev  0x00000237       0xc8 obj/default/mainloop.o
 .debug_abbrev  0x000002ff      0x160 obj/default/menu.o
 .debug_abbrev  0x0000045f      0x1aa obj/default/menuact.o
 .debug_abbrev  0x00000609       0xb9 obj/default/stubfncs.o
 .debug_abbrev  0x000006c2       0x84 obj/default/testcode.o
 .debug_abbrev  0x00000746      0x158 obj/default/tracutil.o
 .debug_abbrev  0x0000089e      0x112 c:/altera/13.1/nios2eds/bin/gnu/h-i686-mingw32/bin/../lib/gcc/nios2-elf/4.7.3\libgcc.a(lib2-divmod.o)
 .debug_abbrev  0x000009b0       0x9d C:/Users/tago/Dropbox/OUT/EE52/software/sopc_scope_1st_bsp/\libhal_bsp.a(alt_load.o)
 .debug_abbrev  0x00000a4d       0xba C:/Users/tago/Dropbox/OUT/EE52/software/sopc_scope_1st_bsp/\libhal_bsp.a(alt_main.o)
 .debug_abbrev  0x00000b07      0x176 C:/Users/tago/Dropbox/OUT/EE52/software/sopc_scope_1st_bsp/\libhal_bsp.a(alt_sys_init.o)
 .debug_abbrev  0x00000c7d      0x118 C:/Users/tago/Dropbox/OUT/EE52/software/sopc_scope_1st_bsp/\libhal_bsp.a(altera_avalon_jtag_uart_fd.o)
 .debug_abbrev  0x00000d95      0x18f C:/Users/tago/Dropbox/OUT/EE52/software/sopc_scope_1st_bsp/\libhal_bsp.a(altera_avalon_jtag_uart_init.o)
 .debug_abbrev  0x00000f24      0x102 C:/Users/tago/Dropbox/OUT/EE52/software/sopc_scope_1st_bsp/\libhal_bsp.a(altera_avalon_jtag_uart_ioctl.o)
 .debug_abbrev  0x00001026      0x19b C:/Users/tago/Dropbox/OUT/EE52/software/sopc_scope_1st_bsp/\libhal_bsp.a(altera_avalon_jtag_uart_read.o)
 .debug_abbrev  0x000011c1      0x199 C:/Users/tago/Dropbox/OUT/EE52/software/sopc_scope_1st_bsp/\libhal_bsp.a(altera_avalon_jtag_uart_write.o)
 .debug_abbrev  0x0000135a      0x162 C:/Users/tago/Dropbox/OUT/EE52/software/sopc_scope_1st_bsp/\libhal_bsp.a(alt_alarm_start.o)
 .debug_abbrev  0x000014bc      0x11f C:/Users/tago/Dropbox/OUT/EE52/software/sopc_scope_1st_bsp/\libhal_bsp.a(alt_close.o)
 .debug_abbrev  0x000015db       0x5a C:/Users/tago/Dropbox/OUT/EE52/software/sopc_scope_1st_bsp/\libhal_bsp.a(alt_dcache_flush_all.o)
 .debug_abbrev  0x00001635       0xd9 C:/Users/tago/Dropbox/OUT/EE52/software/sopc_scope_1st_bsp/\libhal_bsp.a(alt_dev.o)
 .debug_abbrev  0x0000170e      0x114 C:/Users/tago/Dropbox/OUT/EE52/software/sopc_scope_1st_bsp/\libhal_bsp.a(alt_dev_llist_insert.o)
 .debug_abbrev  0x00001822       0x79 C:/Users/tago/Dropbox/OUT/EE52/software/sopc_scope_1st_bsp/\libhal_bsp.a(alt_do_ctors.o)
 .debug_abbrev  0x0000189b       0x79 C:/Users/tago/Dropbox/OUT/EE52/software/sopc_scope_1st_bsp/\libhal_bsp.a(alt_do_dtors.o)
 .debug_abbrev  0x00001914       0x5a C:/Users/tago/Dropbox/OUT/EE52/software/sopc_scope_1st_bsp/\libhal_bsp.a(alt_errno.o)
 .debug_abbrev  0x0000196e       0x42 C:/Users/tago/Dropbox/OUT/EE52/software/sopc_scope_1st_bsp/\libhal_bsp.a(alt_icache_flush_all.o)
 .debug_abbrev  0x000019b0      0x16a C:/Users/tago/Dropbox/OUT/EE52/software/sopc_scope_1st_bsp/\libhal_bsp.a(alt_iic.o)
 .debug_abbrev  0x00001b1a      0x169 C:/Users/tago/Dropbox/OUT/EE52/software/sopc_scope_1st_bsp/\libhal_bsp.a(alt_iic_isr_register.o)
 .debug_abbrev  0x00001c83      0x114 C:/Users/tago/Dropbox/OUT/EE52/software/sopc_scope_1st_bsp/\libhal_bsp.a(alt_io_redirect.o)
 .debug_abbrev  0x00001d97       0x12 C:/Users/tago/Dropbox/OUT/EE52/software/sopc_scope_1st_bsp/\libhal_bsp.a(alt_irq_entry.o)
 .debug_abbrev  0x00001da9      0x124 C:/Users/tago/Dropbox/OUT/EE52/software/sopc_scope_1st_bsp/\libhal_bsp.a(alt_irq_handler.o)
 .debug_abbrev  0x00001ecd       0x40 C:/Users/tago/Dropbox/OUT/EE52/software/sopc_scope_1st_bsp/\libhal_bsp.a(alt_irq_vars.o)
 .debug_abbrev  0x00001f0d      0x148 C:/Users/tago/Dropbox/OUT/EE52/software/sopc_scope_1st_bsp/\libhal_bsp.a(alt_open.o)
 .debug_abbrev  0x00002055       0xde C:/Users/tago/Dropbox/OUT/EE52/software/sopc_scope_1st_bsp/\libhal_bsp.a(alt_release_fd.o)
 .debug_abbrev  0x00002133      0x15a C:/Users/tago/Dropbox/OUT/EE52/software/sopc_scope_1st_bsp/\libhal_bsp.a(alt_tick.o)
 .debug_abbrev  0x0000228d       0x42 C:/Users/tago/Dropbox/OUT/EE52/software/sopc_scope_1st_bsp/\libhal_bsp.a(altera_nios2_qsys_irq.o)
 .debug_abbrev  0x000022cf       0x12 C:/Users/tago/Dropbox/OUT/EE52/software/sopc_scope_1st_bsp/\libhal_bsp.a(alt_exception_entry.o)
 .debug_abbrev  0x000022e1       0xf0 C:/Users/tago/Dropbox/OUT/EE52/software/sopc_scope_1st_bsp/\libhal_bsp.a(alt_find_dev.o)
 .debug_abbrev  0x000023d1       0xf0 C:/Users/tago/Dropbox/OUT/EE52/software/sopc_scope_1st_bsp/\libhal_bsp.a(alt_find_file.o)
 .debug_abbrev  0x000024c1      0x10d C:/Users/tago/Dropbox/OUT/EE52/software/sopc_scope_1st_bsp/\libhal_bsp.a(alt_get_fd.o)
 .debug_abbrev  0x000025ce       0x8c C:/Users/tago/Dropbox/OUT/EE52/software/sopc_scope_1st_bsp/\libhal_bsp.a(alt_icache_flush.o)
 .debug_abbrev  0x0000265a      0x106 c:/altera/13.1/nios2eds/bin/gnu/h-i686-mingw32/bin/../lib/gcc/nios2-elf/4.7.3/../../../../../H-i686-mingw32/nios2-elf/lib\libc.a(lib_a-atexit.o)
 .debug_abbrev  0x00002760      0x1c8 c:/altera/13.1/nios2eds/bin/gnu/h-i686-mingw32/bin/../lib/gcc/nios2-elf/4.7.3/../../../../../H-i686-mingw32/nios2-elf/lib\libc.a(lib_a-exit.o)
 .debug_abbrev  0x00002928      0x162 c:/altera/13.1/nios2eds/bin/gnu/h-i686-mingw32/bin/../lib/gcc/nios2-elf/4.7.3/../../../../../H-i686-mingw32/nios2-elf/lib\libc.a(lib_a-impure.o)
 .debug_abbrev  0x00002a8a       0x37 c:/altera/13.1/nios2eds/bin/gnu/h-i686-mingw32/bin/../lib/gcc/nios2-elf/4.7.3/../../../../../H-i686-mingw32/nios2-elf/lib\libc.a(lib_a-int_errno.o)
 .debug_abbrev  0x00002ac1       0x7f c:/altera/13.1/nios2eds/bin/gnu/h-i686-mingw32/bin/../lib/gcc/nios2-elf/4.7.3/../../../../../H-i686-mingw32/nios2-elf/lib\libc.a(lib_a-memcmp.o)
 .debug_abbrev  0x00002b40       0x9c c:/altera/13.1/nios2eds/bin/gnu/h-i686-mingw32/bin/../lib/gcc/nios2-elf/4.7.3/../../../../../H-i686-mingw32/nios2-elf/lib\libc.a(lib_a-memcpy.o)
 .debug_abbrev  0x00002bdc       0x90 c:/altera/13.1/nios2eds/bin/gnu/h-i686-mingw32/bin/../lib/gcc/nios2-elf/4.7.3/../../../../../H-i686-mingw32/nios2-elf/lib\libc.a(lib_a-strlen.o)
 .debug_abbrev  0x00002c6c      0x211 c:/altera/13.1/nios2eds/bin/gnu/h-i686-mingw32/bin/../lib/gcc/nios2-elf/4.7.3/../../../../../H-i686-mingw32/nios2-elf/lib\libc.a(lib_a-__atexit.o)
 .debug_abbrev  0x00002e7d      0x203 c:/altera/13.1/nios2eds/bin/gnu/h-i686-mingw32/bin/../lib/gcc/nios2-elf/4.7.3/../../../../../H-i686-mingw32/nios2-elf/lib\libc.a(lib_a-__call_atexit.o)
 .debug_abbrev  0x00003080       0xa6 C:/Users/tago/Dropbox/OUT/EE52/software/sopc_scope_1st_bsp/\libhal_bsp.a(alt_exit.o)

.debug_line     0x00000000     0x32a7
 *(.debug_line)
 .debug_line    0x00000000       0x72 C:/Users/tago/Dropbox/OUT/EE52/software/sopc_scope_1st_bsp//obj/HAL/src/crt0.o
 .debug_line    0x00000072       0x29 obj/default/char58.o
 .debug_line    0x0000009b       0x75 obj/default/keyproc.o
 .debug_line    0x00000110       0xf4 obj/default/lcdout.o
 .debug_line    0x00000204       0x7f obj/default/mainloop.o
 .debug_line    0x00000283       0xdb obj/default/menu.o
 .debug_line    0x0000035e      0x1d3 obj/default/menuact.o
 .debug_line    0x00000531       0x56 obj/default/stubfncs.o
 .debug_line    0x00000587       0x5e obj/default/testcode.o
 .debug_line    0x000005e5      0x28f obj/default/tracutil.o
 .debug_line    0x00000874       0xd3 c:/altera/13.1/nios2eds/bin/gnu/h-i686-mingw32/bin/../lib/gcc/nios2-elf/4.7.3\libgcc.a(lib2-divmod.o)
 .debug_line    0x00000947       0x92 C:/Users/tago/Dropbox/OUT/EE52/software/sopc_scope_1st_bsp/\libhal_bsp.a(alt_load.o)
 .debug_line    0x000009d9       0xa4 C:/Users/tago/Dropbox/OUT/EE52/software/sopc_scope_1st_bsp/\libhal_bsp.a(alt_main.o)
 .debug_line    0x00000a7d      0x136 C:/Users/tago/Dropbox/OUT/EE52/software/sopc_scope_1st_bsp/\libhal_bsp.a(alt_sys_init.o)
 .debug_line    0x00000bb3      0x131 C:/Users/tago/Dropbox/OUT/EE52/software/sopc_scope_1st_bsp/\libhal_bsp.a(altera_avalon_jtag_uart_fd.o)
 .debug_line    0x00000ce4      0x199 C:/Users/tago/Dropbox/OUT/EE52/software/sopc_scope_1st_bsp/\libhal_bsp.a(altera_avalon_jtag_uart_init.o)
 .debug_line    0x00000e7d      0x129 C:/Users/tago/Dropbox/OUT/EE52/software/sopc_scope_1st_bsp/\libhal_bsp.a(altera_avalon_jtag_uart_ioctl.o)
 .debug_line    0x00000fa6      0x174 C:/Users/tago/Dropbox/OUT/EE52/software/sopc_scope_1st_bsp/\libhal_bsp.a(altera_avalon_jtag_uart_read.o)
 .debug_line    0x0000111a      0x173 C:/Users/tago/Dropbox/OUT/EE52/software/sopc_scope_1st_bsp/\libhal_bsp.a(altera_avalon_jtag_uart_write.o)
 .debug_line    0x0000128d       0xfa C:/Users/tago/Dropbox/OUT/EE52/software/sopc_scope_1st_bsp/\libhal_bsp.a(alt_alarm_start.o)
 .debug_line    0x00001387      0x186 C:/Users/tago/Dropbox/OUT/EE52/software/sopc_scope_1st_bsp/\libhal_bsp.a(alt_close.o)
 .debug_line    0x0000150d       0x61 C:/Users/tago/Dropbox/OUT/EE52/software/sopc_scope_1st_bsp/\libhal_bsp.a(alt_dcache_flush_all.o)
 .debug_line    0x0000156e      0x119 C:/Users/tago/Dropbox/OUT/EE52/software/sopc_scope_1st_bsp/\libhal_bsp.a(alt_dev.o)
 .debug_line    0x00001687       0xd0 C:/Users/tago/Dropbox/OUT/EE52/software/sopc_scope_1st_bsp/\libhal_bsp.a(alt_dev_llist_insert.o)
 .debug_line    0x00001757       0x59 C:/Users/tago/Dropbox/OUT/EE52/software/sopc_scope_1st_bsp/\libhal_bsp.a(alt_do_ctors.o)
 .debug_line    0x000017b0       0x59 C:/Users/tago/Dropbox/OUT/EE52/software/sopc_scope_1st_bsp/\libhal_bsp.a(alt_do_dtors.o)
 .debug_line    0x00001809       0x51 C:/Users/tago/Dropbox/OUT/EE52/software/sopc_scope_1st_bsp/\libhal_bsp.a(alt_errno.o)
 .debug_line    0x0000185a       0x50 C:/Users/tago/Dropbox/OUT/EE52/software/sopc_scope_1st_bsp/\libhal_bsp.a(alt_icache_flush_all.o)
 .debug_line    0x000018aa       0xed C:/Users/tago/Dropbox/OUT/EE52/software/sopc_scope_1st_bsp/\libhal_bsp.a(alt_iic.o)
 .debug_line    0x00001997       0xdb C:/Users/tago/Dropbox/OUT/EE52/software/sopc_scope_1st_bsp/\libhal_bsp.a(alt_iic_isr_register.o)
 .debug_line    0x00001a72      0x154 C:/Users/tago/Dropbox/OUT/EE52/software/sopc_scope_1st_bsp/\libhal_bsp.a(alt_io_redirect.o)
 .debug_line    0x00001bc6       0x6b C:/Users/tago/Dropbox/OUT/EE52/software/sopc_scope_1st_bsp/\libhal_bsp.a(alt_irq_entry.o)
 .debug_line    0x00001c31       0xae C:/Users/tago/Dropbox/OUT/EE52/software/sopc_scope_1st_bsp/\libhal_bsp.a(alt_irq_handler.o)
 .debug_line    0x00001cdf       0x50 C:/Users/tago/Dropbox/OUT/EE52/software/sopc_scope_1st_bsp/\libhal_bsp.a(alt_irq_vars.o)
 .debug_line    0x00001d2f      0x125 C:/Users/tago/Dropbox/OUT/EE52/software/sopc_scope_1st_bsp/\libhal_bsp.a(alt_open.o)
 .debug_line    0x00001e54       0xae C:/Users/tago/Dropbox/OUT/EE52/software/sopc_scope_1st_bsp/\libhal_bsp.a(alt_release_fd.o)
 .debug_line    0x00001f02      0x102 C:/Users/tago/Dropbox/OUT/EE52/software/sopc_scope_1st_bsp/\libhal_bsp.a(alt_tick.o)
 .debug_line    0x00002004       0x51 C:/Users/tago/Dropbox/OUT/EE52/software/sopc_scope_1st_bsp/\libhal_bsp.a(altera_nios2_qsys_irq.o)
 .debug_line    0x00002055       0xab C:/Users/tago/Dropbox/OUT/EE52/software/sopc_scope_1st_bsp/\libhal_bsp.a(alt_exception_entry.o)
 .debug_line    0x00002100       0xb9 C:/Users/tago/Dropbox/OUT/EE52/software/sopc_scope_1st_bsp/\libhal_bsp.a(alt_find_dev.o)
 .debug_line    0x000021b9       0xd5 C:/Users/tago/Dropbox/OUT/EE52/software/sopc_scope_1st_bsp/\libhal_bsp.a(alt_find_file.o)
 .debug_line    0x0000228e       0xd1 C:/Users/tago/Dropbox/OUT/EE52/software/sopc_scope_1st_bsp/\libhal_bsp.a(alt_get_fd.o)
 .debug_line    0x0000235f       0x81 C:/Users/tago/Dropbox/OUT/EE52/software/sopc_scope_1st_bsp/\libhal_bsp.a(alt_icache_flush.o)
 .debug_line    0x000023e0      0x16d c:/altera/13.1/nios2eds/bin/gnu/h-i686-mingw32/bin/../lib/gcc/nios2-elf/4.7.3/../../../../../H-i686-mingw32/nios2-elf/lib\libc.a(lib_a-atexit.o)
 .debug_line    0x0000254d      0x219 c:/altera/13.1/nios2eds/bin/gnu/h-i686-mingw32/bin/../lib/gcc/nios2-elf/4.7.3/../../../../../H-i686-mingw32/nios2-elf/lib\libc.a(lib_a-exit.o)
 .debug_line    0x00002766      0x173 c:/altera/13.1/nios2eds/bin/gnu/h-i686-mingw32/bin/../lib/gcc/nios2-elf/4.7.3/../../../../../H-i686-mingw32/nios2-elf/lib\libc.a(lib_a-impure.o)
 .debug_line    0x000028d9       0x5d c:/altera/13.1/nios2eds/bin/gnu/h-i686-mingw32/bin/../lib/gcc/nios2-elf/4.7.3/../../../../../H-i686-mingw32/nios2-elf/lib\libc.a(lib_a-int_errno.o)
 .debug_line    0x00002936      0x18d c:/altera/13.1/nios2eds/bin/gnu/h-i686-mingw32/bin/../lib/gcc/nios2-elf/4.7.3/../../../../../H-i686-mingw32/nios2-elf/lib\libc.a(lib_a-memcmp.o)
 .debug_line    0x00002ac3      0x13d c:/altera/13.1/nios2eds/bin/gnu/h-i686-mingw32/bin/../lib/gcc/nios2-elf/4.7.3/../../../../../H-i686-mingw32/nios2-elf/lib\libc.a(lib_a-memcpy.o)
 .debug_line    0x00002c00      0x182 c:/altera/13.1/nios2eds/bin/gnu/h-i686-mingw32/bin/../lib/gcc/nios2-elf/4.7.3/../../../../../H-i686-mingw32/nios2-elf/lib\libc.a(lib_a-strlen.o)
 .debug_line    0x00002d82      0x250 c:/altera/13.1/nios2eds/bin/gnu/h-i686-mingw32/bin/../lib/gcc/nios2-elf/4.7.3/../../../../../H-i686-mingw32/nios2-elf/lib\libc.a(lib_a-__atexit.o)
 .debug_line    0x00002fd2      0x264 c:/altera/13.1/nios2eds/bin/gnu/h-i686-mingw32/bin/../lib/gcc/nios2-elf/4.7.3/../../../../../H-i686-mingw32/nios2-elf/lib\libc.a(lib_a-__call_atexit.o)
 .debug_line    0x00003236       0x71 C:/Users/tago/Dropbox/OUT/EE52/software/sopc_scope_1st_bsp/\libhal_bsp.a(alt_exit.o)

.debug_frame    0x00000000     0x1128
 *(.debug_frame)
 .debug_frame   0x00000000       0xb8 obj/default/keyproc.o
 .debug_frame   0x000000b8       0x9c obj/default/lcdout.o
 .debug_frame   0x00000154       0x48 obj/default/mainloop.o
 .debug_frame   0x0000019c      0x128 obj/default/menu.o
 .debug_frame   0x000002c4      0x324 obj/default/menuact.o
 .debug_frame   0x000005e8      0x10c obj/default/stubfncs.o
 .debug_frame   0x000006f4       0x2c obj/default/testcode.o
 .debug_frame   0x00000720      0x198 obj/default/tracutil.o
 .debug_frame   0x000008b8       0x70 c:/altera/13.1/nios2eds/bin/gnu/h-i686-mingw32/bin/../lib/gcc/nios2-elf/4.7.3\libgcc.a(lib2-divmod.o)
 .debug_frame   0x00000928       0x48 C:/Users/tago/Dropbox/OUT/EE52/software/sopc_scope_1st_bsp/\libhal_bsp.a(alt_load.o)
 .debug_frame   0x00000970       0x2c C:/Users/tago/Dropbox/OUT/EE52/software/sopc_scope_1st_bsp/\libhal_bsp.a(alt_main.o)
 .debug_frame   0x0000099c       0x64 C:/Users/tago/Dropbox/OUT/EE52/software/sopc_scope_1st_bsp/\libhal_bsp.a(alt_sys_init.o)
 .debug_frame   0x00000a00       0x80 C:/Users/tago/Dropbox/OUT/EE52/software/sopc_scope_1st_bsp/\libhal_bsp.a(altera_avalon_jtag_uart_fd.o)
 .debug_frame   0x00000a80       0x80 C:/Users/tago/Dropbox/OUT/EE52/software/sopc_scope_1st_bsp/\libhal_bsp.a(altera_avalon_jtag_uart_init.o)
 .debug_frame   0x00000b00       0x2c C:/Users/tago/Dropbox/OUT/EE52/software/sopc_scope_1st_bsp/\libhal_bsp.a(altera_avalon_jtag_uart_ioctl.o)
 .debug_frame   0x00000b2c       0x2c C:/Users/tago/Dropbox/OUT/EE52/software/sopc_scope_1st_bsp/\libhal_bsp.a(altera_avalon_jtag_uart_read.o)
 .debug_frame   0x00000b58       0x2c C:/Users/tago/Dropbox/OUT/EE52/software/sopc_scope_1st_bsp/\libhal_bsp.a(altera_avalon_jtag_uart_write.o)
 .debug_frame   0x00000b84       0x2c C:/Users/tago/Dropbox/OUT/EE52/software/sopc_scope_1st_bsp/\libhal_bsp.a(alt_alarm_start.o)
 .debug_frame   0x00000bb0       0x48 C:/Users/tago/Dropbox/OUT/EE52/software/sopc_scope_1st_bsp/\libhal_bsp.a(alt_close.o)
 .debug_frame   0x00000bf8       0x2c C:/Users/tago/Dropbox/OUT/EE52/software/sopc_scope_1st_bsp/\libhal_bsp.a(alt_dcache_flush_all.o)
 .debug_frame   0x00000c24       0x2c C:/Users/tago/Dropbox/OUT/EE52/software/sopc_scope_1st_bsp/\libhal_bsp.a(alt_dev.o)
 .debug_frame   0x00000c50       0x48 C:/Users/tago/Dropbox/OUT/EE52/software/sopc_scope_1st_bsp/\libhal_bsp.a(alt_dev_llist_insert.o)
 .debug_frame   0x00000c98       0x2c C:/Users/tago/Dropbox/OUT/EE52/software/sopc_scope_1st_bsp/\libhal_bsp.a(alt_do_ctors.o)
 .debug_frame   0x00000cc4       0x2c C:/Users/tago/Dropbox/OUT/EE52/software/sopc_scope_1st_bsp/\libhal_bsp.a(alt_do_dtors.o)
 .debug_frame   0x00000cf0       0x2c C:/Users/tago/Dropbox/OUT/EE52/software/sopc_scope_1st_bsp/\libhal_bsp.a(alt_icache_flush_all.o)
 .debug_frame   0x00000d1c       0x80 C:/Users/tago/Dropbox/OUT/EE52/software/sopc_scope_1st_bsp/\libhal_bsp.a(alt_iic.o)
 .debug_frame   0x00000d9c       0x2c C:/Users/tago/Dropbox/OUT/EE52/software/sopc_scope_1st_bsp/\libhal_bsp.a(alt_iic_isr_register.o)
 .debug_frame   0x00000dc8       0x48 C:/Users/tago/Dropbox/OUT/EE52/software/sopc_scope_1st_bsp/\libhal_bsp.a(alt_io_redirect.o)
 .debug_frame   0x00000e10       0x2c C:/Users/tago/Dropbox/OUT/EE52/software/sopc_scope_1st_bsp/\libhal_bsp.a(alt_irq_handler.o)
 .debug_frame   0x00000e3c       0x64 C:/Users/tago/Dropbox/OUT/EE52/software/sopc_scope_1st_bsp/\libhal_bsp.a(alt_open.o)
 .debug_frame   0x00000ea0       0x2c C:/Users/tago/Dropbox/OUT/EE52/software/sopc_scope_1st_bsp/\libhal_bsp.a(alt_release_fd.o)
 .debug_frame   0x00000ecc       0x48 C:/Users/tago/Dropbox/OUT/EE52/software/sopc_scope_1st_bsp/\libhal_bsp.a(alt_tick.o)
 .debug_frame   0x00000f14       0x2c C:/Users/tago/Dropbox/OUT/EE52/software/sopc_scope_1st_bsp/\libhal_bsp.a(altera_nios2_qsys_irq.o)
 .debug_frame   0x00000f40       0x2c C:/Users/tago/Dropbox/OUT/EE52/software/sopc_scope_1st_bsp/\libhal_bsp.a(alt_find_dev.o)
 .debug_frame   0x00000f6c       0x2c C:/Users/tago/Dropbox/OUT/EE52/software/sopc_scope_1st_bsp/\libhal_bsp.a(alt_find_file.o)
 .debug_frame   0x00000f98       0x2c C:/Users/tago/Dropbox/OUT/EE52/software/sopc_scope_1st_bsp/\libhal_bsp.a(alt_get_fd.o)
 .debug_frame   0x00000fc4       0x2c C:/Users/tago/Dropbox/OUT/EE52/software/sopc_scope_1st_bsp/\libhal_bsp.a(alt_icache_flush.o)
 .debug_frame   0x00000ff0       0x20 c:/altera/13.1/nios2eds/bin/gnu/h-i686-mingw32/bin/../lib/gcc/nios2-elf/4.7.3/../../../../../H-i686-mingw32/nios2-elf/lib\libc.a(lib_a-atexit.o)
 .debug_frame   0x00001010       0x28 c:/altera/13.1/nios2eds/bin/gnu/h-i686-mingw32/bin/../lib/gcc/nios2-elf/4.7.3/../../../../../H-i686-mingw32/nios2-elf/lib\libc.a(lib_a-exit.o)
 .debug_frame   0x00001038       0x20 c:/altera/13.1/nios2eds/bin/gnu/h-i686-mingw32/bin/../lib/gcc/nios2-elf/4.7.3/../../../../../H-i686-mingw32/nios2-elf/lib\libc.a(lib_a-memcmp.o)
 .debug_frame   0x00001058       0x20 c:/altera/13.1/nios2eds/bin/gnu/h-i686-mingw32/bin/../lib/gcc/nios2-elf/4.7.3/../../../../../H-i686-mingw32/nios2-elf/lib\libc.a(lib_a-memcpy.o)
 .debug_frame   0x00001078       0x20 c:/altera/13.1/nios2eds/bin/gnu/h-i686-mingw32/bin/../lib/gcc/nios2-elf/4.7.3/../../../../../H-i686-mingw32/nios2-elf/lib\libc.a(lib_a-strlen.o)
 .debug_frame   0x00001098       0x2c c:/altera/13.1/nios2eds/bin/gnu/h-i686-mingw32/bin/../lib/gcc/nios2-elf/4.7.3/../../../../../H-i686-mingw32/nios2-elf/lib\libc.a(lib_a-__atexit.o)
 .debug_frame   0x000010c4       0x38 c:/altera/13.1/nios2eds/bin/gnu/h-i686-mingw32/bin/../lib/gcc/nios2-elf/4.7.3/../../../../../H-i686-mingw32/nios2-elf/lib\libc.a(lib_a-__call_atexit.o)
 .debug_frame   0x000010fc       0x2c C:/Users/tago/Dropbox/OUT/EE52/software/sopc_scope_1st_bsp/\libhal_bsp.a(alt_exit.o)

.debug_str      0x00000000     0x1cd2
 *(.debug_str)
 .debug_str     0x00000000       0x71 obj/default/char58.o
 .debug_str     0x00000071       0x6a obj/default/keyproc.o
                                 0xb9 (size before relaxing)
 .debug_str     0x000000db       0x9e obj/default/lcdout.o
                                0x129 (size before relaxing)
 .debug_str     0x00000179       0x95 obj/default/mainloop.o
                                0x132 (size before relaxing)
 .debug_str     0x0000020e      0x159 obj/default/menu.o
                                0x1e0 (size before relaxing)
 .debug_str     0x00000367      0x1f0 obj/default/menuact.o
                                0x323 (size before relaxing)
 .debug_str     0x00000557       0x85 obj/default/stubfncs.o
                                0x103 (size before relaxing)
 .debug_str     0x000005dc       0x3a obj/default/testcode.o
                                 0xbc (size before relaxing)
 .debug_str     0x00000616      0x15f obj/default/tracutil.o
                                0x272 (size before relaxing)
 .debug_str     0x00000775      0x121 c:/altera/13.1/nios2eds/bin/gnu/h-i686-mingw32/bin/../lib/gcc/nios2-elf/4.7.3\libgcc.a(lib2-divmod.o)
                                0x15b (size before relaxing)
 .debug_str     0x00000896      0x151 C:/Users/tago/Dropbox/OUT/EE52/software/sopc_scope_1st_bsp/\libhal_bsp.a(alt_load.o)
                                0x1ca (size before relaxing)
 .debug_str     0x000009e7       0x70 C:/Users/tago/Dropbox/OUT/EE52/software/sopc_scope_1st_bsp/\libhal_bsp.a(alt_main.o)
                                0x155 (size before relaxing)
 .debug_str     0x00000a57      0x19b C:/Users/tago/Dropbox/OUT/EE52/software/sopc_scope_1st_bsp/\libhal_bsp.a(alt_sys_init.o)
                                0x309 (size before relaxing)
 .debug_str     0x00000bf2       0xb9 C:/Users/tago/Dropbox/OUT/EE52/software/sopc_scope_1st_bsp/\libhal_bsp.a(altera_avalon_jtag_uart_fd.o)
                                0x35c (size before relaxing)
 .debug_str     0x00000cab       0xd1 C:/Users/tago/Dropbox/OUT/EE52/software/sopc_scope_1st_bsp/\libhal_bsp.a(altera_avalon_jtag_uart_init.o)
                                0x2f0 (size before relaxing)
 .debug_str     0x00000d7c       0x4a C:/Users/tago/Dropbox/OUT/EE52/software/sopc_scope_1st_bsp/\libhal_bsp.a(altera_avalon_jtag_uart_ioctl.o)
                                0x24b (size before relaxing)
 .debug_str     0x00000dc6       0x7f C:/Users/tago/Dropbox/OUT/EE52/software/sopc_scope_1st_bsp/\libhal_bsp.a(altera_avalon_jtag_uart_read.o)
                                0x2a0 (size before relaxing)
 .debug_str     0x00000e45       0x4a C:/Users/tago/Dropbox/OUT/EE52/software/sopc_scope_1st_bsp/\libhal_bsp.a(altera_avalon_jtag_uart_write.o)
                                0x2a1 (size before relaxing)
 .debug_str     0x00000e8f       0x59 C:/Users/tago/Dropbox/OUT/EE52/software/sopc_scope_1st_bsp/\libhal_bsp.a(alt_alarm_start.o)
                                0x236 (size before relaxing)
 .debug_str     0x00000ee8       0x44 C:/Users/tago/Dropbox/OUT/EE52/software/sopc_scope_1st_bsp/\libhal_bsp.a(alt_close.o)
                                0x1c3 (size before relaxing)
 .debug_str     0x00000f2c       0x34 C:/Users/tago/Dropbox/OUT/EE52/software/sopc_scope_1st_bsp/\libhal_bsp.a(alt_dcache_flush_all.o)
                                0x10d (size before relaxing)
 .debug_str     0x00000f60      0x120 C:/Users/tago/Dropbox/OUT/EE52/software/sopc_scope_1st_bsp/\libhal_bsp.a(alt_dev.o)
                                0x2bd (size before relaxing)
 .debug_str     0x00001080       0x34 C:/Users/tago/Dropbox/OUT/EE52/software/sopc_scope_1st_bsp/\libhal_bsp.a(alt_dev_llist_insert.o)
                                0x184 (size before relaxing)
 .debug_str     0x000010b4       0x48 C:/Users/tago/Dropbox/OUT/EE52/software/sopc_scope_1st_bsp/\libhal_bsp.a(alt_do_ctors.o)
                                 0x94 (size before relaxing)
 .debug_str     0x000010fc       0x4c C:/Users/tago/Dropbox/OUT/EE52/software/sopc_scope_1st_bsp/\libhal_bsp.a(alt_do_dtors.o)
                                 0x93 (size before relaxing)
 .debug_str     0x00001148       0x14 C:/Users/tago/Dropbox/OUT/EE52/software/sopc_scope_1st_bsp/\libhal_bsp.a(alt_errno.o)
                                 0xfd (size before relaxing)
 .debug_str     0x0000115c       0x34 C:/Users/tago/Dropbox/OUT/EE52/software/sopc_scope_1st_bsp/\libhal_bsp.a(alt_icache_flush_all.o)
                                0x10d (size before relaxing)
 .debug_str     0x00001190       0xbd C:/Users/tago/Dropbox/OUT/EE52/software/sopc_scope_1st_bsp/\libhal_bsp.a(alt_iic.o)
                                0x1f6 (size before relaxing)
 .debug_str     0x0000124d       0x4c C:/Users/tago/Dropbox/OUT/EE52/software/sopc_scope_1st_bsp/\libhal_bsp.a(alt_iic_isr_register.o)
                                0x1a0 (size before relaxing)
 .debug_str     0x00001299       0x56 C:/Users/tago/Dropbox/OUT/EE52/software/sopc_scope_1st_bsp/\libhal_bsp.a(alt_io_redirect.o)
                                0x2ce (size before relaxing)
 .debug_str     0x000012ef       0x3a C:/Users/tago/Dropbox/OUT/EE52/software/sopc_scope_1st_bsp/\libhal_bsp.a(alt_irq_handler.o)
                                0x14f (size before relaxing)
 .debug_str     0x00001329       0x17 C:/Users/tago/Dropbox/OUT/EE52/software/sopc_scope_1st_bsp/\libhal_bsp.a(alt_irq_vars.o)
                                 0xfe (size before relaxing)
 .debug_str     0x00001340       0x2f C:/Users/tago/Dropbox/OUT/EE52/software/sopc_scope_1st_bsp/\libhal_bsp.a(alt_open.o)
                                0x203 (size before relaxing)
 .debug_str     0x0000136f       0x28 C:/Users/tago/Dropbox/OUT/EE52/software/sopc_scope_1st_bsp/\libhal_bsp.a(alt_release_fd.o)
                                0x197 (size before relaxing)
 .debug_str     0x00001397       0x4a C:/Users/tago/Dropbox/OUT/EE52/software/sopc_scope_1st_bsp/\libhal_bsp.a(alt_tick.o)
                                0x20a (size before relaxing)
 .debug_str     0x000013e1       0x3b C:/Users/tago/Dropbox/OUT/EE52/software/sopc_scope_1st_bsp/\libhal_bsp.a(altera_nios2_qsys_irq.o)
                                0x114 (size before relaxing)
 .debug_str     0x0000141c       0x24 C:/Users/tago/Dropbox/OUT/EE52/software/sopc_scope_1st_bsp/\libhal_bsp.a(alt_find_dev.o)
                                0x1a4 (size before relaxing)
 .debug_str     0x00001440       0x26 C:/Users/tago/Dropbox/OUT/EE52/software/sopc_scope_1st_bsp/\libhal_bsp.a(alt_find_file.o)
                                0x1b2 (size before relaxing)
 .debug_str     0x00001466       0x30 C:/Users/tago/Dropbox/OUT/EE52/software/sopc_scope_1st_bsp/\libhal_bsp.a(alt_get_fd.o)
                                0x1d4 (size before relaxing)
 .debug_str     0x00001496       0x2c C:/Users/tago/Dropbox/OUT/EE52/software/sopc_scope_1st_bsp/\libhal_bsp.a(alt_icache_flush.o)
                                0x113 (size before relaxing)
 .debug_str     0x000014c2      0x15c c:/altera/13.1/nios2eds/bin/gnu/h-i686-mingw32/bin/../lib/gcc/nios2-elf/4.7.3/../../../../../H-i686-mingw32/nios2-elf/lib\libc.a(lib_a-atexit.o)
                                0x20f (size before relaxing)
 .debug_str     0x0000161e      0x34b c:/altera/13.1/nios2eds/bin/gnu/h-i686-mingw32/bin/../lib/gcc/nios2-elf/4.7.3/../../../../../H-i686-mingw32/nios2-elf/lib\libc.a(lib_a-exit.o)
                                0x52f (size before relaxing)
 .debug_str     0x00001969       0xd4 c:/altera/13.1/nios2eds/bin/gnu/h-i686-mingw32/bin/../lib/gcc/nios2-elf/4.7.3/../../../../../H-i686-mingw32/nios2-elf/lib\libc.a(lib_a-impure.o)
                                0x526 (size before relaxing)
 .debug_str     0x00001a3d       0x3d c:/altera/13.1/nios2eds/bin/gnu/h-i686-mingw32/bin/../lib/gcc/nios2-elf/4.7.3/../../../../../H-i686-mingw32/nios2-elf/lib\libc.a(lib_a-int_errno.o)
                                0x16f (size before relaxing)
 .debug_str     0x00001a7a       0xd8 c:/altera/13.1/nios2eds/bin/gnu/h-i686-mingw32/bin/../lib/gcc/nios2-elf/4.7.3/../../../../../H-i686-mingw32/nios2-elf/lib\libc.a(lib_a-memcmp.o)
                                0x176 (size before relaxing)
 .debug_str     0x00001b52       0x69 c:/altera/13.1/nios2eds/bin/gnu/h-i686-mingw32/bin/../lib/gcc/nios2-elf/4.7.3/../../../../../H-i686-mingw32/nios2-elf/lib\libc.a(lib_a-memcpy.o)
                                0x126 (size before relaxing)
 .debug_str     0x00001bbb       0x4f c:/altera/13.1/nios2eds/bin/gnu/h-i686-mingw32/bin/../lib/gcc/nios2-elf/4.7.3/../../../../../H-i686-mingw32/nios2-elf/lib\libc.a(lib_a-strlen.o)
                                0x189 (size before relaxing)
 .debug_str     0x00001c0a       0x3d c:/altera/13.1/nios2eds/bin/gnu/h-i686-mingw32/bin/../lib/gcc/nios2-elf/4.7.3/../../../../../H-i686-mingw32/nios2-elf/lib\libc.a(lib_a-__atexit.o)
                                0x573 (size before relaxing)
 .debug_str     0x00001c47       0x61 c:/altera/13.1/nios2eds/bin/gnu/h-i686-mingw32/bin/../lib/gcc/nios2-elf/4.7.3/../../../../../H-i686-mingw32/nios2-elf/lib\libc.a(lib_a-__call_atexit.o)
                                0x551 (size before relaxing)
 .debug_str     0x00001ca8       0x2a C:/Users/tago/Dropbox/OUT/EE52/software/sopc_scope_1st_bsp/\libhal_bsp.a(alt_exit.o)
                                0x109 (size before relaxing)

.debug_loc      0x00000000     0x1f56
 *(.debug_loc)
 .debug_loc     0x00000000      0x108 obj/default/keyproc.o
 .debug_loc     0x00000108       0xdc obj/default/lcdout.o
 .debug_loc     0x000001e4       0x58 obj/default/mainloop.o
 .debug_loc     0x0000023c      0x1b8 obj/default/menu.o
 .debug_loc     0x000003f4      0x4d0 obj/default/menuact.o
 .debug_loc     0x000008c4      0x18c obj/default/stubfncs.o
 .debug_loc     0x00000a50       0x2c obj/default/testcode.o
 .debug_loc     0x00000a7c      0x268 obj/default/tracutil.o
 .debug_loc     0x00000ce4      0x338 c:/altera/13.1/nios2eds/bin/gnu/h-i686-mingw32/bin/../lib/gcc/nios2-elf/4.7.3\libgcc.a(lib2-divmod.o)
 .debug_loc     0x0000101c       0x58 C:/Users/tago/Dropbox/OUT/EE52/software/sopc_scope_1st_bsp/\libhal_bsp.a(alt_load.o)
 .debug_loc     0x00001074       0x2c C:/Users/tago/Dropbox/OUT/EE52/software/sopc_scope_1st_bsp/\libhal_bsp.a(alt_main.o)
 .debug_loc     0x000010a0       0x84 C:/Users/tago/Dropbox/OUT/EE52/software/sopc_scope_1st_bsp/\libhal_bsp.a(alt_sys_init.o)
 .debug_loc     0x00001124       0xb0 C:/Users/tago/Dropbox/OUT/EE52/software/sopc_scope_1st_bsp/\libhal_bsp.a(altera_avalon_jtag_uart_fd.o)
 .debug_loc     0x000011d4       0xb0 C:/Users/tago/Dropbox/OUT/EE52/software/sopc_scope_1st_bsp/\libhal_bsp.a(altera_avalon_jtag_uart_init.o)
 .debug_loc     0x00001284       0x2c C:/Users/tago/Dropbox/OUT/EE52/software/sopc_scope_1st_bsp/\libhal_bsp.a(altera_avalon_jtag_uart_ioctl.o)
 .debug_loc     0x000012b0       0x2c C:/Users/tago/Dropbox/OUT/EE52/software/sopc_scope_1st_bsp/\libhal_bsp.a(altera_avalon_jtag_uart_read.o)
 .debug_loc     0x000012dc       0x2c C:/Users/tago/Dropbox/OUT/EE52/software/sopc_scope_1st_bsp/\libhal_bsp.a(altera_avalon_jtag_uart_write.o)
 .debug_loc     0x00001308       0x2c C:/Users/tago/Dropbox/OUT/EE52/software/sopc_scope_1st_bsp/\libhal_bsp.a(alt_alarm_start.o)
 .debug_loc     0x00001334       0x58 C:/Users/tago/Dropbox/OUT/EE52/software/sopc_scope_1st_bsp/\libhal_bsp.a(alt_close.o)
 .debug_loc     0x0000138c       0x2c C:/Users/tago/Dropbox/OUT/EE52/software/sopc_scope_1st_bsp/\libhal_bsp.a(alt_dcache_flush_all.o)
 .debug_loc     0x000013b8       0x2c C:/Users/tago/Dropbox/OUT/EE52/software/sopc_scope_1st_bsp/\libhal_bsp.a(alt_dev.o)
 .debug_loc     0x000013e4       0x58 C:/Users/tago/Dropbox/OUT/EE52/software/sopc_scope_1st_bsp/\libhal_bsp.a(alt_dev_llist_insert.o)
 .debug_loc     0x0000143c       0x2c C:/Users/tago/Dropbox/OUT/EE52/software/sopc_scope_1st_bsp/\libhal_bsp.a(alt_do_ctors.o)
 .debug_loc     0x00001468       0x2c C:/Users/tago/Dropbox/OUT/EE52/software/sopc_scope_1st_bsp/\libhal_bsp.a(alt_do_dtors.o)
 .debug_loc     0x00001494       0x2c C:/Users/tago/Dropbox/OUT/EE52/software/sopc_scope_1st_bsp/\libhal_bsp.a(alt_icache_flush_all.o)