Archive member included because of file (symbol)

c:/altera/13.1/nios2eds/bin/gnu/h-i686-mingw32/bin/../lib/gcc/nios2-elf/4.7.3/../../../../../H-i686-mingw32/nios2-elf/lib\libsmallc.a(lib_a-printf.o)
                              obj/default/hello_world.o (printf)
c:/altera/13.1/nios2eds/bin/gnu/h-i686-mingw32/bin/../lib/gcc/nios2-elf/4.7.3/../../../../../H-i686-mingw32/nios2-elf/lib\libsmallc.a(lib_a-puts.o)
                              obj/default/hello_world.o (puts)
c:/altera/13.1/nios2eds/bin/gnu/h-i686-mingw32/bin/../lib/gcc/nios2-elf/4.7.3/../../../../../H-i686-mingw32/nios2-elf/lib\libsmallc.a(lib_a-strlen.o)
                              c:/altera/13.1/nios2eds/bin/gnu/h-i686-mingw32/bin/../lib/gcc/nios2-elf/4.7.3/../../../../../H-i686-mingw32/nios2-elf/lib\libsmallc.a(lib_a-puts.o) (strlen)
c:/altera/13.1/nios2eds/bin/gnu/h-i686-mingw32/bin/../lib/gcc/nios2-elf/4.7.3/../../../../../H-i686-mingw32/nios2-elf/lib\libsmallc.a(lib_a-vfprintf.o)
                              c:/altera/13.1/nios2eds/bin/gnu/h-i686-mingw32/bin/../lib/gcc/nios2-elf/4.7.3/../../../../../H-i686-mingw32/nios2-elf/lib\libsmallc.a(lib_a-printf.o) (___vfprintf_internal_r)
c:/altera/13.1/nios2eds/bin/gnu/h-i686-mingw32/bin/../lib/gcc/nios2-elf/4.7.3/../../../../../H-i686-mingw32/nios2-elf/lib\libsmallc.a(lib_a-fvwrite_small_dev.o)
                              c:/altera/13.1/nios2eds/bin/gnu/h-i686-mingw32/bin/../lib/gcc/nios2-elf/4.7.3/../../../../../H-i686-mingw32/nios2-elf/lib\libsmallc.a(lib_a-printf.o) (__sfvwrite_small_dev)
c:/altera/13.1/nios2eds/bin/gnu/h-i686-mingw32/bin/../lib/gcc/nios2-elf/4.7.3/../../../../../H-i686-mingw32/nios2-elf/lib\libsmallc.a(lib_a-impure.o)
                              c:/altera/13.1/nios2eds/bin/gnu/h-i686-mingw32/bin/../lib/gcc/nios2-elf/4.7.3/../../../../../H-i686-mingw32/nios2-elf/lib\libsmallc.a(lib_a-printf.o) (_impure_ptr)
c:/altera/13.1/nios2eds/bin/gnu/h-i686-mingw32/bin/../lib/gcc/nios2-elf/4.7.3/../../../../../H-i686-mingw32/nios2-elf/lib\libsmallc.a(lib_a-writer.o)
                              c:/altera/13.1/nios2eds/bin/gnu/h-i686-mingw32/bin/../lib/gcc/nios2-elf/4.7.3/../../../../../H-i686-mingw32/nios2-elf/lib\libsmallc.a(lib_a-fvwrite_small_dev.o) (_write_r)
c:/altera/13.1/nios2eds/bin/gnu/h-i686-mingw32/bin/../lib/gcc/nios2-elf/4.7.3/../../../../../H-i686-mingw32/nios2-elf/lib\libsmallc.a(lib_a-int_errno.o)
                              c:/altera/13.1/nios2eds/bin/gnu/h-i686-mingw32/bin/../lib/gcc/nios2-elf/4.7.3/../../../../../H-i686-mingw32/nios2-elf/lib\libsmallc.a(lib_a-writer.o) (errno)
c:/altera/13.1/nios2eds/bin/gnu/h-i686-mingw32/bin/../lib/gcc/nios2-elf/4.7.3\libgcc.a(lib2-divmod.o)
                              c:/altera/13.1/nios2eds/bin/gnu/h-i686-mingw32/bin/../lib/gcc/nios2-elf/4.7.3/../../../../../H-i686-mingw32/nios2-elf/lib\libsmallc.a(lib_a-vfprintf.o) (__udivsi3)
C:/Users/tago/Dropbox/OUT/EE52/software/hello_world_2nd_bsp/\libhal_bsp.a(alt_load.o)
                              C:/Users/tago/Dropbox/OUT/EE52/software/hello_world_2nd_bsp//obj/HAL/src/crt0.o (alt_load)
C:/Users/tago/Dropbox/OUT/EE52/software/hello_world_2nd_bsp/\libhal_bsp.a(alt_main.o)
                              C:/Users/tago/Dropbox/OUT/EE52/software/hello_world_2nd_bsp//obj/HAL/src/crt0.o (alt_main)
C:/Users/tago/Dropbox/OUT/EE52/software/hello_world_2nd_bsp/\libhal_bsp.a(alt_write.o)
                              c:/altera/13.1/nios2eds/bin/gnu/h-i686-mingw32/bin/../lib/gcc/nios2-elf/4.7.3/../../../../../H-i686-mingw32/nios2-elf/lib\libsmallc.a(lib_a-writer.o) (write)
C:/Users/tago/Dropbox/OUT/EE52/software/hello_world_2nd_bsp/\libhal_bsp.a(alt_sys_init.o)
                              C:/Users/tago/Dropbox/OUT/EE52/software/hello_world_2nd_bsp/\libhal_bsp.a(alt_main.o) (alt_irq_init)
C:/Users/tago/Dropbox/OUT/EE52/software/hello_world_2nd_bsp/\libhal_bsp.a(altera_avalon_jtag_uart_fd.o)
                              C:/Users/tago/Dropbox/OUT/EE52/software/hello_world_2nd_bsp/\libhal_bsp.a(alt_sys_init.o) (altera_avalon_jtag_uart_read_fd)
C:/Users/tago/Dropbox/OUT/EE52/software/hello_world_2nd_bsp/\libhal_bsp.a(altera_avalon_jtag_uart_read.o)
                              C:/Users/tago/Dropbox/OUT/EE52/software/hello_world_2nd_bsp/\libhal_bsp.a(altera_avalon_jtag_uart_fd.o) (altera_avalon_jtag_uart_read)
C:/Users/tago/Dropbox/OUT/EE52/software/hello_world_2nd_bsp/\libhal_bsp.a(altera_avalon_jtag_uart_write.o)
                              C:/Users/tago/Dropbox/OUT/EE52/software/hello_world_2nd_bsp/\libhal_bsp.a(altera_avalon_jtag_uart_fd.o) (altera_avalon_jtag_uart_write)
C:/Users/tago/Dropbox/OUT/EE52/software/hello_world_2nd_bsp/\libhal_bsp.a(alt_close.o)
                              C:/Users/tago/Dropbox/OUT/EE52/software/hello_world_2nd_bsp/\libhal_bsp.a(alt_main.o) (close)
C:/Users/tago/Dropbox/OUT/EE52/software/hello_world_2nd_bsp/\libhal_bsp.a(alt_dcache_flush_all.o)
                              C:/Users/tago/Dropbox/OUT/EE52/software/hello_world_2nd_bsp/\libhal_bsp.a(alt_load.o) (alt_dcache_flush_all)
C:/Users/tago/Dropbox/OUT/EE52/software/hello_world_2nd_bsp/\libhal_bsp.a(alt_dev.o)
                              C:/Users/tago/Dropbox/OUT/EE52/software/hello_world_2nd_bsp/\libhal_bsp.a(alt_sys_init.o) (alt_dev_list)
C:/Users/tago/Dropbox/OUT/EE52/software/hello_world_2nd_bsp/\libhal_bsp.a(alt_dev_llist_insert.o)
                              C:/Users/tago/Dropbox/OUT/EE52/software/hello_world_2nd_bsp/\libhal_bsp.a(alt_sys_init.o) (alt_dev_llist_insert)
C:/Users/tago/Dropbox/OUT/EE52/software/hello_world_2nd_bsp/\libhal_bsp.a(alt_do_ctors.o)
                              C:/Users/tago/Dropbox/OUT/EE52/software/hello_world_2nd_bsp/\libhal_bsp.a(alt_main.o) (_do_ctors)
C:/Users/tago/Dropbox/OUT/EE52/software/hello_world_2nd_bsp/\libhal_bsp.a(alt_do_dtors.o)
                              C:/Users/tago/Dropbox/OUT/EE52/software/hello_world_2nd_bsp/\libhal_bsp.a(alt_main.o) (_do_dtors)
C:/Users/tago/Dropbox/OUT/EE52/software/hello_world_2nd_bsp/\libhal_bsp.a(alt_errno.o)
                              C:/Users/tago/Dropbox/OUT/EE52/software/hello_world_2nd_bsp/\libhal_bsp.a(alt_write.o) (alt_errno)
C:/Users/tago/Dropbox/OUT/EE52/software/hello_world_2nd_bsp/\libhal_bsp.a(alt_icache_flush_all.o)
                              C:/Users/tago/Dropbox/OUT/EE52/software/hello_world_2nd_bsp/\libhal_bsp.a(alt_load.o) (alt_icache_flush_all)
C:/Users/tago/Dropbox/OUT/EE52/software/hello_world_2nd_bsp/\libhal_bsp.a(alt_io_redirect.o)
                              C:/Users/tago/Dropbox/OUT/EE52/software/hello_world_2nd_bsp/\libhal_bsp.a(alt_main.o) (alt_io_redirect)
C:/Users/tago/Dropbox/OUT/EE52/software/hello_world_2nd_bsp/\libhal_bsp.a(alt_open.o)
                              C:/Users/tago/Dropbox/OUT/EE52/software/hello_world_2nd_bsp/\libhal_bsp.a(alt_io_redirect.o) (open)
C:/Users/tago/Dropbox/OUT/EE52/software/hello_world_2nd_bsp/\libhal_bsp.a(alt_release_fd.o)
                              C:/Users/tago/Dropbox/OUT/EE52/software/hello_world_2nd_bsp/\libhal_bsp.a(alt_close.o) (alt_release_fd)
C:/Users/tago/Dropbox/OUT/EE52/software/hello_world_2nd_bsp/\libhal_bsp.a(altera_nios2_qsys_irq.o)
                              C:/Users/tago/Dropbox/OUT/EE52/software/hello_world_2nd_bsp/\libhal_bsp.a(alt_sys_init.o) (altera_nios2_qsys_irq_init)
C:/Users/tago/Dropbox/OUT/EE52/software/hello_world_2nd_bsp/\libhal_bsp.a(alt_find_dev.o)
                              C:/Users/tago/Dropbox/OUT/EE52/software/hello_world_2nd_bsp/\libhal_bsp.a(alt_open.o) (alt_find_dev)
C:/Users/tago/Dropbox/OUT/EE52/software/hello_world_2nd_bsp/\libhal_bsp.a(alt_find_file.o)
                              C:/Users/tago/Dropbox/OUT/EE52/software/hello_world_2nd_bsp/\libhal_bsp.a(alt_open.o) (alt_find_file)
C:/Users/tago/Dropbox/OUT/EE52/software/hello_world_2nd_bsp/\libhal_bsp.a(alt_get_fd.o)
                              C:/Users/tago/Dropbox/OUT/EE52/software/hello_world_2nd_bsp/\libhal_bsp.a(alt_open.o) (alt_get_fd)
C:/Users/tago/Dropbox/OUT/EE52/software/hello_world_2nd_bsp/\libhal_bsp.a(alt_icache_flush.o)
                              C:/Users/tago/Dropbox/OUT/EE52/software/hello_world_2nd_bsp/\libhal_bsp.a(alt_icache_flush_all.o) (alt_icache_flush)
c:/altera/13.1/nios2eds/bin/gnu/h-i686-mingw32/bin/../lib/gcc/nios2-elf/4.7.3/../../../../../H-i686-mingw32/nios2-elf/lib\libsmallc.a(lib_a-atexit.o)
                              C:/Users/tago/Dropbox/OUT/EE52/software/hello_world_2nd_bsp/\libhal_bsp.a(alt_main.o) (atexit)
c:/altera/13.1/nios2eds/bin/gnu/h-i686-mingw32/bin/../lib/gcc/nios2-elf/4.7.3/../../../../../H-i686-mingw32/nios2-elf/lib\libsmallc.a(lib_a-exit.o)
                              C:/Users/tago/Dropbox/OUT/EE52/software/hello_world_2nd_bsp/\libhal_bsp.a(alt_main.o) (exit)
c:/altera/13.1/nios2eds/bin/gnu/h-i686-mingw32/bin/../lib/gcc/nios2-elf/4.7.3/../../../../../H-i686-mingw32/nios2-elf/lib\libsmallc.a(lib_a-memcmp.o)
                              C:/Users/tago/Dropbox/OUT/EE52/software/hello_world_2nd_bsp/\libhal_bsp.a(alt_find_dev.o) (memcmp)
c:/altera/13.1/nios2eds/bin/gnu/h-i686-mingw32/bin/../lib/gcc/nios2-elf/4.7.3/../../../../../H-i686-mingw32/nios2-elf/lib\libsmallc.a(lib_a-__atexit.o)
                              c:/altera/13.1/nios2eds/bin/gnu/h-i686-mingw32/bin/../lib/gcc/nios2-elf/4.7.3/../../../../../H-i686-mingw32/nios2-elf/lib\libsmallc.a(lib_a-atexit.o) (__register_exitproc)
c:/altera/13.1/nios2eds/bin/gnu/h-i686-mingw32/bin/../lib/gcc/nios2-elf/4.7.3/../../../../../H-i686-mingw32/nios2-elf/lib\libsmallc.a(lib_a-__call_atexit.o)
                              c:/altera/13.1/nios2eds/bin/gnu/h-i686-mingw32/bin/../lib/gcc/nios2-elf/4.7.3/../../../../../H-i686-mingw32/nios2-elf/lib\libsmallc.a(lib_a-exit.o) (__call_exitprocs)
C:/Users/tago/Dropbox/OUT/EE52/software/hello_world_2nd_bsp/\libhal_bsp.a(alt_exit.o)
                              c:/altera/13.1/nios2eds/bin/gnu/h-i686-mingw32/bin/../lib/gcc/nios2-elf/4.7.3/../../../../../H-i686-mingw32/nios2-elf/lib\libsmallc.a(lib_a-exit.o) (_exit)

Allocating common symbols
Common symbol       size              file

errno               0x4               c:/altera/13.1/nios2eds/bin/gnu/h-i686-mingw32/bin/../lib/gcc/nios2-elf/4.7.3/../../../../../H-i686-mingw32/nios2-elf/lib\libsmallc.a(lib_a-int_errno.o)
_atexit0            0x8c              c:/altera/13.1/nios2eds/bin/gnu/h-i686-mingw32/bin/../lib/gcc/nios2-elf/4.7.3/../../../../../H-i686-mingw32/nios2-elf/lib\libsmallc.a(lib_a-atexit.o)

Memory Configuration

Name             Origin             Length             Attributes
rom              0x00080000         0x00080000
ram              0x00120000         0x00020000
reset            0x00150000         0x00000020
temp_ram         0x00150020         0x00009c80
*default*        0x00000000         0xffffffff

Linker script and memory map

LOAD C:/Users/tago/Dropbox/OUT/EE52/software/hello_world_2nd_bsp//obj/HAL/src/crt0.o
LOAD obj/default/hello_world.o
LOAD c:/altera/13.1/nios2eds/bin/gnu/h-i686-mingw32/bin/../lib/gcc/nios2-elf/4.7.3/../../../../../H-i686-mingw32/nios2-elf/lib\libstdc++.a
LOAD c:/altera/13.1/nios2eds/bin/gnu/h-i686-mingw32/bin/../lib/gcc/nios2-elf/4.7.3/../../../../../H-i686-mingw32/nios2-elf/lib\libm.a
LOAD c:/altera/13.1/nios2eds/bin/gnu/h-i686-mingw32/bin/../lib/gcc/nios2-elf/4.7.3\libgcc.a
START GROUP
LOAD c:/altera/13.1/nios2eds/bin/gnu/h-i686-mingw32/bin/../lib/gcc/nios2-elf/4.7.3/../../../../../H-i686-mingw32/nios2-elf/lib\libsmallc.a
LOAD c:/altera/13.1/nios2eds/bin/gnu/h-i686-mingw32/bin/../lib/gcc/nios2-elf/4.7.3\libgcc.a
LOAD C:/Users/tago/Dropbox/OUT/EE52/software/hello_world_2nd_bsp/\libhal_bsp.a
END GROUP
LOAD c:/altera/13.1/nios2eds/bin/gnu/h-i686-mingw32/bin/../lib/gcc/nios2-elf/4.7.3\libgcc.a
                0x00080000                __alt_mem_rom = 0x80000
                0x00120000                __alt_mem_ram = 0x120000
                0x00150000                __alt_mem_temp_ram = 0x150000

.entry          0x00150000       0x20
 *(.entry)
 .entry         0x00150000       0x20 C:/Users/tago/Dropbox/OUT/EE52/software/hello_world_2nd_bsp//obj/HAL/src/crt0.o
                0x00150000                __reset

.exceptions     0x00150020        0x0
                0x00150020                PROVIDE (__ram_exceptions_start, ABSOLUTE (.))
                0x00150020                . = ALIGN (0x20)
 *(.irq)
 *(.exceptions.entry.label)
 *(.exceptions.entry.user)
 *(.exceptions.entry.ecc_fatal)
 *(.exceptions.entry)
 *(.exceptions.irqtest.user)
 *(.exceptions.irqtest)
 *(.exceptions.irqhandler.user)
 *(.exceptions.irqhandler)
 *(.exceptions.irqreturn.user)
 *(.exceptions.irqreturn)
 *(.exceptions.notirq.label)
 *(.exceptions.notirq.user)
 *(.exceptions.notirq)
 *(.exceptions.soft.user)
 *(.exceptions.soft)
 *(.exceptions.unknown.user)
 *(.exceptions.unknown)
 *(.exceptions.exit.label)
 *(.exceptions.exit.user)
 *(.exceptions.exit)
 *(.exceptions)
                0x00150020                PROVIDE (__ram_exceptions_end, ABSOLUTE (.))
                0x00150020                PROVIDE (__flash_exceptions_start, LOADADDR (.exceptions))

.text           0x00150020     0x2024
                0x00150020                PROVIDE (stext, ABSOLUTE (.))
 *(.interp)
 *(.hash)
 *(.dynsym)
 *(.dynstr)
 *(.gnu.version)
 *(.gnu.version_d)
 *(.gnu.version_r)
 *(.rel.init)
 *(.rela.init)
 *(.rel.text .rel.text.* .rel.gnu.linkonce.t.*)
 *(.rela.text .rela.text.* .rela.gnu.linkonce.t.*)
 *(.rel.fini)
 *(.rela.fini)
 *(.rel.rodata .rel.rodata.* .rel.gnu.linkonce.r.*)
 *(.rela.rodata .rela.rodata.* .rela.gnu.linkonce.r.*)
 *(.rel.data .rel.data.* .rel.gnu.linkonce.d.*)
 *(.rela.data .rela.data.* .rela.gnu.linkonce.d.*)
 *(.rel.tdata .rel.tdata.* .rel.gnu.linkonce.td.*)
 *(.rela.tdata .rela.tdata.* .rela.gnu.linkonce.td.*)
 *(.rel.tbss .rel.tbss.* .rel.gnu.linkonce.tb.*)
 *(.rela.tbss .rela.tbss.* .rela.gnu.linkonce.tb.*)
 *(.rel.ctors)
 *(.rela.ctors)
 *(.rel.dtors)
 *(.rela.dtors)
 *(.rel.got)
 *(.rela.got)
 *(.rel.sdata .rel.sdata.* .rel.gnu.linkonce.s.*)
 *(.rela.sdata .rela.sdata.* .rela.gnu.linkonce.s.*)
 *(.rel.sbss .rel.sbss.* .rel.gnu.linkonce.sb.*)
 *(.rela.sbss .rela.sbss.* .rela.gnu.linkonce.sb.*)
 *(.rel.sdata2 .rel.sdata2.* .rel.gnu.linkonce.s2.*)
 *(.rela.sdata2 .rela.sdata2.* .rela.gnu.linkonce.s2.*)
 *(.rel.sbss2 .rel.sbss2.* .rel.gnu.linkonce.sb2.*)
 *(.rela.sbss2 .rela.sbss2.* .rela.gnu.linkonce.sb2.*)
 *(.rel.bss .rel.bss.* .rel.gnu.linkonce.b.*)
 *(.rela.bss .rela.bss.* .rela.gnu.linkonce.b.*)
 *(.rel.plt)
 *(.rela.plt)
 *(.rel.dyn)
 *(.init)
 *(.plt)
 *(.text .stub .text.* .gnu.linkonce.t.*)
 .text          0x00150020       0x4c C:/Users/tago/Dropbox/OUT/EE52/software/hello_world_2nd_bsp//obj/HAL/src/crt0.o
                0x00150020                _start
 .text          0x0015006c      0x124 obj/default/hello_world.o
                0x0015006c                main
 .text          0x00150190       0x88 c:/altera/13.1/nios2eds/bin/gnu/h-i686-mingw32/bin/../lib/gcc/nios2-elf/4.7.3/../../../../../H-i686-mingw32/nios2-elf/lib\libsmallc.a(lib_a-printf.o)
                0x00150190                _printf_r
                0x001501cc                printf
 .text          0x00150218       0x94 c:/altera/13.1/nios2eds/bin/gnu/h-i686-mingw32/bin/../lib/gcc/nios2-elf/4.7.3/../../../../../H-i686-mingw32/nios2-elf/lib\libsmallc.a(lib_a-puts.o)
                0x00150218                _puts_r
                0x00150298                puts
 .text          0x001502ac       0x28 c:/altera/13.1/nios2eds/bin/gnu/h-i686-mingw32/bin/../lib/gcc/nios2-elf/4.7.3/../../../../../H-i686-mingw32/nios2-elf/lib\libsmallc.a(lib_a-strlen.o)
                0x001502ac                strlen
 .text          0x001502d4      0x6e8 c:/altera/13.1/nios2eds/bin/gnu/h-i686-mingw32/bin/../lib/gcc/nios2-elf/4.7.3/../../../../../H-i686-mingw32/nios2-elf/lib\libsmallc.a(lib_a-vfprintf.o)
                0x001502d4                ___vfprintf_internal_r
                0x00150998                __vfprintf_internal
 .text          0x001509bc       0xe0 c:/altera/13.1/nios2eds/bin/gnu/h-i686-mingw32/bin/../lib/gcc/nios2-elf/4.7.3/../../../../../H-i686-mingw32/nios2-elf/lib\libsmallc.a(lib_a-fvwrite_small_dev.o)
                0x001509bc                __sfvwrite_small_dev
 .text          0x00150a9c        0x0 c:/altera/13.1/nios2eds/bin/gnu/h-i686-mingw32/bin/../lib/gcc/nios2-elf/4.7.3/../../../../../H-i686-mingw32/nios2-elf/lib\libsmallc.a(lib_a-impure.o)
 .text          0x00150a9c       0x6c c:/altera/13.1/nios2eds/bin/gnu/h-i686-mingw32/bin/../lib/gcc/nios2-elf/4.7.3/../../../../../H-i686-mingw32/nios2-elf/lib\libsmallc.a(lib_a-writer.o)
                0x00150a9c                _write_r
 .text          0x00150b08        0x0 c:/altera/13.1/nios2eds/bin/gnu/h-i686-mingw32/bin/../lib/gcc/nios2-elf/4.7.3/../../../../../H-i686-mingw32/nios2-elf/lib\libsmallc.a(lib_a-int_errno.o)
 .text          0x00150b08      0x130 c:/altera/13.1/nios2eds/bin/gnu/h-i686-mingw32/bin/../lib/gcc/nios2-elf/4.7.3\libgcc.a(lib2-divmod.o)
                0x00150b7c                __divsi3
                0x00150bcc                __modsi3
                0x00150c28                __udivsi3
                0x00150c30                __umodsi3
 .text          0x00150c38       0xec C:/Users/tago/Dropbox/OUT/EE52/software/hello_world_2nd_bsp/\libhal_bsp.a(alt_load.o)
                0x00150ca4                alt_load
 .text          0x00150d24       0x78 C:/Users/tago/Dropbox/OUT/EE52/software/hello_world_2nd_bsp/\libhal_bsp.a(alt_main.o)
                0x00150d24                alt_main
 .text          0x00150d9c      0x13c C:/Users/tago/Dropbox/OUT/EE52/software/hello_world_2nd_bsp/\libhal_bsp.a(alt_write.o)
                0x00150dec                write
 .text          0x00150ed8       0x9c C:/Users/tago/Dropbox/OUT/EE52/software/hello_world_2nd_bsp/\libhal_bsp.a(alt_sys_init.o)
                0x00150f10                alt_irq_init
                0x00150f44                alt_sys_init
 .text          0x00150f74       0xc0 C:/Users/tago/Dropbox/OUT/EE52/software/hello_world_2nd_bsp/\libhal_bsp.a(altera_avalon_jtag_uart_fd.o)
                0x00150f74                altera_avalon_jtag_uart_read_fd
                0x00150fd4                altera_avalon_jtag_uart_write_fd
 .text          0x00151034       0xf4 C:/Users/tago/Dropbox/OUT/EE52/software/hello_world_2nd_bsp/\libhal_bsp.a(altera_avalon_jtag_uart_read.o)
                0x00151034                altera_avalon_jtag_uart_read
 .text          0x00151128       0x98 C:/Users/tago/Dropbox/OUT/EE52/software/hello_world_2nd_bsp/\libhal_bsp.a(altera_avalon_jtag_uart_write.o)
                0x00151128                altera_avalon_jtag_uart_write
 .text          0x001511c0      0x118 C:/Users/tago/Dropbox/OUT/EE52/software/hello_world_2nd_bsp/\libhal_bsp.a(alt_close.o)
                0x00151210                close
 .text          0x001512d8       0x44 C:/Users/tago/Dropbox/OUT/EE52/software/hello_world_2nd_bsp/\libhal_bsp.a(alt_dcache_flush_all.o)
                0x001512d8                alt_dcache_flush_all
 .text          0x0015131c       0x2c C:/Users/tago/Dropbox/OUT/EE52/software/hello_world_2nd_bsp/\libhal_bsp.a(alt_dev.o)
 .text          0x00151348       0xf0 C:/Users/tago/Dropbox/OUT/EE52/software/hello_world_2nd_bsp/\libhal_bsp.a(alt_dev_llist_insert.o)
                0x00151398                alt_dev_llist_insert
 .text          0x00151438       0x5c C:/Users/tago/Dropbox/OUT/EE52/software/hello_world_2nd_bsp/\libhal_bsp.a(alt_do_ctors.o)
                0x00151438                _do_ctors
 .text          0x00151494       0x5c C:/Users/tago/Dropbox/OUT/EE52/software/hello_world_2nd_bsp/\libhal_bsp.a(alt_do_dtors.o)
                0x00151494                _do_dtors
 .text          0x001514f0        0x0 C:/Users/tago/Dropbox/OUT/EE52/software/hello_world_2nd_bsp/\libhal_bsp.a(alt_errno.o)
 .text          0x001514f0       0x30 C:/Users/tago/Dropbox/OUT/EE52/software/hello_world_2nd_bsp/\libhal_bsp.a(alt_icache_flush_all.o)
                0x001514f0                alt_icache_flush_all
 .text          0x00151520      0x138 C:/Users/tago/Dropbox/OUT/EE52/software/hello_world_2nd_bsp/\libhal_bsp.a(alt_io_redirect.o)
                0x001515e0                alt_io_redirect
 .text          0x00151658      0x270 C:/Users/tago/Dropbox/OUT/EE52/software/hello_world_2nd_bsp/\libhal_bsp.a(alt_open.o)
                0x00151774                open
 .text          0x001518c8       0x60 C:/Users/tago/Dropbox/OUT/EE52/software/hello_world_2nd_bsp/\libhal_bsp.a(alt_release_fd.o)
                0x001518c8                alt_release_fd
 .text          0x00151928       0x20 C:/Users/tago/Dropbox/OUT/EE52/software/hello_world_2nd_bsp/\libhal_bsp.a(altera_nios2_qsys_irq.o)
                0x00151928                altera_nios2_qsys_irq_init
 .text          0x00151948       0x90 C:/Users/tago/Dropbox/OUT/EE52/software/hello_world_2nd_bsp/\libhal_bsp.a(alt_find_dev.o)
                0x00151948                alt_find_dev
 .text          0x001519d8      0x114 C:/Users/tago/Dropbox/OUT/EE52/software/hello_world_2nd_bsp/\libhal_bsp.a(alt_find_file.o)
                0x001519d8                alt_find_file
 .text          0x00151aec       0xb4 C:/Users/tago/Dropbox/OUT/EE52/software/hello_world_2nd_bsp/\libhal_bsp.a(alt_get_fd.o)
                0x00151aec                alt_get_fd
 .text          0x00151ba0       0x8c C:/Users/tago/Dropbox/OUT/EE52/software/hello_world_2nd_bsp/\libhal_bsp.a(alt_icache_flush.o)
                0x00151ba0                alt_icache_flush
 .text          0x00151c2c       0x14 c:/altera/13.1/nios2eds/bin/gnu/h-i686-mingw32/bin/../lib/gcc/nios2-elf/4.7.3/../../../../../H-i686-mingw32/nios2-elf/lib\libsmallc.a(lib_a-atexit.o)
                0x00151c2c                atexit
 .text          0x00151c40       0x20 c:/altera/13.1/nios2eds/bin/gnu/h-i686-mingw32/bin/../lib/gcc/nios2-elf/4.7.3/../../../../../H-i686-mingw32/nios2-elf/lib\libsmallc.a(lib_a-exit.o)
                0x00151c40                exit
 .text          0x00151c60       0x48 c:/altera/13.1/nios2eds/bin/gnu/h-i686-mingw32/bin/../lib/gcc/nios2-elf/4.7.3/../../../../../H-i686-mingw32/nios2-elf/lib\libsmallc.a(lib_a-memcmp.o)
                0x00151c60                memcmp
 .text          0x00151ca8      0x188 c:/altera/13.1/nios2eds/bin/gnu/h-i686-mingw32/bin/../lib/gcc/nios2-elf/4.7.3/../../../../../H-i686-mingw32/nios2-elf/lib\libsmallc.a(lib_a-__atexit.o)
                0x00151ca8                __register_exitproc
 .text          0x00151e30      0x1d8 c:/altera/13.1/nios2eds/bin/gnu/h-i686-mingw32/bin/../lib/gcc/nios2-elf/4.7.3/../../../../../H-i686-mingw32/nios2-elf/lib\libsmallc.a(lib_a-__call_atexit.o)
                0x00151e30                __call_exitprocs
 .text          0x00152008       0x3c C:/Users/tago/Dropbox/OUT/EE52/software/hello_world_2nd_bsp/\libhal_bsp.a(alt_exit.o)
                0x00152008                _exit
 *(.gnu.warning.*)
 *(.fini)
                0x00152044                PROVIDE (__etext, ABSOLUTE (.))
                0x00152044                PROVIDE (_etext, ABSOLUTE (.))
                0x00152044                PROVIDE (etext, ABSOLUTE (.))
 *(.eh_frame_hdr)
                0x00152044                . = ALIGN (0x4)
                0x00152044                PROVIDE (__preinit_array_start, ABSOLUTE (.))
 *(.preinit_array)
                0x00152044                PROVIDE (__preinit_array_end, ABSOLUTE (.))
                0x00152044                PROVIDE (__init_array_start, ABSOLUTE (.))
 *(.init_array)
                0x00152044                PROVIDE (__init_array_end, ABSOLUTE (.))
                0x00152044                PROVIDE (__fini_array_start, ABSOLUTE (.))
 *(.fini_array)
                0x00152044                PROVIDE (__fini_array_end, ABSOLUTE (.))
 *(.eh_frame)
 *(.gcc_except_table .gcc_except_table.*)
 *(.dynamic)
                0x00152044                PROVIDE (__CTOR_LIST__, ABSOLUTE (.))
 *(.ctors)
 *(SORT(.ctors.*))
                0x00152044                PROVIDE (__CTOR_END__, ABSOLUTE (.))
                0x00152044                PROVIDE (__DTOR_LIST__, ABSOLUTE (.))
 *(.dtors)
 *(SORT(.dtors.*))
                0x00152044                PROVIDE (__DTOR_END__, ABSOLUTE (.))
 *(.jcr)
                0x00152044                . = ALIGN (0x4)

.rodata         0x00152044       0x54
                0x00152044                PROVIDE (__ram_rodata_start, ABSOLUTE (.))
                0x00152044                . = ALIGN (0x4)
 *(.rodata .rodata.* .gnu.linkonce.r.*)
 .rodata        0x00152044       0x2c obj/default/hello_world.o
 .rodata.str1.4
                0x00152070        0x4 c:/altera/13.1/nios2eds/bin/gnu/h-i686-mingw32/bin/../lib/gcc/nios2-elf/4.7.3/../../../../../H-i686-mingw32/nios2-elf/lib\libsmallc.a(lib_a-puts.o)
 .rodata        0x00152074        0xc C:/Users/tago/Dropbox/OUT/EE52/software/hello_world_2nd_bsp/\libhal_bsp.a(alt_main.o)
 .rodata        0x00152080        0xc C:/Users/tago/Dropbox/OUT/EE52/software/hello_world_2nd_bsp/\libhal_bsp.a(alt_sys_init.o)
 .rodata        0x0015208c        0xc C:/Users/tago/Dropbox/OUT/EE52/software/hello_world_2nd_bsp/\libhal_bsp.a(alt_dev.o)
 *(.rodata1)
                0x00152098                . = ALIGN (0x4)
                0x00152098                PROVIDE (__ram_rodata_end, ABSOLUTE (.))
                0x00152044                PROVIDE (__flash_rodata_start, LOADADDR (.rodata))

.rwdata         0x00152098      0x2d4 load address 0x0015236c
                0x00152098                PROVIDE (__ram_rwdata_start, ABSOLUTE (.))
                0x00152098                . = ALIGN (0x4)
 *(.got.plt)
 *(.got)
 *(.data1)
 *(.data .data.* .gnu.linkonce.d.*)
 .data          0x00152098        0x0 C:/Users/tago/Dropbox/OUT/EE52/software/hello_world_2nd_bsp//obj/HAL/src/crt0.o
 .data          0x00152098        0x0 obj/default/hello_world.o
 .data          0x00152098        0x0 c:/altera/13.1/nios2eds/bin/gnu/h-i686-mingw32/bin/../lib/gcc/nios2-elf/4.7.3/../../../../../H-i686-mingw32/nios2-elf/lib\libsmallc.a(lib_a-printf.o)
 .data          0x00152098        0x0 c:/altera/13.1/nios2eds/bin/gnu/h-i686-mingw32/bin/../lib/gcc/nios2-elf/4.7.3/../../../../../H-i686-mingw32/nios2-elf/lib\libsmallc.a(lib_a-puts.o)
 .data          0x00152098        0x0 c:/altera/13.1/nios2eds/bin/gnu/h-i686-mingw32/bin/../lib/gcc/nios2-elf/4.7.3/../../../../../H-i686-mingw32/nios2-elf/lib\libsmallc.a(lib_a-strlen.o)
 .data          0x00152098        0x0 c:/altera/13.1/nios2eds/bin/gnu/h-i686-mingw32/bin/../lib/gcc/nios2-elf/4.7.3/../../../../../H-i686-mingw32/nios2-elf/lib\libsmallc.a(lib_a-vfprintf.o)
 .data          0x00152098        0x0 c:/altera/13.1/nios2eds/bin/gnu/h-i686-mingw32/bin/../lib/gcc/nios2-elf/4.7.3/../../../../../H-i686-mingw32/nios2-elf/lib\libsmallc.a(lib_a-fvwrite_small_dev.o)
 .data          0x00152098       0xe0 c:/altera/13.1/nios2eds/bin/gnu/h-i686-mingw32/bin/../lib/gcc/nios2-elf/4.7.3/../../../../../H-i686-mingw32/nios2-elf/lib\libsmallc.a(lib_a-impure.o)
 .data          0x00152178        0x0 c:/altera/13.1/nios2eds/bin/gnu/h-i686-mingw32/bin/../lib/gcc/nios2-elf/4.7.3/../../../../../H-i686-mingw32/nios2-elf/lib\libsmallc.a(lib_a-writer.o)
 .data          0x00152178        0x0 c:/altera/13.1/nios2eds/bin/gnu/h-i686-mingw32/bin/../lib/gcc/nios2-elf/4.7.3/../../../../../H-i686-mingw32/nios2-elf/lib\libsmallc.a(lib_a-int_errno.o)
 .data          0x00152178        0x0 c:/altera/13.1/nios2eds/bin/gnu/h-i686-mingw32/bin/../lib/gcc/nios2-elf/4.7.3\libgcc.a(lib2-divmod.o)
 .data          0x00152178        0x0 C:/Users/tago/Dropbox/OUT/EE52/software/hello_world_2nd_bsp/\libhal_bsp.a(alt_load.o)
 .data          0x00152178        0x0 C:/Users/tago/Dropbox/OUT/EE52/software/hello_world_2nd_bsp/\libhal_bsp.a(alt_main.o)
 .data          0x00152178        0x0 C:/Users/tago/Dropbox/OUT/EE52/software/hello_world_2nd_bsp/\libhal_bsp.a(alt_write.o)
 .data          0x00152178       0x2c C:/Users/tago/Dropbox/OUT/EE52/software/hello_world_2nd_bsp/\libhal_bsp.a(alt_sys_init.o)
 .data          0x001521a4        0x0 C:/Users/tago/Dropbox/OUT/EE52/software/hello_world_2nd_bsp/\libhal_bsp.a(altera_avalon_jtag_uart_fd.o)
 .data          0x001521a4        0x0 C:/Users/tago/Dropbox/OUT/EE52/software/hello_world_2nd_bsp/\libhal_bsp.a(altera_avalon_jtag_uart_read.o)
 .data          0x001521a4        0x0 C:/Users/tago/Dropbox/OUT/EE52/software/hello_world_2nd_bsp/\libhal_bsp.a(altera_avalon_jtag_uart_write.o)
 .data          0x001521a4        0x0 C:/Users/tago/Dropbox/OUT/EE52/software/hello_world_2nd_bsp/\libhal_bsp.a(alt_close.o)
 .data          0x001521a4        0x0 C:/Users/tago/Dropbox/OUT/EE52/software/hello_world_2nd_bsp/\libhal_bsp.a(alt_dcache_flush_all.o)
 .data          0x001521a4      0x1a8 C:/Users/tago/Dropbox/OUT/EE52/software/hello_world_2nd_bsp/\libhal_bsp.a(alt_dev.o)
                0x001521a4                alt_dev_null
                0x001521cc                alt_fd_list
 .data          0x0015234c        0x0 C:/Users/tago/Dropbox/OUT/EE52/software/hello_world_2nd_bsp/\libhal_bsp.a(alt_dev_llist_insert.o)
 .data          0x0015234c        0x0 C:/Users/tago/Dropbox/OUT/EE52/software/hello_world_2nd_bsp/\libhal_bsp.a(alt_do_ctors.o)
 .data          0x0015234c        0x0 C:/Users/tago/Dropbox/OUT/EE52/software/hello_world_2nd_bsp/\libhal_bsp.a(alt_do_dtors.o)
 .data          0x0015234c        0x0 C:/Users/tago/Dropbox/OUT/EE52/software/hello_world_2nd_bsp/\libhal_bsp.a(alt_errno.o)
 .data          0x0015234c        0x0 C:/Users/tago/Dropbox/OUT/EE52/software/hello_world_2nd_bsp/\libhal_bsp.a(alt_icache_flush_all.o)
 .data          0x0015234c        0x0 C:/Users/tago/Dropbox/OUT/EE52/software/hello_world_2nd_bsp/\libhal_bsp.a(alt_io_redirect.o)
 .data          0x0015234c        0x0 C:/Users/tago/Dropbox/OUT/EE52/software/hello_world_2nd_bsp/\libhal_bsp.a(alt_open.o)
 .data          0x0015234c        0x0 C:/Users/tago/Dropbox/OUT/EE52/software/hello_world_2nd_bsp/\libhal_bsp.a(alt_release_fd.o)
 .data          0x0015234c        0x0 C:/Users/tago/Dropbox/OUT/EE52/software/hello_world_2nd_bsp/\libhal_bsp.a(altera_nios2_qsys_irq.o)
 .data          0x0015234c        0x0 C:/Users/tago/Dropbox/OUT/EE52/software/hello_world_2nd_bsp/\libhal_bsp.a(alt_find_dev.o)
 .data          0x0015234c        0x0 C:/Users/tago/Dropbox/OUT/EE52/software/hello_world_2nd_bsp/\libhal_bsp.a(alt_find_file.o)
 .data          0x0015234c        0x0 C:/Users/tago/Dropbox/OUT/EE52/software/hello_world_2nd_bsp/\libhal_bsp.a(alt_get_fd.o)
 .data          0x0015234c        0x0 C:/Users/tago/Dropbox/OUT/EE52/software/hello_world_2nd_bsp/\libhal_bsp.a(alt_icache_flush.o)
 .data          0x0015234c        0x0 c:/altera/13.1/nios2eds/bin/gnu/h-i686-mingw32/bin/../lib/gcc/nios2-elf/4.7.3/../../../../../H-i686-mingw32/nios2-elf/lib\libsmallc.a(lib_a-atexit.o)
 .data          0x0015234c        0x0 c:/altera/13.1/nios2eds/bin/gnu/h-i686-mingw32/bin/../lib/gcc/nios2-elf/4.7.3/../../../../../H-i686-mingw32/nios2-elf/lib\libsmallc.a(lib_a-exit.o)
 .data          0x0015234c        0x0 c:/altera/13.1/nios2eds/bin/gnu/h-i686-mingw32/bin/../lib/gcc/nios2-elf/4.7.3/../../../../../H-i686-mingw32/nios2-elf/lib\libsmallc.a(lib_a-memcmp.o)
 .data          0x0015234c        0x0 c:/altera/13.1/nios2eds/bin/gnu/h-i686-mingw32/bin/../lib/gcc/nios2-elf/4.7.3/../../../../../H-i686-mingw32/nios2-elf/lib\libsmallc.a(lib_a-__atexit.o)
 .data          0x0015234c        0x0 c:/altera/13.1/nios2eds/bin/gnu/h-i686-mingw32/bin/../lib/gcc/nios2-elf/4.7.3/../../../../../H-i686-mingw32/nios2-elf/lib\libsmallc.a(lib_a-__call_atexit.o)
 .data          0x0015234c        0x0 C:/Users/tago/Dropbox/OUT/EE52/software/hello_world_2nd_bsp/\libhal_bsp.a(alt_exit.o)
                0x0015a34c                _gp = ABSOLUTE ((. + 0x8000))
                0x0015a34c                PROVIDE (gp, _gp)
 *(.rwdata .rwdata.*)
 *(.sdata .sdata.* .gnu.linkonce.s.*)
 .sdata         0x0015234c        0x8 c:/altera/13.1/nios2eds/bin/gnu/h-i686-mingw32/bin/../lib/gcc/nios2-elf/4.7.3/../../../../../H-i686-mingw32/nios2-elf/lib\libsmallc.a(lib_a-impure.o)
                0x0015234c                _global_impure_ptr
                0x00152350                _impure_ptr
 .sdata         0x00152354       0x14 C:/Users/tago/Dropbox/OUT/EE52/software/hello_world_2nd_bsp/\libhal_bsp.a(alt_dev.o)
                0x00152354                alt_fs_list
                0x0015235c                alt_dev_list
                0x00152364                alt_max_fd
 .sdata         0x00152368        0x4 C:/Users/tago/Dropbox/OUT/EE52/software/hello_world_2nd_bsp/\libhal_bsp.a(alt_errno.o)
                0x00152368                alt_errno
 *(.sdata2 .sdata2.* .gnu.linkonce.s2.*)
                0x0015236c                . = ALIGN (0x4)
                0x0015236c                _edata = ABSOLUTE (.)
                0x0015236c                PROVIDE (edata, ABSOLUTE (.))
                0x0015236c                PROVIDE (__ram_rwdata_end, ABSOLUTE (.))
                0x0015236c                PROVIDE (__flash_rwdata_start, LOADADDR (.rwdata))

.bss            0x00152640       0x9c
                0x00152640                __bss_start = ABSOLUTE (.)
                0x00152640                PROVIDE (__sbss_start, ABSOLUTE (.))
                0x00152640                PROVIDE (___sbss_start, ABSOLUTE (.))
 *(.dynsbss)
 *(.sbss .sbss.* .gnu.linkonce.sb.*)
 .sbss          0x00152640        0x4 c:/altera/13.1/nios2eds/bin/gnu/h-i686-mingw32/bin/../lib/gcc/nios2-elf/4.7.3/../../../../../H-i686-mingw32/nios2-elf/lib\libsmallc.a(lib_a-int_errno.o)
                0x00152640                errno
 .sbss          0x00152644        0xc C:/Users/tago/Dropbox/OUT/EE52/software/hello_world_2nd_bsp/\libhal_bsp.a(alt_main.o)
                0x00152644                alt_argc
                0x00152648                alt_argv
                0x0015264c                alt_envp
 *(.sbss2 .sbss2.* .gnu.linkonce.sb2.*)
 *(.scommon)
                0x00152650                PROVIDE (__sbss_end, ABSOLUTE (.))
                0x00152650                PROVIDE (___sbss_end, ABSOLUTE (.))
 *(.dynbss)
 *(.bss .bss.* .gnu.linkonce.b.*)
 .bss           0x00152650        0x0 C:/Users/tago/Dropbox/OUT/EE52/software/hello_world_2nd_bsp//obj/HAL/src/crt0.o
 .bss           0x00152650        0x0 obj/default/hello_world.o
 .bss           0x00152650        0x0 c:/altera/13.1/nios2eds/bin/gnu/h-i686-mingw32/bin/../lib/gcc/nios2-elf/4.7.3/../../../../../H-i686-mingw32/nios2-elf/lib\libsmallc.a(lib_a-printf.o)
 .bss           0x00152650        0x0 c:/altera/13.1/nios2eds/bin/gnu/h-i686-mingw32/bin/../lib/gcc/nios2-elf/4.7.3/../../../../../H-i686-mingw32/nios2-elf/lib\libsmallc.a(lib_a-puts.o)
 .bss           0x00152650        0x0 c:/altera/13.1/nios2eds/bin/gnu/h-i686-mingw32/bin/../lib/gcc/nios2-elf/4.7.3/../../../../../H-i686-mingw32/nios2-elf/lib\libsmallc.a(lib_a-strlen.o)
 .bss           0x00152650        0x0 c:/altera/13.1/nios2eds/bin/gnu/h-i686-mingw32/bin/../lib/gcc/nios2-elf/4.7.3/../../../../../H-i686-mingw32/nios2-elf/lib\libsmallc.a(lib_a-vfprintf.o)
 .bss           0x00152650        0x0 c:/altera/13.1/nios2eds/bin/gnu/h-i686-mingw32/bin/../lib/gcc/nios2-elf/4.7.3/../../../../../H-i686-mingw32/nios2-elf/lib\libsmallc.a(lib_a-fvwrite_small_dev.o)
 .bss           0x00152650        0x0 c:/altera/13.1/nios2eds/bin/gnu/h-i686-mingw32/bin/../lib/gcc/nios2-elf/4.7.3/../../../../../H-i686-mingw32/nios2-elf/lib\libsmallc.a(lib_a-impure.o)
 .bss           0x00152650        0x0 c:/altera/13.1/nios2eds/bin/gnu/h-i686-mingw32/bin/../lib/gcc/nios2-elf/4.7.3/../../../../../H-i686-mingw32/nios2-elf/lib\libsmallc.a(lib_a-writer.o)
 .bss           0x00152650        0x0 c:/altera/13.1/nios2eds/bin/gnu/h-i686-mingw32/bin/../lib/gcc/nios2-elf/4.7.3/../../../../../H-i686-mingw32/nios2-elf/lib\libsmallc.a(lib_a-int_errno.o)
 .bss           0x00152650        0x0 c:/altera/13.1/nios2eds/bin/gnu/h-i686-mingw32/bin/../lib/gcc/nios2-elf/4.7.3\libgcc.a(lib2-divmod.o)
 .bss           0x00152650        0x0 C:/Users/tago/Dropbox/OUT/EE52/software/hello_world_2nd_bsp/\libhal_bsp.a(alt_load.o)
 .bss           0x00152650        0x0 C:/Users/tago/Dropbox/OUT/EE52/software/hello_world_2nd_bsp/\libhal_bsp.a(alt_main.o)
 .bss           0x00152650        0x0 C:/Users/tago/Dropbox/OUT/EE52/software/hello_world_2nd_bsp/\libhal_bsp.a(alt_write.o)
 .bss           0x00152650        0x0 C:/Users/tago/Dropbox/OUT/EE52/software/hello_world_2nd_bsp/\libhal_bsp.a(alt_sys_init.o)
 .bss           0x00152650        0x0 C:/Users/tago/Dropbox/OUT/EE52/software/hello_world_2nd_bsp/\libhal_bsp.a(altera_avalon_jtag_uart_fd.o)
 .bss           0x00152650        0x0 C:/Users/tago/Dropbox/OUT/EE52/software/hello_world_2nd_bsp/\libhal_bsp.a(altera_avalon_jtag_uart_read.o)
 .bss           0x00152650        0x0 C:/Users/tago/Dropbox/OUT/EE52/software/hello_world_2nd_bsp/\libhal_bsp.a(altera_avalon_jtag_uart_write.o)
 .bss           0x00152650        0x0 C:/Users/tago/Dropbox/OUT/EE52/software/hello_world_2nd_bsp/\libhal_bsp.a(alt_close.o)
 .bss           0x00152650        0x0 C:/Users/tago/Dropbox/OUT/EE52/software/hello_world_2nd_bsp/\libhal_bsp.a(alt_dcache_flush_all.o)
 .bss           0x00152650        0x0 C:/Users/tago/Dropbox/OUT/EE52/software/hello_world_2nd_bsp/\libhal_bsp.a(alt_dev.o)
 .bss           0x00152650        0x0 C:/Users/tago/Dropbox/OUT/EE52/software/hello_world_2nd_bsp/\libhal_bsp.a(alt_dev_llist_insert.o)
 .bss           0x00152650        0x0 C:/Users/tago/Dropbox/OUT/EE52/software/hello_world_2nd_bsp/\libhal_bsp.a(alt_do_ctors.o)
 .bss           0x00152650        0x0 C:/Users/tago/Dropbox/OUT/EE52/software/hello_world_2nd_bsp/\libhal_bsp.a(alt_do_dtors.o)
 .bss           0x00152650        0x0 C:/Users/tago/Dropbox/OUT/EE52/software/hello_world_2nd_bsp/\libhal_bsp.a(alt_errno.o)
 .bss           0x00152650        0x0 C:/Users/tago/Dropbox/OUT/EE52/software/hello_world_2nd_bsp/\libhal_bsp.a(alt_icache_flush_all.o)
 .bss           0x00152650        0x0 C:/Users/tago/Dropbox/OUT/EE52/software/hello_world_2nd_bsp/\libhal_bsp.a(alt_io_redirect.o)
 .bss           0x00152650        0x0 C:/Users/tago/Dropbox/OUT/EE52/software/hello_world_2nd_bsp/\libhal_bsp.a(alt_open.o)
 .bss           0x00152650        0x0 C:/Users/tago/Dropbox/OUT/EE52/software/hello_world_2nd_bsp/\libhal_bsp.a(alt_release_fd.o)
 .bss           0x00152650        0x0 C:/Users/tago/Dropbox/OUT/EE52/software/hello_world_2nd_bsp/\libhal_bsp.a(altera_nios2_qsys_irq.o)
 .bss           0x00152650        0x0 C:/Users/tago/Dropbox/OUT/EE52/software/hello_world_2nd_bsp/\libhal_bsp.a(alt_find_dev.o)
 .bss           0x00152650        0x0 C:/Users/tago/Dropbox/OUT/EE52/software/hello_world_2nd_bsp/\libhal_bsp.a(alt_find_file.o)
 .bss           0x00152650        0x0 C:/Users/tago/Dropbox/OUT/EE52/software/hello_world_2nd_bsp/\libhal_bsp.a(alt_get_fd.o)
 .bss           0x00152650        0x0 C:/Users/tago/Dropbox/OUT/EE52/software/hello_world_2nd_bsp/\libhal_bsp.a(alt_icache_flush.o)
 .bss           0x00152650        0x0 c:/altera/13.1/nios2eds/bin/gnu/h-i686-mingw32/bin/../lib/gcc/nios2-elf/4.7.3/../../../../../H-i686-mingw32/nios2-elf/lib\libsmallc.a(lib_a-atexit.o)
 .bss           0x00152650        0x0 c:/altera/13.1/nios2eds/bin/gnu/h-i686-mingw32/bin/../lib/gcc/nios2-elf/4.7.3/../../../../../H-i686-mingw32/nios2-elf/lib\libsmallc.a(lib_a-exit.o)
 .bss           0x00152650        0x0 c:/altera/13.1/nios2eds/bin/gnu/h-i686-mingw32/bin/../lib/gcc/nios2-elf/4.7.3/../../../../../H-i686-mingw32/nios2-elf/lib\libsmallc.a(lib_a-memcmp.o)
 .bss           0x00152650        0x0 c:/altera/13.1/nios2eds/bin/gnu/h-i686-mingw32/bin/../lib/gcc/nios2-elf/4.7.3/../../../../../H-i686-mingw32/nios2-elf/lib\libsmallc.a(lib_a-__atexit.o)
 .bss           0x00152650        0x0 c:/altera/13.1/nios2eds/bin/gnu/h-i686-mingw32/bin/../lib/gcc/nios2-elf/4.7.3/../../../../../H-i686-mingw32/nios2-elf/lib\libsmallc.a(lib_a-__call_atexit.o)
 .bss           0x00152650        0x0 C:/Users/tago/Dropbox/OUT/EE52/software/hello_world_2nd_bsp/\libhal_bsp.a(alt_exit.o)
 *(COMMON)
 COMMON         0x00152650       0x8c c:/altera/13.1/nios2eds/bin/gnu/h-i686-mingw32/bin/../lib/gcc/nios2-elf/4.7.3/../../../../../H-i686-mingw32/nios2-elf/lib\libsmallc.a(lib_a-atexit.o)
                0x00152650                _atexit0
                0x001526dc                . = ALIGN (0x4)
                0x001526dc                __bss_end = ABSOLUTE (.)

.rom            0x00080000        0x0 load address 0x001526dc
                0x00080000                PROVIDE (_alt_partition_rom_start, ABSOLUTE (.))
 *(.rom .rom. rom.*)
                0x00080000                . = ALIGN (0x4)
                0x00080000                PROVIDE (_alt_partition_rom_end, ABSOLUTE (.))
                0x001526dc                PROVIDE (_alt_partition_rom_load_addr, LOADADDR (.rom))

.ram            0x00120000        0x0 load address 0x001526dc
                0x00120000                PROVIDE (_alt_partition_ram_start, ABSOLUTE (.))
 *(.ram .ram. ram.*)
                0x00120000                . = ALIGN (0x4)
                0x00120000                PROVIDE (_alt_partition_ram_end, ABSOLUTE (.))
                0x001526dc                PROVIDE (_alt_partition_ram_load_addr, LOADADDR (.ram))

.temp_ram       0x001526dc        0x0
                0x001526dc                PROVIDE (_alt_partition_temp_ram_start, ABSOLUTE (.))
 *(.temp_ram .temp_ram. temp_ram.*)
                0x001526dc                . = ALIGN (0x4)
                0x001526dc                PROVIDE (_alt_partition_temp_ram_end, ABSOLUTE (.))
                0x001526dc                _end = ABSOLUTE (.)
                0x001526dc                end = ABSOLUTE (.)
                0x001526dc                __alt_stack_base = ABSOLUTE (.)
                0x001526dc                PROVIDE (_alt_partition_temp_ram_load_addr, LOADADDR (.temp_ram))

.stab
 *(.stab)

.stabstr
 *(.stabstr)

.stab.excl
 *(.stab.excl)

.stab.exclstr
 *(.stab.exclstr)

.stab.index
 *(.stab.index)

.stab.indexstr
 *(.stab.indexstr)

.comment        0x00000000       0x23
 *(.comment)
 .comment       0x00000000       0x23 obj/default/hello_world.o
                                 0x24 (size before relaxing)
 .comment       0x00000000       0x24 c:/altera/13.1/nios2eds/bin/gnu/h-i686-mingw32/bin/../lib/gcc/nios2-elf/4.7.3/../../../../../H-i686-mingw32/nios2-elf/lib\libsmallc.a(lib_a-printf.o)
 .comment       0x00000000       0x24 c:/altera/13.1/nios2eds/bin/gnu/h-i686-mingw32/bin/../lib/gcc/nios2-elf/4.7.3/../../../../../H-i686-mingw32/nios2-elf/lib\libsmallc.a(lib_a-puts.o)
 .comment       0x00000000       0x24 c:/altera/13.1/nios2eds/bin/gnu/h-i686-mingw32/bin/../lib/gcc/nios2-elf/4.7.3/../../../../../H-i686-mingw32/nios2-elf/lib\libsmallc.a(lib_a-strlen.o)
 .comment       0x00000000       0x24 c:/altera/13.1/nios2eds/bin/gnu/h-i686-mingw32/bin/../lib/gcc/nios2-elf/4.7.3/../../../../../H-i686-mingw32/nios2-elf/lib\libsmallc.a(lib_a-vfprintf.o)
 .comment       0x00000000       0x24 c:/altera/13.1/nios2eds/bin/gnu/h-i686-mingw32/bin/../lib/gcc/nios2-elf/4.7.3/../../../../../H-i686-mingw32/nios2-elf/lib\libsmallc.a(lib_a-fvwrite_small_dev.o)
 .comment       0x00000000       0x24 c:/altera/13.1/nios2eds/bin/gnu/h-i686-mingw32/bin/../lib/gcc/nios2-elf/4.7.3/../../../../../H-i686-mingw32/nios2-elf/lib\libsmallc.a(lib_a-impure.o)
 .comment       0x00000000       0x24 c:/altera/13.1/nios2eds/bin/gnu/h-i686-mingw32/bin/../lib/gcc/nios2-elf/4.7.3/../../../../../H-i686-mingw32/nios2-elf/lib\libsmallc.a(lib_a-writer.o)
 .comment       0x00000000       0x24 c:/altera/13.1/nios2eds/bin/gnu/h-i686-mingw32/bin/../lib/gcc/nios2-elf/4.7.3/../../../../../H-i686-mingw32/nios2-elf/lib\libsmallc.a(lib_a-int_errno.o)
 .comment       0x00000000       0x24 c:/altera/13.1/nios2eds/bin/gnu/h-i686-mingw32/bin/../lib/gcc/nios2-elf/4.7.3\libgcc.a(lib2-divmod.o)
 .comment       0x00000000       0x24 C:/Users/tago/Dropbox/OUT/EE52/software/hello_world_2nd_bsp/\libhal_bsp.a(alt_load.o)
 .comment       0x00000000       0x24 C:/Users/tago/Dropbox/OUT/EE52/software/hello_world_2nd_bsp/\libhal_bsp.a(alt_main.o)
 .comment       0x00000000       0x24 C:/Users/tago/Dropbox/OUT/EE52/software/hello_world_2nd_bsp/\libhal_bsp.a(alt_write.o)
 .comment       0x00000000       0x24 C:/Users/tago/Dropbox/OUT/EE52/software/hello_world_2nd_bsp/\libhal_bsp.a(alt_sys_init.o)
 .comment       0x00000000       0x24 C:/Users/tago/Dropbox/OUT/EE52/software/hello_world_2nd_bsp/\libhal_bsp.a(altera_avalon_jtag_uart_fd.o)
 .comment       0x00000000       0x24 C:/Users/tago/Dropbox/OUT/EE52/software/hello_world_2nd_bsp/\libhal_bsp.a(altera_avalon_jtag_uart_read.o)
 .comment       0x00000000       0x24 C:/Users/tago/Dropbox/OUT/EE52/software/hello_world_2nd_bsp/\libhal_bsp.a(altera_avalon_jtag_uart_write.o)
 .comment       0x00000000       0x24 C:/Users/tago/Dropbox/OUT/EE52/software/hello_world_2nd_bsp/\libhal_bsp.a(alt_close.o)
 .comment       0x00000000       0x24 C:/Users/tago/Dropbox/OUT/EE52/software/hello_world_2nd_bsp/\libhal_bsp.a(alt_dcache_flush_all.o)
 .comment       0x00000000       0x24 C:/Users/tago/Dropbox/OUT/EE52/software/hello_world_2nd_bsp/\libhal_bsp.a(alt_dev.o)
 .comment       0x00000000       0x24 C:/Users/tago/Dropbox/OUT/EE52/software/hello_world_2nd_bsp/\libhal_bsp.a(alt_dev_llist_insert.o)
 .comment       0x00000000       0x24 C:/Users/tago/Dropbox/OUT/EE52/software/hello_world_2nd_bsp/\libhal_bsp.a(alt_do_ctors.o)
 .comment       0x00000000       0x24 C:/Users/tago/Dropbox/OUT/EE52/software/hello_world_2nd_bsp/\libhal_bsp.a(alt_do_dtors.o)
 .comment       0x00000000       0x24 C:/Users/tago/Dropbox/OUT/EE52/software/hello_world_2nd_bsp/\libhal_bsp.a(alt_errno.o)
 .comment       0x00000000       0x24 C:/Users/tago/Dropbox/OUT/EE52/software/hello_world_2nd_bsp/\libhal_bsp.a(alt_icache_flush_all.o)
 .comment       0x00000000       0x24 C:/Users/tago/Dropbox/OUT/EE52/software/hello_world_2nd_bsp/\libhal_bsp.a(alt_io_redirect.o)
 .comment       0x00000000       0x24 C:/Users/tago/Dropbox/OUT/EE52/software/hello_world_2nd_bsp/\libhal_bsp.a(alt_open.o)
 .comment       0x00000000       0x24 C:/Users/tago/Dropbox/OUT/EE52/software/hello_world_2nd_bsp/\libhal_bsp.a(alt_release_fd.o)
 .comment       0x00000000       0x24 C:/Users/tago/Dropbox/OUT/EE52/software/hello_world_2nd_bsp/\libhal_bsp.a(altera_nios2_qsys_irq.o)
 .comment       0x00000000       0x24 C:/Users/tago/Dropbox/OUT/EE52/software/hello_world_2nd_bsp/\libhal_bsp.a(alt_find_dev.o)
 .comment       0x00000000       0x24 C:/Users/tago/Dropbox/OUT/EE52/software/hello_world_2nd_bsp/\libhal_bsp.a(alt_find_file.o)
 .comment       0x00000000       0x24 C:/Users/tago/Dropbox/OUT/EE52/software/hello_world_2nd_bsp/\libhal_bsp.a(alt_get_fd.o)
 .comment       0x00000000       0x24 C:/Users/tago/Dropbox/OUT/EE52/software/hello_world_2nd_bsp/\libhal_bsp.a(alt_icache_flush.o)
 .comment       0x00000000       0x24 c:/altera/13.1/nios2eds/bin/gnu/h-i686-mingw32/bin/../lib/gcc/nios2-elf/4.7.3/../../../../../H-i686-mingw32/nios2-elf/lib\libsmallc.a(lib_a-atexit.o)
 .comment       0x00000000       0x24 c:/altera/13.1/nios2eds/bin/gnu/h-i686-mingw32/bin/../lib/gcc/nios2-elf/4.7.3/../../../../../H-i686-mingw32/nios2-elf/lib\libsmallc.a(lib_a-exit.o)
 .comment       0x00000000       0x24 c:/altera/13.1/nios2eds/bin/gnu/h-i686-mingw32/bin/../lib/gcc/nios2-elf/4.7.3/../../../../../H-i686-mingw32/nios2-elf/lib\libsmallc.a(lib_a-memcmp.o)
 .comment       0x00000000       0x24 c:/altera/13.1/nios2eds/bin/gnu/h-i686-mingw32/bin/../lib/gcc/nios2-elf/4.7.3/../../../../../H-i686-mingw32/nios2-elf/lib\libsmallc.a(lib_a-__atexit.o)
 .comment       0x00000000       0x24 c:/altera/13.1/nios2eds/bin/gnu/h-i686-mingw32/bin/../lib/gcc/nios2-elf/4.7.3/../../../../../H-i686-mingw32/nios2-elf/lib\libsmallc.a(lib_a-__call_atexit.o)
 .comment       0x00000000       0x24 C:/Users/tago/Dropbox/OUT/EE52/software/hello_world_2nd_bsp/\libhal_bsp.a(alt_exit.o)

.debug
 *(.debug)

.line
 *(.line)

.debug_srcinfo
 *(.debug_srcinfo)

.debug_sfnames
 *(.debug_sfnames)

.debug_aranges  0x00000000      0x4f0
 *(.debug_aranges)
 .debug_aranges
                0x00000000       0x28 C:/Users/tago/Dropbox/OUT/EE52/software/hello_world_2nd_bsp//obj/HAL/src/crt0.o
 .debug_aranges
                0x00000028       0x20 obj/default/hello_world.o
 .debug_aranges
                0x00000048       0x20 c:/altera/13.1/nios2eds/bin/gnu/h-i686-mingw32/bin/../lib/gcc/nios2-elf/4.7.3/../../../../../H-i686-mingw32/nios2-elf/lib\libsmallc.a(lib_a-printf.o)
 .debug_aranges
                0x00000068       0x20 c:/altera/13.1/nios2eds/bin/gnu/h-i686-mingw32/bin/../lib/gcc/nios2-elf/4.7.3/../../../../../H-i686-mingw32/nios2-elf/lib\libsmallc.a(lib_a-puts.o)
 .debug_aranges
                0x00000088       0x20 c:/altera/13.1/nios2eds/bin/gnu/h-i686-mingw32/bin/../lib/gcc/nios2-elf/4.7.3/../../../../../H-i686-mingw32/nios2-elf/lib\libsmallc.a(lib_a-strlen.o)
 .debug_aranges
                0x000000a8       0x20 c:/altera/13.1/nios2eds/bin/gnu/h-i686-mingw32/bin/../lib/gcc/nios2-elf/4.7.3/../../../../../H-i686-mingw32/nios2-elf/lib\libsmallc.a(lib_a-vfprintf.o)
 .debug_aranges
                0x000000c8       0x20 c:/altera/13.1/nios2eds/bin/gnu/h-i686-mingw32/bin/../lib/gcc/nios2-elf/4.7.3/../../../../../H-i686-mingw32/nios2-elf/lib\libsmallc.a(lib_a-fvwrite_small_dev.o)
 .debug_aranges
                0x000000e8       0x18 c:/altera/13.1/nios2eds/bin/gnu/h-i686-mingw32/bin/../lib/gcc/nios2-elf/4.7.3/../../../../../H-i686-mingw32/nios2-elf/lib\libsmallc.a(lib_a-impure.o)
 .debug_aranges
                0x00000100       0x20 c:/altera/13.1/nios2eds/bin/gnu/h-i686-mingw32/bin/../lib/gcc/nios2-elf/4.7.3/../../../../../H-i686-mingw32/nios2-elf/lib\libsmallc.a(lib_a-writer.o)
 .debug_aranges
                0x00000120       0x18 c:/altera/13.1/nios2eds/bin/gnu/h-i686-mingw32/bin/../lib/gcc/nios2-elf/4.7.3/../../../../../H-i686-mingw32/nios2-elf/lib\libsmallc.a(lib_a-int_errno.o)
 .debug_aranges
                0x00000138       0x20 c:/altera/13.1/nios2eds/bin/gnu/h-i686-mingw32/bin/../lib/gcc/nios2-elf/4.7.3\libgcc.a(lib2-divmod.o)
 .debug_aranges
                0x00000158       0x20 C:/Users/tago/Dropbox/OUT/EE52/software/hello_world_2nd_bsp/\libhal_bsp.a(alt_load.o)
 .debug_aranges
                0x00000178       0x20 C:/Users/tago/Dropbox/OUT/EE52/software/hello_world_2nd_bsp/\libhal_bsp.a(alt_main.o)
 .debug_aranges
                0x00000198       0x20 C:/Users/tago/Dropbox/OUT/EE52/software/hello_world_2nd_bsp/\libhal_bsp.a(alt_write.o)
 .debug_aranges
                0x000001b8       0x20 C:/Users/tago/Dropbox/OUT/EE52/software/hello_world_2nd_bsp/\libhal_bsp.a(alt_sys_init.o)
 .debug_aranges
                0x000001d8       0x20 C:/Users/tago/Dropbox/OUT/EE52/software/hello_world_2nd_bsp/\libhal_bsp.a(altera_avalon_jtag_uart_fd.o)
 .debug_aranges
                0x000001f8       0x20 C:/Users/tago/Dropbox/OUT/EE52/software/hello_world_2nd_bsp/\libhal_bsp.a(altera_avalon_jtag_uart_read.o)
 .debug_aranges
                0x00000218       0x20 C:/Users/tago/Dropbox/OUT/EE52/software/hello_world_2nd_bsp/\libhal_bsp.a(altera_avalon_jtag_uart_write.o)
 .debug_aranges
                0x00000238       0x20 C:/Users/tago/Dropbox/OUT/EE52/software/hello_world_2nd_bsp/\libhal_bsp.a(alt_close.o)
 .debug_aranges
                0x00000258       0x20 C:/Users/tago/Dropbox/OUT/EE52/software/hello_world_2nd_bsp/\libhal_bsp.a(alt_dcache_flush_all.o)
 .debug_aranges
                0x00000278       0x20 C:/Users/tago/Dropbox/OUT/EE52/software/hello_world_2nd_bsp/\libhal_bsp.a(alt_dev.o)
 .debug_aranges
                0x00000298       0x20 C:/Users/tago/Dropbox/OUT/EE52/software/hello_world_2nd_bsp/\libhal_bsp.a(alt_dev_llist_insert.o)
 .debug_aranges
                0x000002b8       0x20 C:/Users/tago/Dropbox/OUT/EE52/software/hello_world_2nd_bsp/\libhal_bsp.a(alt_do_ctors.o)
 .debug_aranges
                0x000002d8       0x20 C:/Users/tago/Dropbox/OUT/EE52/software/hello_world_2nd_bsp/\libhal_bsp.a(alt_do_dtors.o)
 .debug_aranges
                0x000002f8       0x18 C:/Users/tago/Dropbox/OUT/EE52/software/hello_world_2nd_bsp/\libhal_bsp.a(alt_errno.o)
 .debug_aranges
                0x00000310       0x20 C:/Users/tago/Dropbox/OUT/EE52/software/hello_world_2nd_bsp/\libhal_bsp.a(alt_icache_flush_all.o)
 .debug_aranges
                0x00000330       0x20 C:/Users/tago/Dropbox/OUT/EE52/software/hello_world_2nd_bsp/\libhal_bsp.a(alt_io_redirect.o)
 .debug_aranges
                0x00000350       0x20 C:/Users/tago/Dropbox/OUT/EE52/software/hello_world_2nd_bsp/\libhal_bsp.a(alt_open.o)
 .debug_aranges
                0x00000370       0x20 C:/Users/tago/Dropbox/OUT/EE52/software/hello_world_2nd_bsp/\libhal_bsp.a(alt_release_fd.o)
 .debug_aranges
                0x00000390       0x20 C:/Users/tago/Dropbox/OUT/EE52/software/hello_world_2nd_bsp/\libhal_bsp.a(altera_nios2_qsys_irq.o)
 .debug_aranges
                0x000003b0       0x20 C:/Users/tago/Dropbox/OUT/EE52/software/hello_world_2nd_bsp/\libhal_bsp.a(alt_find_dev.o)
 .debug_aranges
                0x000003d0       0x20 C:/Users/tago/Dropbox/OUT/EE52/software/hello_world_2nd_bsp/\libhal_bsp.a(alt_find_file.o)
 .debug_aranges
                0x000003f0       0x20 C:/Users/tago/Dropbox/OUT/EE52/software/hello_world_2nd_bsp/\libhal_bsp.a(alt_get_fd.o)
 .debug_aranges
                0x00000410       0x20 C:/Users/tago/Dropbox/OUT/EE52/software/hello_world_2nd_bsp/\libhal_bsp.a(alt_icache_flush.o)
 .debug_aranges
                0x00000430       0x20 c:/altera/13.1/nios2eds/bin/gnu/h-i686-mingw32/bin/../lib/gcc/nios2-elf/4.7.3/../../../../../H-i686-mingw32/nios2-elf/lib\libsmallc.a(lib_a-atexit.o)
 .debug_aranges
                0x00000450       0x20 c:/altera/13.1/nios2eds/bin/gnu/h-i686-mingw32/bin/../lib/gcc/nios2-elf/4.7.3/../../../../../H-i686-mingw32/nios2-elf/lib\libsmallc.a(lib_a-exit.o)
 .debug_aranges
                0x00000470       0x20 c:/altera/13.1/nios2eds/bin/gnu/h-i686-mingw32/bin/../lib/gcc/nios2-elf/4.7.3/../../../../../H-i686-mingw32/nios2-elf/lib\libsmallc.a(lib_a-memcmp.o)
 .debug_aranges
                0x00000490       0x20 c:/altera/13.1/nios2eds/bin/gnu/h-i686-mingw32/bin/../lib/gcc/nios2-elf/4.7.3/../../../../../H-i686-mingw32/nios2-elf/lib\libsmallc.a(lib_a-__atexit.o)
 .debug_aranges
                0x000004b0       0x20 c:/altera/13.1/nios2eds/bin/gnu/h-i686-mingw32/bin/../lib/gcc/nios2-elf/4.7.3/../../../../../H-i686-mingw32/nios2-elf/lib\libsmallc.a(lib_a-__call_atexit.o)
 .debug_aranges
                0x000004d0       0x20 C:/Users/tago/Dropbox/OUT/EE52/software/hello_world_2nd_bsp/\libhal_bsp.a(alt_exit.o)

.debug_pubnames
 *(.debug_pubnames)

.debug_info     0x00000000     0x7c5d
 *(.debug_info .gnu.linkonce.wi.*)
 .debug_info    0x00000000       0x70 C:/Users/tago/Dropbox/OUT/EE52/software/hello_world_2nd_bsp//obj/HAL/src/crt0.o
 .debug_info    0x00000070       0xc0 obj/default/hello_world.o
 .debug_info    0x00000130      0x765 c:/altera/13.1/nios2eds/bin/gnu/h-i686-mingw32/bin/../lib/gcc/nios2-elf/4.7.3/../../../../../H-i686-mingw32/nios2-elf/lib\libsmallc.a(lib_a-printf.o)
 .debug_info    0x00000895      0x6f4 c:/altera/13.1/nios2eds/bin/gnu/h-i686-mingw32/bin/../lib/gcc/nios2-elf/4.7.3/../../../../../H-i686-mingw32/nios2-elf/lib\libsmallc.a(lib_a-puts.o)
 .debug_info    0x00000f89       0xc6 c:/altera/13.1/nios2eds/bin/gnu/h-i686-mingw32/bin/../lib/gcc/nios2-elf/4.7.3/../../../../../H-i686-mingw32/nios2-elf/lib\libsmallc.a(lib_a-strlen.o)
 .debug_info    0x0000104f      0xc5d c:/altera/13.1/nios2eds/bin/gnu/h-i686-mingw32/bin/../lib/gcc/nios2-elf/4.7.3/../../../../../H-i686-mingw32/nios2-elf/lib\libsmallc.a(lib_a-vfprintf.o)
 .debug_info    0x00001cac      0x6d9 c:/altera/13.1/nios2eds/bin/gnu/h-i686-mingw32/bin/../lib/gcc/nios2-elf/4.7.3/../../../../../H-i686-mingw32/nios2-elf/lib\libsmallc.a(lib_a-fvwrite_small_dev.o)
 .debug_info    0x00002385      0x631 c:/altera/13.1/nios2eds/bin/gnu/h-i686-mingw32/bin/../lib/gcc/nios2-elf/4.7.3/../../../../../H-i686-mingw32/nios2-elf/lib\libsmallc.a(lib_a-impure.o)
 .debug_info    0x000029b6      0x6cb c:/altera/13.1/nios2eds/bin/gnu/h-i686-mingw32/bin/../lib/gcc/nios2-elf/4.7.3/../../../../../H-i686-mingw32/nios2-elf/lib\libsmallc.a(lib_a-writer.o)
 .debug_info    0x00003081       0x84 c:/altera/13.1/nios2eds/bin/gnu/h-i686-mingw32/bin/../lib/gcc/nios2-elf/4.7.3/../../../../../H-i686-mingw32/nios2-elf/lib\libsmallc.a(lib_a-int_errno.o)
 .debug_info    0x00003105      0x289 c:/altera/13.1/nios2eds/bin/gnu/h-i686-mingw32/bin/../lib/gcc/nios2-elf/4.7.3\libgcc.a(lib2-divmod.o)
 .debug_info    0x0000338e      0x135 C:/Users/tago/Dropbox/OUT/EE52/software/hello_world_2nd_bsp/\libhal_bsp.a(alt_load.o)
 .debug_info    0x000034c3      0x139 C:/Users/tago/Dropbox/OUT/EE52/software/hello_world_2nd_bsp/\libhal_bsp.a(alt_main.o)
 .debug_info    0x000035fc      0x507 C:/Users/tago/Dropbox/OUT/EE52/software/hello_world_2nd_bsp/\libhal_bsp.a(alt_write.o)
 .debug_info    0x00003b03      0x406 C:/Users/tago/Dropbox/OUT/EE52/software/hello_world_2nd_bsp/\libhal_bsp.a(alt_sys_init.o)
 .debug_info    0x00003f09      0x3da C:/Users/tago/Dropbox/OUT/EE52/software/hello_world_2nd_bsp/\libhal_bsp.a(altera_avalon_jtag_uart_fd.o)
 .debug_info    0x000042e3      0x1bc C:/Users/tago/Dropbox/OUT/EE52/software/hello_world_2nd_bsp/\libhal_bsp.a(altera_avalon_jtag_uart_read.o)
 .debug_info    0x0000449f      0x19f C:/Users/tago/Dropbox/OUT/EE52/software/hello_world_2nd_bsp/\libhal_bsp.a(altera_avalon_jtag_uart_write.o)
 .debug_info    0x0000463e      0x350 C:/Users/tago/Dropbox/OUT/EE52/software/hello_world_2nd_bsp/\libhal_bsp.a(alt_close.o)
 .debug_info    0x0000498e       0xa3 C:/Users/tago/Dropbox/OUT/EE52/software/hello_world_2nd_bsp/\libhal_bsp.a(alt_dcache_flush_all.o)
 .debug_info    0x00004a31      0x4e3 C:/Users/tago/Dropbox/OUT/EE52/software/hello_world_2nd_bsp/\libhal_bsp.a(alt_dev.o)
 .debug_info    0x00004f14      0x1b9 C:/Users/tago/Dropbox/OUT/EE52/software/hello_world_2nd_bsp/\libhal_bsp.a(alt_dev_llist_insert.o)
 .debug_info    0x000050cd       0x8d C:/Users/tago/Dropbox/OUT/EE52/software/hello_world_2nd_bsp/\libhal_bsp.a(alt_do_ctors.o)
 .debug_info    0x0000515a       0x8d C:/Users/tago/Dropbox/OUT/EE52/software/hello_world_2nd_bsp/\libhal_bsp.a(alt_do_dtors.o)
 .debug_info    0x000051e7       0xa3 C:/Users/tago/Dropbox/OUT/EE52/software/hello_world_2nd_bsp/\libhal_bsp.a(alt_errno.o)
 .debug_info    0x0000528a       0x90 C:/Users/tago/Dropbox/OUT/EE52/software/hello_world_2nd_bsp/\libhal_bsp.a(alt_icache_flush_all.o)
 .debug_info    0x0000531a      0x4f0 C:/Users/tago/Dropbox/OUT/EE52/software/hello_world_2nd_bsp/\libhal_bsp.a(alt_io_redirect.o)
 .debug_info    0x0000580a      0x3f0 C:/Users/tago/Dropbox/OUT/EE52/software/hello_world_2nd_bsp/\libhal_bsp.a(alt_open.o)
 .debug_info    0x00005bfa      0x2dd C:/Users/tago/Dropbox/OUT/EE52/software/hello_world_2nd_bsp/\libhal_bsp.a(alt_release_fd.o)
 .debug_info    0x00005ed7       0x90 C:/Users/tago/Dropbox/OUT/EE52/software/hello_world_2nd_bsp/\libhal_bsp.a(altera_nios2_qsys_irq.o)
 .debug_info    0x00005f67      0x30d C:/Users/tago/Dropbox/OUT/EE52/software/hello_world_2nd_bsp/\libhal_bsp.a(alt_find_dev.o)
 .debug_info    0x00006274      0x30c C:/Users/tago/Dropbox/OUT/EE52/software/hello_world_2nd_bsp/\libhal_bsp.a(alt_find_file.o)
 .debug_info    0x00006580      0x339 C:/Users/tago/Dropbox/OUT/EE52/software/hello_world_2nd_bsp/\libhal_bsp.a(alt_get_fd.o)
 .debug_info    0x000068b9       0xda C:/Users/tago/Dropbox/OUT/EE52/software/hello_world_2nd_bsp/\libhal_bsp.a(alt_icache_flush.o)
 .debug_info    0x00006993      0x1eb c:/altera/13.1/nios2eds/bin/gnu/h-i686-mingw32/bin/../lib/gcc/nios2-elf/4.7.3/../../../../../H-i686-mingw32/nios2-elf/lib\libsmallc.a(lib_a-atexit.o)
 .debug_info    0x00006b7e       0xf8 c:/altera/13.1/nios2eds/bin/gnu/h-i686-mingw32/bin/../lib/gcc/nios2-elf/4.7.3/../../../../../H-i686-mingw32/nios2-elf/lib\libsmallc.a(lib_a-exit.o)
 .debug_info    0x00006c76       0xf1 c:/altera/13.1/nios2eds/bin/gnu/h-i686-mingw32/bin/../lib/gcc/nios2-elf/4.7.3/../../../../../H-i686-mingw32/nios2-elf/lib\libsmallc.a(lib_a-memcmp.o)
 .debug_info    0x00006d67      0x6fc c:/altera/13.1/nios2eds/bin/gnu/h-i686-mingw32/bin/../lib/gcc/nios2-elf/4.7.3/../../../../../H-i686-mingw32/nios2-elf/lib\libsmallc.a(lib_a-__atexit.o)
 .debug_info    0x00007463      0x70e c:/altera/13.1/nios2eds/bin/gnu/h-i686-mingw32/bin/../lib/gcc/nios2-elf/4.7.3/../../../../../H-i686-mingw32/nios2-elf/lib\libsmallc.a(lib_a-__call_atexit.o)
 .debug_info    0x00007b71       0xec C:/Users/tago/Dropbox/OUT/EE52/software/hello_world_2nd_bsp/\libhal_bsp.a(alt_exit.o)

.debug_abbrev   0x00000000     0x267a
 *(.debug_abbrev)
 .debug_abbrev  0x00000000       0x12 C:/Users/tago/Dropbox/OUT/EE52/software/hello_world_2nd_bsp//obj/HAL/src/crt0.o
 .debug_abbrev  0x00000012       0x69 obj/default/hello_world.o
 .debug_abbrev  0x0000007b      0x1e2 c:/altera/13.1/nios2eds/bin/gnu/h-i686-mingw32/bin/../lib/gcc/nios2-elf/4.7.3/../../../../../H-i686-mingw32/nios2-elf/lib\libsmallc.a(lib_a-printf.o)
 .debug_abbrev  0x0000025d      0x1d4 c:/altera/13.1/nios2eds/bin/gnu/h-i686-mingw32/bin/../lib/gcc/nios2-elf/4.7.3/../../../../../H-i686-mingw32/nios2-elf/lib\libsmallc.a(lib_a-puts.o)
 .debug_abbrev  0x00000431       0x7f c:/altera/13.1/nios2eds/bin/gnu/h-i686-mingw32/bin/../lib/gcc/nios2-elf/4.7.3/../../../../../H-i686-mingw32/nios2-elf/lib\libsmallc.a(lib_a-strlen.o)
 .debug_abbrev  0x000004b0      0x2db c:/altera/13.1/nios2eds/bin/gnu/h-i686-mingw32/bin/../lib/gcc/nios2-elf/4.7.3/../../../../../H-i686-mingw32/nios2-elf/lib\libsmallc.a(lib_a-vfprintf.o)
 .debug_abbrev  0x0000078b      0x1a8 c:/altera/13.1/nios2eds/bin/gnu/h-i686-mingw32/bin/../lib/gcc/nios2-elf/4.7.3/../../../../../H-i686-mingw32/nios2-elf/lib\libsmallc.a(lib_a-fvwrite_small_dev.o)
 .debug_abbrev  0x00000933      0x13b c:/altera/13.1/nios2eds/bin/gnu/h-i686-mingw32/bin/../lib/gcc/nios2-elf/4.7.3/../../../../../H-i686-mingw32/nios2-elf/lib\libsmallc.a(lib_a-impure.o)
 .debug_abbrev  0x00000a6e      0x199 c:/altera/13.1/nios2eds/bin/gnu/h-i686-mingw32/bin/../lib/gcc/nios2-elf/4.7.3/../../../../../H-i686-mingw32/nios2-elf/lib\libsmallc.a(lib_a-writer.o)
 .debug_abbrev  0x00000c07       0x37 c:/altera/13.1/nios2eds/bin/gnu/h-i686-mingw32/bin/../lib/gcc/nios2-elf/4.7.3/../../../../../H-i686-mingw32/nios2-elf/lib\libsmallc.a(lib_a-int_errno.o)
 .debug_abbrev  0x00000c3e      0x112 c:/altera/13.1/nios2eds/bin/gnu/h-i686-mingw32/bin/../lib/gcc/nios2-elf/4.7.3\libgcc.a(lib2-divmod.o)
 .debug_abbrev  0x00000d50       0x9d C:/Users/tago/Dropbox/OUT/EE52/software/hello_world_2nd_bsp/\libhal_bsp.a(alt_load.o)
 .debug_abbrev  0x00000ded       0xba C:/Users/tago/Dropbox/OUT/EE52/software/hello_world_2nd_bsp/\libhal_bsp.a(alt_main.o)
 .debug_abbrev  0x00000ea7      0x133 C:/Users/tago/Dropbox/OUT/EE52/software/hello_world_2nd_bsp/\libhal_bsp.a(alt_write.o)
 .debug_abbrev  0x00000fda      0x155 C:/Users/tago/Dropbox/OUT/EE52/software/hello_world_2nd_bsp/\libhal_bsp.a(alt_sys_init.o)
 .debug_abbrev  0x0000112f       0xf7 C:/Users/tago/Dropbox/OUT/EE52/software/hello_world_2nd_bsp/\libhal_bsp.a(altera_avalon_jtag_uart_fd.o)
 .debug_abbrev  0x00001226       0xd5 C:/Users/tago/Dropbox/OUT/EE52/software/hello_world_2nd_bsp/\libhal_bsp.a(altera_avalon_jtag_uart_read.o)
 .debug_abbrev  0x000012fb       0xd5 C:/Users/tago/Dropbox/OUT/EE52/software/hello_world_2nd_bsp/\libhal_bsp.a(altera_avalon_jtag_uart_write.o)
 .debug_abbrev  0x000013d0      0x11f C:/Users/tago/Dropbox/OUT/EE52/software/hello_world_2nd_bsp/\libhal_bsp.a(alt_close.o)
 .debug_abbrev  0x000014ef       0x5a C:/Users/tago/Dropbox/OUT/EE52/software/hello_world_2nd_bsp/\libhal_bsp.a(alt_dcache_flush_all.o)
 .debug_abbrev  0x00001549       0xd9 C:/Users/tago/Dropbox/OUT/EE52/software/hello_world_2nd_bsp/\libhal_bsp.a(alt_dev.o)
 .debug_abbrev  0x00001622      0x114 C:/Users/tago/Dropbox/OUT/EE52/software/hello_world_2nd_bsp/\libhal_bsp.a(alt_dev_llist_insert.o)
 .debug_abbrev  0x00001736       0x79 C:/Users/tago/Dropbox/OUT/EE52/software/hello_world_2nd_bsp/\libhal_bsp.a(alt_do_ctors.o)
 .debug_abbrev  0x000017af       0x79 C:/Users/tago/Dropbox/OUT/EE52/software/hello_world_2nd_bsp/\libhal_bsp.a(alt_do_dtors.o)
 .debug_abbrev  0x00001828       0x5a C:/Users/tago/Dropbox/OUT/EE52/software/hello_world_2nd_bsp/\libhal_bsp.a(alt_errno.o)
 .debug_abbrev  0x00001882       0x42 C:/Users/tago/Dropbox/OUT/EE52/software/hello_world_2nd_bsp/\libhal_bsp.a(alt_icache_flush_all.o)
 .debug_abbrev  0x000018c4      0x114 C:/Users/tago/Dropbox/OUT/EE52/software/hello_world_2nd_bsp/\libhal_bsp.a(alt_io_redirect.o)
 .debug_abbrev  0x000019d8      0x148 C:/Users/tago/Dropbox/OUT/EE52/software/hello_world_2nd_bsp/\libhal_bsp.a(alt_open.o)
 .debug_abbrev  0x00001b20       0xde C:/Users/tago/Dropbox/OUT/EE52/software/hello_world_2nd_bsp/\libhal_bsp.a(alt_release_fd.o)
 .debug_abbrev  0x00001bfe       0x42 C:/Users/tago/Dropbox/OUT/EE52/software/hello_world_2nd_bsp/\libhal_bsp.a(altera_nios2_qsys_irq.o)
 .debug_abbrev  0x00001c40       0xf0 C:/Users/tago/Dropbox/OUT/EE52/software/hello_world_2nd_bsp/\libhal_bsp.a(alt_find_dev.o)
 .debug_abbrev  0x00001d30       0xf0 C:/Users/tago/Dropbox/OUT/EE52/software/hello_world_2nd_bsp/\libhal_bsp.a(alt_find_file.o)
 .debug_abbrev  0x00001e20      0x10d C:/Users/tago/Dropbox/OUT/EE52/software/hello_world_2nd_bsp/\libhal_bsp.a(alt_get_fd.o)
 .debug_abbrev  0x00001f2d       0x8c C:/Users/tago/Dropbox/OUT/EE52/software/hello_world_2nd_bsp/\libhal_bsp.a(alt_icache_flush.o)
 .debug_abbrev  0x00001fb9      0x115 c:/altera/13.1/nios2eds/bin/gnu/h-i686-mingw32/bin/../lib/gcc/nios2-elf/4.7.3/../../../../../H-i686-mingw32/nios2-elf/lib\libsmallc.a(lib_a-atexit.o)
 .debug_abbrev  0x000020ce       0xa9 c:/altera/13.1/nios2eds/bin/gnu/h-i686-mingw32/bin/../lib/gcc/nios2-elf/4.7.3/../../../../../H-i686-mingw32/nios2-elf/lib\libsmallc.a(lib_a-exit.o)
 .debug_abbrev  0x00002177       0x7f c:/altera/13.1/nios2eds/bin/gnu/h-i686-mingw32/bin/../lib/gcc/nios2-elf/4.7.3/../../../../../H-i686-mingw32/nios2-elf/lib\libsmallc.a(lib_a-memcmp.o)
 .debug_abbrev  0x000021f6      0x1f5 c:/altera/13.1/nios2eds/bin/gnu/h-i686-mingw32/bin/../lib/gcc/nios2-elf/4.7.3/../../../../../H-i686-mingw32/nios2-elf/lib\libsmallc.a(lib_a-__atexit.o)
 .debug_abbrev  0x000023eb      0x1e9 c:/altera/13.1/nios2eds/bin/gnu/h-i686-mingw32/bin/../lib/gcc/nios2-elf/4.7.3/../../../../../H-i686-mingw32/nios2-elf/lib\libsmallc.a(lib_a-__call_atexit.o)
 .debug_abbrev  0x000025d4       0xa6 C:/Users/tago/Dropbox/OUT/EE52/software/hello_world_2nd_bsp/\libhal_bsp.a(alt_exit.o)

.debug_line     0x00000000     0x2d92
 *(.debug_line)
 .debug_line    0x00000000       0x72 C:/Users/tago/Dropbox/OUT/EE52/software/hello_world_2nd_bsp//obj/HAL/src/crt0.o
 .debug_line    0x00000072       0x73 obj/default/hello_world.o
 .debug_line    0x000000e5      0x216 c:/altera/13.1/nios2eds/bin/gnu/h-i686-mingw32/bin/../lib/gcc/nios2-elf/4.7.3/../../../../../H-i686-mingw32/nios2-elf/lib\libsmallc.a(lib_a-printf.o)
 .debug_line    0x000002fb      0x20f c:/altera/13.1/nios2eds/bin/gnu/h-i686-mingw32/bin/../lib/gcc/nios2-elf/4.7.3/../../../../../H-i686-mingw32/nios2-elf/lib\libsmallc.a(lib_a-puts.o)
 .debug_line    0x0000050a      0x171 c:/altera/13.1/nios2eds/bin/gnu/h-i686-mingw32/bin/../lib/gcc/nios2-elf/4.7.3/../../../../../H-i686-mingw32/nios2-elf/lib\libsmallc.a(lib_a-strlen.o)
 .debug_line    0x0000067b      0x401 c:/altera/13.1/nios2eds/bin/gnu/h-i686-mingw32/bin/../lib/gcc/nios2-elf/4.7.3/../../../../../H-i686-mingw32/nios2-elf/lib\libsmallc.a(lib_a-vfprintf.o)
 .debug_line    0x00000a7c      0x222 c:/altera/13.1/nios2eds/bin/gnu/h-i686-mingw32/bin/../lib/gcc/nios2-elf/4.7.3/../../../../../H-i686-mingw32/nios2-elf/lib\libsmallc.a(lib_a-fvwrite_small_dev.o)
 .debug_line    0x00000c9e      0x169 c:/altera/13.1/nios2eds/bin/gnu/h-i686-mingw32/bin/../lib/gcc/nios2-elf/4.7.3/../../../../../H-i686-mingw32/nios2-elf/lib\libsmallc.a(lib_a-impure.o)
 .debug_line    0x00000e07      0x209 c:/altera/13.1/nios2eds/bin/gnu/h-i686-mingw32/bin/../lib/gcc/nios2-elf/4.7.3/../../../../../H-i686-mingw32/nios2-elf/lib\libsmallc.a(lib_a-writer.o)
 .debug_line    0x00001010       0x5d c:/altera/13.1/nios2eds/bin/gnu/h-i686-mingw32/bin/../lib/gcc/nios2-elf/4.7.3/../../../../../H-i686-mingw32/nios2-elf/lib\libsmallc.a(lib_a-int_errno.o)
 .debug_line    0x0000106d       0xd3 c:/altera/13.1/nios2eds/bin/gnu/h-i686-mingw32/bin/../lib/gcc/nios2-elf/4.7.3\libgcc.a(lib2-divmod.o)
 .debug_line    0x00001140       0x92 C:/Users/tago/Dropbox/OUT/EE52/software/hello_world_2nd_bsp/\libhal_bsp.a(alt_load.o)
 .debug_line    0x000011d2       0xa4 C:/Users/tago/Dropbox/OUT/EE52/software/hello_world_2nd_bsp/\libhal_bsp.a(alt_main.o)
 .debug_line    0x00001276      0x1f8 C:/Users/tago/Dropbox/OUT/EE52/software/hello_world_2nd_bsp/\libhal_bsp.a(alt_write.o)
 .debug_line    0x0000146e      0x126 C:/Users/tago/Dropbox/OUT/EE52/software/hello_world_2nd_bsp/\libhal_bsp.a(alt_sys_init.o)
 .debug_line    0x00001594      0x114 C:/Users/tago/Dropbox/OUT/EE52/software/hello_world_2nd_bsp/\libhal_bsp.a(altera_avalon_jtag_uart_fd.o)
 .debug_line    0x000016a8      0x101 C:/Users/tago/Dropbox/OUT/EE52/software/hello_world_2nd_bsp/\libhal_bsp.a(altera_avalon_jtag_uart_read.o)
 .debug_line    0x000017a9       0xf8 C:/Users/tago/Dropbox/OUT/EE52/software/hello_world_2nd_bsp/\libhal_bsp.a(altera_avalon_jtag_uart_write.o)
 .debug_line    0x000018a1      0x186 C:/Users/tago/Dropbox/OUT/EE52/software/hello_world_2nd_bsp/\libhal_bsp.a(alt_close.o)
 .debug_line    0x00001a27       0x61 C:/Users/tago/Dropbox/OUT/EE52/software/hello_world_2nd_bsp/\libhal_bsp.a(alt_dcache_flush_all.o)
 .debug_line    0x00001a88      0x119 C:/Users/tago/Dropbox/OUT/EE52/software/hello_world_2nd_bsp/\libhal_bsp.a(alt_dev.o)
 .debug_line    0x00001ba1       0xd0 C:/Users/tago/Dropbox/OUT/EE52/software/hello_world_2nd_bsp/\libhal_bsp.a(alt_dev_llist_insert.o)
 .debug_line    0x00001c71       0x59 C:/Users/tago/Dropbox/OUT/EE52/software/hello_world_2nd_bsp/\libhal_bsp.a(alt_do_ctors.o)
 .debug_line    0x00001cca       0x59 C:/Users/tago/Dropbox/OUT/EE52/software/hello_world_2nd_bsp/\libhal_bsp.a(alt_do_dtors.o)
 .debug_line    0x00001d23       0x51 C:/Users/tago/Dropbox/OUT/EE52/software/hello_world_2nd_bsp/\libhal_bsp.a(alt_errno.o)
 .debug_line    0x00001d74       0x50 C:/Users/tago/Dropbox/OUT/EE52/software/hello_world_2nd_bsp/\libhal_bsp.a(alt_icache_flush_all.o)
 .debug_line    0x00001dc4      0x154 C:/Users/tago/Dropbox/OUT/EE52/software/hello_world_2nd_bsp/\libhal_bsp.a(alt_io_redirect.o)
 .debug_line    0x00001f18      0x125 C:/Users/tago/Dropbox/OUT/EE52/software/hello_world_2nd_bsp/\libhal_bsp.a(alt_open.o)
 .debug_line    0x0000203d       0xae C:/Users/tago/Dropbox/OUT/EE52/software/hello_world_2nd_bsp/\libhal_bsp.a(alt_release_fd.o)
 .debug_line    0x000020eb       0x51 C:/Users/tago/Dropbox/OUT/EE52/software/hello_world_2nd_bsp/\libhal_bsp.a(altera_nios2_qsys_irq.o)
 .debug_line    0x0000213c       0xb9 C:/Users/tago/Dropbox/OUT/EE52/software/hello_world_2nd_bsp/\libhal_bsp.a(alt_find_dev.o)
 .debug_line    0x000021f5       0xd5 C:/Users/tago/Dropbox/OUT/EE52/software/hello_world_2nd_bsp/\libhal_bsp.a(alt_find_file.o)
 .debug_line    0x000022ca       0xd1 C:/Users/tago/Dropbox/OUT/EE52/software/hello_world_2nd_bsp/\libhal_bsp.a(alt_get_fd.o)
 .debug_line    0x0000239b       0x81 C:/Users/tago/Dropbox/OUT/EE52/software/hello_world_2nd_bsp/\libhal_bsp.a(alt_icache_flush.o)
 .debug_line    0x0000241c      0x16d c:/altera/13.1/nios2eds/bin/gnu/h-i686-mingw32/bin/../lib/gcc/nios2-elf/4.7.3/../../../../../H-i686-mingw32/nios2-elf/lib\libsmallc.a(lib_a-atexit.o)
 .debug_line    0x00002589      0x16d c:/altera/13.1/nios2eds/bin/gnu/h-i686-mingw32/bin/../lib/gcc/nios2-elf/4.7.3/../../../../../H-i686-mingw32/nios2-elf/lib\libsmallc.a(lib_a-exit.o)
 .debug_line    0x000026f6      0x17c c:/altera/13.1/nios2eds/bin/gnu/h-i686-mingw32/bin/../lib/gcc/nios2-elf/4.7.3/../../../../../H-i686-mingw32/nios2-elf/lib\libsmallc.a(lib_a-memcmp.o)
 .debug_line    0x00002872      0x24b c:/altera/13.1/nios2eds/bin/gnu/h-i686-mingw32/bin/../lib/gcc/nios2-elf/4.7.3/../../../../../H-i686-mingw32/nios2-elf/lib\libsmallc.a(lib_a-__atexit.o)
 .debug_line    0x00002abd      0x264 c:/altera/13.1/nios2eds/bin/gnu/h-i686-mingw32/bin/../lib/gcc/nios2-elf/4.7.3/../../../../../H-i686-mingw32/nios2-elf/lib\libsmallc.a(lib_a-__call_atexit.o)
 .debug_line    0x00002d21       0x71 C:/Users/tago/Dropbox/OUT/EE52/software/hello_world_2nd_bsp/\libhal_bsp.a(alt_exit.o)

.debug_frame    0x00000000      0x7b8
 *(.debug_frame)
 .debug_frame   0x00000000       0x2c obj/default/hello_world.o
 .debug_frame   0x0000002c       0x40 c:/altera/13.1/nios2eds/bin/gnu/h-i686-mingw32/bin/../lib/gcc/nios2-elf/4.7.3/../../../../../H-i686-mingw32/nios2-elf/lib\libsmallc.a(lib_a-printf.o)
 .debug_frame   0x0000006c       0x3c c:/altera/13.1/nios2eds/bin/gnu/h-i686-mingw32/bin/../lib/gcc/nios2-elf/4.7.3/../../../../../H-i686-mingw32/nios2-elf/lib\libsmallc.a(lib_a-puts.o)
 .debug_frame   0x000000a8       0x20 c:/altera/13.1/nios2eds/bin/gnu/h-i686-mingw32/bin/../lib/gcc/nios2-elf/4.7.3/../../../../../H-i686-mingw32/nios2-elf/lib\libsmallc.a(lib_a-strlen.o)
 .debug_frame   0x000000c8       0x48 c:/altera/13.1/nios2eds/bin/gnu/h-i686-mingw32/bin/../lib/gcc/nios2-elf/4.7.3/../../../../../H-i686-mingw32/nios2-elf/lib\libsmallc.a(lib_a-vfprintf.o)
 .debug_frame   0x00000110       0x30 c:/altera/13.1/nios2eds/bin/gnu/h-i686-mingw32/bin/../lib/gcc/nios2-elf/4.7.3/../../../../../H-i686-mingw32/nios2-elf/lib\libsmallc.a(lib_a-fvwrite_small_dev.o)
 .debug_frame   0x00000140       0x2c c:/altera/13.1/nios2eds/bin/gnu/h-i686-mingw32/bin/../lib/gcc/nios2-elf/4.7.3/../../../../../H-i686-mingw32/nios2-elf/lib\libsmallc.a(lib_a-writer.o)
 .debug_frame   0x0000016c       0x70 c:/altera/13.1/nios2eds/bin/gnu/h-i686-mingw32/bin/../lib/gcc/nios2-elf/4.7.3\libgcc.a(lib2-divmod.o)
 .debug_frame   0x000001dc       0x48 C:/Users/tago/Dropbox/OUT/EE52/software/hello_world_2nd_bsp/\libhal_bsp.a(alt_load.o)
 .debug_frame   0x00000224       0x2c C:/Users/tago/Dropbox/OUT/EE52/software/hello_world_2nd_bsp/\libhal_bsp.a(alt_main.o)
 .debug_frame   0x00000250       0x48 C:/Users/tago/Dropbox/OUT/EE52/software/hello_world_2nd_bsp/\libhal_bsp.a(alt_write.o)
 .debug_frame   0x00000298       0x64 C:/Users/tago/Dropbox/OUT/EE52/software/hello_world_2nd_bsp/\libhal_bsp.a(alt_sys_init.o)
 .debug_frame   0x000002fc       0x48 C:/Users/tago/Dropbox/OUT/EE52/software/hello_world_2nd_bsp/\libhal_bsp.a(altera_avalon_jtag_uart_fd.o)
 .debug_frame   0x00000344       0x2c C:/Users/tago/Dropbox/OUT/EE52/software/hello_world_2nd_bsp/\libhal_bsp.a(altera_avalon_jtag_uart_read.o)
 .debug_frame   0x00000370       0x2c C:/Users/tago/Dropbox/OUT/EE52/software/hello_world_2nd_bsp/\libhal_bsp.a(altera_avalon_jtag_uart_write.o)
 .debug_frame   0x0000039c       0x48 C:/Users/tago/Dropbox/OUT/EE52/software/hello_world_2nd_bsp/\libhal_bsp.a(alt_close.o)
 .debug_frame   0x000003e4       0x2c C:/Users/tago/Dropbox/OUT/EE52/software/hello_world_2nd_bsp/\libhal_bsp.a(alt_dcache_flush_all.o)
 .debug_frame   0x00000410       0x2c C:/Users/tago/Dropbox/OUT/EE52/software/hello_world_2nd_bsp/\libhal_bsp.a(alt_dev.o)
 .debug_frame   0x0000043c       0x48 C:/Users/tago/Dropbox/OUT/EE52/software/hello_world_2nd_bsp/\libhal_bsp.a(alt_dev_llist_insert.o)
 .debug_frame   0x00000484       0x2c C:/Users/tago/Dropbox/OUT/EE52/software/hello_world_2nd_bsp/\libhal_bsp.a(alt_do_ctors.o)
 .debug_frame   0x000004b0       0x2c C:/Users/tago/Dropbox/OUT/EE52/software/hello_world_2nd_bsp/\libhal_bsp.a(alt_do_dtors.o)
 .debug_frame   0x000004dc       0x2c C:/Users/tago/Dropbox/OUT/EE52/software/hello_world_2nd_bsp/\libhal_bsp.a(alt_icache_flush_all.o)
 .debug_frame   0x00000508       0x48 C:/Users/tago/Dropbox/OUT/EE52/software/hello_world_2nd_bsp/\libhal_bsp.a(alt_io_redirect.o)
 .debug_frame   0x00000550       0x64 C:/Users/tago/Dropbox/OUT/EE52/software/hello_world_2nd_bsp/\libhal_bsp.a(alt_open.o)
 .debug_frame   0x000005b4       0x2c C:/Users/tago/Dropbox/OUT/EE52/software/hello_world_2nd_bsp/\libhal_bsp.a(alt_release_fd.o)
 .debug_frame   0x000005e0       0x2c C:/Users/tago/Dropbox/OUT/EE52/software/hello_world_2nd_bsp/\libhal_bsp.a(altera_nios2_qsys_irq.o)
 .debug_frame   0x0000060c       0x2c C:/Users/tago/Dropbox/OUT/EE52/software/hello_world_2nd_bsp/\libhal_bsp.a(alt_find_dev.o)
 .debug_frame   0x00000638       0x2c C:/Users/tago/Dropbox/OUT/EE52/software/hello_world_2nd_bsp/\libhal_bsp.a(alt_find_file.o)
 .debug_frame   0x00000664       0x2c C:/Users/tago/Dropbox/OUT/EE52/software/hello_world_2nd_bsp/\libhal_bsp.a(alt_get_fd.o)
 .debug_frame   0x00000690       0x2c C:/Users/tago/Dropbox/OUT/EE52/software/hello_world_2nd_bsp/\libhal_bsp.a(alt_icache_flush.o)
 .debug_frame   0x000006bc       0x20 c:/altera/13.1/nios2eds/bin/gnu/h-i686-mingw32/bin/../lib/gcc/nios2-elf/4.7.3/../../../../../H-i686-mingw32/nios2-elf/lib\libsmallc.a(lib_a-atexit.o)
 .debug_frame   0x000006dc       0x28 c:/altera/13.1/nios2eds/bin/gnu/h-i686-mingw32/bin/../lib/gcc/nios2-elf/4.7.3/../../../../../H-i686-mingw32/nios2-elf/lib\libsmallc.a(lib_a-exit.o)
 .debug_frame   0x00000704       0x20 c:/altera/13.1/nios2eds/bin/gnu/h-i686-mingw32/bin/../lib/gcc/nios2-elf/4.7.3/../../../../../H-i686-mingw32/nios2-elf/lib\libsmallc.a(lib_a-memcmp.o)
 .debug_frame   0x00000724       0x30 c:/altera/13.1/nios2eds/bin/gnu/h-i686-mingw32/bin/../lib/gcc/nios2-elf/4.7.3/../../../../../H-i686-mingw32/nios2-elf/lib\libsmallc.a(lib_a-__atexit.o)
 .debug_frame   0x00000754       0x38 c:/altera/13.1/nios2eds/bin/gnu/h-i686-mingw32/bin/../lib/gcc/nios2-elf/4.7.3/../../../../../H-i686-mingw32/nios2-elf/lib\libsmallc.a(lib_a-__call_atexit.o)
 .debug_frame   0x0000078c       0x2c C:/Users/tago/Dropbox/OUT/EE52/software/hello_world_2nd_bsp/\libhal_bsp.a(alt_exit.o)

.debug_str      0x00000000     0x14e6
 *(.debug_str)
 .debug_str     0x00000000       0xb1 obj/default/hello_world.o
                                 0xef (size before relaxing)
 .debug_str     0x000000b1      0x3c6 c:/altera/13.1/nios2eds/bin/gnu/h-i686-mingw32/bin/../lib/gcc/nios2-elf/4.7.3/../../../../../H-i686-mingw32/nios2-elf/lib\libsmallc.a(lib_a-printf.o)
                                0x4a6 (size before relaxing)
 .debug_str     0x00000477       0x4c c:/altera/13.1/nios2eds/bin/gnu/h-i686-mingw32/bin/../lib/gcc/nios2-elf/4.7.3/../../../../../H-i686-mingw32/nios2-elf/lib\libsmallc.a(lib_a-puts.o)
                                0x455 (size before relaxing)
 .debug_str     0x000004c3       0xd0 c:/altera/13.1/nios2eds/bin/gnu/h-i686-mingw32/bin/../lib/gcc/nios2-elf/4.7.3/../../../../../H-i686-mingw32/nios2-elf/lib\libsmallc.a(lib_a-strlen.o)
                                0x182 (size before relaxing)
 .debug_str     0x00000593      0x193 c:/altera/13.1/nios2eds/bin/gnu/h-i686-mingw32/bin/../lib/gcc/nios2-elf/4.7.3/../../../../../H-i686-mingw32/nios2-elf/lib\libsmallc.a(lib_a-vfprintf.o)
                                0x626 (size before relaxing)
 .debug_str     0x00000726       0x7f c:/altera/13.1/nios2eds/bin/gnu/h-i686-mingw32/bin/../lib/gcc/nios2-elf/4.7.3/../../../../../H-i686-mingw32/nios2-elf/lib\libsmallc.a(lib_a-fvwrite_small_dev.o)
                                0x481 (size before relaxing)
 .debug_str     0x000007a5       0xed c:/altera/13.1/nios2eds/bin/gnu/h-i686-mingw32/bin/../lib/gcc/nios2-elf/4.7.3/../../../../../H-i686-mingw32/nios2-elf/lib\libsmallc.a(lib_a-impure.o)
                                0x45b (size before relaxing)
 .debug_str     0x00000892       0x3a c:/altera/13.1/nios2eds/bin/gnu/h-i686-mingw32/bin/../lib/gcc/nios2-elf/4.7.3/../../../../../H-i686-mingw32/nios2-elf/lib\libsmallc.a(lib_a-writer.o)
                                0x455 (size before relaxing)
 .debug_str     0x000008cc       0x3d c:/altera/13.1/nios2eds/bin/gnu/h-i686-mingw32/bin/../lib/gcc/nios2-elf/4.7.3/../../../../../H-i686-mingw32/nios2-elf/lib\libsmallc.a(lib_a-int_errno.o)
                                0x175 (size before relaxing)
 .debug_str     0x00000909      0x104 c:/altera/13.1/nios2eds/bin/gnu/h-i686-mingw32/bin/../lib/gcc/nios2-elf/4.7.3\libgcc.a(lib2-divmod.o)
                                0x15b (size before relaxing)
 .debug_str     0x00000a0d      0x12d C:/Users/tago/Dropbox/OUT/EE52/software/hello_world_2nd_bsp/\libhal_bsp.a(alt_load.o)
                                0x1cb (size before relaxing)
 .debug_str     0x00000b3a       0x70 C:/Users/tago/Dropbox/OUT/EE52/software/hello_world_2nd_bsp/\libhal_bsp.a(alt_main.o)
                                0x156 (size before relaxing)
 .debug_str     0x00000baa      0x166 C:/Users/tago/Dropbox/OUT/EE52/software/hello_world_2nd_bsp/\libhal_bsp.a(alt_write.o)
                                0x2b1 (size before relaxing)
 .debug_str     0x00000d10       0xfe C:/Users/tago/Dropbox/OUT/EE52/software/hello_world_2nd_bsp/\libhal_bsp.a(alt_sys_init.o)
                                0x286 (size before relaxing)
 .debug_str     0x00000e0e       0x77 C:/Users/tago/Dropbox/OUT/EE52/software/hello_world_2nd_bsp/\libhal_bsp.a(altera_avalon_jtag_uart_fd.o)
                                0x28e (size before relaxing)
 .debug_str     0x00000e85       0x48 C:/Users/tago/Dropbox/OUT/EE52/software/hello_world_2nd_bsp/\libhal_bsp.a(altera_avalon_jtag_uart_read.o)
                                0x1d8 (size before relaxing)
 .debug_str     0x00000ecd       0x4a C:/Users/tago/Dropbox/OUT/EE52/software/hello_world_2nd_bsp/\libhal_bsp.a(altera_avalon_jtag_uart_write.o)
                                0x1ce (size before relaxing)
 .debug_str     0x00000f17       0x1b C:/Users/tago/Dropbox/OUT/EE52/software/hello_world_2nd_bsp/\libhal_bsp.a(alt_close.o)
                                0x1c4 (size before relaxing)
 .debug_str     0x00000f32       0x34 C:/Users/tago/Dropbox/OUT/EE52/software/hello_world_2nd_bsp/\libhal_bsp.a(alt_dcache_flush_all.o)
                                0x10e (size before relaxing)
 .debug_str     0x00000f66       0x50 C:/Users/tago/Dropbox/OUT/EE52/software/hello_world_2nd_bsp/\libhal_bsp.a(alt_dev.o)
                                0x2be (size before relaxing)
 .debug_str     0x00000fb6       0x4b C:/Users/tago/Dropbox/OUT/EE52/software/hello_world_2nd_bsp/\libhal_bsp.a(alt_dev_llist_insert.o)
                                0x185 (size before relaxing)
 .debug_str     0x00001001       0x48 C:/Users/tago/Dropbox/OUT/EE52/software/hello_world_2nd_bsp/\libhal_bsp.a(alt_do_ctors.o)
                                 0x95 (size before relaxing)
 .debug_str     0x00001049       0x4c C:/Users/tago/Dropbox/OUT/EE52/software/hello_world_2nd_bsp/\libhal_bsp.a(alt_do_dtors.o)
                                 0x94 (size before relaxing)
 .debug_str     0x00001095       0x14 C:/Users/tago/Dropbox/OUT/EE52/software/hello_world_2nd_bsp/\libhal_bsp.a(alt_errno.o)
                                 0xfe (size before relaxing)
 .debug_str     0x000010a9       0x34 C:/Users/tago/Dropbox/OUT/EE52/software/hello_world_2nd_bsp/\libhal_bsp.a(alt_icache_flush_all.o)
                                0x10e (size before relaxing)
 .debug_str     0x000010dd       0x56 C:/Users/tago/Dropbox/OUT/EE52/software/hello_world_2nd_bsp/\libhal_bsp.a(alt_io_redirect.o)
                                0x2cf (size before relaxing)
 .debug_str     0x00001133       0x36 C:/Users/tago/Dropbox/OUT/EE52/software/hello_world_2nd_bsp/\libhal_bsp.a(alt_open.o)
                                0x204 (size before relaxing)
 .debug_str     0x00001169       0x28 C:/Users/tago/Dropbox/OUT/EE52/software/hello_world_2nd_bsp/\libhal_bsp.a(alt_release_fd.o)
                                0x198 (size before relaxing)
 .debug_str     0x00001191       0x3b C:/Users/tago/Dropbox/OUT/EE52/software/hello_world_2nd_bsp/\libhal_bsp.a(altera_nios2_qsys_irq.o)
                                0x115 (size before relaxing)
 .debug_str     0x000011cc       0x24 C:/Users/tago/Dropbox/OUT/EE52/software/hello_world_2nd_bsp/\libhal_bsp.a(alt_find_dev.o)
                                0x1a5 (size before relaxing)
 .debug_str     0x000011f0       0x26 C:/Users/tago/Dropbox/OUT/EE52/software/hello_world_2nd_bsp/\libhal_bsp.a(alt_find_file.o)
                                0x1b3 (size before relaxing)
 .debug_str     0x00001216       0x30 C:/Users/tago/Dropbox/OUT/EE52/software/hello_world_2nd_bsp/\libhal_bsp.a(alt_get_fd.o)
                                0x1d5 (size before relaxing)
 .debug_str     0x00001246       0x2c C:/Users/tago/Dropbox/OUT/EE52/software/hello_world_2nd_bsp/\libhal_bsp.a(alt_icache_flush.o)
                                0x114 (size before relaxing)
 .debug_str     0x00001272      0x114 c:/altera/13.1/nios2eds/bin/gnu/h-i686-mingw32/bin/../lib/gcc/nios2-elf/4.7.3/../../../../../H-i686-mingw32/nios2-elf/lib\libsmallc.a(lib_a-atexit.o)
                                0x227 (size before relaxing)
 .debug_str     0x00001386       0x4a c:/altera/13.1/nios2eds/bin/gnu/h-i686-mingw32/bin/../lib/gcc/nios2-elf/4.7.3/../../../../../H-i686-mingw32/nios2-elf/lib\libsmallc.a(lib_a-exit.o)
                                0x18d (size before relaxing)
 .debug_str     0x000013d0       0x42 c:/altera/13.1/nios2eds/bin/gnu/h-i686-mingw32/bin/../lib/gcc/nios2-elf/4.7.3/../../../../../H-i686-mingw32/nios2-elf/lib\libsmallc.a(lib_a-memcmp.o)
                                0x17c (size before relaxing)
 .debug_str     0x00001412       0x49 c:/altera/13.1/nios2eds/bin/gnu/h-i686-mingw32/bin/../lib/gcc/nios2-elf/4.7.3/../../../../../H-i686-mingw32/nios2-elf/lib\libsmallc.a(lib_a-__atexit.o)
                                0x4a8 (size before relaxing)
 .debug_str     0x0000145b       0x61 c:/altera/13.1/nios2eds/bin/gnu/h-i686-mingw32/bin/../lib/gcc/nios2-elf/4.7.3/../../../../../H-i686-mingw32/nios2-elf/lib\libsmallc.a(lib_a-__call_atexit.o)
                                0x486 (size before relaxing)
 .debug_str     0x000014bc       0x2a C:/Users/tago/Dropbox/OUT/EE52/software/hello_world_2nd_bsp/\libhal_bsp.a(alt_exit.o)
                                0x10a (size before relaxing)

.debug_loc      0x00000000     0x1cf8
 *(.debug_loc)
 .debug_loc     0x00000000       0x2c obj/default/hello_world.o
 .debug_loc     0x0000002c      0x125 c:/altera/13.1/nios2eds/bin/gnu/h-i686-mingw32/bin/../lib/gcc/nios2-elf/4.7.3/../../../../../H-i686-mingw32/nios2-elf/lib\libsmallc.a(lib_a-printf.o)
 .debug_loc     0x00000151       0xb7 c:/altera/13.1/nios2eds/bin/gnu/h-i686-mingw32/bin/../lib/gcc/nios2-elf/4.7.3/../../../../../H-i686-mingw32/nios2-elf/lib\libsmallc.a(lib_a-puts.o)
 .debug_loc     0x00000208       0x29 c:/altera/13.1/nios2eds/bin/gnu/h-i686-mingw32/bin/../lib/gcc/nios2-elf/4.7.3/../../../../../H-i686-mingw32/nios2-elf/lib\libsmallc.a(lib_a-strlen.o)
 .debug_loc     0x00000231      0xb02 c:/altera/13.1/nios2eds/bin/gnu/h-i686-mingw32/bin/../lib/gcc/nios2-elf/4.7.3/../../../../../H-i686-mingw32/nios2-elf/lib\libsmallc.a(lib_a-vfprintf.o)
 .debug_loc     0x00000d33      0x19e c:/altera/13.1/nios2eds/bin/gnu/h-i686-mingw32/bin/../lib/gcc/nios2-elf/4.7.3/../../../../../H-i686-mingw32/nios2-elf/lib\libsmallc.a(lib_a-fvwrite_small_dev.o)
 .debug_loc     0x00000ed1       0xde c:/altera/13.1/nios2eds/bin/gnu/h-i686-mingw32/bin/../lib/gcc/nios2-elf/4.7.3/../../../../../H-i686-mingw32/nios2-elf/lib\libsmallc.a(lib_a-writer.o)
 .debug_loc     0x00000faf      0x338 c:/altera/13.1/nios2eds/bin/gnu/h-i686-mingw32/bin/../lib/gcc/nios2-elf/4.7.3\libgcc.a(lib2-divmod.o)
 .debug_loc     0x000012e7       0x58 C:/Users/tago/Dropbox/OUT/EE52/software/hello_world_2nd_bsp/\libhal_bsp.a(alt_load.o)
 .debug_loc     0x0000133f       0x2c C:/Users/tago/Dropbox/OUT/EE52/software/hello_world_2nd_bsp/\libhal_bsp.a(alt_main.o)
 .debug_loc     0x0000136b       0x58 C:/Users/tago/Dropbox/OUT/EE52/software/hello_world_2nd_bsp/\libhal_bsp.a(alt_write.o)
 .debug_loc     0x000013c3       0x84 C:/Users/tago/Dropbox/OUT/EE52/software/hello_world_2nd_bsp/\libhal_bsp.a(alt_sys_init.o)
 .debug_loc     0x00001447       0x58 C:/Users/tago/Dropbox/OUT/EE52/software/hello_world_2nd_bsp/\libhal_bsp.a(altera_avalon_jtag_uart_fd.o)
 .debug_loc     0x0000149f       0x2c C:/Users/tago/Dropbox/OUT/EE52/software/hello_world_2nd_bsp/\libhal_bsp.a(altera_avalon_jtag_uart_read.o)
 .debug_loc     0x000014cb       0x2c C:/Users/tago/Dropbox/OUT/EE52/software/hello_world_2nd_bsp/\libhal_bsp.a(altera_avalon_jtag_uart_write.o)
 .debug_loc     0x000014f7       0x58 C:/Users/tago/Dropbox/OUT/EE52/software/hello_world_2nd_bsp/\libhal_bsp.a(alt_close.o)
 .debug_loc     0x0000154f       0x2c C:/Users/tago/Dropbox/OUT/EE52/software/hello_world_2nd_bsp/\libhal_bsp.a(alt_dcache_flush_all.o)
 .debug_loc     0x0000157b       0x2c C:/Users/tago/Dropbox/OUT/EE52/software/hello_world_2nd_bsp/\libhal_bsp.a(alt_dev.o)
 .debug_loc     0x000015a7       0x58 C:/Users/tago/Dropbox/OUT/EE52/software/hello_world_2nd_bsp/\libhal_bsp.a(alt_dev_llist_insert.o)
 .debug_loc     0x000015ff       0x2c C:/Users/tago/Dropbox/OUT/EE52/software/hello_world_2nd_bsp/\libhal_bsp.a(alt_do_ctors.o)
 .debug_loc     0x0000162b       0x2c C:/Users/tago/Dropbox/OUT/EE52/software/hello_world_2nd_bsp/\libhal_bsp.a(alt_do_dtors.o)
 .debug_loc     0x00001657       0x2c C:/Users/tago/Dropbox/OUT/EE52/software/hello_world_2nd_bsp/\libhal_bsp.a(alt_icache_flush_all.o)
 .debug_loc     0x00001683       0x58 C:/Users/tago/Dropbox/OUT/EE52/software/hello_world_2nd_bsp/\libhal_bsp.a(alt_io_redirect.o)
 .debug_loc     0x000016db       0x84 C:/Users/tago/Dropbox/OUT/EE52/software/hello_world_2nd_bsp/\libhal_bsp.a(alt_open.o)
 .debug_loc     0x0000175f       0x2c C:/Users/tago/Dropbox/OUT/EE52/software/hello_world_2nd_bsp/\libhal_bsp.a(alt_release_fd.o)
 .debug_loc     0x0000178b       0x2c C:/Users/tago/Dropbox/OUT/EE52/software/hello_world_2nd_bsp/\libhal_bsp.a(altera_nios2_qsys_irq.o)
 .debug_loc     0x000017b7       0x2c C:/Users/tago/Dropbox/OUT/EE52/software/hello_world_2nd_bsp/\libhal_bsp.a(alt_find_dev.o)
 .debug_loc     0x000017e3       0x2c C:/Users/tago/Dropbox/OUT/EE52/software/hello_world_2nd_bsp/\libhal_bsp.a(alt_find_file.o)
 .debug_loc     0x0000180f       0x2c C:/Users/tago/Dropbox/OUT/EE52/software/hello_world_2nd_bsp/\libhal_bsp.a(alt_get_fd.o)
 .debug_loc     0x0000183b       0x2c C:/Users/tago/Dropbox/OUT/EE52/software/hello_world_2nd_bsp/\libhal_bsp.a(alt_icache_flush.o)
 .debug_loc     0x00001867       0x2c c:/altera/13.1/nios2eds/bin/gnu/h-i686-mingw32/bin/../lib/gcc/nios2-elf/4.7.3/../../../../../H-i686-mingw32/nios2-elf/lib\libsmallc.a(lib_a-atexit.o)
 .debug_loc     0x00001893       0x3e c:/altera/13.1/nios2eds/bin/gnu/h-i686-mingw32/bin/../lib/gcc/nios2-elf/4.7.3/../../../../../H-i686-mingw32/nios2-elf/lib\libsmallc.a(lib_a-exit.o)
 .debug_loc     0x000018d1       0x6f c:/altera/13.1/nios2eds/bin/gnu/h-i686-mingw32/bin/../lib/gcc/nios2-elf/4.7.3/../../../../../H-i686-mingw32/nios2-elf/lib\libsmallc.a(lib_a-memcmp.o)
 .debug_loc     0x00001940      0x1f4 c:/altera/13.1/nios2eds/bin/gnu/h-i686-mingw32/bin/../lib/gcc/nios2-elf/4.7.3/../../../../../H-i686-mingw32/nios2-elf/lib\libsmallc.a(lib_a-__atexit.o)
 .debug_loc     0x00001b34      0x198 c:/altera/13.1/nios2eds/bin/gnu/h-i686-mingw32/bin/../lib/gcc/nios2-elf/4.7.3/../../../../../H-i686-mingw32/nios2-elf/lib\libsmallc.a(lib_a-__call_atexit.o)
 .debug_loc     0x00001ccc       0x2c C:/Users/tago/Dropbox/OUT/EE52/software/hello_world_2nd_bsp/\libhal_bsp.a(alt_exit.o)

.debug_macinfo
 *(.debug_macinfo)

.debug_weaknames
 *(.debug_weaknames)

.debug_funcnames
 *(.debug_funcnames)

.debug_typenames
 *(.debug_typenames)

.debug_varnames
 *(.debug_varnames)

.debug_alt_sim_info
                0x00000000       0x30
 *(.debug_alt_sim_info)
 .debug_alt_sim_info
                0x00000000       0x30 C:/Users/tago/Dropbox/OUT/EE52/software/hello_world_2nd_bsp//obj/HAL/src/crt0.o
                0x00159ca0                __alt_data_end = 0x159ca0
                0x00159ca0                PROVIDE (__alt_stack_pointer, __alt_data_end)
                0x001526dc                PROVIDE (__alt_stack_limit, __alt_stack_base)
                0x001526dc                PROVIDE (__alt_heap_start, end)
                0x00159ca0                PROVIDE (__alt_heap_limit, 0x159ca0)
OUTPUT(hello_world_2nd.elf elf32-littlenios2)

.debug_ranges   0x00000000      0x1f0
 .debug_ranges  0x00000000       0x20 C:/Users/tago/Dropbox/OUT/EE52/software/hello_world_2nd_bsp//obj/HAL/src/crt0.o
 .debug_ranges  0x00000020      0x188 c:/altera/13.1/nios2eds/bin/gnu/h-i686-mingw32/bin/../lib/gcc/nios2-elf/4.7.3/../../../../../H-i686-mingw32/nios2-elf/lib\libsmallc.a(lib_a-vfprintf.o)
 .debug_ranges  0x000001a8       0x18 c:/altera/13.1/nios2eds/bin/gnu/h-i686-mingw32/bin/../lib/gcc/nios2-elf/4.7.3/../../../../../H-i686-mingw32/nios2-elf/lib\libsmallc.a(lib_a-fvwrite_small_dev.o)
 .debug_ranges  0x000001c0       0x18 C:/Users/tago/Dropbox/OUT/EE52/software/hello_world_2nd_bsp/\libhal_bsp.a(altera_avalon_jtag_uart_read.o)
 .debug_ranges  0x000001d8       0x18 c:/altera/13.1/nios2eds/bin/gnu/h-i686-mingw32/bin/../lib/gcc/nios2-elf/4.7.3/../../../../../H-i686-mingw32/nios2-elf/lib\libsmallc.a(lib_a-__call_atexit.o)
