Archive member included because of file (symbol)

c:/altera/13.1/nios2eds/bin/gnu/h-i686-mingw32/bin/../lib/gcc/nios2-elf/4.7.3/../../../../../H-i686-mingw32/nios2-elf/lib\libsmallc.a(lib_a-printf.o)
                              obj/default/hello_world.o (printf)
c:/altera/13.1/nios2eds/bin/gnu/h-i686-mingw32/bin/../lib/gcc/nios2-elf/4.7.3/../../../../../H-i686-mingw32/nios2-elf/lib\libsmallc.a(lib_a-vfprintf.o)
                              c:/altera/13.1/nios2eds/bin/gnu/h-i686-mingw32/bin/../lib/gcc/nios2-elf/4.7.3/../../../../../H-i686-mingw32/nios2-elf/lib\libsmallc.a(lib_a-printf.o) (___vfprintf_internal_r)
c:/altera/13.1/nios2eds/bin/gnu/h-i686-mingw32/bin/../lib/gcc/nios2-elf/4.7.3/../../../../../H-i686-mingw32/nios2-elf/lib\libsmallc.a(lib_a-fvwrite_small_dev.o)
                              c:/altera/13.1/nios2eds/bin/gnu/h-i686-mingw32/bin/../lib/gcc/nios2-elf/4.7.3/../../../../../H-i686-mingw32/nios2-elf/lib\libsmallc.a(lib_a-printf.o) (__sfvwrite_small_dev)
c:/altera/13.1/nios2eds/bin/gnu/h-i686-mingw32/bin/../lib/gcc/nios2-elf/4.7.3/../../../../../H-i686-mingw32/nios2-elf/lib\libsmallc.a(lib_a-impure.o)
                              c:/altera/13.1/nios2eds/bin/gnu/h-i686-mingw32/bin/../lib/gcc/nios2-elf/4.7.3/../../../../../H-i686-mingw32/nios2-elf/lib\libsmallc.a(lib_a-printf.o) (_impure_ptr)
c:/altera/13.1/nios2eds/bin/gnu/h-i686-mingw32/bin/../lib/gcc/nios2-elf/4.7.3/../../../../../H-i686-mingw32/nios2-elf/lib\libsmallc.a(lib_a-strlen.o)
                              c:/altera/13.1/nios2eds/bin/gnu/h-i686-mingw32/bin/../lib/gcc/nios2-elf/4.7.3/../../../../../H-i686-mingw32/nios2-elf/lib\libsmallc.a(lib_a-vfprintf.o) (strlen)
c:/altera/13.1/nios2eds/bin/gnu/h-i686-mingw32/bin/../lib/gcc/nios2-elf/4.7.3/../../../../../H-i686-mingw32/nios2-elf/lib\libsmallc.a(lib_a-writer.o)
                              c:/altera/13.1/nios2eds/bin/gnu/h-i686-mingw32/bin/../lib/gcc/nios2-elf/4.7.3/../../../../../H-i686-mingw32/nios2-elf/lib\libsmallc.a(lib_a-fvwrite_small_dev.o) (_write_r)
c:/altera/13.1/nios2eds/bin/gnu/h-i686-mingw32/bin/../lib/gcc/nios2-elf/4.7.3/../../../../../H-i686-mingw32/nios2-elf/lib\libsmallc.a(lib_a-int_errno.o)
                              c:/altera/13.1/nios2eds/bin/gnu/h-i686-mingw32/bin/../lib/gcc/nios2-elf/4.7.3/../../../../../H-i686-mingw32/nios2-elf/lib\libsmallc.a(lib_a-writer.o) (errno)
c:/altera/13.1/nios2eds/bin/gnu/h-i686-mingw32/bin/../lib/gcc/nios2-elf/4.7.3\libgcc.a(lib2-divmod.o)
                              c:/altera/13.1/nios2eds/bin/gnu/h-i686-mingw32/bin/../lib/gcc/nios2-elf/4.7.3/../../../../../H-i686-mingw32/nios2-elf/lib\libsmallc.a(lib_a-vfprintf.o) (__udivsi3)
C:/Users/tago/Dropbox/OUT/EE52/software/hello_world_2nd_bsp/\libhal_bsp.a(alt_iic.o)
                              obj/default/keys.o (alt_ic_isr_register)
C:/Users/tago/Dropbox/OUT/EE52/software/hello_world_2nd_bsp/\libhal_bsp.a(alt_iic_isr_register.o)
                              C:/Users/tago/Dropbox/OUT/EE52/software/hello_world_2nd_bsp/\libhal_bsp.a(alt_iic.o) (alt_iic_isr_register)
C:/Users/tago/Dropbox/OUT/EE52/software/hello_world_2nd_bsp/\libhal_bsp.a(alt_irq_entry.o)
                              C:/Users/tago/Dropbox/OUT/EE52/software/hello_world_2nd_bsp/\libhal_bsp.a(alt_iic_isr_register.o) (alt_irq_entry)
C:/Users/tago/Dropbox/OUT/EE52/software/hello_world_2nd_bsp/\libhal_bsp.a(alt_irq_handler.o)
                              C:/Users/tago/Dropbox/OUT/EE52/software/hello_world_2nd_bsp/\libhal_bsp.a(alt_iic_isr_register.o) (alt_irq)
C:/Users/tago/Dropbox/OUT/EE52/software/hello_world_2nd_bsp/\libhal_bsp.a(alt_irq_vars.o)
                              C:/Users/tago/Dropbox/OUT/EE52/software/hello_world_2nd_bsp/\libhal_bsp.a(alt_iic.o) (alt_irq_active)
C:/Users/tago/Dropbox/OUT/EE52/software/hello_world_2nd_bsp/\libhal_bsp.a(alt_load.o)
                              C:/Users/tago/Dropbox/OUT/EE52/software/hello_world_2nd_bsp//obj/HAL/src/crt0.o (alt_load)
C:/Users/tago/Dropbox/OUT/EE52/software/hello_world_2nd_bsp/\libhal_bsp.a(alt_main.o)
                              C:/Users/tago/Dropbox/OUT/EE52/software/hello_world_2nd_bsp//obj/HAL/src/crt0.o (alt_main)
C:/Users/tago/Dropbox/OUT/EE52/software/hello_world_2nd_bsp/\libhal_bsp.a(alt_write.o)
                              c:/altera/13.1/nios2eds/bin/gnu/h-i686-mingw32/bin/../lib/gcc/nios2-elf/4.7.3/../../../../../H-i686-mingw32/nios2-elf/lib\libsmallc.a(lib_a-writer.o) (write)
C:/Users/tago/Dropbox/OUT/EE52/software/hello_world_2nd_bsp/\libhal_bsp.a(alt_sys_init.o)
                              C:/Users/tago/Dropbox/OUT/EE52/software/hello_world_2nd_bsp/\libhal_bsp.a(alt_main.o) (alt_irq_init)
C:/Users/tago/Dropbox/OUT/EE52/software/hello_world_2nd_bsp/\libhal_bsp.a(altera_avalon_jtag_uart_fd.o)
                              C:/Users/tago/Dropbox/OUT/EE52/software/hello_world_2nd_bsp/\libhal_bsp.a(alt_sys_init.o) (altera_avalon_jtag_uart_read_fd)
[...]
Memory Configuration

Name             Origin             Length             Attributes
rom              0x00080000         0x00080000
reset            0x00120000         0x00000020
ram              0x00120020         0x0001ffe0
*default*        0x00000000         0xffffffff

Linker script and memory map

LOAD C:/Users/tago/Dropbox/OUT/EE52/software/hello_world_2nd_bsp//obj/HAL/src/crt0.o
LOAD obj/default/hello_world.o
LOAD obj/default/keys.o
LOAD c:/altera/13.1/nios2eds/bin/gnu/h-i686-mingw32/bin/../lib/gcc/nios2-elf/4.7.3/../../../../../H-i686-mingw32/nios2-elf/lib\libstdc++.a
LOAD c:/altera/13.1/nios2eds/bin/gnu/h-i686-mingw32/bin/../lib/gcc/nios2-elf/4.7.3/../../../../../H-i686-mingw32/nios2-elf/lib\libm.a
LOAD c:/altera/13.1/nios2eds/bin/gnu/h-i686-mingw32/bin/../lib/gcc/nios2-elf/4.7.3\libgcc.a
START GROUP
LOAD c:/altera/13.1/nios2eds/bin/gnu/h-i686-mingw32/bin/../lib/gcc/nios2-elf/4.7.3/../../../../../H-i686-mingw32/nios2-elf/lib\libsmallc.a
LOAD c:/altera/13.1/nios2eds/bin/gnu/h-i686-mingw32/bin/../lib/gcc/nios2-elf/4.7.3\libgcc.a
LOAD C:/Users/tago/Dropbox/OUT/EE52/software/hello_world_2nd_bsp/\libhal_bsp.a
END GROUP
LOAD c:/altera/13.1/nios2eds/bin/gnu/h-i686-mingw32/bin/../lib/gcc/nios2-elf/4.7.3\libgcc.a
                0x00080000                __alt_mem_rom = 0x80000
                0x00120000                __alt_mem_ram = 0x120000

.entry          0x00120000       0x20
 *(.entry)
 .entry         0x00120000       0x20 C:/Users/tago/Dropbox/OUT/EE52/software/hello_world_2nd_bsp//obj/HAL/src/crt0.o
                0x00120000                __reset

.exceptions     0x00120020      0x198
                0x00120020                PROVIDE (__ram_exceptions_start, ABSOLUTE (.))
                0x00120020                . = ALIGN (0x20)
 *(.irq)
 *(.exceptions.entry.label)
 .exceptions.entry.label
                0x00120020        0x0 C:/Users/tago/Dropbox/OUT/EE52/software/hello_world_2nd_bsp/\libhal_bsp.a(alt_irq_entry.o)
                0x00120020                alt_irq_entry
 .exceptions.entry.label
                0x00120020        0x0 C:/Users/tago/Dropbox/OUT/EE52/software/hello_world_2nd_bsp/\libhal_bsp.a(alt_exception_entry.o)
                0x00120020                alt_exception
 *(.exceptions.entry.user)
 *(.exceptions.entry.ecc_fatal)
 *(.exceptions.entry)
 .exceptions.entry
                0x00120020       0x54 C:/Users/tago/Dropbox/OUT/EE52/software/hello_world_2nd_bsp/\libhal_bsp.a(alt_exception_entry.o)
 *(.exceptions.irqtest.user)
 *(.exceptions.irqtest)
 .exceptions.irqtest
                0x00120074       0x10 C:/Users/tago/Dropbox/OUT/EE52/software/hello_world_2nd_bsp/\libhal_bsp.a(alt_irq_entry.o)
 *(.exceptions.irqhandler.user)
 *(.exceptions.irqhandler)
 .exceptions.irqhandler
                0x00120084        0x4 C:/Users/tago/Dropbox/OUT/EE52/software/hello_world_2nd_bsp/\libhal_bsp.a(alt_irq_entry.o)
 *(.exceptions.irqreturn.user)
 *(.exceptions.irqreturn)
 .exceptions.irqreturn
                0x00120088        0x4 C:/Users/tago/Dropbox/OUT/EE52/software/hello_world_2nd_bsp/\libhal_bsp.a(alt_irq_entry.o)
 *(.exceptions.notirq.label)
 .exceptions.notirq.label
                0x0012008c        0x0 C:/Users/tago/Dropbox/OUT/EE52/software/hello_world_2nd_bsp/\libhal_bsp.a(alt_irq_entry.o)
 *(.exceptions.notirq.user)
 *(.exceptions.notirq)
 .exceptions.notirq
                0x0012008c        0x8 C:/Users/tago/Dropbox/OUT/EE52/software/hello_world_2nd_bsp/\libhal_bsp.a(alt_exception_entry.o)
 *(.exceptions.soft.user)
 *(.exceptions.soft)
 *(.exceptions.unknown.user)
 *(.exceptions.unknown)
 .exceptions.unknown
                0x00120094        0x4 C:/Users/tago/Dropbox/OUT/EE52/software/hello_world_2nd_bsp/\libhal_bsp.a(alt_exception_entry.o)
 *(.exceptions.exit.label)
 .exceptions.exit.label
                0x00120098        0x0 C:/Users/tago/Dropbox/OUT/EE52/software/hello_world_2nd_bsp/\libhal_bsp.a(alt_irq_entry.o)
 .exceptions.exit.label
                0x00120098        0x0 C:/Users/tago/Dropbox/OUT/EE52/software/hello_world_2nd_bsp/\libhal_bsp.a(alt_exception_entry.o)
 *(.exceptions.exit.user)
 *(.exceptions.exit)
 .exceptions.exit
                0x00120098       0x54 C:/Users/tago/Dropbox/OUT/EE52/software/hello_world_2nd_bsp/\libhal_bsp.a(alt_exception_entry.o)
 *(.exceptions)
 .exceptions    0x001200ec       0xcc C:/Users/tago/Dropbox/OUT/EE52/software/hello_world_2nd_bsp/\libhal_bsp.a(alt_irq_handler.o)
                0x001200ec                alt_irq_handler
                0x001201b8                PROVIDE (__ram_exceptions_end, ABSOLUTE (.))
                0x00120020                PROVIDE (__flash_exceptions_start, LOADADDR (.exceptions))

.text           0x001201b8     0x2280
                0x001201b8                PROVIDE (stext, ABSOLUTE (.))
 *(.interp)
 *(.hash)
 *(.dynsym)
 *(.dynstr)
 *(.gnu.version)
 *(.gnu.version_d)
 *(.gnu.version_r)
 *(.rel.init)
 *(.rela.init)
 *(.rel.text .rel.text.* .rel.gnu.linkonce.t.*)
 *(.rela.text .rela.text.* .rela.gnu.linkonce.t.*)
 *(.rel.fini)
 *(.rela.fini)
 *(.rel.rodata .rel.rodata.* .rel.gnu.linkonce.r.*)
 *(.rela.rodata .rela.rodata.* .rela.gnu.linkonce.r.*)
 *(.rel.data .rel.data.* .rel.gnu.linkonce.d.*)
 *(.rela.data .rela.data.* .rela.gnu.linkonce.d.*)
 *(.rel.tdata .rel.tdata.* .rel.gnu.linkonce.td.*)
 *(.rela.tdata .rela.tdata.* .rela.gnu.linkonce.td.*)
 *(.rel.tbss .rel.tbss.* .rel.gnu.linkonce.tb.*)
 *(.rela.tbss .rela.tbss.* .rela.gnu.linkonce.tb.*)
 *(.rel.ctors)
 *(.rela.ctors)
 *(.rel.dtors)
 *(.rela.dtors)
 *(.rel.got)
 *(.rela.got)
 *(.rel.sdata .rel.sdata.* .rel.gnu.linkonce.s.*)
 *(.rela.sdata .rela.sdata.* .rela.gnu.linkonce.s.*)
 *(.rel.sbss .rel.sbss.* .rel.gnu.linkonce.sb.*)
 *(.rela.sbss .rela.sbss.* .rela.gnu.linkonce.sb.*)
 *(.rel.sdata2 .rel.sdata2.* .rel.gnu.linkonce.s2.*)
 *(.rela.sdata2 .rela.sdata2.* .rela.gnu.linkonce.s2.*)
 *(.rel.sbss2 .rel.sbss2.* .rel.gnu.linkonce.sb2.*)
 *(.rela.sbss2 .rela.sbss2.* .rela.gnu.linkonce.sb2.*)
 *(.rel.bss .rel.bss.* .rel.gnu.linkonce.b.*)
 *(.rela.bss .rela.bss.* .rela.gnu.linkonce.b.*)
 *(.rel.plt)
 *(.rela.plt)
 *(.rel.dyn)
 *(.init)
 *(.plt)
 *(.text .stub .text.* .gnu.linkonce.t.*)
 .text          0x001201b8       0x4c C:/Users/tago/Dropbox/OUT/EE52/software/hello_world_2nd_bsp//obj/HAL/src/crt0.o
                0x001201b8                _start
 .text          0x00120204       0x40 obj/default/hello_world.o
                0x00120204                main
 .text          0x00120244      0x10c obj/default/keys.o
                0x00120244                keys_init
                0x0012029c                keys_handler
                0x00120328                getkey
                0x00120340                key_available
 .text          0x00120350       0x88 c:/altera/13.1/nios2eds/bin/gnu/h-i686-mingw32/bin/../lib/gcc/nios2-elf/4.7.3/../../../../../H-i686-mingw32/nios2-elf/lib\libsmallc.a(lib_a-printf.o)
                0x00120350                _printf_r
                0x0012038c                printf
 .text          0x001203d8      0x6e8 c:/altera/13.1/nios2eds/bin/gnu/h-i686-mingw32/bin/../lib/gcc/nios2-elf/4.7.3/../../../../../H-i686-mingw32/nios2-elf/lib\libsmallc.a(lib_a-vfprintf.o)
                0x001203d8                ___vfprintf_internal_r
                0x00120a9c                __vfprintf_internal
 .text          0x00120ac0       0xe0 c:/altera/13.1/nios2eds/bin/gnu/h-i686-mingw32/bin/../lib/gcc/nios2-elf/4.7.3/../../../../../H-i686-mingw32/nios2-elf/lib\libsmallc.a(lib_a-fvwrite_small_dev.o)
                0x00120ac0                __sfvwrite_small_dev
 .text          0x00120ba0        0x0 c:/altera/13.1/nios2eds/bin/gnu/h-i686-mingw32/bin/../lib/gcc/nios2-elf/4.7.3/../../../../../H-i686-mingw32/nios2-elf/lib\libsmallc.a(lib_a-impure.o)
 .text          0x00120ba0       0x28 c:/altera/13.1/nios2eds/bin/gnu/h-i686-mingw32/bin/../lib/gcc/nios2-elf/4.7.3/../../../../../H-i686-mingw32/nios2-elf/lib\libsmallc.a(lib_a-strlen.o)
                0x00120ba0                strlen
 .text          0x00120bc8       0x6c c:/altera/13.1/nios2eds/bin/gnu/h-i686-mingw32/bin/../lib/gcc/nios2-elf/4.7.3/../../../../../H-i686-mingw32/nios2-elf/lib\libsmallc.a(lib_a-writer.o)
                0x00120bc8                _write_r
 .text          0x00120c34        0x0 c:/altera/13.1/nios2eds/bin/gnu/h-i686-mingw32/bin/../lib/gcc/nios2-elf/4.7.3/../../../../../H-i686-mingw32/nios2-elf/lib\libsmallc.a(lib_a-int_errno.o)
 .text          0x00120c34      0x130 c:/altera/13.1/nios2eds/bin/gnu/h-i686-mingw32/bin/../lib/gcc/nios2-elf/4.7.3\libgcc.a(lib2-divmod.o)
                0x00120ca8                __divsi3
                0x00120cf8                __modsi3
                0x00120d54                __udivsi3
                0x00120d5c                __umodsi3
 .text          0x00120d64      0x1d8 C:/Users/tago/Dropbox/OUT/EE52/software/hello_world_2nd_bsp/\libhal_bsp.a(alt_iic.o)
                0x00120d64                alt_ic_isr_register
                0x00120db4                alt_ic_irq_enable
                0x00120e50                alt_ic_irq_disable
                0x00120ef0                alt_ic_irq_enabled
 .text          0x00120f3c       0xf0 C:/Users/tago/Dropbox/OUT/EE52/software/hello_world_2nd_bsp/\libhal_bsp.a(alt_iic_isr_register.o)
                0x00120f3c                alt_iic_isr_register
 .text          0x0012102c        0x0 C:/Users/tago/Dropbox/OUT/EE52/software/hello_world_2nd_bsp/\libhal_bsp.a(alt_irq_entry.o)
 .text          0x0012102c        0x0 C:/Users/tago/Dropbox/OUT/EE52/software/hello_world_2nd_bsp/\libhal_bsp.a(alt_irq_handler.o)
 .text          0x0012102c        0x0 C:/Users/tago/Dropbox/OUT/EE52/software/hello_world_2nd_bsp/\libhal_bsp.a(alt_irq_vars.o)
 .text          0x0012102c       0xec C:/Users/tago/Dropbox/OUT/EE52/software/hello_world_2nd_bsp/\libhal_bsp.a(alt_load.o)
                0x00121098                alt_load
 .text          0x00121118       0x78 C:/Users/tago/Dropbox/OUT/EE52/software/hello_world_2nd_bsp/\libhal_bsp.a(alt_main.o)
                0x00121118                alt_main
 .text          0x00121190      0x13c C:/Users/tago/Dropbox/OUT/EE52/software/hello_world_2nd_bsp/\libhal_bsp.a(alt_write.o)
                0x001211e0                write
 .text          0x001212cc       0x9c C:/Users/tago/Dropbox/OUT/EE52/software/hello_world_2nd_bsp/\libhal_bsp.a(alt_sys_init.o)
                0x00121304                alt_irq_init
                0x00121338                alt_sys_init
 .text          0x00121368       0xc0 C:/Users/tago/Dropbox/OUT/EE52/software/hello_world_2nd_bsp/\libhal_bsp.a(altera_avalon_jtag_uart_fd.o)
                0x00121368                altera_avalon_jtag_uart_read_fd
                0x001213c8                altera_avalon_jtag_uart_write_fd
 .text          0x00121428       0xf4 C:/Users/tago/Dropbox/OUT/EE52/software/hello_world_2nd_bsp/\libhal_bsp.a(altera_avalon_jtag_uart_read.o)
                0x00121428                altera_avalon_jtag_uart_read
 .text          0x0012151c       0x98 C:/Users/tago/Dropbox/OUT/EE52/software/hello_world_2nd_bsp/\libhal_bsp.a(altera_avalon_jtag_uart_write.o)
                0x0012151c                altera_avalon_jtag_uart_write
 .text          0x001215b4      0x118 C:/Users/tago/Dropbox/OUT/EE52/software/hello_world_2nd_bsp/\libhal_bsp.a(alt_close.o)
                0x00121604                close
 .text          0x001216cc       0x44 C:/Users/tago/Dropbox/OUT/EE52/software/hello_world_2nd_bsp/\libhal_bsp.a(alt_dcache_flush_all.o)
                0x001216cc                alt_dcache_flush_all
 .text          0x00121710       0x2c C:/Users/tago/Dropbox/OUT/EE52/software/hello_world_2nd_bsp/\libhal_bsp.a(alt_dev.o)
 .text          0x0012173c       0xf0 C:/Users/tago/Dropbox/OUT/EE52/software/hello_world_2nd_bsp/\libhal_bsp.a(alt_dev_llist_insert.o)
                0x0012178c                alt_dev_llist_insert
 .text          0x0012182c       0x5c C:/Users/tago/Dropbox/OUT/EE52/software/hello_world_2nd_bsp/\libhal_bsp.a(alt_do_ctors.o)
                0x0012182c                _do_ctors
 .text          0x00121888       0x5c C:/Users/tago/Dropbox/OUT/EE52/software/hello_world_2nd_bsp/\libhal_bsp.a(alt_do_dtors.o)
                0x00121888                _do_dtors
 .text          0x001218e4        0x0 C:/Users/tago/Dropbox/OUT/EE52/software/hello_world_2nd_bsp/\libhal_bsp.a(alt_errno.o)
 .text          0x001218e4        0x0 C:/Users/tago/Dropbox/OUT/EE52/software/hello_world_2nd_bsp/\libhal_bsp.a(alt_exception_entry.o)
 .text          0x001218e4       0x30 C:/Users/tago/Dropbox/OUT/EE52/software/hello_world_2nd_bsp/\libhal_bsp.a(alt_icache_flush_all.o)
                0x001218e4                alt_icache_flush_all
 .text          0x00121914      0x138 C:/Users/tago/Dropbox/OUT/EE52/software/hello_world_2nd_bsp/\libhal_bsp.a(alt_io_redirect.o)
                0x001219d4                alt_io_redirect
 .text          0x00121a4c      0x270 C:/Users/tago/Dropbox/OUT/EE52/software/hello_world_2nd_bsp/\libhal_bsp.a(alt_open.o)
                0x00121b68                open
 .text          0x00121cbc       0x60 C:/Users/tago/Dropbox/OUT/EE52/software/hello_world_2nd_bsp/\libhal_bsp.a(alt_release_fd.o)
                0x00121cbc                alt_release_fd
 .text          0x00121d1c       0x20 C:/Users/tago/Dropbox/OUT/EE52/software/hello_world_2nd_bsp/\libhal_bsp.a(altera_nios2_qsys_irq.o)
                0x00121d1c                altera_nios2_qsys_irq_init
 .text          0x00121d3c       0x90 C:/Users/tago/Dropbox/OUT/EE52/software/hello_world_2nd_bsp/\libhal_bsp.a(alt_find_dev.o)
                0x00121d3c                alt_find_dev
 .text          0x00121dcc      0x114 C:/Users/tago/Dropbox/OUT/EE52/software/hello_world_2nd_bsp/\libhal_bsp.a(alt_find_file.o)
                0x00121dcc                alt_find_file
 .text          0x00121ee0       0xb4 C:/Users/tago/Dropbox/OUT/EE52/software/hello_world_2nd_bsp/\libhal_bsp.a(alt_get_fd.o)
                0x00121ee0                alt_get_fd
 .text          0x00121f94       0x8c C:/Users/tago/Dropbox/OUT/EE52/software/hello_world_2nd_bsp/\libhal_bsp.a(alt_icache_flush.o)
                0x00121f94                alt_icache_flush
 .text          0x00122020       0x14 c:/altera/13.1/nios2eds/bin/gnu/h-i686-mingw32/bin/../lib/gcc/nios2-elf/4.7.3/../../../../../H-i686-mingw32/nios2-elf/lib\libsmallc.a(lib_a-atexit.o)
                0x00122020                atexit
 .text          0x00122034       0x20 c:/altera/13.1/nios2eds/bin/gnu/h-i686-mingw32/bin/../lib/gcc/nios2-elf/4.7.3/../../../../../H-i686-mingw32/nios2-elf/lib\libsmallc.a(lib_a-exit.o)
                0x00122034                exit
 .text          0x00122054       0x48 c:/altera/13.1/nios2eds/bin/gnu/h-i686-mingw32/bin/../lib/gcc/nios2-elf/4.7.3/../../../../../H-i686-mingw32/nios2-elf/lib\libsmallc.a(lib_a-memcmp.o)
                0x00122054                memcmp
 .text          0x0012209c      0x188 c:/altera/13.1/nios2eds/bin/gnu/h-i686-mingw32/bin/../lib/gcc/nios2-elf/4.7.3/../../../../../H-i686-mingw32/nios2-elf/lib\libsmallc.a(lib_a-__atexit.o)
                0x0012209c                __register_exitproc
 .text          0x00122224      0x1d8 c:/altera/13.1/nios2eds/bin/gnu/h-i686-mingw32/bin/../lib/gcc/nios2-elf/4.7.3/../../../../../H-i686-mingw32/nios2-elf/lib\libsmallc.a(lib_a-__call_atexit.o)
                0x00122224                __call_exitprocs
 .text          0x001223fc       0x3c C:/Users/tago/Dropbox/OUT/EE52/software/hello_world_2nd_bsp/\libhal_bsp.a(alt_exit.o)
                0x001223fc                _exit
 *(.gnu.warning.*)
 *(.fini)
                0x00122438                PROVIDE (__etext, ABSOLUTE (.))
                0x00122438                PROVIDE (_etext, ABSOLUTE (.))
                0x00122438                PROVIDE (etext, ABSOLUTE (.))
 *(.eh_frame_hdr)
                0x00122438                . = ALIGN (0x4)
                0x00122438                PROVIDE (__preinit_array_start, ABSOLUTE (.))
 *(.preinit_array)
                0x00122438                PROVIDE (__preinit_array_end, ABSOLUTE (.))
                0x00122438                PROVIDE (__init_array_start, ABSOLUTE (.))
 *(.init_array)
                0x00122438                PROVIDE (__init_array_end, ABSOLUTE (.))
                0x00122438                PROVIDE (__fini_array_start, ABSOLUTE (.))
 *(.fini_array)
                0x00122438                PROVIDE (__fini_array_end, ABSOLUTE (.))
 *(.eh_frame)
 *(.gcc_except_table .gcc_except_table.*)
 *(.dynamic)
                0x00122438                PROVIDE (__CTOR_LIST__, ABSOLUTE (.))
 *(.ctors)
 *(SORT(.ctors.*))
                0x00122438                PROVIDE (__CTOR_END__, ABSOLUTE (.))
                0x00122438                PROVIDE (__DTOR_LIST__, ABSOLUTE (.))
 *(.dtors)
 *(SORT(.dtors.*))
                0x00122438                PROVIDE (__DTOR_END__, ABSOLUTE (.))
 *(.jcr)
                0x00122438                . = ALIGN (0x4)

.rodata         0x00122438       0x38
                0x00122438                PROVIDE (__ram_rodata_start, ABSOLUTE (.))
                0x00122438                . = ALIGN (0x4)
 *(.rodata .rodata.* .gnu.linkonce.r.*)
 .rodata        0x00122438       0x14 obj/default/hello_world.o
 .rodata        0x0012244c        0xc C:/Users/tago/Dropbox/OUT/EE52/software/hello_world_2nd_bsp/\libhal_bsp.a(alt_main.o)
 .rodata        0x00122458        0xc C:/Users/tago/Dropbox/OUT/EE52/software/hello_world_2nd_bsp/\libhal_bsp.a(alt_sys_init.o)
 .rodata        0x00122464        0xc C:/Users/tago/Dropbox/OUT/EE52/software/hello_world_2nd_bsp/\libhal_bsp.a(alt_dev.o)
 *(.rodata1)
                0x00122470                . = ALIGN (0x4)
                0x00122470                PROVIDE (__ram_rodata_end, ABSOLUTE (.))
                0x00122438                PROVIDE (__flash_rodata_start, LOADADDR (.rodata))

.rwdata         0x00122470      0x2dc load address 0x0012274c
                0x00122470                PROVIDE (__ram_rwdata_start, ABSOLUTE (.))
                0x00122470                . = ALIGN (0x4)
 *(.got.plt)
 *(.got)
 *(.data1)
 *(.data .data.* .gnu.linkonce.d.*)
 .data          0x00122470        0x0 C:/Users/tago/Dropbox/OUT/EE52/software/hello_world_2nd_bsp//obj/HAL/src/crt0.o
 .data          0x00122470        0x0 obj/default/hello_world.o
 .data          0x00122470        0x1 obj/default/keys.o
 .data          0x00122471        0x0 c:/altera/13.1/nios2eds/bin/gnu/h-i686-mingw32/bin/../lib/gcc/nios2-elf/4.7.3/../../../../../H-i686-mingw32/nios2-elf/lib\libsmallc.a(lib_a-printf.o)
 .data          0x00122471        0x0 c:/altera/13.1/nios2eds/bin/gnu/h-i686-mingw32/bin/../lib/gcc/nios2-elf/4.7.3/../../../../../H-i686-mingw32/nios2-elf/lib\libsmallc.a(lib_a-vfprintf.o)
 .data          0x00122471        0x0 c:/altera/13.1/nios2eds/bin/gnu/h-i686-mingw32/bin/../lib/gcc/nios2-elf/4.7.3/../../../../../H-i686-mingw32/nios2-elf/lib\libsmallc.a(lib_a-fvwrite_small_dev.o)
 *fill*         0x00122471        0x3 
 .data          0x00122474       0xe0 c:/altera/13.1/nios2eds/bin/gnu/h-i686-mingw32/bin/../lib/gcc/nios2-elf/4.7.3/../../../../../H-i686-mingw32/nios2-elf/lib\libsmallc.a(lib_a-impure.o)
 .data          0x00122554        0x0 c:/altera/13.1/nios2eds/bin/gnu/h-i686-mingw32/bin/../lib/gcc/nios2-elf/4.7.3/../../../../../H-i686-mingw32/nios2-elf/lib\libsmallc.a(lib_a-strlen.o)
 .data          0x00122554        0x0 c:/altera/13.1/nios2eds/bin/gnu/h-i686-mingw32/bin/../lib/gcc/nios2-elf/4.7.3/../../../../../H-i686-mingw32/nios2-elf/lib\libsmallc.a(lib_a-writer.o)
 .data          0x00122554        0x0 c:/altera/13.1/nios2eds/bin/gnu/h-i686-mingw32/bin/../lib/gcc/nios2-elf/4.7.3/../../../../../H-i686-mingw32/nios2-elf/lib\libsmallc.a(lib_a-int_errno.o)
 .data          0x00122554        0x0 c:/altera/13.1/nios2eds/bin/gnu/h-i686-mingw32/bin/../lib/gcc/nios2-elf/4.7.3\libgcc.a(lib2-divmod.o)
 .data          0x00122554        0x0 C:/Users/tago/Dropbox/OUT/EE52/software/hello_world_2nd_bsp/\libhal_bsp.a(alt_iic.o)
 .data          0x00122554        0x0 C:/Users/tago/Dropbox/OUT/EE52/software/hello_world_2nd_bsp/\libhal_bsp.a(alt_iic_isr_register.o)
 .data          0x00122554        0x0 C:/Users/tago/Dropbox/OUT/EE52/software/hello_world_2nd_bsp/\libhal_bsp.a(alt_irq_entry.o)
 .data          0x00122554        0x0 C:/Users/tago/Dropbox/OUT/EE52/software/hello_world_2nd_bsp/\libhal_bsp.a(alt_irq_handler.o)
 .data          0x00122554        0x0 C:/Users/tago/Dropbox/OUT/EE52/software/hello_world_2nd_bsp/\libhal_bsp.a(alt_irq_vars.o)
 .data          0x00122554        0x0 C:/Users/tago/Dropbox/OUT/EE52/software/hello_world_2nd_bsp/\libhal_bsp.a(alt_load.o)
 .data          0x00122554        0x0 C:/Users/tago/Dropbox/OUT/EE52/software/hello_world_2nd_bsp/\libhal_bsp.a(alt_main.o)
 .data          0x00122554        0x0 C:/Users/tago/Dropbox/OUT/EE52/software/hello_world_2nd_bsp/\libhal_bsp.a(alt_write.o)
 .data          0x00122554       0x2c C:/Users/tago/Dropbox/OUT/EE52/software/hello_world_2nd_bsp/\libhal_bsp.a(alt_sys_init.o)
 .data          0x00122580        0x0 C:/Users/tago/Dropbox/OUT/EE52/software/hello_world_2nd_bsp/\libhal_bsp.a(altera_avalon_jtag_uart_fd.o)
 .data          0x00122580        0x0 C:/Users/tago/Dropbox/OUT/EE52/software/hello_world_2nd_bsp/\libhal_bsp.a(altera_avalon_jtag_uart_read.o)
 .data          0x00122580        0x0 C:/Users/tago/Dropbox/OUT/EE52/software/hello_world_2nd_bsp/\libhal_bsp.a(altera_avalon_jtag_uart_write.o)
 .data          0x00122580        0x0 C:/Users/tago/Dropbox/OUT/EE52/software/hello_world_2nd_bsp/\libhal_bsp.a(alt_close.o)
 .data          0x00122580        0x0 C:/Users/tago/Dropbox/OUT/EE52/software/hello_world_2nd_bsp/\libhal_bsp.a(alt_dcache_flush_all.o)
 .data          0x00122580      0x1a8 C:/Users/tago/Dropbox/OUT/EE52/software/hello_world_2nd_bsp/\libhal_bsp.a(alt_dev.o)
                0x00122580                alt_dev_null
                0x001225a8                alt_fd_list
 .data          0x00122728        0x0 C:/Users/tago/Dropbox/OUT/EE52/software/hello_world_2nd_bsp/\libhal_bsp.a(alt_dev_llist_insert.o)
 .data          0x00122728        0x0 C:/Users/tago/Dropbox/OUT/EE52/software/hello_world_2nd_bsp/\libhal_bsp.a(alt_do_ctors.o)
 .data          0x00122728        0x0 C:/Users/tago/Dropbox/OUT/EE52/software/hello_world_2nd_bsp/\libhal_bsp.a(alt_do_dtors.o)
 .data          0x00122728        0x0 C:/Users/tago/Dropbox/OUT/EE52/software/hello_world_2nd_bsp/\libhal_bsp.a(alt_errno.o)
 .data          0x00122728        0x0 C:/Users/tago/Dropbox/OUT/EE52/software/hello_world_2nd_bsp/\libhal_bsp.a(alt_exception_entry.o)
 .data          0x00122728        0x0 C:/Users/tago/Dropbox/OUT/EE52/software/hello_world_2nd_bsp/\libhal_bsp.a(alt_icache_flush_all.o)
 .data          0x00122728        0x0 C:/Users/tago/Dropbox/OUT/EE52/software/hello_world_2nd_bsp/\libhal_bsp.a(alt_io_redirect.o)
 .data          0x00122728        0x0 C:/Users/tago/Dropbox/OUT/EE52/software/hello_world_2nd_bsp/\libhal_bsp.a(alt_open.o)
 .data          0x00122728        0x0 C:/Users/tago/Dropbox/OUT/EE52/software/hello_world_2nd_bsp/\libhal_bsp.a(alt_release_fd.o)
 .data          0x00122728        0x0 C:/Users/tago/Dropbox/OUT/EE52/software/hello_world_2nd_bsp/\libhal_bsp.a(altera_nios2_qsys_irq.o)
 .data          0x00122728        0x0 C:/Users/tago/Dropbox/OUT/EE52/software/hello_world_2nd_bsp/\libhal_bsp.a(alt_find_dev.o)
 .data          0x00122728        0x0 C:/Users/tago/Dropbox/OUT/EE52/software/hello_world_2nd_bsp/\libhal_bsp.a(alt_find_file.o)
 .data          0x00122728        0x0 C:/Users/tago/Dropbox/OUT/EE52/software/hello_world_2nd_bsp/\libhal_bsp.a(alt_get_fd.o)
 .data          0x00122728        0x0 C:/Users/tago/Dropbox/OUT/EE52/software/hello_world_2nd_bsp/\libhal_bsp.a(alt_icache_flush.o)
 .data          0x00122728        0x0 c:/altera/13.1/nios2eds/bin/gnu/h-i686-mingw32/bin/../lib/gcc/nios2-elf/4.7.3/../../../../../H-i686-mingw32/nios2-elf/lib\libsmallc.a(lib_a-atexit.o)
 .data          0x00122728        0x0 c:/altera/13.1/nios2eds/bin/gnu/h-i686-mingw32/bin/../lib/gcc/nios2-elf/4.7.3/../../../../../H-i686-mingw32/nios2-elf/lib\libsmallc.a(lib_a-exit.o)
 .data          0x00122728        0x0 c:/altera/13.1/nios2eds/bin/gnu/h-i686-mingw32/bin/../lib/gcc/nios2-elf/4.7.3/../../../../../H-i686-mingw32/nios2-elf/lib\libsmallc.a(lib_a-memcmp.o)
 .data          0x00122728        0x0 c:/altera/13.1/nios2eds/bin/gnu/h-i686-mingw32/bin/../lib/gcc/nios2-elf/4.7.3/../../../../../H-i686-mingw32/nios2-elf/lib\libsmallc.a(lib_a-__atexit.o)
 .data          0x00122728        0x0 c:/altera/13.1/nios2eds/bin/gnu/h-i686-mingw32/bin/../lib/gcc/nios2-elf/4.7.3/../../../../../H-i686-mingw32/nios2-elf/lib\libsmallc.a(lib_a-__call_atexit.o)
 .data          0x00122728        0x0 C:/Users/tago/Dropbox/OUT/EE52/software/hello_world_2nd_bsp/\libhal_bsp.a(alt_exit.o)
                0x0012a728                _gp = ABSOLUTE ((. + 0x8000))
                0x0012a728                PROVIDE (gp, _gp)
 *(.rwdata .rwdata.*)
 *(.sdata .sdata.* .gnu.linkonce.s.*)
 .sdata         0x00122728        0x8 c:/altera/13.1/nios2eds/bin/gnu/h-i686-mingw32/bin/../lib/gcc/nios2-elf/4.7.3/../../../../../H-i686-mingw32/nios2-elf/lib\libsmallc.a(lib_a-impure.o)
                0x00122728                _global_impure_ptr
                0x0012272c                _impure_ptr
 .sdata         0x00122730        0x4 C:/Users/tago/Dropbox/OUT/EE52/software/hello_world_2nd_bsp/\libhal_bsp.a(alt_irq_vars.o)
                0x00122730                alt_priority_mask
 .sdata         0x00122734       0x14 C:/Users/tago/Dropbox/OUT/EE52/software/hello_world_2nd_bsp/\libhal_bsp.a(alt_dev.o)
                0x00122734                alt_fs_list
                0x0012273c                alt_dev_list
                0x00122744                alt_max_fd
 .sdata         0x00122748        0x4 C:/Users/tago/Dropbox/OUT/EE52/software/hello_world_2nd_bsp/\libhal_bsp.a(alt_errno.o)
                0x00122748                alt_errno
 *(.sdata2 .sdata2.* .gnu.linkonce.s2.*)
                0x0012274c                . = ALIGN (0x4)
                0x0012274c                _edata = ABSOLUTE (.)
                0x0012274c                PROVIDE (edata, ABSOLUTE (.))
                0x0012274c                PROVIDE (__ram_rwdata_end, ABSOLUTE (.))
                0x0012274c                PROVIDE (__flash_rwdata_start, LOADADDR (.rwdata))

.bss            0x00122a28      0x1a0
                0x00122a28                __bss_start = ABSOLUTE (.)
                0x00122a28                PROVIDE (__sbss_start, ABSOLUTE (.))
                0x00122a28                PROVIDE (___sbss_start, ABSOLUTE (.))
 *(.dynsbss)
 *(.sbss .sbss.* .gnu.linkonce.sb.*)
 .sbss          0x00122a28        0x4 c:/altera/13.1/nios2eds/bin/gnu/h-i686-mingw32/bin/../lib/gcc/nios2-elf/4.7.3/../../../../../H-i686-mingw32/nios2-elf/lib\libsmallc.a(lib_a-int_errno.o)
                0x00122a28                errno
 .sbss          0x00122a2c        0x4 C:/Users/tago/Dropbox/OUT/EE52/software/hello_world_2nd_bsp/\libhal_bsp.a(alt_irq_vars.o)
                0x00122a2c                alt_irq_active
 .sbss          0x00122a30        0xc C:/Users/tago/Dropbox/OUT/EE52/software/hello_world_2nd_bsp/\libhal_bsp.a(alt_main.o)
                0x00122a30                alt_argc
                0x00122a34                alt_argv
                0x00122a38                alt_envp
 *(.sbss2 .sbss2.* .gnu.linkonce.sb2.*)
 *(.scommon)
                0x00122a3c                PROVIDE (__sbss_end, ABSOLUTE (.))
                0x00122a3c                PROVIDE (___sbss_end, ABSOLUTE (.))
 *(.dynbss)
 *(.bss .bss.* .gnu.linkonce.b.*)
 .bss           0x00122a3c        0x0 C:/Users/tago/Dropbox/OUT/EE52/software/hello_world_2nd_bsp//obj/HAL/src/crt0.o
 .bss           0x00122a3c        0x0 obj/default/hello_world.o
 .bss           0x00122a3c        0x0 obj/default/keys.o
 .bss           0x00122a3c        0x0 c:/altera/13.1/nios2eds/bin/gnu/h-i686-mingw32/bin/../lib/gcc/nios2-elf/4.7.3/../../../../../H-i686-mingw32/nios2-elf/lib\libsmallc.a(lib_a-printf.o)
 .bss           0x00122a3c        0x0 c:/altera/13.1/nios2eds/bin/gnu/h-i686-mingw32/bin/../lib/gcc/nios2-elf/4.7.3/../../../../../H-i686-mingw32/nios2-elf/lib\libsmallc.a(lib_a-vfprintf.o)
 .bss           0x00122a3c        0x0 c:/altera/13.1/nios2eds/bin/gnu/h-i686-mingw32/bin/../lib/gcc/nios2-elf/4.7.3/../../../../../H-i686-mingw32/nios2-elf/lib\libsmallc.a(lib_a-fvwrite_small_dev.o)
 .bss           0x00122a3c        0x0 c:/altera/13.1/nios2eds/bin/gnu/h-i686-mingw32/bin/../lib/gcc/nios2-elf/4.7.3/../../../../../H-i686-mingw32/nios2-elf/lib\libsmallc.a(lib_a-impure.o)
 .bss           0x00122a3c        0x0 c:/altera/13.1/nios2eds/bin/gnu/h-i686-mingw32/bin/../lib/gcc/nios2-elf/4.7.3/../../../../../H-i686-mingw32/nios2-elf/lib\libsmallc.a(lib_a-strlen.o)
 .bss           0x00122a3c        0x0 c:/altera/13.1/nios2eds/bin/gnu/h-i686-mingw32/bin/../lib/gcc/nios2-elf/4.7.3/../../../../../H-i686-mingw32/nios2-elf/lib\libsmallc.a(lib_a-writer.o)
 .bss           0x00122a3c        0x0 c:/altera/13.1/nios2eds/bin/gnu/h-i686-mingw32/bin/../lib/gcc/nios2-elf/4.7.3/../../../../../H-i686-mingw32/nios2-elf/lib\libsmallc.a(lib_a-int_errno.o)
 .bss           0x00122a3c        0x0 c:/altera/13.1/nios2eds/bin/gnu/h-i686-mingw32/bin/../lib/gcc/nios2-elf/4.7.3\libgcc.a(lib2-divmod.o)
 .bss           0x00122a3c        0x0 C:/Users/tago/Dropbox/OUT/EE52/software/hello_world_2nd_bsp/\libhal_bsp.a(alt_iic.o)
 .bss           0x00122a3c        0x0 C:/Users/tago/Dropbox/OUT/EE52/software/hello_world_2nd_bsp/\libhal_bsp.a(alt_iic_isr_register.o)
 .bss           0x00122a3c        0x0 C:/Users/tago/Dropbox/OUT/EE52/software/hello_world_2nd_bsp/\libhal_bsp.a(alt_irq_entry.o)
 .bss           0x00122a3c        0x0 C:/Users/tago/Dropbox/OUT/EE52/software/hello_world_2nd_bsp/\libhal_bsp.a(alt_irq_handler.o)
 .bss           0x00122a3c        0x0 C:/Users/tago/Dropbox/OUT/EE52/software/hello_world_2nd_bsp/\libhal_bsp.a(alt_irq_vars.o)
 .bss           0x00122a3c        0x0 C:/Users/tago/Dropbox/OUT/EE52/software/hello_world_2nd_bsp/\libhal_bsp.a(alt_load.o)
 .bss           0x00122a3c        0x0 C:/Users/tago/Dropbox/OUT/EE52/software/hello_world_2nd_bsp/\libhal_bsp.a(alt_main.o)
 .bss           0x00122a3c        0x0 C:/Users/tago/Dropbox/OUT/EE52/software/hello_world_2nd_bsp/\libhal_bsp.a(alt_write.o)
 .bss           0x00122a3c        0x0 C:/Users/tago/Dropbox/OUT/EE52/software/hello_world_2nd_bsp/\libhal_bsp.a(alt_sys_init.o)
 .bss           0x00122a3c        0x0 C:/Users/tago/Dropbox/OUT/EE52/software/hello_world_2nd_bsp/\libhal_bsp.a(altera_avalon_jtag_uart_fd.o)
 .bss           0x00122a3c        0x0 C:/Users/tago/Dropbox/OUT/EE52/software/hello_world_2nd_bsp/\libhal_bsp.a(altera_avalon_jtag_uart_read.o)
 .bss           0x00122a3c        0x0 C:/Users/tago/Dropbox/OUT/EE52/software/hello_world_2nd_bsp/\libhal_bsp.a(altera_avalon_jtag_uart_write.o)
 .bss           0x00122a3c        0x0 C:/Users/tago/Dropbox/OUT/EE52/software/hello_world_2nd_bsp/\libhal_bsp.a(alt_close.o)
 .bss           0x00122a3c        0x0 C:/Users/tago/Dropbox/OUT/EE52/software/hello_world_2nd_bsp/\libhal_bsp.a(alt_dcache_flush_all.o)
 .bss           0x00122a3c        0x0 C:/Users/tago/Dropbox/OUT/EE52/software/hello_world_2nd_bsp/\libhal_bsp.a(alt_dev.o)
 .bss           0x00122a3c        0x0 C:/Users/tago/Dropbox/OUT/EE52/software/hello_world_2nd_bsp/\libhal_bsp.a(alt_dev_llist_insert.o)
 .bss           0x00122a3c        0x0 C:/Users/tago/Dropbox/OUT/EE52/software/hello_world_2nd_bsp/\libhal_bsp.a(alt_do_ctors.o)
 .bss           0x00122a3c        0x0 C:/Users/tago/Dropbox/OUT/EE52/software/hello_world_2nd_bsp/\libhal_bsp.a(alt_do_dtors.o)
 .bss           0x00122a3c        0x0 C:/Users/tago/Dropbox/OUT/EE52/software/hello_world_2nd_bsp/\libhal_bsp.a(alt_errno.o)
 .bss           0x00122a3c        0x0 C:/Users/tago/Dropbox/OUT/EE52/software/hello_world_2nd_bsp/\libhal_bsp.a(alt_exception_entry.o)
 .bss           0x00122a3c        0x0 C:/Users/tago/Dropbox/OUT/EE52/software/hello_world_2nd_bsp/\libhal_bsp.a(alt_icache_flush_all.o)
 .bss           0x00122a3c        0x0 C:/Users/tago/Dropbox/OUT/EE52/software/hello_world_2nd_bsp/\libhal_bsp.a(alt_io_redirect.o)
 .bss           0x00122a3c        0x0 C:/Users/tago/Dropbox/OUT/EE52/software/hello_world_2nd_bsp/\libhal_bsp.a(alt_open.o)
 .bss           0x00122a3c        0x0 C:/Users/tago/Dropbox/OUT/EE52/software/hello_world_2nd_bsp/\libhal_bsp.a(alt_release_fd.o)
 .bss           0x00122a3c        0x0 C:/Users/tago/Dropbox/OUT/EE52/software/hello_world_2nd_bsp/\libhal_bsp.a(altera_nios2_qsys_irq.o)
 .bss           0x00122a3c        0x0 C:/Users/tago/Dropbox/OUT/EE52/software/hello_world_2nd_bsp/\libhal_bsp.a(alt_find_dev.o)
 .bss           0x00122a3c        0x0 C:/Users/tago/Dropbox/OUT/EE52/software/hello_world_2nd_bsp/\libhal_bsp.a(alt_find_file.o)
 .bss           0x00122a3c        0x0 C:/Users/tago/Dropbox/OUT/EE52/software/hello_world_2nd_bsp/\libhal_bsp.a(alt_get_fd.o)
 .bss           0x00122a3c        0x0 C:/Users/tago/Dropbox/OUT/EE52/software/hello_world_2nd_bsp/\libhal_bsp.a(alt_icache_flush.o)
 .bss           0x00122a3c        0x0 c:/altera/13.1/nios2eds/bin/gnu/h-i686-mingw32/bin/../lib/gcc/nios2-elf/4.7.3/../../../../../H-i686-mingw32/nios2-elf/lib\libsmallc.a(lib_a-atexit.o)
 .bss           0x00122a3c        0x0 c:/altera/13.1/nios2eds/bin/gnu/h-i686-mingw32/bin/../lib/gcc/nios2-elf/4.7.3/../../../../../H-i686-mingw32/nios2-elf/lib\libsmallc.a(lib_a-exit.o)
 .bss           0x00122a3c        0x0 c:/altera/13.1/nios2eds/bin/gnu/h-i686-mingw32/bin/../lib/gcc/nios2-elf/4.7.3/../../../../../H-i686-mingw32/nios2-elf/lib\libsmallc.a(lib_a-memcmp.o)
 .bss           0x00122a3c        0x0 c:/altera/13.1/nios2eds/bin/gnu/h-i686-mingw32/bin/../lib/gcc/nios2-elf/4.7.3/../../../../../H-i686-mingw32/nios2-elf/lib\libsmallc.a(lib_a-__atexit.o)
 .bss           0x00122a3c        0x0 c:/altera/13.1/nios2eds/bin/gnu/h-i686-mingw32/bin/../lib/gcc/nios2-elf/4.7.3/../../../../../H-i686-mingw32/nios2-elf/lib\libsmallc.a(lib_a-__call_atexit.o)
 .bss           0x00122a3c        0x0 C:/Users/tago/Dropbox/OUT/EE52/software/hello_world_2nd_bsp/\libhal_bsp.a(alt_exit.o)
 *(COMMON)
 COMMON         0x00122a3c      0x100 C:/Users/tago/Dropbox/OUT/EE52/software/hello_world_2nd_bsp/\libhal_bsp.a(alt_irq_handler.o)
                0x00122a3c                alt_irq
 COMMON         0x00122b3c       0x8c c:/altera/13.1/nios2eds/bin/gnu/h-i686-mingw32/bin/../lib/gcc/nios2-elf/4.7.3/../../../../../H-i686-mingw32/nios2-elf/lib\libsmallc.a(lib_a-atexit.o)
                0x00122b3c                _atexit0
                0x00122bc8                . = ALIGN (0x4)
                0x00122bc8                __bss_end = ABSOLUTE (.)

.rom            0x00080000        0x0 load address 0x00122bc8
                0x00080000                PROVIDE (_alt_partition_rom_start, ABSOLUTE (.))
 *(.rom .rom. rom.*)
                0x00080000                . = ALIGN (0x4)
                0x00080000                PROVIDE (_alt_partition_rom_end, ABSOLUTE (.))
                0x00122bc8                PROVIDE (_alt_partition_rom_load_addr, LOADADDR (.rom))

.ram            0x00122bc8        0x0
                0x00122bc8                PROVIDE (_alt_partition_ram_start, ABSOLUTE (.))
 *(.ram .ram. ram.*)
                0x00122bc8                . = ALIGN (0x4)
                0x00122bc8                PROVIDE (_alt_partition_ram_end, ABSOLUTE (.))
                0x00122bc8                _end = ABSOLUTE (.)
                0x00122bc8                end = ABSOLUTE (.)
                0x00122bc8                __alt_stack_base = ABSOLUTE (.)
                0x00122bc8                PROVIDE (_alt_partition_ram_load_addr, LOADADDR (.ram))

.stab
 *(.stab)

.stabstr
 *(.stabstr)

.stab.excl
 *(.stab.excl)

.stab.exclstr
 *(.stab.exclstr)

.stab.index
 *(.stab.index)

.stab.indexstr
 *(.stab.indexstr)

.comment        0x00000000       0x23
 *(.comment)
 .comment       0x00000000       0x23 obj/default/hello_world.o
                                 0x24 (size before relaxing)
 .comment       0x00000000       0x24 c:/altera/13.1/nios2eds/bin/gnu/h-i686-mingw32/bin/../lib/gcc/nios2-elf/4.7.3/../../../../../H-i686-mingw32/nios2-elf/lib\libsmallc.a(lib_a-printf.o)
 .comment       0x00000000       0x24 c:/altera/13.1/nios2eds/bin/gnu/h-i686-mingw32/bin/../lib/gcc/nios2-elf/4.7.3/../../../../../H-i686-mingw32/nios2-elf/lib\libsmallc.a(lib_a-vfprintf.o)
 .comment       0x00000000       0x24 c:/altera/13.1/nios2eds/bin/gnu/h-i686-mingw32/bin/../lib/gcc/nios2-elf/4.7.3/../../../../../H-i686-mingw32/nios2-elf/lib\libsmallc.a(lib_a-fvwrite_small_dev.o)
 .comment       0x00000000       0x24 c:/altera/13.1/nios2eds/bin/gnu/h-i686-mingw32/bin/../lib/gcc/nios2-elf/4.7.3/../../../../../H-i686-mingw32/nios2-elf/lib\libsmallc.a(lib_a-impure.o)
 .comment       0x00000000       0x24 c:/altera/13.1/nios2eds/bin/gnu/h-i686-mingw32/bin/../lib/gcc/nios2-elf/4.7.3/../../../../../H-i686-mingw32/nios2-elf/lib\libsmallc.a(lib_a-strlen.o)
 .comment       0x00000000       0x24 c:/altera/13.1/nios2eds/bin/gnu/h-i686-mingw32/bin/../lib/gcc/nios2-elf/4.7.3/../../../../../H-i686-mingw32/nios2-elf/lib\libsmallc.a(lib_a-writer.o)
 .comment       0x00000000       0x24 c:/altera/13.1/nios2eds/bin/gnu/h-i686-mingw32/bin/../lib/gcc/nios2-elf/4.7.3/../../../../../H-i686-mingw32/nios2-elf/lib\libsmallc.a(lib_a-int_errno.o)
 .comment       0x00000000       0x24 c:/altera/13.1/nios2eds/bin/gnu/h-i686-mingw32/bin/../lib/gcc/nios2-elf/4.7.3\libgcc.a(lib2-divmod.o)
 .comment       0x00000000       0x24 C:/Users/tago/Dropbox/OUT/EE52/software/hello_world_2nd_bsp/\libhal_bsp.a(alt_iic.o)
 .comment       0x00000000       0x24 C:/Users/tago/Dropbox/OUT/EE52/software/hello_world_2nd_bsp/\libhal_bsp.a(alt_iic_isr_register.o)
 .comment       0x00000000       0x24 C:/Users/tago/Dropbox/OUT/EE52/software/hello_world_2nd_bsp/\libhal_bsp.a(alt_irq_handler.o)
 .comment       0x00000000       0x24 C:/Users/tago/Dropbox/OUT/EE52/software/hello_world_2nd_bsp/\libhal_bsp.a(alt_irq_vars.o)
 .comment       0x00000000       0x24 C:/Users/tago/Dropbox/OUT/EE52/software/hello_world_2nd_bsp/\libhal_bsp.a(alt_load.o)
 .comment       0x00000000       0x24 C:/Users/tago/Dropbox/OUT/EE52/software/hello_world_2nd_bsp/\libhal_bsp.a(alt_main.o)
 .comment       0x00000000       0x24 C:/Users/tago/Dropbox/OUT/EE52/software/hello_world_2nd_bsp/\libhal_bsp.a(alt_write.o)
 .comment       0x00000000       0x24 C:/Users/tago/Dropbox/OUT/EE52/software/hello_world_2nd_bsp/\libhal_bsp.a(alt_sys_init.o)
 .comment       0x00000000       0x24 C:/Users/tago/Dropbox/OUT/EE52/software/hello_world_2nd_bsp/\libhal_bsp.a(altera_avalon_jtag_uart_fd.o)
 .comment       0x00000000       0x24 C:/Users/tago/Dropbox/OUT/EE52/software/hello_world_2nd_bsp/\libhal_bsp.a(altera_avalon_jtag_uart_read.o)
 .comment       0x00000000       0x24 C:/Users/tago/Dropbox/OUT/EE52/software/hello_world_2nd_bsp/\libhal_bsp.a(altera_avalon_jtag_uart_write.o)
 .comment       0x00000000       0x24 C:/Users/tago/Dropbox/OUT/EE52/software/hello_world_2nd_bsp/\libhal_bsp.a(alt_close.o)
 .comment       0x00000000       0x24 C:/Users/tago/Dropbox/OUT/EE52/software/hello_world_2nd_bsp/\libhal_bsp.a(alt_dcache_flush_all.o)
 .comment       0x00000000       0x24 C:/Users/tago/Dropbox/OUT/EE52/software/hello_world_2nd_bsp/\libhal_bsp.a(alt_dev.o)
 .comment       0x00000000       0x24 C:/Users/tago/Dropbox/OUT/EE52/software/hello_world_2nd_bsp/\libhal_bsp.a(alt_dev_llist_insert.o)
 .comment       0x00000000       0x24 C:/Users/tago/Dropbox/OUT/EE52/software/hello_world_2nd_bsp/\libhal_bsp.a(alt_do_ctors.o)
 .comment       0x00000000       0x24 C:/Users/tago/Dropbox/OUT/EE52/software/hello_world_2nd_bsp/\libhal_bsp.a(alt_do_dtors.o)
 .comment       0x00000000       0x24 C:/Users/tago/Dropbox/OUT/EE52/software/hello_world_2nd_bsp/\libhal_bsp.a(alt_errno.o)
 .comment       0x00000000       0x24 C:/Users/tago/Dropbox/OUT/EE52/software/hello_world_2nd_bsp/\libhal_bsp.a(alt_icache_flush_all.o)
 .comment       0x00000000       0x24 C:/Users/tago/Dropbox/OUT/EE52/software/hello_world_2nd_bsp/\libhal_bsp.a(alt_io_redirect.o)
 .comment       0x00000000       0x24 C:/Users/tago/Dropbox/OUT/EE52/software/hello_world_2nd_bsp/\libhal_bsp.a(alt_open.o)
 .comment       0x00000000       0x24 C:/Users/tago/Dropbox/OUT/EE52/software/hello_world_2nd_bsp/\libhal_bsp.a(alt_release_fd.o)
 .comment       0x00000000       0x24 C:/Users/tago/Dropbox/OUT/EE52/software/hello_world_2nd_bsp/\libhal_bsp.a(altera_nios2_qsys_irq.o)
 .comment       0x00000000       0x24 C:/Users/tago/Dropbox/OUT/EE52/software/hello_world_2nd_bsp/\libhal_bsp.a(alt_find_dev.o)
 .comment       0x00000000       0x24 C:/Users/tago/Dropbox/OUT/EE52/software/hello_world_2nd_bsp/\libhal_bsp.a(alt_find_file.o)
 .comment       0x00000000       0x24 C:/Users/tago/Dropbox/OUT/EE52/software/hello_world_2nd_bsp/\libhal_bsp.a(alt_get_fd.o)
 .comment       0x00000000       0x24 C:/Users/tago/Dropbox/OUT/EE52/software/hello_world_2nd_bsp/\libhal_bsp.a(alt_icache_flush.o)
 .comment       0x00000000       0x24 c:/altera/13.1/nios2eds/bin/gnu/h-i686-mingw32/bin/../lib/gcc/nios2-elf/4.7.3/../../../../../H-i686-mingw32/nios2-elf/lib\libsmallc.a(lib_a-atexit.o)
 .comment       0x00000000       0x24 c:/altera/13.1/nios2eds/bin/gnu/h-i686-mingw32/bin/../lib/gcc/nios2-elf/4.7.3/../../../../../H-i686-mingw32/nios2-elf/lib\libsmallc.a(lib_a-exit.o)
 .comment       0x00000000       0x24 c:/altera/13.1/nios2eds/bin/gnu/h-i686-mingw32/bin/../lib/gcc/nios2-elf/4.7.3/../../../../../H-i686-mingw32/nios2-elf/lib\libsmallc.a(lib_a-memcmp.o)
 .comment       0x00000000       0x24 c:/altera/13.1/nios2eds/bin/gnu/h-i686-mingw32/bin/../lib/gcc/nios2-elf/4.7.3/../../../../../H-i686-mingw32/nios2-elf/lib\libsmallc.a(lib_a-__atexit.o)
 .comment       0x00000000       0x24 c:/altera/13.1/nios2eds/bin/gnu/h-i686-mingw32/bin/../lib/gcc/nios2-elf/4.7.3/../../../../../H-i686-mingw32/nios2-elf/lib\libsmallc.a(lib_a-__call_atexit.o)
 .comment       0x00000000       0x24 C:/Users/tago/Dropbox/OUT/EE52/software/hello_world_2nd_bsp/\libhal_bsp.a(alt_exit.o)

.debug
 *(.debug)

.line
 *(.line)

.debug_srcinfo
 *(.debug_srcinfo)

.debug_sfnames
 *(.debug_sfnames)

.debug_aranges  0x00000000      0x5d0
 *(.debug_aranges)
 .debug_aranges
                0x00000000       0x28 C:/Users/tago/Dropbox/OUT/EE52/software/hello_world_2nd_bsp//obj/HAL/src/crt0.o
 .debug_aranges
                0x00000028       0x20 obj/default/hello_world.o
 .debug_aranges
                0x00000048       0x20 obj/default/keys.o
 .debug_aranges
                0x00000068       0x20 c:/altera/13.1/nios2eds/bin/gnu/h-i686-mingw32/bin/../lib/gcc/nios2-elf/4.7.3/../../../../../H-i686-mingw32/nios2-elf/lib\libsmallc.a(lib_a-printf.o)
 .debug_aranges
                0x00000088       0x20 c:/altera/13.1/nios2eds/bin/gnu/h-i686-mingw32/bin/../lib/gcc/nios2-elf/4.7.3/../../../../../H-i686-mingw32/nios2-elf/lib\libsmallc.a(lib_a-vfprintf.o)
 .debug_aranges
                0x000000a8       0x20 c:/altera/13.1/nios2eds/bin/gnu/h-i686-mingw32/bin/../lib/gcc/nios2-elf/4.7.3/../../../../../H-i686-mingw32/nios2-elf/lib\libsmallc.a(lib_a-fvwrite_small_dev.o)
 .debug_aranges
                0x000000c8       0x18 c:/altera/13.1/nios2eds/bin/gnu/h-i686-mingw32/bin/../lib/gcc/nios2-elf/4.7.3/../../../../../H-i686-mingw32/nios2-elf/lib\libsmallc.a(lib_a-impure.o)
 .debug_aranges
                0x000000e0       0x20 c:/altera/13.1/nios2eds/bin/gnu/h-i686-mingw32/bin/../lib/gcc/nios2-elf/4.7.3/../../../../../H-i686-mingw32/nios2-elf/lib\libsmallc.a(lib_a-strlen.o)
 .debug_aranges
                0x00000100       0x20 c:/altera/13.1/nios2eds/bin/gnu/h-i686-mingw32/bin/../lib/gcc/nios2-elf/4.7.3/../../../../../H-i686-mingw32/nios2-elf/lib\libsmallc.a(lib_a-writer.o)
 .debug_aranges
                0x00000120       0x18 c:/altera/13.1/nios2eds/bin/gnu/h-i686-mingw32/bin/../lib/gcc/nios2-elf/4.7.3/../../../../../H-i686-mingw32/nios2-elf/lib\libsmallc.a(lib_a-int_errno.o)
 .debug_aranges
                0x00000138       0x20 c:/altera/13.1/nios2eds/bin/gnu/h-i686-mingw32/bin/../lib/gcc/nios2-elf/4.7.3\libgcc.a(lib2-divmod.o)
 .debug_aranges
                0x00000158       0x20 C:/Users/tago/Dropbox/OUT/EE52/software/hello_world_2nd_bsp/\libhal_bsp.a(alt_iic.o)
 .debug_aranges
                0x00000178       0x20 C:/Users/tago/Dropbox/OUT/EE52/software/hello_world_2nd_bsp/\libhal_bsp.a(alt_iic_isr_register.o)
 .debug_aranges
                0x00000198       0x30 C:/Users/tago/Dropbox/OUT/EE52/software/hello_world_2nd_bsp/\libhal_bsp.a(alt_irq_entry.o)
 .debug_aranges
                0x000001c8       0x20 C:/Users/tago/Dropbox/OUT/EE52/software/hello_world_2nd_bsp/\libhal_bsp.a(alt_irq_handler.o)
 .debug_aranges
                0x000001e8       0x18 C:/Users/tago/Dropbox/OUT/EE52/software/hello_world_2nd_bsp/\libhal_bsp.a(alt_irq_vars.o)
 .debug_aranges
                0x00000200       0x20 C:/Users/tago/Dropbox/OUT/EE52/software/hello_world_2nd_bsp/\libhal_bsp.a(alt_load.o)
 .debug_aranges
                0x00000220       0x20 C:/Users/tago/Dropbox/OUT/EE52/software/hello_world_2nd_bsp/\libhal_bsp.a(alt_main.o)
 .debug_aranges
                0x00000240       0x20 C:/Users/tago/Dropbox/OUT/EE52/software/hello_world_2nd_bsp/\libhal_bsp.a(alt_write.o)
 .debug_aranges
                0x00000260       0x20 C:/Users/tago/Dropbox/OUT/EE52/software/hello_world_2nd_bsp/\libhal_bsp.a(alt_sys_init.o)
 .debug_aranges
                0x00000280       0x20 C:/Users/tago/Dropbox/OUT/EE52/software/hello_world_2nd_bsp/\libhal_bsp.a(altera_avalon_jtag_uart_fd.o)
 .debug_aranges
                0x000002a0       0x20 C:/Users/tago/Dropbox/OUT/EE52/software/hello_world_2nd_bsp/\libhal_bsp.a(altera_avalon_jtag_uart_read.o)
 .debug_aranges
                0x000002c0       0x20 C:/Users/tago/Dropbox/OUT/EE52/software/hello_world_2nd_bsp/\libhal_bsp.a(altera_avalon_jtag_uart_write.o)
 .debug_aranges
                0x000002e0       0x20 C:/Users/tago/Dropbox/OUT/EE52/software/hello_world_2nd_bsp/\libhal_bsp.a(alt_close.o)
 .debug_aranges
                0x00000300       0x20 C:/Users/tago/Dropbox/OUT/EE52/software/hello_world_2nd_bsp/\libhal_bsp.a(alt_dcache_flush_all.o)
 .debug_aranges
                0x00000320       0x20 C:/Users/tago/Dropbox/OUT/EE52/software/hello_world_2nd_bsp/\libhal_bsp.a(alt_dev.o)
 .debug_aranges
                0x00000340       0x20 C:/Users/tago/Dropbox/OUT/EE52/software/hello_world_2nd_bsp/\libhal_bsp.a(alt_dev_llist_insert.o)
 .debug_aranges
                0x00000360       0x20 C:/Users/tago/Dropbox/OUT/EE52/software/hello_world_2nd_bsp/\libhal_bsp.a(alt_do_ctors.o)
 .debug_aranges
                0x00000380       0x20 C:/Users/tago/Dropbox/OUT/EE52/software/hello_world_2nd_bsp/\libhal_bsp.a(alt_do_dtors.o)
 .debug_aranges
                0x000003a0       0x18 C:/Users/tago/Dropbox/OUT/EE52/software/hello_world_2nd_bsp/\libhal_bsp.a(alt_errno.o)
 .debug_aranges
                0x000003b8       0x38 C:/Users/tago/Dropbox/OUT/EE52/software/hello_world_2nd_bsp/\libhal_bsp.a(alt_exception_entry.o)
 .debug_aranges
                0x000003f0       0x20 C:/Users/tago/Dropbox/OUT/EE52/software/hello_world_2nd_bsp/\libhal_bsp.a(alt_icache_flush_all.o)
 .debug_aranges
                0x00000410       0x20 C:/Users/tago/Dropbox/OUT/EE52/software/hello_world_2nd_bsp/\libhal_bsp.a(alt_io_redirect.o)
 .debug_aranges
                0x00000430       0x20 C:/Users/tago/Dropbox/OUT/EE52/software/hello_world_2nd_bsp/\libhal_bsp.a(alt_open.o)
 .debug_aranges
                0x00000450       0x20 C:/Users/tago/Dropbox/OUT/EE52/software/hello_world_2nd_bsp/\libhal_bsp.a(alt_release_fd.o)
 .debug_aranges
                0x00000470       0x20 C:/Users/tago/Dropbox/OUT/EE52/software/hello_world_2nd_bsp/\libhal_bsp.a(altera_nios2_qsys_irq.o)
 .debug_aranges
                0x00000490       0x20 C:/Users/tago/Dropbox/OUT/EE52/software/hello_world_2nd_bsp/\libhal_bsp.a(alt_find_dev.o)
 .debug_aranges
                0x000004b0       0x20 C:/Users/tago/Dropbox/OUT/EE52/software/hello_world_2nd_bsp/\libhal_bsp.a(alt_find_file.o)
 .debug_aranges
                0x000004d0       0x20 C:/Users/tago/Dropbox/OUT/EE52/software/hello_world_2nd_bsp/\libhal_bsp.a(alt_get_fd.o)
 .debug_aranges
                0x000004f0       0x20 C:/Users/tago/Dropbox/OUT/EE52/software/hello_world_2nd_bsp/\libhal_bsp.a(alt_icache_flush.o)
 .debug_aranges
                0x00000510       0x20 c:/altera/13.1/nios2eds/bin/gnu/h-i686-mingw32/bin/../lib/gcc/nios2-elf/4.7.3/../../../../../H-i686-mingw32/nios2-elf/lib\libsmallc.a(lib_a-atexit.o)
 .debug_aranges
                0x00000530       0x20 c:/altera/13.1/nios2eds/bin/gnu/h-i686-mingw32/bin/../lib/gcc/nios2-elf/4.7.3/../../../../../H-i686-mingw32/nios2-elf/lib\libsmallc.a(lib_a-exit.o)
 .debug_aranges
                0x00000550       0x20 c:/altera/13.1/nios2eds/bin/gnu/h-i686-mingw32/bin/../lib/gcc/nios2-elf/4.7.3/../../../../../H-i686-mingw32/nios2-elf/lib\libsmallc.a(lib_a-memcmp.o)
 .debug_aranges
                0x00000570       0x20 c:/altera/13.1/nios2eds/bin/gnu/h-i686-mingw32/bin/../lib/gcc/nios2-elf/4.7.3/../../../../../H-i686-mingw32/nios2-elf/lib\libsmallc.a(lib_a-__atexit.o)
 .debug_aranges
                0x00000590       0x20 c:/altera/13.1/nios2eds/bin/gnu/h-i686-mingw32/bin/../lib/gcc/nios2-elf/4.7.3/../../../../../H-i686-mingw32/nios2-elf/lib\libsmallc.a(lib_a-__call_atexit.o)
 .debug_aranges
                0x000005b0       0x20 C:/Users/tago/Dropbox/OUT/EE52/software/hello_world_2nd_bsp/\libhal_bsp.a(alt_exit.o)

.debug_pubnames
 *(.debug_pubnames)

.debug_info     0x00000000     0x7e34
 *(.debug_info .gnu.linkonce.wi.*)
 .debug_info    0x00000000       0x70 C:/Users/tago/Dropbox/OUT/EE52/software/hello_world_2nd_bsp//obj/HAL/src/crt0.o
 .debug_info    0x00000070       0xb7 obj/default/hello_world.o
 .debug_info    0x00000127       0x68 obj/default/keys.o
 .debug_info    0x0000018f      0x765 c:/altera/13.1/nios2eds/bin/gnu/h-i686-mingw32/bin/../lib/gcc/nios2-elf/4.7.3/../../../../../H-i686-mingw32/nios2-elf/lib\libsmallc.a(lib_a-printf.o)
 .debug_info    0x000008f4      0xc5d c:/altera/13.1/nios2eds/bin/gnu/h-i686-mingw32/bin/../lib/gcc/nios2-elf/4.7.3/../../../../../H-i686-mingw32/nios2-elf/lib\libsmallc.a(lib_a-vfprintf.o)
 .debug_info    0x00001551      0x6d9 c:/altera/13.1/nios2eds/bin/gnu/h-i686-mingw32/bin/../lib/gcc/nios2-elf/4.7.3/../../../../../H-i686-mingw32/nios2-elf/lib\libsmallc.a(lib_a-fvwrite_small_dev.o)
 .debug_info    0x00001c2a      0x631 c:/altera/13.1/nios2eds/bin/gnu/h-i686-mingw32/bin/../lib/gcc/nios2-elf/4.7.3/../../../../../H-i686-mingw32/nios2-elf/lib\libsmallc.a(lib_a-impure.o)
 .debug_info    0x0000225b       0xc6 c:/altera/13.1/nios2eds/bin/gnu/h-i686-mingw32/bin/../lib/gcc/nios2-elf/4.7.3/../../../../../H-i686-mingw32/nios2-elf/lib\libsmallc.a(lib_a-strlen.o)
 .debug_info    0x00002321      0x6cb c:/altera/13.1/nios2eds/bin/gnu/h-i686-mingw32/bin/../lib/gcc/nios2-elf/4.7.3/../../../../../H-i686-mingw32/nios2-elf/lib\libsmallc.a(lib_a-writer.o)
 .debug_info    0x000029ec       0x84 c:/altera/13.1/nios2eds/bin/gnu/h-i686-mingw32/bin/../lib/gcc/nios2-elf/4.7.3/../../../../../H-i686-mingw32/nios2-elf/lib\libsmallc.a(lib_a-int_errno.o)
 .debug_info    0x00002a70      0x289 c:/altera/13.1/nios2eds/bin/gnu/h-i686-mingw32/bin/../lib/gcc/nios2-elf/4.7.3\libgcc.a(lib2-divmod.o)
 .debug_info    0x00002cf9      0x364 C:/Users/tago/Dropbox/OUT/EE52/software/hello_world_2nd_bsp/\libhal_bsp.a(alt_iic.o)
 .debug_info    0x0000305d      0x1f6 C:/Users/tago/Dropbox/OUT/EE52/software/hello_world_2nd_bsp/\libhal_bsp.a(alt_iic_isr_register.o)
 .debug_info    0x00003253       0x79 C:/Users/tago/Dropbox/OUT/EE52/software/hello_world_2nd_bsp/\libhal_bsp.a(alt_irq_entry.o)
 .debug_info    0x000032cc      0x190 C:/Users/tago/Dropbox/OUT/EE52/software/hello_world_2nd_bsp/\libhal_bsp.a(alt_irq_handler.o)
 .debug_info    0x0000345c       0x8a C:/Users/tago/Dropbox/OUT/EE52/software/hello_world_2nd_bsp/\libhal_bsp.a(alt_irq_vars.o)
 .debug_info    0x000034e6      0x135 C:/Users/tago/Dropbox/OUT/EE52/software/hello_world_2nd_bsp/\libhal_bsp.a(alt_load.o)
 .debug_info    0x0000361b      0x139 C:/Users/tago/Dropbox/OUT/EE52/software/hello_world_2nd_bsp/\libhal_bsp.a(alt_main.o)
 .debug_info    0x00003754      0x507 C:/Users/tago/Dropbox/OUT/EE52/software/hello_world_2nd_bsp/\libhal_bsp.a(alt_write.o)
 .debug_info    0x00003c5b      0x406 C:/Users/tago/Dropbox/OUT/EE52/software/hello_world_2nd_bsp/\libhal_bsp.a(alt_sys_init.o)
 .debug_info    0x00004061      0x3da C:/Users/tago/Dropbox/OUT/EE52/software/hello_world_2nd_bsp/\libhal_bsp.a(altera_avalon_jtag_uart_fd.o)
 .debug_info    0x0000443b      0x1bc C:/Users/tago/Dropbox/OUT/EE52/software/hello_world_2nd_bsp/\libhal_bsp.a(altera_avalon_jtag_uart_read.o)
 .debug_info    0x000045f7      0x19f C:/Users/tago/Dropbox/OUT/EE52/software/hello_world_2nd_bsp/\libhal_bsp.a(altera_avalon_jtag_uart_write.o)
 .debug_info    0x00004796      0x350 C:/Users/tago/Dropbox/OUT/EE52/software/hello_world_2nd_bsp/\libhal_bsp.a(alt_close.o)
 .debug_info    0x00004ae6       0xa3 C:/Users/tago/Dropbox/OUT/EE52/software/hello_world_2nd_bsp/\libhal_bsp.a(alt_dcache_flush_all.o)
 .debug_info    0x00004b89      0x4e3 C:/Users/tago/Dropbox/OUT/EE52/software/hello_world_2nd_bsp/\libhal_bsp.a(alt_dev.o)
 .debug_info    0x0000506c      0x1b9 C:/Users/tago/Dropbox/OUT/EE52/software/hello_world_2nd_bsp/\libhal_bsp.a(alt_dev_llist_insert.o)
 .debug_info    0x00005225       0x8d C:/Users/tago/Dropbox/OUT/EE52/software/hello_world_2nd_bsp/\libhal_bsp.a(alt_do_ctors.o)
 .debug_info    0x000052b2       0x8d C:/Users/tago/Dropbox/OUT/EE52/software/hello_world_2nd_bsp/\libhal_bsp.a(alt_do_dtors.o)
 .debug_info    0x0000533f       0xa3 C:/Users/tago/Dropbox/OUT/EE52/software/hello_world_2nd_bsp/\libhal_bsp.a(alt_errno.o)
 .debug_info    0x000053e2       0x7f C:/Users/tago/Dropbox/OUT/EE52/software/hello_world_2nd_bsp/\libhal_bsp.a(alt_exception_entry.o)
 .debug_info    0x00005461       0x90 C:/Users/tago/Dropbox/OUT/EE52/software/hello_world_2nd_bsp/\libhal_bsp.a(alt_icache_flush_all.o)
 .debug_info    0x000054f1      0x4f0 C:/Users/tago/Dropbox/OUT/EE52/software/hello_world_2nd_bsp/\libhal_bsp.a(alt_io_redirect.o)
 .debug_info    0x000059e1      0x3f0 C:/Users/tago/Dropbox/OUT/EE52/software/hello_world_2nd_bsp/\libhal_bsp.a(alt_open.o)
 .debug_info    0x00005dd1      0x2dd C:/Users/tago/Dropbox/OUT/EE52/software/hello_world_2nd_bsp/\libhal_bsp.a(alt_release_fd.o)
 .debug_info    0x000060ae       0x90 C:/Users/tago/Dropbox/OUT/EE52/software/hello_world_2nd_bsp/\libhal_bsp.a(altera_nios2_qsys_irq.o)
 .debug_info    0x0000613e      0x30d C:/Users/tago/Dropbox/OUT/EE52/software/hello_world_2nd_bsp/\libhal_bsp.a(alt_find_dev.o)
 .debug_info    0x0000644b      0x30c C:/Users/tago/Dropbox/OUT/EE52/software/hello_world_2nd_bsp/\libhal_bsp.a(alt_find_file.o)
 .debug_info    0x00006757      0x339 C:/Users/tago/Dropbox/OUT/EE52/software/hello_world_2nd_bsp/\libhal_bsp.a(alt_get_fd.o)
 .debug_info    0x00006a90       0xda C:/Users/tago/Dropbox/OUT/EE52/software/hello_world_2nd_bsp/\libhal_bsp.a(alt_icache_flush.o)
 .debug_info    0x00006b6a      0x1eb c:/altera/13.1/nios2eds/bin/gnu/h-i686-mingw32/bin/../lib/gcc/nios2-elf/4.7.3/../../../../../H-i686-mingw32/nios2-elf/lib\libsmallc.a(lib_a-atexit.o)
 .debug_info    0x00006d55       0xf8 c:/altera/13.1/nios2eds/bin/gnu/h-i686-mingw32/bin/../lib/gcc/nios2-elf/4.7.3/../../../../../H-i686-mingw32/nios2-elf/lib\libsmallc.a(lib_a-exit.o)
 .debug_info    0x00006e4d       0xf1 c:/altera/13.1/nios2eds/bin/gnu/h-i686-mingw32/bin/../lib/gcc/nios2-elf/4.7.3/../../../../../H-i686-mingw32/nios2-elf/lib\libsmallc.a(lib_a-memcmp.o)
 .debug_info    0x00006f3e      0x6fc c:/altera/13.1/nios2eds/bin/gnu/h-i686-mingw32/bin/../lib/gcc/nios2-elf/4.7.3/../../../../../H-i686-mingw32/nios2-elf/lib\libsmallc.a(lib_a-__atexit.o)
 .debug_info    0x0000763a      0x70e c:/altera/13.1/nios2eds/bin/gnu/h-i686-mingw32/bin/../lib/gcc/nios2-elf/4.7.3/../../../../../H-i686-mingw32/nios2-elf/lib\libsmallc.a(lib_a-__call_atexit.o)
 .debug_info    0x00007d48       0xec C:/Users/tago/Dropbox/OUT/EE52/software/hello_world_2nd_bsp/\libhal_bsp.a(alt_exit.o)

.debug_abbrev   0x00000000     0x2911
 *(.debug_abbrev)
 .debug_abbrev  0x00000000       0x12 C:/Users/tago/Dropbox/OUT/EE52/software/hello_world_2nd_bsp//obj/HAL/src/crt0.o
 .debug_abbrev  0x00000012       0x65 obj/default/hello_world.o
 .debug_abbrev  0x00000077       0x14 obj/default/keys.o
 .debug_abbrev  0x0000008b      0x1e2 c:/altera/13.1/nios2eds/bin/gnu/h-i686-mingw32/bin/../lib/gcc/nios2-elf/4.7.3/../../../../../H-i686-mingw32/nios2-elf/lib\libsmallc.a(lib_a-printf.o)
 .debug_abbrev  0x0000026d      0x2db c:/altera/13.1/nios2eds/bin/gnu/h-i686-mingw32/bin/../lib/gcc/nios2-elf/4.7.3/../../../../../H-i686-mingw32/nios2-elf/lib\libsmallc.a(lib_a-vfprintf.o)
 .debug_abbrev  0x00000548      0x1a8 c:/altera/13.1/nios2eds/bin/gnu/h-i686-mingw32/bin/../lib/gcc/nios2-elf/4.7.3/../../../../../H-i686-mingw32/nios2-elf/lib\libsmallc.a(lib_a-fvwrite_small_dev.o)
 .debug_abbrev  0x000006f0      0x13b c:/altera/13.1/nios2eds/bin/gnu/h-i686-mingw32/bin/../lib/gcc/nios2-elf/4.7.3/../../../../../H-i686-mingw32/nios2-elf/lib\libsmallc.a(lib_a-impure.o)
 .debug_abbrev  0x0000082b       0x7f c:/altera/13.1/nios2eds/bin/gnu/h-i686-mingw32/bin/../lib/gcc/nios2-elf/4.7.3/../../../../../H-i686-mingw32/nios2-elf/lib\libsmallc.a(lib_a-strlen.o)
 .debug_abbrev  0x000008aa      0x199 c:/altera/13.1/nios2eds/bin/gnu/h-i686-mingw32/bin/../lib/gcc/nios2-elf/4.7.3/../../../../../H-i686-mingw32/nios2-elf/lib\libsmallc.a(lib_a-writer.o)
 .debug_abbrev  0x00000a43       0x37 c:/altera/13.1/nios2eds/bin/gnu/h-i686-mingw32/bin/../lib/gcc/nios2-elf/4.7.3/../../../../../H-i686-mingw32/nios2-elf/lib\libsmallc.a(lib_a-int_errno.o)
 .debug_abbrev  0x00000a7a      0x112 c:/altera/13.1/nios2eds/bin/gnu/h-i686-mingw32/bin/../lib/gcc/nios2-elf/4.7.3\libgcc.a(lib2-divmod.o)
 .debug_abbrev  0x00000b8c      0x16a C:/Users/tago/Dropbox/OUT/EE52/software/hello_world_2nd_bsp/\libhal_bsp.a(alt_iic.o)
 .debug_abbrev  0x00000cf6      0x169 C:/Users/tago/Dropbox/OUT/EE52/software/hello_world_2nd_bsp/\libhal_bsp.a(alt_iic_isr_register.o)
 .debug_abbrev  0x00000e5f       0x12 C:/Users/tago/Dropbox/OUT/EE52/software/hello_world_2nd_bsp/\libhal_bsp.a(alt_irq_entry.o)
 .debug_abbrev  0x00000e71      0x124 C:/Users/tago/Dropbox/OUT/EE52/software/hello_world_2nd_bsp/\libhal_bsp.a(alt_irq_handler.o)
 .debug_abbrev  0x00000f95       0x40 C:/Users/tago/Dropbox/OUT/EE52/software/hello_world_2nd_bsp/\libhal_bsp.a(alt_irq_vars.o)
 .debug_abbrev  0x00000fd5       0x9d C:/Users/tago/Dropbox/OUT/EE52/software/hello_world_2nd_bsp/\libhal_bsp.a(alt_load.o)
 .debug_abbrev  0x00001072       0xba C:/Users/tago/Dropbox/OUT/EE52/software/hello_world_2nd_bsp/\libhal_bsp.a(alt_main.o)
 .debug_abbrev  0x0000112c      0x133 C:/Users/tago/Dropbox/OUT/EE52/software/hello_world_2nd_bsp/\libhal_bsp.a(alt_write.o)
 .debug_abbrev  0x0000125f      0x155 C:/Users/tago/Dropbox/OUT/EE52/software/hello_world_2nd_bsp/\libhal_bsp.a(alt_sys_init.o)
 .debug_abbrev  0x000013b4       0xf7 C:/Users/tago/Dropbox/OUT/EE52/software/hello_world_2nd_bsp/\libhal_bsp.a(altera_avalon_jtag_uart_fd.o)
 .debug_abbrev  0x000014ab       0xd5 C:/Users/tago/Dropbox/OUT/EE52/software/hello_world_2nd_bsp/\libhal_bsp.a(altera_avalon_jtag_uart_read.o)
 .debug_abbrev  0x00001580       0xd5 C:/Users/tago/Dropbox/OUT/EE52/software/hello_world_2nd_bsp/\libhal_bsp.a(altera_avalon_jtag_uart_write.o)
 .debug_abbrev  0x00001655      0x11f C:/Users/tago/Dropbox/OUT/EE52/software/hello_world_2nd_bsp/\libhal_bsp.a(alt_close.o)
 .debug_abbrev  0x00001774       0x5a C:/Users/tago/Dropbox/OUT/EE52/software/hello_world_2nd_bsp/\libhal_bsp.a(alt_dcache_flush_all.o)
 .debug_abbrev  0x000017ce       0xd9 C:/Users/tago/Dropbox/OUT/EE52/software/hello_world_2nd_bsp/\libhal_bsp.a(alt_dev.o)
 .debug_abbrev  0x000018a7      0x114 C:/Users/tago/Dropbox/OUT/EE52/software/hello_world_2nd_bsp/\libhal_bsp.a(alt_dev_llist_insert.o)
 .debug_abbrev  0x000019bb       0x79 C:/Users/tago/Dropbox/OUT/EE52/software/hello_world_2nd_bsp/\libhal_bsp.a(alt_do_ctors.o)
 .debug_abbrev  0x00001a34       0x79 C:/Users/tago/Dropbox/OUT/EE52/software/hello_world_2nd_bsp/\libhal_bsp.a(alt_do_dtors.o)
 .debug_abbrev  0x00001aad       0x5a C:/Users/tago/Dropbox/OUT/EE52/software/hello_world_2nd_bsp/\libhal_bsp.a(alt_errno.o)
 .debug_abbrev  0x00001b07       0x12 C:/Users/tago/Dropbox/OUT/EE52/software/hello_world_2nd_bsp/\libhal_bsp.a(alt_exception_entry.o)
 .debug_abbrev  0x00001b19       0x42 C:/Users/tago/Dropbox/OUT/EE52/software/hello_world_2nd_bsp/\libhal_bsp.a(alt_icache_flush_all.o)
 .debug_abbrev  0x00001b5b      0x114 C:/Users/tago/Dropbox/OUT/EE52/software/hello_world_2nd_bsp/\libhal_bsp.a(alt_io_redirect.o)
 .debug_abbrev  0x00001c6f      0x148 C:/Users/tago/Dropbox/OUT/EE52/software/hello_world_2nd_bsp/\libhal_bsp.a(alt_open.o)
 .debug_abbrev  0x00001db7       0xde C:/Users/tago/Dropbox/OUT/EE52/software/hello_world_2nd_bsp/\libhal_bsp.a(alt_release_fd.o)
 .debug_abbrev  0x00001e95       0x42 C:/Users/tago/Dropbox/OUT/EE52/software/hello_world_2nd_bsp/\libhal_bsp.a(altera_nios2_qsys_irq.o)
 .debug_abbrev  0x00001ed7       0xf0 C:/Users/tago/Dropbox/OUT/EE52/software/hello_world_2nd_bsp/\libhal_bsp.a(alt_find_dev.o)
 .debug_abbrev  0x00001fc7       0xf0 C:/Users/tago/Dropbox/OUT/EE52/software/hello_world_2nd_bsp/\libhal_bsp.a(alt_find_file.o)
 .debug_abbrev  0x000020b7      0x10d C:/Users/tago/Dropbox/OUT/EE52/software/hello_world_2nd_bsp/\libhal_bsp.a(alt_get_fd.o)
 .debug_abbrev  0x000021c4       0x8c C:/Users/tago/Dropbox/OUT/EE52/software/hello_world_2nd_bsp/\libhal_bsp.a(alt_icache_flush.o)
 .debug_abbrev  0x00002250      0x115 c:/altera/13.1/nios2eds/bin/gnu/h-i686-mingw32/bin/../lib/gcc/nios2-elf/4.7.3/../../../../../H-i686-mingw32/nios2-elf/lib\libsmallc.a(lib_a-atexit.o)
 .debug_abbrev  0x00002365       0xa9 c:/altera/13.1/nios2eds/bin/gnu/h-i686-mingw32/bin/../lib/gcc/nios2-elf/4.7.3/../../../../../H-i686-mingw32/nios2-elf/lib\libsmallc.a(lib_a-exit.o)
 .debug_abbrev  0x0000240e       0x7f c:/altera/13.1/nios2eds/bin/gnu/h-i686-mingw32/bin/../lib/gcc/nios2-elf/4.7.3/../../../../../H-i686-mingw32/nios2-elf/lib\libsmallc.a(lib_a-memcmp.o)
 .debug_abbrev  0x0000248d      0x1f5 c:/altera/13.1/nios2eds/bin/gnu/h-i686-mingw32/bin/../lib/gcc/nios2-elf/4.7.3/../../../../../H-i686-mingw32/nios2-elf/lib\libsmallc.a(lib_a-__atexit.o)
 .debug_abbrev  0x00002682      0x1e9 c:/altera/13.1/nios2eds/bin/gnu/h-i686-mingw32/bin/../lib/gcc/nios2-elf/4.7.3/../../../../../H-i686-mingw32/nios2-elf/lib\libsmallc.a(lib_a-__call_atexit.o)
 .debug_abbrev  0x0000286b       0xa6 C:/Users/tago/Dropbox/OUT/EE52/software/hello_world_2nd_bsp/\libhal_bsp.a(alt_exit.o)

.debug_line     0x00000000     0x2fa4
 *(.debug_line)
 .debug_line    0x00000000       0x72 C:/Users/tago/Dropbox/OUT/EE52/software/hello_world_2nd_bsp//obj/HAL/src/crt0.o
 .debug_line    0x00000072       0x45 obj/default/hello_world.o
 .debug_line    0x000000b7       0x73 obj/default/keys.o
 .debug_line    0x0000012a      0x216 c:/altera/13.1/nios2eds/bin/gnu/h-i686-mingw32/bin/../lib/gcc/nios2-elf/4.7.3/../../../../../H-i686-mingw32/nios2-elf/lib\libsmallc.a(lib_a-printf.o)
 .debug_line    0x00000340      0x401 c:/altera/13.1/nios2eds/bin/gnu/h-i686-mingw32/bin/../lib/gcc/nios2-elf/4.7.3/../../../../../H-i686-mingw32/nios2-elf/lib\libsmallc.a(lib_a-vfprintf.o)
 .debug_line    0x00000741      0x222 c:/altera/13.1/nios2eds/bin/gnu/h-i686-mingw32/bin/../lib/gcc/nios2-elf/4.7.3/../../../../../H-i686-mingw32/nios2-elf/lib\libsmallc.a(lib_a-fvwrite_small_dev.o)
 .debug_line    0x00000963      0x169 c:/altera/13.1/nios2eds/bin/gnu/h-i686-mingw32/bin/../lib/gcc/nios2-elf/4.7.3/../../../../../H-i686-mingw32/nios2-elf/lib\libsmallc.a(lib_a-impure.o)
 .debug_line    0x00000acc      0x171 c:/altera/13.1/nios2eds/bin/gnu/h-i686-mingw32/bin/../lib/gcc/nios2-elf/4.7.3/../../../../../H-i686-mingw32/nios2-elf/lib\libsmallc.a(lib_a-strlen.o)
 .debug_line    0x00000c3d      0x209 c:/altera/13.1/nios2eds/bin/gnu/h-i686-mingw32/bin/../lib/gcc/nios2-elf/4.7.3/../../../../../H-i686-mingw32/nios2-elf/lib\libsmallc.a(lib_a-writer.o)
 .debug_line    0x00000e46       0x5d c:/altera/13.1/nios2eds/bin/gnu/h-i686-mingw32/bin/../lib/gcc/nios2-elf/4.7.3/../../../../../H-i686-mingw32/nios2-elf/lib\libsmallc.a(lib_a-int_errno.o)
 .debug_line    0x00000ea3       0xd3 c:/altera/13.1/nios2eds/bin/gnu/h-i686-mingw32/bin/../lib/gcc/nios2-elf/4.7.3\libgcc.a(lib2-divmod.o)
 .debug_line    0x00000f76       0xed C:/Users/tago/Dropbox/OUT/EE52/software/hello_world_2nd_bsp/\libhal_bsp.a(alt_iic.o)
 .debug_line    0x00001063       0xdb C:/Users/tago/Dropbox/OUT/EE52/software/hello_world_2nd_bsp/\libhal_bsp.a(alt_iic_isr_register.o)
 .debug_line    0x0000113e       0x6b C:/Users/tago/Dropbox/OUT/EE52/software/hello_world_2nd_bsp/\libhal_bsp.a(alt_irq_entry.o)
 .debug_line    0x000011a9       0xae C:/Users/tago/Dropbox/OUT/EE52/software/hello_world_2nd_bsp/\libhal_bsp.a(alt_irq_handler.o)
 .debug_line    0x00001257       0x50 C:/Users/tago/Dropbox/OUT/EE52/software/hello_world_2nd_bsp/\libhal_bsp.a(alt_irq_vars.o)
 .debug_line    0x000012a7       0x92 C:/Users/tago/Dropbox/OUT/EE52/software/hello_world_2nd_bsp/\libhal_bsp.a(alt_load.o)
 .debug_line    0x00001339       0xa4 C:/Users/tago/Dropbox/OUT/EE52/software/hello_world_2nd_bsp/\libhal_bsp.a(alt_main.o)
 .debug_line    0x000013dd      0x1f8 C:/Users/tago/Dropbox/OUT/EE52/software/hello_world_2nd_bsp/\libhal_bsp.a(alt_write.o)
 .debug_line    0x000015d5      0x126 C:/Users/tago/Dropbox/OUT/EE52/software/hello_world_2nd_bsp/\libhal_bsp.a(alt_sys_init.o)
 .debug_line    0x000016fb      0x114 C:/Users/tago/Dropbox/OUT/EE52/software/hello_world_2nd_bsp/\libhal_bsp.a(altera_avalon_jtag_uart_fd.o)
 .debug_line    0x0000180f      0x101 C:/Users/tago/Dropbox/OUT/EE52/software/hello_world_2nd_bsp/\libhal_bsp.a(altera_avalon_jtag_uart_read.o)
 .debug_line    0x00001910       0xf8 C:/Users/tago/Dropbox/OUT/EE52/software/hello_world_2nd_bsp/\libhal_bsp.a(altera_avalon_jtag_uart_write.o)
 .debug_line    0x00001a08      0x186 C:/Users/tago/Dropbox/OUT/EE52/software/hello_world_2nd_bsp/\libhal_bsp.a(alt_close.o)
 .debug_line    0x00001b8e       0x61 C:/Users/tago/Dropbox/OUT/EE52/software/hello_world_2nd_bsp/\libhal_bsp.a(alt_dcache_flush_all.o)
 .debug_line    0x00001bef      0x119 C:/Users/tago/Dropbox/OUT/EE52/software/hello_world_2nd_bsp/\libhal_bsp.a(alt_dev.o)
 .debug_line    0x00001d08       0xd0 C:/Users/tago/Dropbox/OUT/EE52/software/hello_world_2nd_bsp/\libhal_bsp.a(alt_dev_llist_insert.o)
 .debug_line    0x00001dd8       0x59 C:/Users/tago/Dropbox/OUT/EE52/software/hello_world_2nd_bsp/\libhal_bsp.a(alt_do_ctors.o)
 .debug_line    0x00001e31       0x59 C:/Users/tago/Dropbox/OUT/EE52/software/hello_world_2nd_bsp/\libhal_bsp.a(alt_do_dtors.o)
 .debug_line    0x00001e8a       0x51 C:/Users/tago/Dropbox/OUT/EE52/software/hello_world_2nd_bsp/\libhal_bsp.a(alt_errno.o)
 .debug_line    0x00001edb       0xab C:/Users/tago/Dropbox/OUT/EE52/software/hello_world_2nd_bsp/\libhal_bsp.a(alt_exception_entry.o)
 .debug_line    0x00001f86       0x50 C:/Users/tago/Dropbox/OUT/EE52/software/hello_world_2nd_bsp/\libhal_bsp.a(alt_icache_flush_all.o)
 .debug_line    0x00001fd6      0x154 C:/Users/tago/Dropbox/OUT/EE52/software/hello_world_2nd_bsp/\libhal_bsp.a(alt_io_redirect.o)
 .debug_line    0x0000212a      0x125 C:/Users/tago/Dropbox/OUT/EE52/software/hello_world_2nd_bsp/\libhal_bsp.a(alt_open.o)
 .debug_line    0x0000224f       0xae C:/Users/tago/Dropbox/OUT/EE52/software/hello_world_2nd_bsp/\libhal_bsp.a(alt_release_fd.o)
 .debug_line    0x000022fd       0x51 C:/Users/tago/Dropbox/OUT/EE52/software/hello_world_2nd_bsp/\libhal_bsp.a(altera_nios2_qsys_irq.o)
 .debug_line    0x0000234e       0xb9 C:/Users/tago/Dropbox/OUT/EE52/software/hello_world_2nd_bsp/\libhal_bsp.a(alt_find_dev.o)
 .debug_line    0x00002407       0xd5 C:/Users/tago/Dropbox/OUT/EE52/software/hello_world_2nd_bsp/\libhal_bsp.a(alt_find_file.o)
 .debug_line    0x000024dc       0xd1 C:/Users/tago/Dropbox/OUT/EE52/software/hello_world_2nd_bsp/\libhal_bsp.a(alt_get_fd.o)
 .debug_line    0x000025ad       0x81 C:/Users/tago/Dropbox/OUT/EE52/software/hello_world_2nd_bsp/\libhal_bsp.a(alt_icache_flush.o)
 .debug_line    0x0000262e      0x16d c:/altera/13.1/nios2eds/bin/gnu/h-i686-mingw32/bin/../lib/gcc/nios2-elf/4.7.3/../../../../../H-i686-mingw32/nios2-elf/lib\libsmallc.a(lib_a-atexit.o)
 .debug_line    0x0000279b      0x16d c:/altera/13.1/nios2eds/bin/gnu/h-i686-mingw32/bin/../lib/gcc/nios2-elf/4.7.3/../../../../../H-i686-mingw32/nios2-elf/lib\libsmallc.a(lib_a-exit.o)
 .debug_line    0x00002908      0x17c c:/altera/13.1/nios2eds/bin/gnu/h-i686-mingw32/bin/../lib/gcc/nios2-elf/4.7.3/../../../../../H-i686-mingw32/nios2-elf/lib\libsmallc.a(lib_a-memcmp.o)
 .debug_line    0x00002a84      0x24b c:/altera/13.1/nios2eds/bin/gnu/h-i686-mingw32/bin/../lib/gcc/nios2-elf/4.7.3/../../../../../H-i686-mingw32/nios2-elf/lib\libsmallc.a(lib_a-__atexit.o)
 .debug_line    0x00002ccf      0x264 c:/altera/13.1/nios2eds/bin/gnu/h-i686-mingw32/bin/../lib/gcc/nios2-elf/4.7.3/../../../../../H-i686-mingw32/nios2-elf/lib\libsmallc.a(lib_a-__call_atexit.o)
 .debug_line    0x00002f33       0x71 C:/Users/tago/Dropbox/OUT/EE52/software/hello_world_2nd_bsp/\libhal_bsp.a(alt_exit.o)

.debug_frame    0x00000000      0x854
 *(.debug_frame)
 .debug_frame   0x00000000       0x2c obj/default/hello_world.o
 .debug_frame   0x0000002c       0x40 c:/altera/13.1/nios2eds/bin/gnu/h-i686-mingw32/bin/../lib/gcc/nios2-elf/4.7.3/../../../../../H-i686-mingw32/nios2-elf/lib\libsmallc.a(lib_a-printf.o)
 .debug_frame   0x0000006c       0x48 c:/altera/13.1/nios2eds/bin/gnu/h-i686-mingw32/bin/../lib/gcc/nios2-elf/4.7.3/../../../../../H-i686-mingw32/nios2-elf/lib\libsmallc.a(lib_a-vfprintf.o)
 .debug_frame   0x000000b4       0x30 c:/altera/13.1/nios2eds/bin/gnu/h-i686-mingw32/bin/../lib/gcc/nios2-elf/4.7.3/../../../../../H-i686-mingw32/nios2-elf/lib\libsmallc.a(lib_a-fvwrite_small_dev.o)
 .debug_frame   0x000000e4       0x20 c:/altera/13.1/nios2eds/bin/gnu/h-i686-mingw32/bin/../lib/gcc/nios2-elf/4.7.3/../../../../../H-i686-mingw32/nios2-elf/lib\libsmallc.a(lib_a-strlen.o)
 .debug_frame   0x00000104       0x2c c:/altera/13.1/nios2eds/bin/gnu/h-i686-mingw32/bin/../lib/gcc/nios2-elf/4.7.3/../../../../../H-i686-mingw32/nios2-elf/lib\libsmallc.a(lib_a-writer.o)
 .debug_frame   0x00000130       0x70 c:/altera/13.1/nios2eds/bin/gnu/h-i686-mingw32/bin/../lib/gcc/nios2-elf/4.7.3\libgcc.a(lib2-divmod.o)
 .debug_frame   0x000001a0       0x80 C:/Users/tago/Dropbox/OUT/EE52/software/hello_world_2nd_bsp/\libhal_bsp.a(alt_iic.o)
 .debug_frame   0x00000220       0x2c C:/Users/tago/Dropbox/OUT/EE52/software/hello_world_2nd_bsp/\libhal_bsp.a(alt_iic_isr_register.o)
 .debug_frame   0x0000024c       0x2c C:/Users/tago/Dropbox/OUT/EE52/software/hello_world_2nd_bsp/\libhal_bsp.a(alt_irq_handler.o)
 .debug_frame   0x00000278       0x48 C:/Users/tago/Dropbox/OUT/EE52/software/hello_world_2nd_bsp/\libhal_bsp.a(alt_load.o)
 .debug_frame   0x000002c0       0x2c C:/Users/tago/Dropbox/OUT/EE52/software/hello_world_2nd_bsp/\libhal_bsp.a(alt_main.o)
 .debug_frame   0x000002ec       0x48 C:/Users/tago/Dropbox/OUT/EE52/software/hello_world_2nd_bsp/\libhal_bsp.a(alt_write.o)
 .debug_frame   0x00000334       0x64 C:/Users/tago/Dropbox/OUT/EE52/software/hello_world_2nd_bsp/\libhal_bsp.a(alt_sys_init.o)
 .debug_frame   0x00000398       0x48 C:/Users/tago/Dropbox/OUT/EE52/software/hello_world_2nd_bsp/\libhal_bsp.a(altera_avalon_jtag_uart_fd.o)
 .debug_frame   0x000003e0       0x2c C:/Users/tago/Dropbox/OUT/EE52/software/hello_world_2nd_bsp/\libhal_bsp.a(altera_avalon_jtag_uart_read.o)
 .debug_frame   0x0000040c       0x2c C:/Users/tago/Dropbox/OUT/EE52/software/hello_world_2nd_bsp/\libhal_bsp.a(altera_avalon_jtag_uart_write.o)
 .debug_frame   0x00000438       0x48 C:/Users/tago/Dropbox/OUT/EE52/software/hello_world_2nd_bsp/\libhal_bsp.a(alt_close.o)
 .debug_frame   0x00000480       0x2c C:/Users/tago/Dropbox/OUT/EE52/software/hello_world_2nd_bsp/\libhal_bsp.a(alt_dcache_flush_all.o)
 .debug_frame   0x000004ac       0x2c C:/Users/tago/Dropbox/OUT/EE52/software/hello_world_2nd_bsp/\libhal_bsp.a(alt_dev.o)
 .debug_frame   0x000004d8       0x48 C:/Users/tago/Dropbox/OUT/EE52/software/hello_world_2nd_bsp/\libhal_bsp.a(alt_dev_llist_insert.o)
 .debug_frame   0x00000520       0x2c C:/Users/tago/Dropbox/OUT/EE52/software/hello_world_2nd_bsp/\libhal_bsp.a(alt_do_ctors.o)
 .debug_frame   0x0000054c       0x2c C:/Users/tago/Dropbox/OUT/EE52/software/hello_world_2nd_bsp/\libhal_bsp.a(alt_do_dtors.o)
 .debug_frame   0x00000578       0x2c C:/Users/tago/Dropbox/OUT/EE52/software/hello_world_2nd_bsp/\libhal_bsp.a(alt_icache_flush_all.o)
 .debug_frame   0x000005a4       0x48 C:/Users/tago/Dropbox/OUT/EE52/software/hello_world_2nd_bsp/\libhal_bsp.a(alt_io_redirect.o)
 .debug_frame   0x000005ec       0x64 C:/Users/tago/Dropbox/OUT/EE52/software/hello_world_2nd_bsp/\libhal_bsp.a(alt_open.o)
 .debug_frame   0x00000650       0x2c C:/Users/tago/Dropbox/OUT/EE52/software/hello_world_2nd_bsp/\libhal_bsp.a(alt_release_fd.o)
 .debug_frame   0x0000067c       0x2c C:/Users/tago/Dropbox/OUT/EE52/software/hello_world_2nd_bsp/\libhal_bsp.a(altera_nios2_qsys_irq.o)
 .debug_frame   0x000006a8       0x2c C:/Users/tago/Dropbox/OUT/EE52/software/hello_world_2nd_bsp/\libhal_bsp.a(alt_find_dev.o)
 .debug_frame   0x000006d4       0x2c C:/Users/tago/Dropbox/OUT/EE52/software/hello_world_2nd_bsp/\libhal_bsp.a(alt_find_file.o)
 .debug_frame   0x00000700       0x2c C:/Users/tago/Dropbox/OUT/EE52/software/hello_world_2nd_bsp/\libhal_bsp.a(alt_get_fd.o)
 .debug_frame   0x0000072c       0x2c C:/Users/tago/Dropbox/OUT/EE52/software/hello_world_2nd_bsp/\libhal_bsp.a(alt_icache_flush.o)
 .debug_frame   0x00000758       0x20 c:/altera/13.1/nios2eds/bin/gnu/h-i686-mingw32/bin/../lib/gcc/nios2-elf/4.7.3/../../../../../H-i686-mingw32/nios2-elf/lib\libsmallc.a(lib_a-atexit.o)
 .debug_frame   0x00000778       0x28 c:/altera/13.1/nios2eds/bin/gnu/h-i686-mingw32/bin/../lib/gcc/nios2-elf/4.7.3/../../../../../H-i686-mingw32/nios2-elf/lib\libsmallc.a(lib_a-exit.o)
 .debug_frame   0x000007a0       0x20 c:/altera/13.1/nios2eds/bin/gnu/h-i686-mingw32/bin/../lib/gcc/nios2-elf/4.7.3/../../../../../H-i686-mingw32/nios2-elf/lib\libsmallc.a(lib_a-memcmp.o)
 .debug_frame   0x000007c0       0x30 c:/altera/13.1/nios2eds/bin/gnu/h-i686-mingw32/bin/../lib/gcc/nios2-elf/4.7.3/../../../../../H-i686-mingw32/nios2-elf/lib\libsmallc.a(lib_a-__atexit.o)
 .debug_frame   0x000007f0       0x38 c:/altera/13.1/nios2eds/bin/gnu/h-i686-mingw32/bin/../lib/gcc/nios2-elf/4.7.3/../../../../../H-i686-mingw32/nios2-elf/lib\libsmallc.a(lib_a-__call_atexit.o)
 .debug_frame   0x00000828       0x2c C:/Users/tago/Dropbox/OUT/EE52/software/hello_world_2nd_bsp/\libhal_bsp.a(alt_exit.o)

.debug_str      0x00000000     0x1632
 *(.debug_str)
 .debug_str     0x00000000       0xb1 obj/default/hello_world.o
                                 0xef (size before relaxing)
 .debug_str     0x000000b1      0x3c6 c:/altera/13.1/nios2eds/bin/gnu/h-i686-mingw32/bin/../lib/gcc/nios2-elf/4.7.3/../../../../../H-i686-mingw32/nios2-elf/lib\libsmallc.a(lib_a-printf.o)
                                0x4a6 (size before relaxing)
 .debug_str     0x00000477      0x19a c:/altera/13.1/nios2eds/bin/gnu/h-i686-mingw32/bin/../lib/gcc/nios2-elf/4.7.3/../../../../../H-i686-mingw32/nios2-elf/lib\libsmallc.a(lib_a-vfprintf.o)
                                0x626 (size before relaxing)
 .debug_str     0x00000611       0x7f c:/altera/13.1/nios2eds/bin/gnu/h-i686-mingw32/bin/../lib/gcc/nios2-elf/4.7.3/../../../../../H-i686-mingw32/nios2-elf/lib\libsmallc.a(lib_a-fvwrite_small_dev.o)
                                0x481 (size before relaxing)
 .debug_str     0x00000690       0xed c:/altera/13.1/nios2eds/bin/gnu/h-i686-mingw32/bin/../lib/gcc/nios2-elf/4.7.3/../../../../../H-i686-mingw32/nios2-elf/lib\libsmallc.a(lib_a-impure.o)
                                0x45b (size before relaxing)
 .debug_str     0x0000077d       0xd0 c:/altera/13.1/nios2eds/bin/gnu/h-i686-mingw32/bin/../lib/gcc/nios2-elf/4.7.3/../../../../../H-i686-mingw32/nios2-elf/lib\libsmallc.a(lib_a-strlen.o)
                                0x182 (size before relaxing)
 .debug_str     0x0000084d       0x3a c:/altera/13.1/nios2eds/bin/gnu/h-i686-mingw32/bin/../lib/gcc/nios2-elf/4.7.3/../../../../../H-i686-mingw32/nios2-elf/lib\libsmallc.a(lib_a-writer.o)
                                0x455 (size before relaxing)
 .debug_str     0x00000887       0x3d c:/altera/13.1/nios2eds/bin/gnu/h-i686-mingw32/bin/../lib/gcc/nios2-elf/4.7.3/../../../../../H-i686-mingw32/nios2-elf/lib\libsmallc.a(lib_a-int_errno.o)
                                0x175 (size before relaxing)
 .debug_str     0x000008c4      0x104 c:/altera/13.1/nios2eds/bin/gnu/h-i686-mingw32/bin/../lib/gcc/nios2-elf/4.7.3\libgcc.a(lib2-divmod.o)
                                0x15b (size before relaxing)
 .debug_str     0x000009c8      0x13f C:/Users/tago/Dropbox/OUT/EE52/software/hello_world_2nd_bsp/\libhal_bsp.a(alt_iic.o)
                                0x1f7 (size before relaxing)
 .debug_str     0x00000b07       0x4c C:/Users/tago/Dropbox/OUT/EE52/software/hello_world_2nd_bsp/\libhal_bsp.a(alt_iic_isr_register.o)
                                0x1a1 (size before relaxing)
 .debug_str     0x00000b53       0x3a C:/Users/tago/Dropbox/OUT/EE52/software/hello_world_2nd_bsp/\libhal_bsp.a(alt_irq_handler.o)
                                0x150 (size before relaxing)
 .debug_str     0x00000b8d       0x17 C:/Users/tago/Dropbox/OUT/EE52/software/hello_world_2nd_bsp/\libhal_bsp.a(alt_irq_vars.o)
                                 0xff (size before relaxing)
 .debug_str     0x00000ba4       0xe9 C:/Users/tago/Dropbox/OUT/EE52/software/hello_world_2nd_bsp/\libhal_bsp.a(alt_load.o)
                                0x1cb (size before relaxing)
 .debug_str     0x00000c8d       0x70 C:/Users/tago/Dropbox/OUT/EE52/software/hello_world_2nd_bsp/\libhal_bsp.a(alt_main.o)
                                0x156 (size before relaxing)
 .debug_str     0x00000cfd      0x166 C:/Users/tago/Dropbox/OUT/EE52/software/hello_world_2nd_bsp/\libhal_bsp.a(alt_write.o)
                                0x2b1 (size before relaxing)
 .debug_str     0x00000e63       0xfe C:/Users/tago/Dropbox/OUT/EE52/software/hello_world_2nd_bsp/\libhal_bsp.a(alt_sys_init.o)
                                0x286 (size before relaxing)
 .debug_str     0x00000f61       0x77 C:/Users/tago/Dropbox/OUT/EE52/software/hello_world_2nd_bsp/\libhal_bsp.a(altera_avalon_jtag_uart_fd.o)
                                0x28e (size before relaxing)
 .debug_str     0x00000fd8       0x48 C:/Users/tago/Dropbox/OUT/EE52/software/hello_world_2nd_bsp/\libhal_bsp.a(altera_avalon_jtag_uart_read.o)
                                0x1d8 (size before relaxing)
 .debug_str     0x00001020       0x4a C:/Users/tago/Dropbox/OUT/EE52/software/hello_world_2nd_bsp/\libhal_bsp.a(altera_avalon_jtag_uart_write.o)
                                0x1ce (size before relaxing)
 .debug_str     0x0000106a       0x1b C:/Users/tago/Dropbox/OUT/EE52/software/hello_world_2nd_bsp/\libhal_bsp.a(alt_close.o)
                                0x1c4 (size before relaxing)
 .debug_str     0x00001085       0x34 C:/Users/tago/Dropbox/OUT/EE52/software/hello_world_2nd_bsp/\libhal_bsp.a(alt_dcache_flush_all.o)
                                0x10e (size before relaxing)
 .debug_str     0x000010b9       0x50 C:/Users/tago/Dropbox/OUT/EE52/software/hello_world_2nd_bsp/\libhal_bsp.a(alt_dev.o)
                                0x2be (size before relaxing)
 .debug_str     0x00001109       0x4b C:/Users/tago/Dropbox/OUT/EE52/software/hello_world_2nd_bsp/\libhal_bsp.a(alt_dev_llist_insert.o)
                                0x185 (size before relaxing)
 .debug_str     0x00001154       0x48 C:/Users/tago/Dropbox/OUT/EE52/software/hello_world_2nd_bsp/\libhal_bsp.a(alt_do_ctors.o)
                                 0x95 (size before relaxing)
 .debug_str     0x0000119c       0x4c C:/Users/tago/Dropbox/OUT/EE52/software/hello_world_2nd_bsp/\libhal_bsp.a(alt_do_dtors.o)
                                 0x94 (size before relaxing)
 .debug_str     0x000011e8       0x14 C:/Users/tago/Dropbox/OUT/EE52/software/hello_world_2nd_bsp/\libhal_bsp.a(alt_errno.o)
                                 0xfe (size before relaxing)
 .debug_str     0x000011fc       0x34 C:/Users/tago/Dropbox/OUT/EE52/software/hello_world_2nd_bsp/\libhal_bsp.a(alt_icache_flush_all.o)
                                0x10e (size before relaxing)
 .debug_str     0x00001230       0x56 C:/Users/tago/Dropbox/OUT/EE52/software/hello_world_2nd_bsp/\libhal_bsp.a(alt_io_redirect.o)
                                0x2cf (size before relaxing)
 .debug_str     0x00001286       0x2f C:/Users/tago/Dropbox/OUT/EE52/software/hello_world_2nd_bsp/\libhal_bsp.a(alt_open.o)
                                0x204 (size before relaxing)
 .debug_str     0x000012b5       0x28 C:/Users/tago/Dropbox/OUT/EE52/software/hello_world_2nd_bsp/\libhal_bsp.a(alt_release_fd.o)
                                0x198 (size before relaxing)
 .debug_str     0x000012dd       0x3b C:/Users/tago/Dropbox/OUT/EE52/software/hello_world_2nd_bsp/\libhal_bsp.a(altera_nios2_qsys_irq.o)
                                0x115 (size before relaxing)
 .debug_str     0x00001318       0x24 C:/Users/tago/Dropbox/OUT/EE52/software/hello_world_2nd_bsp/\libhal_bsp.a(alt_find_dev.o)
                                0x1a5 (size before relaxing)
 .debug_str     0x0000133c       0x26 C:/Users/tago/Dropbox/OUT/EE52/software/hello_world_2nd_bsp/\libhal_bsp.a(alt_find_file.o)
                                0x1b3 (size before relaxing)
 .debug_str     0x00001362       0x30 C:/Users/tago/Dropbox/OUT/EE52/software/hello_world_2nd_bsp/\libhal_bsp.a(alt_get_fd.o)
                                0x1d5 (size before relaxing)
 .debug_str     0x00001392       0x2c C:/Users/tago/Dropbox/OUT/EE52/software/hello_world_2nd_bsp/\libhal_bsp.a(alt_icache_flush.o)
                                0x114 (size before relaxing)
 .debug_str     0x000013be      0x114 c:/altera/13.1/nios2eds/bin/gnu/h-i686-mingw32/bin/../lib/gcc/nios2-elf/4.7.3/../../../../../H-i686-mingw32/nios2-elf/lib\libsmallc.a(lib_a-atexit.o)
                                0x227 (size before relaxing)
 .debug_str     0x000014d2       0x4a c:/altera/13.1/nios2eds/bin/gnu/h-i686-mingw32/bin/../lib/gcc/nios2-elf/4.7.3/../../../../../H-i686-mingw32/nios2-elf/lib\libsmallc.a(lib_a-exit.o)
                                0x18d (size before relaxing)
 .debug_str     0x0000151c       0x42 c:/altera/13.1/nios2eds/bin/gnu/h-i686-mingw32/bin/../lib/gcc/nios2-elf/4.7.3/../../../../../H-i686-mingw32/nios2-elf/lib\libsmallc.a(lib_a-memcmp.o)
                                0x17c (size before relaxing)
 .debug_str     0x0000155e       0x49 c:/altera/13.1/nios2eds/bin/gnu/h-i686-mingw32/bin/../lib/gcc/nios2-elf/4.7.3/../../../../../H-i686-mingw32/nios2-elf/lib\libsmallc.a(lib_a-__atexit.o)
                                0x4a8 (size before relaxing)
 .debug_str     0x000015a7       0x61 c:/altera/13.1/nios2eds/bin/gnu/h-i686-mingw32/bin/../lib/gcc/nios2-elf/4.7.3/../../../../../H-i686-mingw32/nios2-elf/lib\libsmallc.a(lib_a-__call_atexit.o)
                                0x486 (size before relaxing)
 .debug_str     0x00001608       0x2a C:/Users/tago/Dropbox/OUT/EE52/software/hello_world_2nd_bsp/\libhal_bsp.a(alt_exit.o)
                                0x10a (size before relaxing)

.debug_loc      0x00000000     0x1d49
 *(.debug_loc)
 .debug_loc     0x00000000       0x2c obj/default/hello_world.o
 .debug_loc     0x0000002c      0x125 c:/altera/13.1/nios2eds/bin/gnu/h-i686-mingw32/bin/../lib/gcc/nios2-elf/4.7.3/../../../../../H-i686-mingw32/nios2-elf/lib\libsmallc.a(lib_a-printf.o)
 .debug_loc     0x00000151      0xb02 c:/altera/13.1/nios2eds/bin/gnu/h-i686-mingw32/bin/../lib/gcc/nios2-elf/4.7.3/../../../../../H-i686-mingw32/nios2-elf/lib\libsmallc.a(lib_a-vfprintf.o)
 .debug_loc     0x00000c53      0x19e c:/altera/13.1/nios2eds/bin/gnu/h-i686-mingw32/bin/../lib/gcc/nios2-elf/4.7.3/../../../../../H-i686-mingw32/nios2-elf/lib\libsmallc.a(lib_a-fvwrite_small_dev.o)
 .debug_loc     0x00000df1       0x29 c:/altera/13.1/nios2eds/bin/gnu/h-i686-mingw32/bin/../lib/gcc/nios2-elf/4.7.3/../../../../../H-i686-mingw32/nios2-elf/lib\libsmallc.a(lib_a-strlen.o)
 .debug_loc     0x00000e1a       0xde c:/altera/13.1/nios2eds/bin/gnu/h-i686-mingw32/bin/../lib/gcc/nios2-elf/4.7.3/../../../../../H-i686-mingw32/nios2-elf/lib\libsmallc.a(lib_a-writer.o)
 .debug_loc     0x00000ef8      0x338 c:/altera/13.1/nios2eds/bin/gnu/h-i686-mingw32/bin/../lib/gcc/nios2-elf/4.7.3\libgcc.a(lib2-divmod.o)
 .debug_loc     0x00001230       0xb0 C:/Users/tago/Dropbox/OUT/EE52/software/hello_world_2nd_bsp/\libhal_bsp.a(alt_iic.o)
 .debug_loc     0x000012e0       0x2c C:/Users/tago/Dropbox/OUT/EE52/software/hello_world_2nd_bsp/\libhal_bsp.a(alt_iic_isr_register.o)
 .debug_loc     0x0000130c       0x2c C:/Users/tago/Dropbox/OUT/EE52/software/hello_world_2nd_bsp/\libhal_bsp.a(alt_irq_handler.o)
 .debug_loc     0x00001338       0x58 C:/Users/tago/Dropbox/OUT/EE52/software/hello_world_2nd_bsp/\libhal_bsp.a(alt_load.o)
 .debug_loc     0x00001390       0x2c C:/Users/tago/Dropbox/OUT/EE52/software/hello_world_2nd_bsp/\libhal_bsp.a(alt_main.o)
 .debug_loc     0x000013bc       0x58 C:/Users/tago/Dropbox/OUT/EE52/software/hello_world_2nd_bsp/\libhal_bsp.a(alt_write.o)
 .debug_loc     0x00001414       0x84 C:/Users/tago/Dropbox/OUT/EE52/software/hello_world_2nd_bsp/\libhal_bsp.a(alt_sys_init.o)
 .debug_loc     0x00001498       0x58 C:/Users/tago/Dropbox/OUT/EE52/software/hello_world_2nd_bsp/\libhal_bsp.a(altera_avalon_jtag_uart_fd.o)
 .debug_loc     0x000014f0       0x2c C:/Users/tago/Dropbox/OUT/EE52/software/hello_world_2nd_bsp/\libhal_bsp.a(altera_avalon_jtag_uart_read.o)
 .debug_loc     0x0000151c       0x2c C:/Users/tago/Dropbox/OUT/EE52/software/hello_world_2nd_bsp/\libhal_bsp.a(altera_avalon_jtag_uart_write.o)
 .debug_loc     0x00001548       0x58 C:/Users/tago/Dropbox/OUT/EE52/software/hello_world_2nd_bsp/\libhal_bsp.a(alt_close.o)
 .debug_loc     0x000015a0       0x2c C:/Users/tago/Dropbox/OUT/EE52/software/hello_world_2nd_bsp/\libhal_bsp.a(alt_dcache_flush_all.o)
 .debug_loc     0x000015cc       0x2c C:/Users/tago/Dropbox/OUT/EE52/software/hello_world_2nd_bsp/\libhal_bsp.a(alt_dev.o)
 .debug_loc     0x000015f8       0x58 C:/Users/tago/Dropbox/OUT/EE52/software/hello_world_2nd_bsp/\libhal_bsp.a(alt_dev_llist_insert.o)
 .debug_loc     0x00001650       0x2c C:/Users/tago/Dropbox/OUT/EE52/software/hello_world_2nd_bsp/\libhal_bsp.a(alt_do_ctors.o)
 .debug_loc     0x0000167c       0x2c C:/Users/tago/Dropbox/OUT/EE52/software/hello_world_2nd_bsp/\libhal_bsp.a(alt_do_dtors.o)
 .debug_loc     0x000016a8       0x2c C:/Users/tago/Dropbox/OUT/EE52/software/hello_world_2nd_bsp/\libhal_bsp.a(alt_icache_flush_all.o)
 .debug_loc     0x000016d4       0x58 C:/Users/tago/Dropbox/OUT/EE52/software/hello_world_2nd_bsp/\libhal_bsp.a(alt_io_redirect.o)
 .debug_loc     0x0000172c       0x84 C:/Users/tago/Dropbox/OUT/EE52/software/hello_world_2nd_bsp/\libhal_bsp.a(alt_open.o)
 .debug_loc     0x000017b0       0x2c C:/Users/tago/Dropbox/OUT/EE52/software/hello_world_2nd_bsp/\libhal_bsp.a(alt_release_fd.o)
 .debug_loc     0x000017dc       0x2c C:/Users/tago/Dropbox/OUT/EE52/software/hello_world_2nd_bsp/\libhal_bsp.a(altera_nios2_qsys_irq.o)
 .debug_loc     0x00001808       0x2c C:/Users/tago/Dropbox/OUT/EE52/software/hello_world_2nd_bsp/\libhal_bsp.a(alt_find_dev.o)
 .debug_loc     0x00001834       0x2c C:/Users/tago/Dropbox/OUT/EE52/software/hello_world_2nd_bsp/\libhal_bsp.a(alt_find_file.o)
 .debug_loc     0x00001860       0x2c C:/Users/tago/Dropbox/OUT/EE52/software/hello_world_2nd_bsp/\libhal_bsp.a(alt_get_fd.o)
 .debug_loc     0x0000188c       0x2c C:/Users/tago/Dropbox/OUT/EE52/software/hello_world_2nd_bsp/\libhal_bsp.a(alt_icache_flush.o)
 .debug_loc     0x000018b8       0x2c c:/altera/13.1/nios2eds/bin/gnu/h-i686-mingw32/bin/../lib/gcc/nios2-elf/4.7.3/../../../../../H-i686-mingw32/nios2-elf/lib\libsmallc.a(lib_a-atexit.o)
 .debug_loc     0x000018e4       0x3e c:/altera/13.1/nios2eds/bin/gnu/h-i686-mingw32/bin/../lib/gcc/nios2-elf/4.7.3/../../../../../H-i686-mingw32/nios2-elf/lib\libsmallc.a(lib_a-exit.o)
 .debug_loc     0x00001922       0x6f c:/altera/13.1/nios2eds/bin/gnu/h-i686-mingw32/bin/../lib/gcc/nios2-elf/4.7.3/../../../../../H-i686-mingw32/nios2-elf/lib\libsmallc.a(lib_a-memcmp.o)
 .debug_loc     0x00001991      0x1f4 c:/altera/13.1/nios2eds/bin/gnu/h-i686-mingw32/bin/../lib/gcc/nios2-elf/4.7.3/../../../../../H-i686-mingw32/nios2-elf/lib\libsmallc.a(lib_a-__atexit.o)
 .debug_loc     0x00001b85      0x198 c:/altera/13.1/nios2eds/bin/gnu/h-i686-mingw32/bin/../lib/gcc/nios2-elf/4.7.3/../../../../../H-i686-mingw32/nios2-elf/lib\libsmallc.a(lib_a-__call_atexit.o)
 .debug_loc     0x00001d1d       0x2c C:/Users/tago/Dropbox/OUT/EE52/software/hello_world_2nd_bsp/\libhal_bsp.a(alt_exit.o)

.debug_macinfo
 *(.debug_macinfo)

.debug_weaknames
 *(.debug_weaknames)

.debug_funcnames
 *(.debug_funcnames)

.debug_typenames
 *(.debug_typenames)

.debug_varnames
 *(.debug_varnames)

.debug_alt_sim_info
                0x00000000       0x30
 *(.debug_alt_sim_info)
 .debug_alt_sim_info
                0x00000000       0x30 C:/Users/tago/Dropbox/OUT/EE52/software/hello_world_2nd_bsp//obj/HAL/src/crt0.o
                0x00140000                __alt_data_end = 0x140000
                0x00140000                PROVIDE (__alt_stack_pointer, __alt_data_end)
                0x00122bc8                PROVIDE (__alt_stack_limit, __alt_stack_base)
                0x00122bc8                PROVIDE (__alt_heap_start, end)
                0x00140000                PROVIDE (__alt_heap_limit, 0x140000)
OUTPUT(hello_world_2nd.elf elf32-littlenios2)

.debug_ranges   0x00000000      0x288
 .debug_ranges  0x00000000       0x20 C:/Users/tago/Dropbox/OUT/EE52/software/hello_world_2nd_bsp//obj/HAL/src/crt0.o
 .debug_ranges  0x00000020      0x188 c:/altera/13.1/nios2eds/bin/gnu/h-i686-mingw32/bin/../lib/gcc/nios2-elf/4.7.3/../../../../../H-i686-mingw32/nios2-elf/lib\libsmallc.a(lib_a-vfprintf.o)
 .debug_ranges  0x000001a8       0x18 c:/altera/13.1/nios2eds/bin/gnu/h-i686-mingw32/bin/../lib/gcc/nios2-elf/4.7.3/../../../../../H-i686-mingw32/nios2-elf/lib\libsmallc.a(lib_a-fvwrite_small_dev.o)
 .debug_ranges  0x000001c0       0x30 C:/Users/tago/Dropbox/OUT/EE52/software/hello_world_2nd_bsp/\libhal_bsp.a(alt_iic.o)
 .debug_ranges  0x000001f0       0x28 C:/Users/tago/Dropbox/OUT/EE52/software/hello_world_2nd_bsp/\libhal_bsp.a(alt_irq_entry.o)
 .debug_ranges  0x00000218       0x10 C:/Users/tago/Dropbox/OUT/EE52/software/hello_world_2nd_bsp/\libhal_bsp.a(alt_irq_handler.o)
 .debug_ranges  0x00000228       0x18 C:/Users/tago/Dropbox/OUT/EE52/software/hello_world_2nd_bsp/\libhal_bsp.a(altera_avalon_jtag_uart_read.o)
 .debug_ranges  0x00000240       0x30 C:/Users/tago/Dropbox/OUT/EE52/software/hello_world_2nd_bsp/\libhal_bsp.a(alt_exception_entry.o)
 .debug_ranges  0x00000270       0x18 c:/altera/13.1/nios2eds/bin/gnu/h-i686-mingw32/bin/../lib/gcc/nios2-elf/4.7.3/../../../../../H-i686-mingw32/nios2-elf/lib\libsmallc.a(lib_a-__call_atexit.o)
